17.5884 	WARNING 	Monitor specification not found. Creating a temporary one...
17.5954 	WARNING 	Requested an unavailable screen number - using first available.
17.5968 	WARNING 	User requested fullscreen with size [800 600], but screen is actually [1728, 1117]. Using actual size
18.7305 	WARNING 	Couldn't measure a consistent frame rate!
  - Is your graphics card set to sync to vertical blank?
  - Are you running other processes on your computer?

18.7310 	EXP 	Created window1 = Window(allowGUI=True, allowStencil=False, autoLog=True, backendConf=UNKNOWN, backgroundFit=<method-wrapper '__getattribute__' of attributeSetter object at 0x175f13820>, backgroundImage=<method-wrapper '__getattribute__' of attributeSetter object at 0x175f13880>, bitsMode=UNKNOWN, blendMode='avg', bpc=(8, 8, 8), color=array([-1, -1, -1]), colorSpace='rgb', depthBits=8, fullscr=True, gamma=None, gammaErrorPolicy='raise', infoMsg=UNKNOWN, lms=UNKNOWN, monitor=<psychopy.monitors.calibTools.Monitor object at 0x175fbcc40>, multiSample=False, name='window1', numSamples=2, pos=[0.0, 0.0], screen=2, size=array([3456, 2234]), stencilBits=0, stereo=False, title='PsychoPy', units='height', useFBO=False, useRetina=True, viewOri=0.0, viewPos=None, viewScale=None, waitBlanking=True, winType='pyglet')
18.7310 	EXP 	window1: backgroundImage = None
18.7311 	EXP 	window1: backgroundFit = 'cover'
18.7341 	EXP 	window1: Attempting to measure frame rate of screen (2) ...
18.7341 	EXP 	window1: recordFrameIntervals = False
18.8118 	EXP 	window1: recordFrameIntervals = True
19.6479 	WARNING 	Couldn't measure a consistent frame rate!
  - Is your graphics card set to sync to vertical blank?
  - Are you running other processes on your computer?

19.6802 	EXP 	Created unnamed TextStim = TextStim(__class__=<class 'psychopy.visual.text.TextStim'>, alignHoriz=method-wrapper(...), alignText='center', alignVert=method-wrapper(...), anchorHoriz='center', anchorVert='center', antialias=True, autoDraw=False, autoLog=True, bold=False, color=array([1., 1., 1.]), colorSpace='rgb', contrast=1.0, depth=0, draggable=False, flipHoriz=False, flipVert=False, font='', fontFiles=[], height=0.04, italic=False, languageStyle='LTR', name='unnamed TextStim', opacity=1.0, ori=0.0, pos=array([ 0.  , -0.25]), rgb=UNKNOWN, text='Press the button to continue.', units='height', win=Window(...), wrapWidth=1)
19.6826 	EXP 	Created unnamed TextStim = TextStim(__class__=<class 'psychopy.visual.text.TextStim'>, alignHoriz=method-wrapper(...), alignText='center', alignVert=method-wrapper(...), anchorHoriz='center', anchorVert='center', antialias=True, autoDraw=False, autoLog=True, bold=False, color=array([1., 1., 1.]), colorSpace='rgb', contrast=1.0, depth=0, draggable=False, flipHoriz=False, flipVert=False, font='', fontFiles=[], height=0.08, italic=False, languageStyle='LTR', name='unnamed TextStim', opacity=1.0, ori=0.0, pos=array([0., 0.]), rgb=UNKNOWN, text='+', units='height', win=Window(...), wrapWidth=1)
19.6873 	EXP 	Created unnamed TextStim = TextStim(__class__=<class 'psychopy.visual.text.TextStim'>, alignHoriz=method-wrapper(...), alignText='center', alignVert=method-wrapper(...), anchorHoriz='center', anchorVert='center', antialias=True, autoDraw=False, autoLog=True, bold=False, color=array([1., 1., 1.]), colorSpace='rgb', contrast=1.0, depth=0, draggable=False, flipHoriz=False, flipVert=False, font='', fontFiles=[], height=0.04, italic=False, languageStyle='LTR', name='unnamed TextStim', opacity=1.0, ori=0.0, pos=array([0., 0.]), rgb=UNKNOWN, text=str(...), units='height', win=Window(...), wrapWidth=0.8888888888888888)
19.6940 	EXP 	Created unnamed TextStim = TextStim(__class__=<class 'psychopy.visual.text.TextStim'>, alignHoriz=method-wrapper(...), alignText='center', alignVert=method-wrapper(...), anchorHoriz='center', anchorVert='center', antialias=True, autoDraw=False, autoLog=True, bold=False, color=array([1., 1., 1.]), colorSpace='rgb', contrast=1.0, depth=0, draggable=False, flipHoriz=False, flipVert=False, font='Arial', fontFiles=[], height=0.04, italic=False, languageStyle='LTR', name='unnamed TextStim', opacity=1.0, ori=0.0, pos=array([0. , 0.1]), rgb=UNKNOWN, text='Hello World', units='height', win=Window(...), wrapWidth=0.8888888888888888)
19.7015 	EXP 	Created unnamed TextStim = TextStim(__class__=<class 'psychopy.visual.text.TextStim'>, alignHoriz=method-wrapper(...), alignText='center', alignVert=method-wrapper(...), anchorHoriz='center', anchorVert='center', antialias=True, autoDraw=False, autoLog=True, bold=False, color=array([1., 1., 1.]), colorSpace='rgb', contrast=1.0, depth=0, draggable=False, flipHoriz=False, flipVert=False, font='', fontFiles=[], height=0.04, italic=False, languageStyle='LTR', name='unnamed TextStim', opacity=1.0, ori=0.0, pos=array([0., 0.]), rgb=UNKNOWN, text=str(...), units='height', win=Window(...), wrapWidth=0.8888888888888888)
19.7042 	EXP 	Created unnamed TextStim = TextStim(__class__=<class 'psychopy.visual.text.TextStim'>, alignHoriz=method-wrapper(...), alignText='center', alignVert=method-wrapper(...), anchorHoriz='center', anchorVert='center', antialias=True, autoDraw=False, autoLog=True, bold=False, color=array([1., 1., 1.]), colorSpace='rgb', contrast=1.0, depth=0, draggable=False, flipHoriz=False, flipVert=False, font='', fontFiles=[], height=0.04, italic=False, languageStyle='LTR', name='unnamed TextStim', opacity=1.0, ori=0.0, pos=array([0., 0.]), rgb=UNKNOWN, text='The task will begin momentarily. Get ready...', units='height', win=Window(...), wrapWidth=1)
19.7062 	EXP 	Created unnamed TextStim = TextStim(__class__=<class 'psychopy.visual.text.TextStim'>, alignHoriz=method-wrapper(...), alignText='center', alignVert=method-wrapper(...), anchorHoriz='center', anchorVert='center', antialias=True, autoDraw=False, autoLog=True, bold=False, color=array([1., 1., 1.]), colorSpace='rgb', contrast=1.0, depth=0, draggable=False, flipHoriz=False, flipVert=False, font='', fontFiles=[], height=0.04, italic=False, languageStyle='LTR', name='unnamed TextStim', opacity=1.0, ori=0.0, pos=array([0., 0.]), rgb=UNKNOWN, text=str(...), units='height', win=Window(...), wrapWidth=0.8888888888888888)
19.7209 	EXP 	Created unnamed ImageStim = ImageStim(__class__=<class 'psychopy.visual.image.ImageStim'>, anchor=('center', 'center'), autoLog=True, color=array([1., 1., 1.]), colorSpace='rgb', contrast=1.0, depth=0, draggable=False, flipHoriz=False, flipVert=False, image='../stimuli/reward_low.png', interpolate=False, mask=None, maskParams=None, name='unnamed ImageStim', opacity=1, ori=0.0, pos=array([0., 0.]), size=array([0.3, 0.3]), texRes=128, units='height', win=Window(...))
19.7259 	EXP 	Created unnamed ImageStim = ImageStim(__class__=<class 'psychopy.visual.image.ImageStim'>, anchor=('center', 'center'), autoLog=True, color=array([1., 1., 1.]), colorSpace='rgb', contrast=1.0, depth=0, draggable=False, flipHoriz=False, flipVert=False, image='../stimuli/reward_high.png', interpolate=False, mask=None, maskParams=None, name='unnamed ImageStim', opacity=1, ori=0.0, pos=array([0., 0.]), size=array([0.3, 0.3]), texRes=128, units='height', win=Window(...))
19.7305 	EXP 	Created unnamed ImageStim = ImageStim(__class__=<class 'psychopy.visual.image.ImageStim'>, anchor=('center', 'center'), autoLog=True, color=array([1., 1., 1.]), colorSpace='rgb', contrast=1.0, depth=0, draggable=False, flipHoriz=False, flipVert=False, image='../stimuli/reward_neut.png', interpolate=False, mask=None, maskParams=None, name='unnamed ImageStim', opacity=1, ori=0.0, pos=array([0., 0.]), size=array([0.3, 0.3]), texRes=128, units='height', win=Window(...))
19.7352 	EXP 	Created unnamed ImageStim = ImageStim(__class__=<class 'psychopy.visual.image.ImageStim'>, anchor=('center', 'center'), autoLog=True, color=array([1., 1., 1.]), colorSpace='rgb', contrast=1.0, depth=0, draggable=False, flipHoriz=False, flipVert=False, image='../stimuli/loss_low.png', interpolate=False, mask=None, maskParams=None, name='unnamed ImageStim', opacity=1, ori=0.0, pos=array([0., 0.]), size=array([0.3, 0.3]), texRes=128, units='height', win=Window(...))
19.7396 	EXP 	Created unnamed ImageStim = ImageStim(__class__=<class 'psychopy.visual.image.ImageStim'>, anchor=('center', 'center'), autoLog=True, color=array([1., 1., 1.]), colorSpace='rgb', contrast=1.0, depth=0, draggable=False, flipHoriz=False, flipVert=False, image='../stimuli/loss_high.png', interpolate=False, mask=None, maskParams=None, name='unnamed ImageStim', opacity=1, ori=0.0, pos=array([0., 0.]), size=array([0.3, 0.3]), texRes=128, units='height', win=Window(...))
19.7441 	EXP 	Created unnamed ImageStim = ImageStim(__class__=<class 'psychopy.visual.image.ImageStim'>, anchor=('center', 'center'), autoLog=True, color=array([1., 1., 1.]), colorSpace='rgb', contrast=1.0, depth=0, draggable=False, flipHoriz=False, flipVert=False, image='../stimuli/loss_neut.png', interpolate=False, mask=None, maskParams=None, name='unnamed ImageStim', opacity=1, ori=0.0, pos=array([0., 0.]), size=array([0.3, 0.3]), texRes=128, units='height', win=Window(...))
19.7461 	EXP 	Created unnamed Polygon = Polygon(__class__=<class 'psychopy.visual.polygon.Polygon'>, anchor=('center', 'center'), autoDraw=False, autoLog=True, closeShape=True, color=method-wrapper(...), colorSpace='rgb', contrast=None, depth=0, draggable=False, fillColor=array([1, 1, 1]), fillColorSpace='rgb', fillRGB=array([1, 1, 1]), interpolate=True, lineColor=array([1., 1., 1.]), lineColorSpace='rgb', lineRGB=array([1, 1, 1]), lineWidth=1.5, name='unnamed Polygon', opacity=1, ori=0.0, pos=array([0., 0.]), size=array([1., 1.]), units='height', vertices=ndarray(...), win=Window(...))
19.7488 	EXP 	Created trial_feedback = TextStim(__class__=<class 'psychopy.visual.text.TextStim'>, alignHoriz=method-wrapper(...), alignText='center', alignVert=method-wrapper(...), anchorHoriz='center', anchorVert='center', antialias=True, autoDraw=False, autoLog=True, bold=False, color=array([1., 1., 1.]), colorSpace='rgb', contrast=1.0, depth=0, draggable=False, flipHoriz=False, flipVert=False, font='Arial', fontFiles=[], height=0.09, italic=False, languageStyle='LTR', name='trial_feedback', opacity=1, ori=0, pos=array([0., 0.]), rgb=UNKNOWN, text='Trial:', units='height', win=Window(...), wrapWidth=1)
19.7507 	EXP 	Created exp_feedback = TextStim(__class__=<class 'psychopy.visual.text.TextStim'>, alignHoriz=method-wrapper(...), alignText='center', alignVert=method-wrapper(...), anchorHoriz='center', anchorVert='center', antialias=True, autoDraw=False, autoLog=True, bold=False, color=array([1., 1., 1.]), colorSpace='rgb', contrast=1.0, depth=0, draggable=False, flipHoriz=False, flipVert=False, font='Arial', fontFiles=[], height=0.09, italic=False, languageStyle='LTR', name='exp_feedback', opacity=1, ori=0, pos=array([ 0.    , -0.0625]), rgb=UNKNOWN, text='Total:', units='height', win=Window(...), wrapWidth=1)
19.7541 	EXP 	Created unnamed TextStim = TextStim(__class__=<class 'psychopy.visual.text.TextStim'>, alignHoriz=method-wrapper(...), alignText='center', alignVert=method-wrapper(...), anchorHoriz='center', anchorVert='center', antialias=True, autoDraw=False, autoLog=True, bold=False, color=array([1., 1., 1.]), colorSpace='rgb', contrast=1.0, depth=0, draggable=False, flipHoriz=False, flipVert=False, font='', fontFiles=[], height=0.04, italic=False, languageStyle='LTR', name='unnamed TextStim', opacity=1.0, ori=0.0, pos=array([0., 0.]), rgb=UNKNOWN, text=str(...), units='height', win=Window(...), wrapWidth=1)
19.7553 	EXP 	Created unnamed TextStim = TextStim(__class__=<class 'psychopy.visual.text.TextStim'>, alignHoriz=method-wrapper(...), alignText='center', alignVert=method-wrapper(...), anchorHoriz='center', anchorVert='center', antialias=True, autoDraw=False, autoLog=True, bold=False, color=array([1., 1., 1.]), colorSpace='rgb', contrast=1.0, depth=0, draggable=False, flipHoriz=False, flipVert=False, font='', fontFiles=[], height=0.04, italic=False, languageStyle='LTR', name='unnamed TextStim', opacity=1.0, ori=0.0, pos=array([0., 0.]), rgb=UNKNOWN, text='Get ready', units='height', win=Window(...), wrapWidth=1)
19.7569 	EXP 	Created unnamed TextStim = TextStim(__class__=<class 'psychopy.visual.text.TextStim'>, alignHoriz=method-wrapper(...), alignText='center', alignVert=method-wrapper(...), anchorHoriz='center', anchorVert='center', antialias=True, autoDraw=False, autoLog=True, bold=False, color=array([1., 1., 1.]), colorSpace='rgb', contrast=1.0, depth=0, draggable=False, flipHoriz=False, flipVert=False, font='', fontFiles=[], height=0.04, italic=False, languageStyle='LTR', name='unnamed TextStim', opacity=1.0, ori=0.0, pos=array([0., 0.]), rgb=UNKNOWN, text='Please wait\n\n', units='height', win=Window(...), wrapWidth=1)
19.8169 	WARNING 	t of last frame was 169.33ms (=1/5)
29.8382 	WARNING 	t of last frame was 21.33ms (=1/46)
29.8382 	EXP 	unnamed TextStim: height = 0.04
29.8382 	EXP 	unnamed TextStim: height = 0.04
29.8382 	EXP 	unnamed TextStim: height = 0.04
29.8382 	EXP 	unnamed TextStim: text = 'Welcome!'
31.0022 	DATA 	Keypress: 1
31.0110 	WARNING 	t of last frame was 1172.81ms (=1/0)
31.0110 	EXP 	unnamed TextStim: height = 0.04
31.0110 	EXP 	unnamed TextStim: height = 0.04
31.0110 	EXP 	unnamed TextStim: height = 0.04
31.0110 	EXP 	unnamed TextStim: text = 'First you will see a cross in the middle of the screen, like this:\n\n+\n\nThis means you should focus on the screen and get ready to play. '
31.6827 	DATA 	Keypress: 1
31.7203 	EXP 	Created unnamed Polygon = Polygon(__class__=<class 'psychopy.visual.polygon.Polygon'>, anchor=('center', 'center'), autoDraw=False, autoLog=True, closeShape=True, color=method-wrapper(...), colorSpace='rgb', contrast=None, depth=0, draggable=False, fillColor=array([1, 1, 1]), fillColorSpace='rgb', fillRGB=array([1, 1, 1]), interpolate=True, lineColor=array([1., 1., 1.]), lineColorSpace='rgb', lineRGB=array([1, 1, 1]), lineWidth=1.5, name='unnamed Polygon', opacity=1, ori=0.0, pos=array([0. , 0.1]), size=array([1., 1.]), units='height', vertices=ndarray(...), win=Window(...))
31.7290 	WARNING 	t of last frame was 717.99ms (=1/1)
31.7290 	EXP 	unnamed TextStim: height = 0.04
31.7290 	EXP 	unnamed TextStim: height = 0.04
31.7290 	EXP 	unnamed TextStim: height = 0.04
31.7290 	EXP 	unnamed TextStim: text = 'Next, a small solid WHITE TRIANGLE will appear on the screen:\n\n \n\n \n\n \n\nPress the button as fast as you can when you see the solid white triangle. '
32.2714 	DATA 	Keypress: 1
32.2753 	WARNING 	Multiple dropped frames have occurred - I'll stop bothering you about them!
32.2753 	EXP 	unnamed TextStim: height = 0.04
32.2753 	EXP 	unnamed TextStim: height = 0.04
32.2753 	EXP 	unnamed TextStim: height = 0.04
32.2753 	EXP 	unnamed TextStim: text = 'Any Questions?\n\nPlease ask them now.'
32.7205 	DATA 	Keypress: 1
33.0503 	DATA 	Keypress: 1
33.2585 	DATA 	Keypress: 1
33.7608 	DATA 	Keypress: return
38.7767 	EXP 	unnamed Polygon: autoDraw = True
38.7767 	EXP 	unnamed Polygon: autoDraw = True
38.7788 	EXP 	unnamed Polygon: autoDraw = True
38.7806 	EXP 	unnamed Polygon: autoDraw = True
38.7970 	EXP 	unnamed Polygon: autoDraw = True
38.7987 	EXP 	unnamed Polygon: autoDraw = True
38.8140 	EXP 	unnamed Polygon: autoDraw = True
38.8157 	EXP 	unnamed Polygon: autoDraw = True
38.8319 	EXP 	unnamed Polygon: autoDraw = True
38.8355 	EXP 	unnamed Polygon: autoDraw = True
38.8501 	EXP 	unnamed Polygon: autoDraw = True
38.8540 	EXP 	unnamed Polygon: autoDraw = True
38.8581 	EXP 	unnamed Polygon: autoDraw = True
38.8723 	EXP 	unnamed Polygon: autoDraw = True
38.8756 	EXP 	unnamed Polygon: autoDraw = True
38.8905 	EXP 	unnamed Polygon: autoDraw = True
38.8946 	EXP 	unnamed Polygon: autoDraw = True
38.8981 	EXP 	unnamed Polygon: autoDraw = True
38.9128 	EXP 	unnamed Polygon: autoDraw = True
38.9191 	EXP 	unnamed Polygon: autoDraw = True
38.9300 	EXP 	unnamed Polygon: autoDraw = True
38.9342 	EXP 	unnamed Polygon: autoDraw = True
38.9497 	EXP 	unnamed Polygon: autoDraw = True
38.9514 	EXP 	unnamed Polygon: autoDraw = True
38.9668 	EXP 	unnamed Polygon: autoDraw = True
38.9687 	EXP 	unnamed Polygon: autoDraw = True
38.9837 	EXP 	unnamed Polygon: autoDraw = True
38.9855 	EXP 	unnamed Polygon: autoDraw = True
39.0012 	EXP 	unnamed Polygon: autoDraw = True
39.0030 	DATA 	Keypress: 1
39.0072 	EXP 	unnamed Polygon: autoDraw = True
39.0094 	EXP 	unnamed Polygon: autoDraw = True
39.0256 	EXP 	unnamed Polygon: autoDraw = True
39.0274 	EXP 	unnamed Polygon: autoDraw = True
39.0433 	EXP 	unnamed Polygon: autoDraw = True
39.0451 	EXP 	unnamed Polygon: autoDraw = True
39.0475 	EXP 	unnamed Polygon: autoDraw = True
39.0632 	EXP 	unnamed Polygon: autoDraw = True
39.0670 	EXP 	unnamed Polygon: autoDraw = True
39.0814 	EXP 	unnamed Polygon: autoDraw = True
39.0839 	EXP 	unnamed Polygon: autoDraw = True
39.0980 	EXP 	unnamed Polygon: autoDraw = True
39.1019 	EXP 	unnamed Polygon: autoDraw = True
39.1144 	EXP 	unnamed Polygon: autoDraw = True
39.1187 	EXP 	unnamed Polygon: autoDraw = True
39.1311 	EXP 	unnamed Polygon: autoDraw = True
39.1334 	EXP 	unnamed Polygon: autoDraw = True
39.1478 	EXP 	unnamed Polygon: autoDraw = True
39.1509 	EXP 	unnamed Polygon: autoDraw = True
39.1646 	EXP 	unnamed Polygon: autoDraw = True
39.1668 	EXP 	unnamed Polygon: autoDraw = True
39.1809 	EXP 	unnamed Polygon: autoDraw = True
39.1843 	EXP 	unnamed Polygon: autoDraw = True
39.1977 	EXP 	unnamed Polygon: autoDraw = True
39.2002 	EXP 	unnamed Polygon: autoDraw = True
39.2145 	EXP 	unnamed Polygon: autoDraw = True
39.2187 	EXP 	unnamed Polygon: autoDraw = True
39.2310 	EXP 	unnamed Polygon: autoDraw = True
39.2352 	EXP 	unnamed Polygon: autoDraw = True
39.2477 	EXP 	unnamed Polygon: autoDraw = True
39.2526 	EXP 	unnamed Polygon: autoDraw = True
39.2586 	EXP 	unnamed Polygon: autoDraw = True
39.2711 	EXP 	unnamed Polygon: autoDraw = True
39.2773 	EXP 	unnamed Polygon: autoDraw = False
48.3752 	DATA 	Keypress: 1
49.1853 	DATA 	Keypress: return
58.4177 	EXP 	unnamed TextStim: height = 0.04
58.4177 	EXP 	unnamed TextStim: height = 0.04
58.4177 	EXP 	unnamed TextStim: height = 0.04
58.4177 	EXP 	unnamed TextStim: text = 'Instructions...\n\nYour goal is to make as much money as possible.\n\nRemember:\nWIN CIRCLES = win money\nLOSE SQUARES = lose money\n\nQUICKLY press the button with your pointer finger when you see the solid white triangle.\n\nYou will get feedback on whether you pressed the button in time and if you won or lost money.'
63.3021 	DATA 	Keypress: 1
63.3046 	EXP 	Created unnamed TextStim = TextStim(__class__=<class 'psychopy.visual.text.TextStim'>, alignHoriz=method-wrapper(...), alignText='center', alignVert=method-wrapper(...), anchorHoriz='center', anchorVert='center', antialias=True, autoDraw=False, autoLog=True, bold=False, color=array([1., 1., 1.]), colorSpace='rgb', contrast=1.0, depth=0, draggable=False, flipHoriz=False, flipVert=False, font='', fontFiles=[], height=0.08, italic=False, languageStyle='LTR', name='unnamed TextStim', opacity=1.0, ori=0.0, pos=array([-0.65,  0.15]), rgb=UNKNOWN, text='+', units='height', win=Window(...), wrapWidth=1)
63.3092 	EXP 	Created unnamed ImageStim = ImageStim(__class__=<class 'psychopy.visual.image.ImageStim'>, anchor=('center', 'center'), autoLog=True, color=array([1., 1., 1.]), colorSpace='rgb', contrast=1.0, depth=0, draggable=False, flipHoriz=False, flipVert=False, image='../stimuli/reward_high.png', interpolate=False, mask=None, maskParams=None, name='unnamed ImageStim', opacity=1, ori=0.0, pos=array([-0.35,  0.15]), size=array([0.2, 0.2]), texRes=128, units='height', win=Window(...))
63.3102 	EXP 	Created unnamed TextStim = TextStim(__class__=<class 'psychopy.visual.text.TextStim'>, alignHoriz=method-wrapper(...), alignText='center', alignVert=method-wrapper(...), anchorHoriz='center', anchorVert='center', antialias=True, autoDraw=False, autoLog=True, bold=False, color=array([1., 1., 1.]), colorSpace='rgb', contrast=1.0, depth=0, draggable=False, flipHoriz=False, flipVert=False, font='', fontFiles=[], height=0.08, italic=False, languageStyle='LTR', name='unnamed TextStim', opacity=1.0, ori=0.0, pos=array([-0.15,  0.15]), rgb=UNKNOWN, text='+', units='height', win=Window(...), wrapWidth=1)
63.3109 	EXP 	Created unnamed Polygon = Polygon(__class__=<class 'psychopy.visual.polygon.Polygon'>, anchor=('center', 'center'), autoDraw=False, autoLog=True, closeShape=True, color=method-wrapper(...), colorSpace='rgb', contrast=None, depth=0, draggable=False, fillColor=array([1, 1, 1]), fillColorSpace='rgb', fillRGB=array([1, 1, 1]), interpolate=True, lineColor=array([1., 1., 1.]), lineColorSpace='rgb', lineRGB=array([1, 1, 1]), lineWidth=1.5, name='unnamed Polygon', opacity=1, ori=0.0, pos=array([0.15, 0.15]), size=array([1., 1.]), units='height', vertices=ndarray(...), win=Window(...))
63.3118 	EXP 	Created unnamed TextStim = TextStim(__class__=<class 'psychopy.visual.text.TextStim'>, alignHoriz=method-wrapper(...), alignText='center', alignVert=method-wrapper(...), anchorHoriz='center', anchorVert='center', antialias=True, autoDraw=False, autoLog=True, bold=False, color=array([1., 1., 1.]), colorSpace='rgb', contrast=1.0, depth=0, draggable=False, flipHoriz=False, flipVert=False, font='', fontFiles=[], height=0.08, italic=False, languageStyle='LTR', name='unnamed TextStim', opacity=1.0, ori=0.0, pos=array([0.35, 0.15]), rgb=UNKNOWN, text='+', units='height', win=Window(...), wrapWidth=1)
63.3142 	EXP 	Created unnamed TextStim = TextStim(__class__=<class 'psychopy.visual.text.TextStim'>, alignHoriz=method-wrapper(...), alignText='center', alignVert=method-wrapper(...), anchorHoriz='center', anchorVert='center', antialias=True, autoDraw=False, autoLog=True, bold=False, color=array([1., 1., 1.]), colorSpace='rgb', contrast=1.0, depth=0, draggable=False, flipHoriz=False, flipVert=False, font='', fontFiles=[], height=0.08, italic=False, languageStyle='LTR', name='unnamed TextStim', opacity=1.0, ori=0.0, pos=array([0.65, 0.15]), rgb=UNKNOWN, text='Hit!\n+$5.00', units='height', win=Window(...), wrapWidth=1)
63.3143 	WARNING 	TextStim.alignHoriz is deprecated. Use alignText and anchorHoriz attributes instead
63.3163 	EXP 	Created unnamed TextStim = TextStim(__class__=<class 'psychopy.visual.text.TextStim'>, alignHoriz='center', alignText='center', alignVert=method-wrapper(...), anchorHoriz='center', anchorVert='center', antialias=True, autoDraw=False, autoLog=True, bold=False, color=array([1., 1., 1.]), colorSpace='rgb', contrast=1.0, depth=0, draggable=False, flipHoriz=False, flipVert=False, font='', fontFiles=[], height=0.04, italic=False, languageStyle='LTR', name='unnamed TextStim', opacity=1.0, ori=0.0, pos=array([-0.65, -0.15]), rgb=UNKNOWN, text='Pay attention', units='height', win=Window(...), wrapWidth=0.1)
63.3164 	WARNING 	TextStim.alignHoriz is deprecated. Use alignText and anchorHoriz attributes instead
63.3185 	EXP 	Created unnamed TextStim = TextStim(__class__=<class 'psychopy.visual.text.TextStim'>, alignHoriz='center', alignText='center', alignVert=method-wrapper(...), anchorHoriz='center', anchorVert='center', antialias=True, autoDraw=False, autoLog=True, bold=False, color=array([1., 1., 1.]), colorSpace='rgb', contrast=1.0, depth=0, draggable=False, flipHoriz=False, flipVert=False, font='', fontFiles=[], height=0.04, italic=False, languageStyle='LTR', name='unnamed TextStim', opacity=1.0, ori=0.0, pos=array([-0.35, -0.15]), rgb=UNKNOWN, text="Cue: don't respond yet", units='height', win=Window(...), wrapWidth=0.1)
63.3186 	WARNING 	TextStim.alignHoriz is deprecated. Use alignText and anchorHoriz attributes instead
63.3196 	EXP 	Created unnamed TextStim = TextStim(__class__=<class 'psychopy.visual.text.TextStim'>, alignHoriz='center', alignText='center', alignVert=method-wrapper(...), anchorHoriz='center', anchorVert='center', antialias=True, autoDraw=False, autoLog=True, bold=False, color=array([1., 1., 1.]), colorSpace='rgb', contrast=1.0, depth=0, draggable=False, flipHoriz=False, flipVert=False, font='', fontFiles=[], height=0.04, italic=False, languageStyle='LTR', name='unnamed TextStim', opacity=1.0, ori=0.0, pos=array([-0.15, -0.15]), rgb=UNKNOWN, text='Pay attention', units='height', win=Window(...), wrapWidth=0.1)
63.3197 	WARNING 	TextStim.alignHoriz is deprecated. Use alignText and anchorHoriz attributes instead
63.3218 	EXP 	Created unnamed TextStim = TextStim(__class__=<class 'psychopy.visual.text.TextStim'>, alignHoriz='center', alignText='center', alignVert=method-wrapper(...), anchorHoriz='center', anchorVert='center', antialias=True, autoDraw=False, autoLog=True, bold=False, color=array([1., 1., 1.]), colorSpace='rgb', contrast=1.0, depth=0, draggable=False, flipHoriz=False, flipVert=False, font='', fontFiles=[], height=0.04, italic=False, languageStyle='LTR', name='unnamed TextStim', opacity=1.0, ori=0.0, pos=array([ 0.15, -0.15]), rgb=UNKNOWN, text='Respond when solid triangle is on screen', units='height', win=Window(...), wrapWidth=0.1)
63.3219 	WARNING 	TextStim.alignHoriz is deprecated. Use alignText and anchorHoriz attributes instead
63.3229 	EXP 	Created unnamed TextStim = TextStim(__class__=<class 'psychopy.visual.text.TextStim'>, alignHoriz='center', alignText='center', alignVert=method-wrapper(...), anchorHoriz='center', anchorVert='center', antialias=True, autoDraw=False, autoLog=True, bold=False, color=array([1., 1., 1.]), colorSpace='rgb', contrast=1.0, depth=0, draggable=False, flipHoriz=False, flipVert=False, font='', fontFiles=[], height=0.04, italic=False, languageStyle='LTR', name='unnamed TextStim', opacity=1.0, ori=0.0, pos=array([ 0.35, -0.15]), rgb=UNKNOWN, text='Pay attention', units='height', win=Window(...), wrapWidth=0.1)
63.3229 	WARNING 	TextStim.alignHoriz is deprecated. Use alignText and anchorHoriz attributes instead
63.3241 	EXP 	Created unnamed TextStim = TextStim(__class__=<class 'psychopy.visual.text.TextStim'>, alignHoriz='center', alignText='center', alignVert=method-wrapper(...), anchorHoriz='center', anchorVert='center', antialias=True, autoDraw=False, autoLog=True, bold=False, color=array([1., 1., 1.]), colorSpace='rgb', contrast=1.0, depth=0, draggable=False, flipHoriz=False, flipVert=False, font='', fontFiles=[], height=0.04, italic=False, languageStyle='LTR', name='unnamed TextStim', opacity=1.0, ori=0.0, pos=array([ 0.65, -0.15]), rgb=UNKNOWN, text='Feedback', units='height', win=Window(...), wrapWidth=0.1)
63.6256 	DATA 	Keypress: 1
63.9714 	DATA 	Keypress: 1
64.6175 	DATA 	Keypress: return
67.0924 	DATA 	Keypress: equal
76.5574 	EXP 	unnamed Polygon: autoDraw = True
76.5574 	EXP 	unnamed Polygon: autoDraw = True
76.5617 	EXP 	unnamed Polygon: autoDraw = True
76.5751 	EXP 	unnamed Polygon: autoDraw = True
76.5774 	EXP 	unnamed Polygon: autoDraw = True
76.5923 	EXP 	unnamed Polygon: autoDraw = True
76.5940 	EXP 	unnamed Polygon: autoDraw = True
76.6094 	EXP 	unnamed Polygon: autoDraw = True
76.6117 	EXP 	unnamed Polygon: autoDraw = True
76.6277 	EXP 	unnamed Polygon: autoDraw = True
76.6297 	EXP 	unnamed Polygon: autoDraw = True
76.6451 	EXP 	unnamed Polygon: autoDraw = True
76.6468 	EXP 	unnamed Polygon: autoDraw = True
76.6634 	EXP 	unnamed Polygon: autoDraw = True
76.6652 	EXP 	unnamed Polygon: autoDraw = True
76.6676 	EXP 	unnamed Polygon: autoDraw = True
76.6842 	EXP 	unnamed Polygon: autoDraw = True
76.6862 	EXP 	unnamed Polygon: autoDraw = True
76.7026 	EXP 	unnamed Polygon: autoDraw = True
76.7043 	EXP 	unnamed Polygon: autoDraw = True
76.7207 	EXP 	unnamed Polygon: autoDraw = True
76.7224 	EXP 	unnamed Polygon: autoDraw = True
76.7280 	EXP 	unnamed Polygon: autoDraw = True
76.7408 	EXP 	unnamed Polygon: autoDraw = True
76.7428 	EXP 	unnamed Polygon: autoDraw = True
76.7591 	EXP 	unnamed Polygon: autoDraw = True
76.7607 	EXP 	unnamed Polygon: autoDraw = True
76.7762 	EXP 	unnamed Polygon: autoDraw = True
76.7803 	DATA 	Keypress: 1
76.7842 	EXP 	unnamed Polygon: autoDraw = False
78.1059 	EXP 	trial_feedback: height = 0.09
78.1059 	EXP 	trial_feedback: height = 0.09
78.1059 	EXP 	trial_feedback: height = 0.09
78.1059 	EXP 	trial_feedback: text = 'Miss!\n-$5.00'
78.1059 	EXP 	trial_feedback: autoDraw = True
80.0866 	EXP 	trial_feedback: autoDraw = False
80.1063 	EXP 	trial_feedback: autoDraw = False
80.1063 	EXP 	exp_feedback: autoDraw = False
90.4202 	DATA 	Keypress: 1
90.4876 	EXP 	unnamed Polygon: autoDraw = True
90.4876 	EXP 	unnamed Polygon: autoDraw = True
90.4899 	EXP 	unnamed Polygon: autoDraw = True
90.5055 	EXP 	unnamed Polygon: autoDraw = True
90.5072 	EXP 	unnamed Polygon: autoDraw = True
90.5104 	EXP 	unnamed Polygon: autoDraw = True
90.5253 	EXP 	unnamed Polygon: autoDraw = True
90.5274 	EXP 	unnamed Polygon: autoDraw = True
90.5433 	EXP 	unnamed Polygon: autoDraw = True
90.5457 	EXP 	unnamed Polygon: autoDraw = True
90.5616 	EXP 	unnamed Polygon: autoDraw = True
90.5663 	EXP 	unnamed Polygon: autoDraw = True
90.5714 	EXP 	unnamed Polygon: autoDraw = True
90.5844 	EXP 	unnamed Polygon: autoDraw = True
90.5864 	EXP 	unnamed Polygon: autoDraw = True
90.6027 	EXP 	unnamed Polygon: autoDraw = True
90.6048 	EXP 	unnamed Polygon: autoDraw = True
90.6209 	EXP 	unnamed Polygon: autoDraw = True
90.6245 	EXP 	unnamed Polygon: autoDraw = True
90.6272 	EXP 	unnamed Polygon: autoDraw = True
90.6434 	EXP 	unnamed Polygon: autoDraw = True
90.6452 	EXP 	unnamed Polygon: autoDraw = True
90.6615 	EXP 	unnamed Polygon: autoDraw = True
90.6660 	EXP 	unnamed Polygon: autoDraw = True
90.6702 	EXP 	unnamed Polygon: autoDraw = True
90.6840 	EXP 	unnamed Polygon: autoDraw = True
90.6880 	EXP 	unnamed Polygon: autoDraw = True
90.7019 	EXP 	unnamed Polygon: autoDraw = True
90.7058 	EXP 	unnamed Polygon: autoDraw = True
90.7201 	EXP 	unnamed Polygon: autoDraw = True
90.7241 	EXP 	unnamed Polygon: autoDraw = True
90.7268 	EXP 	unnamed Polygon: autoDraw = True
90.7426 	EXP 	unnamed Polygon: autoDraw = False
92.1120 	EXP 	trial_feedback: text = 'Miss!\n-$5.00'
92.1120 	EXP 	trial_feedback: autoDraw = True
94.1045 	EXP 	trial_feedback: autoDraw = False
94.1241 	EXP 	trial_feedback: autoDraw = False
94.1241 	EXP 	exp_feedback: autoDraw = False
100.4138 	DATA 	Keypress: 1
104.4416 	EXP 	unnamed Polygon: autoDraw = True
104.4416 	EXP 	unnamed Polygon: autoDraw = True
104.4445 	EXP 	unnamed Polygon: autoDraw = True
104.4591 	EXP 	unnamed Polygon: autoDraw = True
104.4610 	EXP 	unnamed Polygon: autoDraw = True
104.4762 	EXP 	unnamed Polygon: autoDraw = True
104.4789 	EXP 	unnamed Polygon: autoDraw = True
104.4941 	EXP 	unnamed Polygon: autoDraw = True
104.4985 	EXP 	unnamed Polygon: autoDraw = True
104.5024 	EXP 	unnamed Polygon: autoDraw = True
104.5160 	EXP 	unnamed Polygon: autoDraw = True
104.5183 	EXP 	unnamed Polygon: autoDraw = True
104.5341 	EXP 	unnamed Polygon: autoDraw = True
104.5375 	EXP 	unnamed Polygon: autoDraw = True
104.5520 	EXP 	unnamed Polygon: autoDraw = True
104.5561 	EXP 	unnamed Polygon: autoDraw = True
104.5613 	EXP 	unnamed Polygon: autoDraw = True
104.5734 	EXP 	unnamed Polygon: autoDraw = True
104.5797 	EXP 	unnamed Polygon: autoDraw = True
104.5911 	EXP 	unnamed Polygon: autoDraw = True
104.5943 	DATA 	Keypress: 1
104.5977 	EXP 	unnamed Polygon: autoDraw = True
104.6093 	EXP 	unnamed Polygon: autoDraw = True
104.6131 	EXP 	unnamed Polygon: autoDraw = True
104.6272 	EXP 	unnamed Polygon: autoDraw = True
104.6310 	EXP 	unnamed Polygon: autoDraw = True
104.6451 	EXP 	unnamed Polygon: autoDraw = True
104.6486 	EXP 	unnamed Polygon: autoDraw = True
104.6519 	EXP 	unnamed Polygon: autoDraw = True
104.6669 	EXP 	unnamed Polygon: autoDraw = True
104.6731 	EXP 	unnamed Polygon: autoDraw = False
106.2419 	EXP 	trial_feedback: height = 0.09
106.2419 	EXP 	trial_feedback: height = 0.09
106.2419 	EXP 	trial_feedback: height = 0.09
106.2419 	EXP 	trial_feedback: text = 'Hit!\n$0.00'
106.2419 	EXP 	trial_feedback: autoDraw = True
106.8984 	DATA 	Keypress: escape
108.2295 	WARNING 	Escape pressed, exiting early!
108.2296 	WARNING 	Total earnings: -10.0
