14.1696 	WARNING 	Monitor specification not found. Creating a temporary one...
14.1801 	WARNING 	Requested an unavailable screen number - using first available.
15.3251 	WARNING 	Couldn't measure a consistent frame rate!
  - Is your graphics card set to sync to vertical blank?
  - Are you running other processes on your computer?

15.3255 	EXP 	Created window1 = Window(allowGUI=True, allowStencil=False, autoLog=True, backendConf=UNKNOWN, backgroundFit=<method-wrapper '__getattribute__' of attributeSetter object at 0x173a4ab60>, backgroundImage=<method-wrapper '__getattribute__' of attributeSetter object at 0x173a4abc0>, bitsMode=UNKNOWN, blendMode='avg', bpc=(8, 8, 8), color=array([-1, -1, -1]), colorSpace='rgb', depthBits=8, fullscr=False, gamma=None, gammaErrorPolicy='raise', infoMsg=UNKNOWN, lms=UNKNOWN, monitor=<psychopy.monitors.calibTools.Monitor object at 0x173a43c10>, multiSample=False, name='window1', numSamples=2, pos=(464, 258), screen=2, size=array([1600, 1200]), stencilBits=0, stereo=False, title='PsychoPy', units='height', useFBO=False, useRetina=True, viewOri=0.0, viewPos=None, viewScale=None, waitBlanking=True, winType='pyglet')
15.3256 	EXP 	window1: backgroundImage = None
15.3256 	EXP 	window1: backgroundFit = 'cover'
15.3282 	EXP 	window1: Attempting to measure frame rate of screen (2) ...
15.3282 	EXP 	window1: recordFrameIntervals = False
15.4082 	EXP 	window1: recordFrameIntervals = True
16.2418 	WARNING 	Couldn't measure a consistent frame rate!
  - Is your graphics card set to sync to vertical blank?
  - Are you running other processes on your computer?

16.2754 	EXP 	Created unnamed TextStim = TextStim(__class__=<class 'psychopy.visual.text.TextStim'>, alignHoriz=method-wrapper(...), alignText='center', alignVert=method-wrapper(...), anchorHoriz='center', anchorVert='center', antialias=True, autoDraw=False, autoLog=True, bold=False, color=array([1., 1., 1.]), colorSpace='rgb', contrast=1.0, depth=0, draggable=False, flipHoriz=False, flipVert=False, font='', fontFiles=[], height=0.04, italic=False, languageStyle='LTR', name='unnamed TextStim', opacity=1.0, ori=0.0, pos=array([ 0.  , -0.25]), rgb=UNKNOWN, text='Press the button to continue.', units='height', win=Window(...), wrapWidth=1)
16.2775 	EXP 	Created unnamed TextStim = TextStim(__class__=<class 'psychopy.visual.text.TextStim'>, alignHoriz=method-wrapper(...), alignText='center', alignVert=method-wrapper(...), anchorHoriz='center', anchorVert='center', antialias=True, autoDraw=False, autoLog=True, bold=False, color=array([1., 1., 1.]), colorSpace='rgb', contrast=1.0, depth=0, draggable=False, flipHoriz=False, flipVert=False, font='', fontFiles=[], height=0.08, italic=False, languageStyle='LTR', name='unnamed TextStim', opacity=1.0, ori=0.0, pos=array([0., 0.]), rgb=UNKNOWN, text='+', units='height', win=Window(...), wrapWidth=1)
16.2821 	EXP 	Created unnamed TextStim = TextStim(__class__=<class 'psychopy.visual.text.TextStim'>, alignHoriz=method-wrapper(...), alignText='center', alignVert=method-wrapper(...), anchorHoriz='center', anchorVert='center', antialias=True, autoDraw=False, autoLog=True, bold=False, color=array([1., 1., 1.]), colorSpace='rgb', contrast=1.0, depth=0, draggable=False, flipHoriz=False, flipVert=False, font='', fontFiles=[], height=0.04, italic=False, languageStyle='LTR', name='unnamed TextStim', opacity=1.0, ori=0.0, pos=array([0., 0.]), rgb=UNKNOWN, text=str(...), units='height', win=Window(...), wrapWidth=0.8888888888888888)
16.2881 	EXP 	Created unnamed TextStim = TextStim(__class__=<class 'psychopy.visual.text.TextStim'>, alignHoriz=method-wrapper(...), alignText='center', alignVert=method-wrapper(...), anchorHoriz='center', anchorVert='center', antialias=True, autoDraw=False, autoLog=True, bold=False, color=array([1., 1., 1.]), colorSpace='rgb', contrast=1.0, depth=0, draggable=False, flipHoriz=False, flipVert=False, font='Arial', fontFiles=[], height=0.04, italic=False, languageStyle='LTR', name='unnamed TextStim', opacity=1.0, ori=0.0, pos=array([0. , 0.1]), rgb=UNKNOWN, text='Hello World', units='height', win=Window(...), wrapWidth=0.8888888888888888)
16.2957 	EXP 	Created unnamed TextStim = TextStim(__class__=<class 'psychopy.visual.text.TextStim'>, alignHoriz=method-wrapper(...), alignText='center', alignVert=method-wrapper(...), anchorHoriz='center', anchorVert='center', antialias=True, autoDraw=False, autoLog=True, bold=False, color=array([1., 1., 1.]), colorSpace='rgb', contrast=1.0, depth=0, draggable=False, flipHoriz=False, flipVert=False, font='', fontFiles=[], height=0.04, italic=False, languageStyle='LTR', name='unnamed TextStim', opacity=1.0, ori=0.0, pos=array([0., 0.]), rgb=UNKNOWN, text=str(...), units='height', win=Window(...), wrapWidth=0.8888888888888888)
16.2984 	EXP 	Created unnamed TextStim = TextStim(__class__=<class 'psychopy.visual.text.TextStim'>, alignHoriz=method-wrapper(...), alignText='center', alignVert=method-wrapper(...), anchorHoriz='center', anchorVert='center', antialias=True, autoDraw=False, autoLog=True, bold=False, color=array([1., 1., 1.]), colorSpace='rgb', contrast=1.0, depth=0, draggable=False, flipHoriz=False, flipVert=False, font='', fontFiles=[], height=0.04, italic=False, languageStyle='LTR', name='unnamed TextStim', opacity=1.0, ori=0.0, pos=array([0., 0.]), rgb=UNKNOWN, text='The task will begin momentarily. Get ready...', units='height', win=Window(...), wrapWidth=1)
16.3004 	EXP 	Created unnamed TextStim = TextStim(__class__=<class 'psychopy.visual.text.TextStim'>, alignHoriz=method-wrapper(...), alignText='center', alignVert=method-wrapper(...), anchorHoriz='center', anchorVert='center', antialias=True, autoDraw=False, autoLog=True, bold=False, color=array([1., 1., 1.]), colorSpace='rgb', contrast=1.0, depth=0, draggable=False, flipHoriz=False, flipVert=False, font='', fontFiles=[], height=0.04, italic=False, languageStyle='LTR', name='unnamed TextStim', opacity=1.0, ori=0.0, pos=array([0., 0.]), rgb=UNKNOWN, text=str(...), units='height', win=Window(...), wrapWidth=0.8888888888888888)
16.3156 	EXP 	Created unnamed ImageStim = ImageStim(__class__=<class 'psychopy.visual.image.ImageStim'>, anchor=('center', 'center'), autoLog=True, color=array([1., 1., 1.]), colorSpace='rgb', contrast=1.0, depth=0, draggable=False, flipHoriz=False, flipVert=False, image='../stimuli/reward_low.png', interpolate=False, mask=None, maskParams=None, name='unnamed ImageStim', opacity=1, ori=0.0, pos=array([0., 0.]), size=array([0.3, 0.3]), texRes=128, units='height', win=Window(...))
16.3204 	EXP 	Created unnamed ImageStim = ImageStim(__class__=<class 'psychopy.visual.image.ImageStim'>, anchor=('center', 'center'), autoLog=True, color=array([1., 1., 1.]), colorSpace='rgb', contrast=1.0, depth=0, draggable=False, flipHoriz=False, flipVert=False, image='../stimuli/reward_high.png', interpolate=False, mask=None, maskParams=None, name='unnamed ImageStim', opacity=1, ori=0.0, pos=array([0., 0.]), size=array([0.3, 0.3]), texRes=128, units='height', win=Window(...))
16.3254 	EXP 	Created unnamed ImageStim = ImageStim(__class__=<class 'psychopy.visual.image.ImageStim'>, anchor=('center', 'center'), autoLog=True, color=array([1., 1., 1.]), colorSpace='rgb', contrast=1.0, depth=0, draggable=False, flipHoriz=False, flipVert=False, image='../stimuli/reward_neut.png', interpolate=False, mask=None, maskParams=None, name='unnamed ImageStim', opacity=1, ori=0.0, pos=array([0., 0.]), size=array([0.3, 0.3]), texRes=128, units='height', win=Window(...))
16.3311 	EXP 	Created unnamed ImageStim = ImageStim(__class__=<class 'psychopy.visual.image.ImageStim'>, anchor=('center', 'center'), autoLog=True, color=array([1., 1., 1.]), colorSpace='rgb', contrast=1.0, depth=0, draggable=False, flipHoriz=False, flipVert=False, image='../stimuli/loss_low.png', interpolate=False, mask=None, maskParams=None, name='unnamed ImageStim', opacity=1, ori=0.0, pos=array([0., 0.]), size=array([0.3, 0.3]), texRes=128, units='height', win=Window(...))
16.3361 	EXP 	Created unnamed ImageStim = ImageStim(__class__=<class 'psychopy.visual.image.ImageStim'>, anchor=('center', 'center'), autoLog=True, color=array([1., 1., 1.]), colorSpace='rgb', contrast=1.0, depth=0, draggable=False, flipHoriz=False, flipVert=False, image='../stimuli/loss_high.png', interpolate=False, mask=None, maskParams=None, name='unnamed ImageStim', opacity=1, ori=0.0, pos=array([0., 0.]), size=array([0.3, 0.3]), texRes=128, units='height', win=Window(...))
16.3405 	EXP 	Created unnamed ImageStim = ImageStim(__class__=<class 'psychopy.visual.image.ImageStim'>, anchor=('center', 'center'), autoLog=True, color=array([1., 1., 1.]), colorSpace='rgb', contrast=1.0, depth=0, draggable=False, flipHoriz=False, flipVert=False, image='../stimuli/loss_neut.png', interpolate=False, mask=None, maskParams=None, name='unnamed ImageStim', opacity=1, ori=0.0, pos=array([0., 0.]), size=array([0.3, 0.3]), texRes=128, units='height', win=Window(...))
16.3424 	EXP 	Created unnamed Polygon = Polygon(__class__=<class 'psychopy.visual.polygon.Polygon'>, anchor=('center', 'center'), autoDraw=False, autoLog=True, closeShape=True, color=method-wrapper(...), colorSpace='rgb', contrast=None, depth=0, draggable=False, fillColor=array([1, 1, 1]), fillColorSpace='rgb', fillRGB=array([1, 1, 1]), interpolate=True, lineColor=array([1., 1., 1.]), lineColorSpace='rgb', lineRGB=array([1, 1, 1]), lineWidth=1.5, name='unnamed Polygon', opacity=1, ori=0.0, pos=array([0., 0.]), size=array([1., 1.]), units='height', vertices=ndarray(...), win=Window(...))
16.3452 	EXP 	Created trial_feedback = TextStim(__class__=<class 'psychopy.visual.text.TextStim'>, alignHoriz=method-wrapper(...), alignText='center', alignVert=method-wrapper(...), anchorHoriz='center', anchorVert='center', antialias=True, autoDraw=False, autoLog=True, bold=False, color=array([1., 1., 1.]), colorSpace='rgb', contrast=1.0, depth=0, draggable=False, flipHoriz=False, flipVert=False, font='Arial', fontFiles=[], height=0.09, italic=False, languageStyle='LTR', name='trial_feedback', opacity=1, ori=0, pos=array([0., 0.]), rgb=UNKNOWN, text='Trial:', units='height', win=Window(...), wrapWidth=1)
16.3472 	EXP 	Created exp_feedback = TextStim(__class__=<class 'psychopy.visual.text.TextStim'>, alignHoriz=method-wrapper(...), alignText='center', alignVert=method-wrapper(...), anchorHoriz='center', anchorVert='center', antialias=True, autoDraw=False, autoLog=True, bold=False, color=array([1., 1., 1.]), colorSpace='rgb', contrast=1.0, depth=0, draggable=False, flipHoriz=False, flipVert=False, font='Arial', fontFiles=[], height=0.09, italic=False, languageStyle='LTR', name='exp_feedback', opacity=1, ori=0, pos=array([ 0.    , -0.0625]), rgb=UNKNOWN, text='Total:', units='height', win=Window(...), wrapWidth=1)
16.3508 	EXP 	Created unnamed TextStim = TextStim(__class__=<class 'psychopy.visual.text.TextStim'>, alignHoriz=method-wrapper(...), alignText='center', alignVert=method-wrapper(...), anchorHoriz='center', anchorVert='center', antialias=True, autoDraw=False, autoLog=True, bold=False, color=array([1., 1., 1.]), colorSpace='rgb', contrast=1.0, depth=0, draggable=False, flipHoriz=False, flipVert=False, font='', fontFiles=[], height=0.04, italic=False, languageStyle='LTR', name='unnamed TextStim', opacity=1.0, ori=0.0, pos=array([0., 0.]), rgb=UNKNOWN, text=str(...), units='height', win=Window(...), wrapWidth=1)
16.3520 	EXP 	Created unnamed TextStim = TextStim(__class__=<class 'psychopy.visual.text.TextStim'>, alignHoriz=method-wrapper(...), alignText='center', alignVert=method-wrapper(...), anchorHoriz='center', anchorVert='center', antialias=True, autoDraw=False, autoLog=True, bold=False, color=array([1., 1., 1.]), colorSpace='rgb', contrast=1.0, depth=0, draggable=False, flipHoriz=False, flipVert=False, font='', fontFiles=[], height=0.04, italic=False, languageStyle='LTR', name='unnamed TextStim', opacity=1.0, ori=0.0, pos=array([0., 0.]), rgb=UNKNOWN, text='Get ready', units='height', win=Window(...), wrapWidth=1)
16.3536 	EXP 	Created unnamed TextStim = TextStim(__class__=<class 'psychopy.visual.text.TextStim'>, alignHoriz=method-wrapper(...), alignText='center', alignVert=method-wrapper(...), anchorHoriz='center', anchorVert='center', antialias=True, autoDraw=False, autoLog=True, bold=False, color=array([1., 1., 1.]), colorSpace='rgb', contrast=1.0, depth=0, draggable=False, flipHoriz=False, flipVert=False, font='', fontFiles=[], height=0.04, italic=False, languageStyle='LTR', name='unnamed TextStim', opacity=1.0, ori=0.0, pos=array([0., 0.]), rgb=UNKNOWN, text='Please wait\n\n', units='height', win=Window(...), wrapWidth=1)
16.4135 	WARNING 	t of last frame was 171.84ms (=1/5)
26.4391 	WARNING 	t of last frame was 22.07ms (=1/45)
26.4391 	EXP 	unnamed TextStim: height = 0.04
26.4391 	EXP 	unnamed TextStim: height = 0.04
26.4391 	EXP 	unnamed TextStim: height = 0.04
26.4391 	EXP 	unnamed TextStim: text = 'Welcome!'
27.3863 	DATA 	Keypress: 1
27.3952 	WARNING 	t of last frame was 956.08ms (=1/1)
27.3952 	EXP 	unnamed TextStim: height = 0.04
27.3952 	EXP 	unnamed TextStim: height = 0.04
27.3952 	EXP 	unnamed TextStim: height = 0.04
27.3952 	EXP 	unnamed TextStim: text = 'First you will see a cross in the middle of the screen, like this:\n\n+\n\nThis means you should focus on the screen and get ready to play. '
27.9342 	DATA 	Keypress: 1
27.9404 	EXP 	Created unnamed Polygon = Polygon(__class__=<class 'psychopy.visual.polygon.Polygon'>, anchor=('center', 'center'), autoDraw=False, autoLog=True, closeShape=True, color=method-wrapper(...), colorSpace='rgb', contrast=None, depth=0, draggable=False, fillColor=array([1, 1, 1]), fillColorSpace='rgb', fillRGB=array([1, 1, 1]), interpolate=True, lineColor=array([1., 1., 1.]), lineColorSpace='rgb', lineRGB=array([1, 1, 1]), lineWidth=1.5, name='unnamed Polygon', opacity=1, ori=0.0, pos=array([0. , 0.1]), size=array([1., 1.]), units='height', vertices=ndarray(...), win=Window(...))
27.9531 	WARNING 	t of last frame was 557.96ms (=1/1)
27.9531 	EXP 	unnamed TextStim: height = 0.04
27.9531 	EXP 	unnamed TextStim: height = 0.04
27.9531 	EXP 	unnamed TextStim: height = 0.04
27.9531 	EXP 	unnamed TextStim: text = 'Next, a small solid WHITE TRIANGLE will appear on the screen:\n\n \n\n \n\n \n\nPress the button as fast as you can when you see the solid white triangle. '
28.4402 	DATA 	Keypress: 1
28.4766 	WARNING 	Multiple dropped frames have occurred - I'll stop bothering you about them!
28.4766 	EXP 	unnamed TextStim: height = 0.04
28.4766 	EXP 	unnamed TextStim: height = 0.04
28.4766 	EXP 	unnamed TextStim: height = 0.04
28.4766 	EXP 	unnamed TextStim: text = 'Any Questions?\n\nPlease ask them now.'
28.8241 	DATA 	Keypress: 1
29.1199 	DATA 	Keypress: 1
29.7709 	DATA 	Keypress: return
31.1450 	DATA 	Keypress: equal
36.1704 	EXP 	unnamed Polygon: autoDraw = True
36.1704 	EXP 	unnamed Polygon: autoDraw = True
36.1793 	EXP 	unnamed Polygon: autoDraw = True
36.1827 	EXP 	unnamed Polygon: autoDraw = True
36.1960 	EXP 	unnamed Polygon: autoDraw = True
36.2044 	EXP 	unnamed Polygon: autoDraw = True
36.2175 	EXP 	unnamed Polygon: autoDraw = True
36.2294 	EXP 	unnamed Polygon: autoDraw = True
36.2424 	EXP 	unnamed Polygon: autoDraw = True
36.2545 	EXP 	unnamed Polygon: autoDraw = True
36.2677 	EXP 	unnamed Polygon: autoDraw = True
36.2796 	EXP 	unnamed Polygon: autoDraw = True
36.2926 	EXP 	unnamed Polygon: autoDraw = True
36.3047 	EXP 	unnamed Polygon: autoDraw = True
36.3176 	EXP 	unnamed Polygon: autoDraw = True
36.3297 	EXP 	unnamed Polygon: autoDraw = True
36.3427 	EXP 	unnamed Polygon: autoDraw = True
36.3548 	EXP 	unnamed Polygon: autoDraw = True
36.3675 	EXP 	unnamed Polygon: autoDraw = True
36.3797 	EXP 	unnamed Polygon: autoDraw = True
36.3930 	EXP 	unnamed Polygon: autoDraw = True
36.4046 	EXP 	unnamed Polygon: autoDraw = True
36.4089 	DATA 	Keypress: 1
36.4169 	EXP 	unnamed Polygon: autoDraw = True
36.4295 	EXP 	unnamed Polygon: autoDraw = True
36.4424 	EXP 	unnamed Polygon: autoDraw = True
36.4552 	EXP 	unnamed Polygon: autoDraw = True
36.4678 	EXP 	unnamed Polygon: autoDraw = True
36.4801 	EXP 	unnamed Polygon: autoDraw = True
36.4927 	EXP 	unnamed Polygon: autoDraw = True
36.5050 	EXP 	unnamed Polygon: autoDraw = True
36.5179 	EXP 	unnamed Polygon: autoDraw = True
36.5302 	EXP 	unnamed Polygon: autoDraw = True
36.5426 	EXP 	unnamed Polygon: autoDraw = True
36.5547 	EXP 	unnamed Polygon: autoDraw = True
36.5677 	EXP 	unnamed Polygon: autoDraw = True
36.5798 	EXP 	unnamed Polygon: autoDraw = True
36.5924 	EXP 	unnamed Polygon: autoDraw = True
36.6046 	EXP 	unnamed Polygon: autoDraw = True
36.6177 	EXP 	unnamed Polygon: autoDraw = True
36.6305 	EXP 	unnamed Polygon: autoDraw = True
36.6432 	EXP 	unnamed Polygon: autoDraw = True
36.6546 	EXP 	unnamed Polygon: autoDraw = True
36.6678 	EXP 	unnamed Polygon: autoDraw = True
36.6791 	EXP 	unnamed Polygon: autoDraw = False
43.2955 	DATA 	Keypress: 1
44.4621 	EXP 	unnamed Polygon: autoDraw = True
44.4621 	EXP 	unnamed Polygon: autoDraw = True
44.4751 	EXP 	unnamed Polygon: autoDraw = True
44.4834 	EXP 	unnamed Polygon: autoDraw = True
44.4865 	EXP 	unnamed Polygon: autoDraw = True
44.4911 	EXP 	unnamed Polygon: autoDraw = True
44.5041 	EXP 	unnamed Polygon: autoDraw = True
44.5079 	EXP 	unnamed Polygon: autoDraw = True
44.5250 	EXP 	unnamed Polygon: autoDraw = True
44.5290 	EXP 	unnamed Polygon: autoDraw = True
44.5330 	EXP 	unnamed Polygon: autoDraw = True
44.5458 	EXP 	unnamed Polygon: autoDraw = True
44.5546 	EXP 	unnamed Polygon: autoDraw = True
44.5579 	EXP 	unnamed Polygon: autoDraw = True
44.5710 	EXP 	unnamed Polygon: autoDraw = True
44.5793 	EXP 	unnamed Polygon: autoDraw = True
44.5824 	EXP 	unnamed Polygon: autoDraw = True
44.5966 	EXP 	unnamed Polygon: autoDraw = True
44.6043 	EXP 	unnamed Polygon: autoDraw = True
44.6076 	EXP 	unnamed Polygon: autoDraw = True
44.6222 	EXP 	unnamed Polygon: autoDraw = True
44.6380 	EXP 	unnamed Polygon: autoDraw = True
44.6457 	EXP 	unnamed Polygon: autoDraw = True
44.6493 	EXP 	unnamed Polygon: autoDraw = True
44.6634 	EXP 	unnamed Polygon: autoDraw = True
44.6802 	EXP 	unnamed Polygon: autoDraw = True
44.6840 	DATA 	Keypress: 1
44.6959 	EXP 	unnamed Polygon: autoDraw = True
44.6984 	EXP 	unnamed Polygon: autoDraw = True
44.7133 	EXP 	unnamed Polygon: autoDraw = True
44.7164 	EXP 	unnamed Polygon: autoDraw = True
44.7297 	EXP 	unnamed Polygon: autoDraw = True
44.7343 	EXP 	unnamed Polygon: autoDraw = True
44.7464 	EXP 	unnamed Polygon: autoDraw = True
44.7492 	EXP 	unnamed Polygon: autoDraw = True
44.7628 	EXP 	unnamed Polygon: autoDraw = True
44.7667 	EXP 	unnamed Polygon: autoDraw = True
44.7800 	EXP 	unnamed Polygon: autoDraw = True
44.7824 	EXP 	unnamed Polygon: autoDraw = True
44.7957 	EXP 	unnamed Polygon: autoDraw = True
44.7996 	EXP 	unnamed Polygon: autoDraw = True
44.8126 	EXP 	unnamed Polygon: autoDraw = True
44.8160 	EXP 	unnamed Polygon: autoDraw = True
44.8291 	EXP 	unnamed Polygon: autoDraw = True
44.8323 	EXP 	unnamed Polygon: autoDraw = True
44.8460 	EXP 	unnamed Polygon: autoDraw = True
44.8501 	EXP 	unnamed Polygon: autoDraw = True
44.8634 	EXP 	unnamed Polygon: autoDraw = True
44.8661 	EXP 	unnamed Polygon: autoDraw = True
44.8796 	EXP 	unnamed Polygon: autoDraw = True
44.8840 	EXP 	unnamed Polygon: autoDraw = True
44.8965 	EXP 	unnamed Polygon: autoDraw = True
44.8994 	EXP 	unnamed Polygon: autoDraw = True
44.9124 	EXP 	unnamed Polygon: autoDraw = True
44.9163 	EXP 	unnamed Polygon: autoDraw = True
44.9301 	EXP 	unnamed Polygon: autoDraw = True
44.9342 	EXP 	unnamed Polygon: autoDraw = True
44.9416 	EXP 	unnamed Polygon: autoDraw = False
52.7395 	EXP 	unnamed Polygon: autoDraw = True
52.7395 	EXP 	unnamed Polygon: autoDraw = True
52.7451 	EXP 	unnamed Polygon: autoDraw = True
52.7585 	EXP 	unnamed Polygon: autoDraw = True
52.7667 	EXP 	unnamed Polygon: autoDraw = True
52.7693 	EXP 	unnamed Polygon: autoDraw = True
52.7835 	EXP 	unnamed Polygon: autoDraw = True
52.7918 	EXP 	unnamed Polygon: autoDraw = True
52.7947 	EXP 	unnamed Polygon: autoDraw = True
52.8092 	EXP 	unnamed Polygon: autoDraw = True
52.8169 	EXP 	unnamed Polygon: autoDraw = True
52.8210 	EXP 	unnamed Polygon: autoDraw = True
52.8338 	EXP 	unnamed Polygon: autoDraw = True
52.8419 	EXP 	unnamed Polygon: autoDraw = True
52.8461 	EXP 	unnamed Polygon: autoDraw = True
52.8588 	EXP 	unnamed Polygon: autoDraw = True
52.8669 	EXP 	unnamed Polygon: autoDraw = True
52.8709 	EXP 	unnamed Polygon: autoDraw = True
52.8838 	EXP 	unnamed Polygon: autoDraw = True
52.8921 	EXP 	unnamed Polygon: autoDraw = True
52.8959 	EXP 	unnamed Polygon: autoDraw = True
52.9088 	EXP 	unnamed Polygon: autoDraw = True
52.9169 	EXP 	unnamed Polygon: autoDraw = True
52.9209 	EXP 	unnamed Polygon: autoDraw = True
52.9337 	EXP 	unnamed Polygon: autoDraw = True
52.9419 	EXP 	unnamed Polygon: autoDraw = True
52.9459 	EXP 	unnamed Polygon: autoDraw = True
52.9588 	EXP 	unnamed Polygon: autoDraw = True
52.9628 	DATA 	Keypress: 1
52.9839 	EXP 	unnamed Polygon: autoDraw = True
53.0005 	EXP 	unnamed Polygon: autoDraw = True
53.0087 	EXP 	unnamed Polygon: autoDraw = True
53.0131 	EXP 	unnamed Polygon: autoDraw = True
53.0254 	EXP 	unnamed Polygon: autoDraw = True
53.0336 	EXP 	unnamed Polygon: autoDraw = True
53.0378 	EXP 	unnamed Polygon: autoDraw = True
53.0504 	EXP 	unnamed Polygon: autoDraw = True
53.0586 	EXP 	unnamed Polygon: autoDraw = True
53.0629 	EXP 	unnamed Polygon: autoDraw = True
53.0754 	EXP 	unnamed Polygon: autoDraw = True
53.0836 	EXP 	unnamed Polygon: autoDraw = True
53.0878 	EXP 	unnamed Polygon: autoDraw = True
53.1006 	EXP 	unnamed Polygon: autoDraw = True
53.1087 	EXP 	unnamed Polygon: autoDraw = True
53.1128 	EXP 	unnamed Polygon: autoDraw = True
53.1254 	EXP 	unnamed Polygon: autoDraw = True
53.1335 	EXP 	unnamed Polygon: autoDraw = True
53.1377 	EXP 	unnamed Polygon: autoDraw = True
53.1504 	EXP 	unnamed Polygon: autoDraw = True
53.1587 	EXP 	unnamed Polygon: autoDraw = True
53.1626 	EXP 	unnamed Polygon: autoDraw = True
53.1753 	EXP 	unnamed Polygon: autoDraw = True
53.1835 	EXP 	unnamed Polygon: autoDraw = True
53.1878 	EXP 	unnamed Polygon: autoDraw = True
53.2004 	EXP 	unnamed Polygon: autoDraw = True
53.2086 	EXP 	unnamed Polygon: autoDraw = True
53.2130 	EXP 	unnamed Polygon: autoDraw = True
53.2254 	EXP 	unnamed Polygon: autoDraw = True
53.2336 	EXP 	unnamed Polygon: autoDraw = True
53.2419 	EXP 	unnamed Polygon: autoDraw = False
65.1825 	DATA 	Keypress: 1
75.2247 	EXP 	unnamed TextStim: height = 0.04
75.2247 	EXP 	unnamed TextStim: height = 0.04
75.2247 	EXP 	unnamed TextStim: height = 0.04
75.2247 	EXP 	unnamed TextStim: text = 'Instructions...\n\nYour goal is to make as much money as possible.\n\nRemember:\nWIN CIRCLES = win money\nLOSE SQUARES = lose money\n\nQUICKLY press the button with your pointer finger when you see the solid white triangle.\n\nYou will get feedback on whether you pressed the button in time and if you won or lost money.'
75.8729 	DATA 	Keypress: 1
75.8749 	EXP 	Created unnamed TextStim = TextStim(__class__=<class 'psychopy.visual.text.TextStim'>, alignHoriz=method-wrapper(...), alignText='center', alignVert=method-wrapper(...), anchorHoriz='center', anchorVert='center', antialias=True, autoDraw=False, autoLog=True, bold=False, color=array([1., 1., 1.]), colorSpace='rgb', contrast=1.0, depth=0, draggable=False, flipHoriz=False, flipVert=False, font='', fontFiles=[], height=0.08, italic=False, languageStyle='LTR', name='unnamed TextStim', opacity=1.0, ori=0.0, pos=array([-0.65,  0.15]), rgb=UNKNOWN, text='+', units='height', win=Window(...), wrapWidth=1)
75.8803 	EXP 	Created unnamed ImageStim = ImageStim(__class__=<class 'psychopy.visual.image.ImageStim'>, anchor=('center', 'center'), autoLog=True, color=array([1., 1., 1.]), colorSpace='rgb', contrast=1.0, depth=0, draggable=False, flipHoriz=False, flipVert=False, image='../stimuli/reward_high.png', interpolate=False, mask=None, maskParams=None, name='unnamed ImageStim', opacity=1, ori=0.0, pos=array([-0.35,  0.15]), size=array([0.2, 0.2]), texRes=128, units='height', win=Window(...))
75.8812 	EXP 	Created unnamed TextStim = TextStim(__class__=<class 'psychopy.visual.text.TextStim'>, alignHoriz=method-wrapper(...), alignText='center', alignVert=method-wrapper(...), anchorHoriz='center', anchorVert='center', antialias=True, autoDraw=False, autoLog=True, bold=False, color=array([1., 1., 1.]), colorSpace='rgb', contrast=1.0, depth=0, draggable=False, flipHoriz=False, flipVert=False, font='', fontFiles=[], height=0.08, italic=False, languageStyle='LTR', name='unnamed TextStim', opacity=1.0, ori=0.0, pos=array([-0.15,  0.15]), rgb=UNKNOWN, text='+', units='height', win=Window(...), wrapWidth=1)
75.8819 	EXP 	Created unnamed Polygon = Polygon(__class__=<class 'psychopy.visual.polygon.Polygon'>, anchor=('center', 'center'), autoDraw=False, autoLog=True, closeShape=True, color=method-wrapper(...), colorSpace='rgb', contrast=None, depth=0, draggable=False, fillColor=array([1, 1, 1]), fillColorSpace='rgb', fillRGB=array([1, 1, 1]), interpolate=True, lineColor=array([1., 1., 1.]), lineColorSpace='rgb', lineRGB=array([1, 1, 1]), lineWidth=1.5, name='unnamed Polygon', opacity=1, ori=0.0, pos=array([0.15, 0.15]), size=array([1., 1.]), units='height', vertices=ndarray(...), win=Window(...))
75.8827 	EXP 	Created unnamed TextStim = TextStim(__class__=<class 'psychopy.visual.text.TextStim'>, alignHoriz=method-wrapper(...), alignText='center', alignVert=method-wrapper(...), anchorHoriz='center', anchorVert='center', antialias=True, autoDraw=False, autoLog=True, bold=False, color=array([1., 1., 1.]), colorSpace='rgb', contrast=1.0, depth=0, draggable=False, flipHoriz=False, flipVert=False, font='', fontFiles=[], height=0.08, italic=False, languageStyle='LTR', name='unnamed TextStim', opacity=1.0, ori=0.0, pos=array([0.35, 0.15]), rgb=UNKNOWN, text='+', units='height', win=Window(...), wrapWidth=1)
75.8852 	EXP 	Created unnamed TextStim = TextStim(__class__=<class 'psychopy.visual.text.TextStim'>, alignHoriz=method-wrapper(...), alignText='center', alignVert=method-wrapper(...), anchorHoriz='center', anchorVert='center', antialias=True, autoDraw=False, autoLog=True, bold=False, color=array([1., 1., 1.]), colorSpace='rgb', contrast=1.0, depth=0, draggable=False, flipHoriz=False, flipVert=False, font='', fontFiles=[], height=0.08, italic=False, languageStyle='LTR', name='unnamed TextStim', opacity=1.0, ori=0.0, pos=array([0.65, 0.15]), rgb=UNKNOWN, text='Hit!\n+$5.00', units='height', win=Window(...), wrapWidth=1)
75.8853 	WARNING 	TextStim.alignHoriz is deprecated. Use alignText and anchorHoriz attributes instead
75.8875 	EXP 	Created unnamed TextStim = TextStim(__class__=<class 'psychopy.visual.text.TextStim'>, alignHoriz='center', alignText='center', alignVert=method-wrapper(...), anchorHoriz='center', anchorVert='center', antialias=True, autoDraw=False, autoLog=True, bold=False, color=array([1., 1., 1.]), colorSpace='rgb', contrast=1.0, depth=0, draggable=False, flipHoriz=False, flipVert=False, font='', fontFiles=[], height=0.04, italic=False, languageStyle='LTR', name='unnamed TextStim', opacity=1.0, ori=0.0, pos=array([-0.65, -0.15]), rgb=UNKNOWN, text='Pay attention', units='height', win=Window(...), wrapWidth=0.1)
75.8876 	WARNING 	TextStim.alignHoriz is deprecated. Use alignText and anchorHoriz attributes instead
75.8899 	EXP 	Created unnamed TextStim = TextStim(__class__=<class 'psychopy.visual.text.TextStim'>, alignHoriz='center', alignText='center', alignVert=method-wrapper(...), anchorHoriz='center', anchorVert='center', antialias=True, autoDraw=False, autoLog=True, bold=False, color=array([1., 1., 1.]), colorSpace='rgb', contrast=1.0, depth=0, draggable=False, flipHoriz=False, flipVert=False, font='', fontFiles=[], height=0.04, italic=False, languageStyle='LTR', name='unnamed TextStim', opacity=1.0, ori=0.0, pos=array([-0.35, -0.15]), rgb=UNKNOWN, text="Cue: don't respond yet", units='height', win=Window(...), wrapWidth=0.1)
75.8900 	WARNING 	TextStim.alignHoriz is deprecated. Use alignText and anchorHoriz attributes instead
75.8912 	EXP 	Created unnamed TextStim = TextStim(__class__=<class 'psychopy.visual.text.TextStim'>, alignHoriz='center', alignText='center', alignVert=method-wrapper(...), anchorHoriz='center', anchorVert='center', antialias=True, autoDraw=False, autoLog=True, bold=False, color=array([1., 1., 1.]), colorSpace='rgb', contrast=1.0, depth=0, draggable=False, flipHoriz=False, flipVert=False, font='', fontFiles=[], height=0.04, italic=False, languageStyle='LTR', name='unnamed TextStim', opacity=1.0, ori=0.0, pos=array([-0.15, -0.15]), rgb=UNKNOWN, text='Pay attention', units='height', win=Window(...), wrapWidth=0.1)
75.8913 	WARNING 	TextStim.alignHoriz is deprecated. Use alignText and anchorHoriz attributes instead
75.8935 	EXP 	Created unnamed TextStim = TextStim(__class__=<class 'psychopy.visual.text.TextStim'>, alignHoriz='center', alignText='center', alignVert=method-wrapper(...), anchorHoriz='center', anchorVert='center', antialias=True, autoDraw=False, autoLog=True, bold=False, color=array([1., 1., 1.]), colorSpace='rgb', contrast=1.0, depth=0, draggable=False, flipHoriz=False, flipVert=False, font='', fontFiles=[], height=0.04, italic=False, languageStyle='LTR', name='unnamed TextStim', opacity=1.0, ori=0.0, pos=array([ 0.15, -0.15]), rgb=UNKNOWN, text='Respond when solid triangle is on screen', units='height', win=Window(...), wrapWidth=0.1)
75.8936 	WARNING 	TextStim.alignHoriz is deprecated. Use alignText and anchorHoriz attributes instead
75.8946 	EXP 	Created unnamed TextStim = TextStim(__class__=<class 'psychopy.visual.text.TextStim'>, alignHoriz='center', alignText='center', alignVert=method-wrapper(...), anchorHoriz='center', anchorVert='center', antialias=True, autoDraw=False, autoLog=True, bold=False, color=array([1., 1., 1.]), colorSpace='rgb', contrast=1.0, depth=0, draggable=False, flipHoriz=False, flipVert=False, font='', fontFiles=[], height=0.04, italic=False, languageStyle='LTR', name='unnamed TextStim', opacity=1.0, ori=0.0, pos=array([ 0.35, -0.15]), rgb=UNKNOWN, text='Pay attention', units='height', win=Window(...), wrapWidth=0.1)
75.8947 	WARNING 	TextStim.alignHoriz is deprecated. Use alignText and anchorHoriz attributes instead
75.8959 	EXP 	Created unnamed TextStim = TextStim(__class__=<class 'psychopy.visual.text.TextStim'>, alignHoriz='center', alignText='center', alignVert=method-wrapper(...), anchorHoriz='center', anchorVert='center', antialias=True, autoDraw=False, autoLog=True, bold=False, color=array([1., 1., 1.]), colorSpace='rgb', contrast=1.0, depth=0, draggable=False, flipHoriz=False, flipVert=False, font='', fontFiles=[], height=0.04, italic=False, languageStyle='LTR', name='unnamed TextStim', opacity=1.0, ori=0.0, pos=array([ 0.65, -0.15]), rgb=UNKNOWN, text='Feedback', units='height', win=Window(...), wrapWidth=0.1)
76.7732 	DATA 	Keypress: 1
78.2334 	DATA 	Keypress: 1
79.0998 	DATA 	Keypress: return
110.8953 	DATA 	Keypress: equal
112.0813 	DATA 	Keypress: equal
121.4503 	EXP 	unnamed Polygon: autoDraw = True
121.4503 	EXP 	unnamed Polygon: autoDraw = True
121.4626 	EXP 	unnamed Polygon: autoDraw = True
121.4709 	EXP 	unnamed Polygon: autoDraw = True
121.4743 	EXP 	unnamed Polygon: autoDraw = True
121.4876 	EXP 	unnamed Polygon: autoDraw = True
121.4972 	EXP 	unnamed Polygon: autoDraw = True
121.5013 	EXP 	unnamed Polygon: autoDraw = True
121.5137 	EXP 	unnamed Polygon: autoDraw = True
121.5209 	EXP 	unnamed Polygon: autoDraw = True
121.5249 	EXP 	unnamed Polygon: autoDraw = True
121.5388 	EXP 	unnamed Polygon: autoDraw = True
121.5467 	EXP 	unnamed Polygon: autoDraw = True
121.5501 	EXP 	unnamed Polygon: autoDraw = True
121.5626 	EXP 	unnamed Polygon: autoDraw = True
121.5712 	EXP 	unnamed Polygon: autoDraw = True
121.5756 	EXP 	unnamed Polygon: autoDraw = True
121.5886 	EXP 	unnamed Polygon: autoDraw = True
121.5967 	EXP 	unnamed Polygon: autoDraw = True
121.6009 	EXP 	unnamed Polygon: autoDraw = True
121.6133 	EXP 	unnamed Polygon: autoDraw = True
121.6212 	EXP 	unnamed Polygon: autoDraw = True
121.6249 	EXP 	unnamed Polygon: autoDraw = True
121.6385 	EXP 	unnamed Polygon: autoDraw = True
121.6424 	DATA 	Keypress: 1
121.6454 	EXP 	unnamed Polygon: autoDraw = True
121.6498 	EXP 	unnamed Polygon: autoDraw = True
121.6626 	EXP 	unnamed Polygon: autoDraw = True
121.6709 	EXP 	unnamed Polygon: autoDraw = True
121.6747 	EXP 	unnamed Polygon: autoDraw = False
123.1614 	EXP 	trial_feedback: height = 0.09
123.1614 	EXP 	trial_feedback: height = 0.09
123.1614 	EXP 	trial_feedback: height = 0.09
123.1614 	EXP 	trial_feedback: text = 'Hit!\n+$1.50'
123.1614 	EXP 	trial_feedback: autoDraw = True
125.1587 	EXP 	trial_feedback: autoDraw = False
125.1587 	EXP 	exp_feedback: autoDraw = False
135.5444 	EXP 	unnamed Polygon: autoDraw = True
135.5444 	EXP 	unnamed Polygon: autoDraw = True
135.5587 	EXP 	unnamed Polygon: autoDraw = True
135.5668 	EXP 	unnamed Polygon: autoDraw = True
135.5694 	EXP 	unnamed Polygon: autoDraw = True
135.5834 	EXP 	unnamed Polygon: autoDraw = True
135.5916 	EXP 	unnamed Polygon: autoDraw = True
135.5946 	EXP 	unnamed Polygon: autoDraw = True
135.6085 	EXP 	unnamed Polygon: autoDraw = True
135.6168 	EXP 	unnamed Polygon: autoDraw = True
135.6200 	EXP 	unnamed Polygon: autoDraw = True
135.6336 	EXP 	unnamed Polygon: autoDraw = True
135.6418 	EXP 	unnamed Polygon: autoDraw = True
135.6453 	EXP 	unnamed Polygon: autoDraw = True
135.6583 	EXP 	unnamed Polygon: autoDraw = True
135.6666 	EXP 	unnamed Polygon: autoDraw = True
135.6696 	EXP 	unnamed Polygon: autoDraw = True
135.6834 	EXP 	unnamed Polygon: autoDraw = True
135.6916 	EXP 	unnamed Polygon: autoDraw = True
135.6942 	EXP 	unnamed Polygon: autoDraw = True
135.7085 	EXP 	unnamed Polygon: autoDraw = True
135.7167 	EXP 	unnamed Polygon: autoDraw = True
135.7191 	EXP 	unnamed Polygon: autoDraw = True
135.7333 	EXP 	unnamed Polygon: autoDraw = True
135.7416 	EXP 	unnamed Polygon: autoDraw = True
135.7447 	DATA 	Keypress: 1
135.7480 	EXP 	unnamed Polygon: autoDraw = True
135.7583 	EXP 	unnamed Polygon: autoDraw = True
135.7666 	EXP 	unnamed Polygon: autoDraw = True
135.7725 	EXP 	unnamed Polygon: autoDraw = False
137.2149 	EXP 	trial_feedback: height = 0.09
137.2149 	EXP 	trial_feedback: height = 0.09
137.2149 	EXP 	trial_feedback: height = 0.09
137.2149 	EXP 	trial_feedback: text = 'Hit!\n$0.00'
137.2149 	EXP 	trial_feedback: autoDraw = True
139.1969 	EXP 	trial_feedback: autoDraw = False
139.2170 	EXP 	trial_feedback: autoDraw = False
139.2170 	EXP 	exp_feedback: autoDraw = False
145.3652 	EXP 	unnamed Polygon: autoDraw = True
145.3652 	EXP 	unnamed Polygon: autoDraw = True
145.3699 	EXP 	unnamed Polygon: autoDraw = True
145.3834 	EXP 	unnamed Polygon: autoDraw = True
145.3918 	EXP 	unnamed Polygon: autoDraw = True
145.3949 	EXP 	unnamed Polygon: autoDraw = True
145.4084 	EXP 	unnamed Polygon: autoDraw = True
145.4167 	EXP 	unnamed Polygon: autoDraw = True
145.4202 	EXP 	unnamed Polygon: autoDraw = True
145.4335 	EXP 	unnamed Polygon: autoDraw = True
145.4417 	EXP 	unnamed Polygon: autoDraw = True
145.4448 	EXP 	unnamed Polygon: autoDraw = True
145.4585 	EXP 	unnamed Polygon: autoDraw = True
145.4671 	EXP 	unnamed Polygon: autoDraw = True
145.4709 	EXP 	unnamed Polygon: autoDraw = True
145.4838 	EXP 	unnamed Polygon: autoDraw = True
145.4919 	EXP 	unnamed Polygon: autoDraw = True
145.4962 	EXP 	unnamed Polygon: autoDraw = True
145.5088 	EXP 	unnamed Polygon: autoDraw = True
145.5169 	EXP 	unnamed Polygon: autoDraw = True
145.5211 	EXP 	unnamed Polygon: autoDraw = True
145.5338 	EXP 	unnamed Polygon: autoDraw = True
145.5421 	EXP 	unnamed Polygon: autoDraw = True
145.5462 	EXP 	unnamed Polygon: autoDraw = True
145.5499 	DATA 	Keypress: 1
145.5543 	EXP 	unnamed Polygon: autoDraw = True
145.5668 	EXP 	unnamed Polygon: autoDraw = True
145.5751 	EXP 	unnamed Polygon: autoDraw = True
145.5778 	EXP 	unnamed Polygon: autoDraw = True
145.5924 	EXP 	unnamed Polygon: autoDraw = True
145.6004 	EXP 	unnamed Polygon: autoDraw = False
147.3004 	EXP 	trial_feedback: text = 'Hit!\n$0.00'
147.3004 	EXP 	trial_feedback: autoDraw = True
149.2881 	EXP 	trial_feedback: autoDraw = False
149.3086 	EXP 	trial_feedback: autoDraw = False
149.3086 	EXP 	exp_feedback: autoDraw = False
158.5370 	DATA 	Keypress: 1
159.7809 	EXP 	unnamed Polygon: autoDraw = True
159.7809 	EXP 	unnamed Polygon: autoDraw = True
159.7923 	EXP 	unnamed Polygon: autoDraw = True
159.8004 	EXP 	unnamed Polygon: autoDraw = True
159.8034 	EXP 	unnamed Polygon: autoDraw = True
159.8172 	EXP 	unnamed Polygon: autoDraw = True
159.8253 	EXP 	unnamed Polygon: autoDraw = True
159.8288 	EXP 	unnamed Polygon: autoDraw = True
159.8421 	EXP 	unnamed Polygon: autoDraw = True
159.8504 	EXP 	unnamed Polygon: autoDraw = True
159.8545 	EXP 	unnamed Polygon: autoDraw = True
159.8672 	EXP 	unnamed Polygon: autoDraw = True
159.8753 	EXP 	unnamed Polygon: autoDraw = True
159.8787 	EXP 	unnamed Polygon: autoDraw = True
159.8922 	EXP 	unnamed Polygon: autoDraw = True
159.9004 	EXP 	unnamed Polygon: autoDraw = True
159.9044 	EXP 	unnamed Polygon: autoDraw = True
159.9171 	EXP 	unnamed Polygon: autoDraw = True
159.9254 	EXP 	unnamed Polygon: autoDraw = True
159.9296 	EXP 	unnamed Polygon: autoDraw = True
159.9422 	EXP 	unnamed Polygon: autoDraw = True
159.9504 	EXP 	unnamed Polygon: autoDraw = True
159.9545 	EXP 	unnamed Polygon: autoDraw = True
159.9672 	EXP 	unnamed Polygon: autoDraw = True
159.9753 	EXP 	unnamed Polygon: autoDraw = True
159.9796 	EXP 	unnamed Polygon: autoDraw = True
159.9922 	EXP 	unnamed Polygon: autoDraw = True
160.0003 	EXP 	unnamed Polygon: autoDraw = True
160.0081 	EXP 	unnamed Polygon: autoDraw = False
161.3244 	EXP 	trial_feedback: height = 0.09
161.3244 	EXP 	trial_feedback: height = 0.09
161.3244 	EXP 	trial_feedback: height = 0.09
161.3244 	EXP 	trial_feedback: text = 'Miss!\n$0.00'
161.3244 	EXP 	trial_feedback: autoDraw = True
163.3086 	EXP 	trial_feedback: autoDraw = False
163.3337 	EXP 	trial_feedback: autoDraw = False
163.3337 	EXP 	exp_feedback: autoDraw = False
169.7136 	EXP 	unnamed Polygon: autoDraw = True
169.7136 	EXP 	unnamed Polygon: autoDraw = True
169.7255 	EXP 	unnamed Polygon: autoDraw = True
169.7335 	EXP 	unnamed Polygon: autoDraw = True
169.7362 	EXP 	unnamed Polygon: autoDraw = True
169.7400 	EXP 	unnamed Polygon: autoDraw = True
169.7543 	EXP 	unnamed Polygon: autoDraw = True
169.7627 	EXP 	unnamed Polygon: autoDraw = True
169.7653 	EXP 	unnamed Polygon: autoDraw = True
169.7793 	EXP 	unnamed Polygon: autoDraw = True
169.7880 	EXP 	unnamed Polygon: autoDraw = True
169.7906 	EXP 	unnamed Polygon: autoDraw = True
169.8045 	EXP 	unnamed Polygon: autoDraw = True
169.8127 	EXP 	unnamed Polygon: autoDraw = True
169.8158 	EXP 	unnamed Polygon: autoDraw = True
169.8295 	EXP 	unnamed Polygon: autoDraw = True
169.8377 	EXP 	unnamed Polygon: autoDraw = True
169.8414 	EXP 	unnamed Polygon: autoDraw = True
169.8545 	EXP 	unnamed Polygon: autoDraw = True
169.8627 	EXP 	unnamed Polygon: autoDraw = True
169.8664 	EXP 	unnamed Polygon: autoDraw = True
169.8795 	EXP 	unnamed Polygon: autoDraw = True
169.8877 	EXP 	unnamed Polygon: autoDraw = True
169.8922 	EXP 	unnamed Polygon: autoDraw = True
169.9046 	EXP 	unnamed Polygon: autoDraw = True
169.9127 	EXP 	unnamed Polygon: autoDraw = True
169.9207 	EXP 	unnamed Polygon: autoDraw = False
170.0398 	DATA 	Keypress: 1
171.3464 	EXP 	trial_feedback: text = 'Miss!\n$0.00'
171.3464 	EXP 	trial_feedback: autoDraw = True
173.3464 	EXP 	trial_feedback: autoDraw = False
173.3510 	EXP 	trial_feedback: autoDraw = False
173.3510 	EXP 	exp_feedback: autoDraw = False
175.5718 	DATA 	Keypress: escape
175.5724 	WARNING 	Escape pressed, exiting early!
175.5725 	WARNING 	Total earnings: 1.5
