17.9688 	WARNING 	Monitor specification not found. Creating a temporary one...
17.9781 	WARNING 	Requested an unavailable screen number - using first available.
17.9796 	WARNING 	User requested fullscreen with size [800 600], but screen is actually [1728, 1117]. Using actual size
19.1694 	WARNING 	Couldn't measure a consistent frame rate!
  - Is your graphics card set to sync to vertical blank?
  - Are you running other processes on your computer?

19.1697 	EXP 	Created window1 = Window(allowGUI=True, allowStencil=False, autoLog=True, backendConf=UNKNOWN, backgroundFit=<method-wrapper '__getattribute__' of attributeSetter object at 0x171b03160>, backgroundImage=<method-wrapper '__getattribute__' of attributeSetter object at 0x171b031c0>, bitsMode=UNKNOWN, blendMode='avg', bpc=(8, 8, 8), color=array([-1, -1, -1]), colorSpace='rgb', depthBits=8, fullscr=True, gamma=None, gammaErrorPolicy='raise', infoMsg=UNKNOWN, lms=UNKNOWN, monitor=<psychopy.monitors.calibTools.Monitor object at 0x171bb1300>, multiSample=False, name='window1', numSamples=2, pos=[0.0, 0.0], screen=2, size=array([3456, 2234]), stencilBits=0, stereo=False, title='PsychoPy', units='height', useFBO=False, useRetina=True, viewOri=0.0, viewPos=None, viewScale=None, waitBlanking=True, winType='pyglet')
19.1698 	EXP 	window1: backgroundImage = None
19.1698 	EXP 	window1: backgroundFit = 'cover'
19.1723 	EXP 	window1: Attempting to measure frame rate of screen (2) ...
19.1723 	EXP 	window1: recordFrameIntervals = False
19.2590 	EXP 	window1: recordFrameIntervals = True
20.0860 	WARNING 	Couldn't measure a consistent frame rate!
  - Is your graphics card set to sync to vertical blank?
  - Are you running other processes on your computer?

20.1236 	EXP 	Created unnamed TextStim = TextStim(__class__=<class 'psychopy.visual.text.TextStim'>, alignHoriz=method-wrapper(...), alignText='center', alignVert=method-wrapper(...), anchorHoriz='center', anchorVert='center', antialias=True, autoDraw=False, autoLog=True, bold=False, color=array([1., 1., 1.]), colorSpace='rgb', contrast=1.0, depth=0, draggable=False, flipHoriz=False, flipVert=False, font='', fontFiles=[], height=0.04, italic=False, languageStyle='LTR', name='unnamed TextStim', opacity=1.0, ori=0.0, pos=array([ 0.  , -0.25]), rgb=UNKNOWN, text='Press the button to continue.', units='height', win=Window(...), wrapWidth=1)
20.1258 	EXP 	Created unnamed TextStim = TextStim(__class__=<class 'psychopy.visual.text.TextStim'>, alignHoriz=method-wrapper(...), alignText='center', alignVert=method-wrapper(...), anchorHoriz='center', anchorVert='center', antialias=True, autoDraw=False, autoLog=True, bold=False, color=array([1., 1., 1.]), colorSpace='rgb', contrast=1.0, depth=0, draggable=False, flipHoriz=False, flipVert=False, font='', fontFiles=[], height=0.08, italic=False, languageStyle='LTR', name='unnamed TextStim', opacity=1.0, ori=0.0, pos=array([0., 0.]), rgb=UNKNOWN, text='+', units='height', win=Window(...), wrapWidth=1)
20.1302 	EXP 	Created unnamed TextStim = TextStim(__class__=<class 'psychopy.visual.text.TextStim'>, alignHoriz=method-wrapper(...), alignText='center', alignVert=method-wrapper(...), anchorHoriz='center', anchorVert='center', antialias=True, autoDraw=False, autoLog=True, bold=False, color=array([1., 1., 1.]), colorSpace='rgb', contrast=1.0, depth=0, draggable=False, flipHoriz=False, flipVert=False, font='', fontFiles=[], height=0.04, italic=False, languageStyle='LTR', name='unnamed TextStim', opacity=1.0, ori=0.0, pos=array([0., 0.]), rgb=UNKNOWN, text=str(...), units='height', win=Window(...), wrapWidth=0.8888888888888888)
20.1376 	EXP 	Created unnamed TextStim = TextStim(__class__=<class 'psychopy.visual.text.TextStim'>, alignHoriz=method-wrapper(...), alignText='center', alignVert=method-wrapper(...), anchorHoriz='center', anchorVert='center', antialias=True, autoDraw=False, autoLog=True, bold=False, color=array([1., 1., 1.]), colorSpace='rgb', contrast=1.0, depth=0, draggable=False, flipHoriz=False, flipVert=False, font='Arial', fontFiles=[], height=0.04, italic=False, languageStyle='LTR', name='unnamed TextStim', opacity=1.0, ori=0.0, pos=array([0. , 0.1]), rgb=UNKNOWN, text='Hello World', units='height', win=Window(...), wrapWidth=0.8888888888888888)
20.1443 	EXP 	Created unnamed TextStim = TextStim(__class__=<class 'psychopy.visual.text.TextStim'>, alignHoriz=method-wrapper(...), alignText='center', alignVert=method-wrapper(...), anchorHoriz='center', anchorVert='center', antialias=True, autoDraw=False, autoLog=True, bold=False, color=array([1., 1., 1.]), colorSpace='rgb', contrast=1.0, depth=0, draggable=False, flipHoriz=False, flipVert=False, font='', fontFiles=[], height=0.04, italic=False, languageStyle='LTR', name='unnamed TextStim', opacity=1.0, ori=0.0, pos=array([0., 0.]), rgb=UNKNOWN, text=str(...), units='height', win=Window(...), wrapWidth=0.8888888888888888)
20.1471 	EXP 	Created unnamed TextStim = TextStim(__class__=<class 'psychopy.visual.text.TextStim'>, alignHoriz=method-wrapper(...), alignText='center', alignVert=method-wrapper(...), anchorHoriz='center', anchorVert='center', antialias=True, autoDraw=False, autoLog=True, bold=False, color=array([1., 1., 1.]), colorSpace='rgb', contrast=1.0, depth=0, draggable=False, flipHoriz=False, flipVert=False, font='', fontFiles=[], height=0.04, italic=False, languageStyle='LTR', name='unnamed TextStim', opacity=1.0, ori=0.0, pos=array([0., 0.]), rgb=UNKNOWN, text='The task will begin momentarily. Get ready...', units='height', win=Window(...), wrapWidth=1)
20.1491 	EXP 	Created unnamed TextStim = TextStim(__class__=<class 'psychopy.visual.text.TextStim'>, alignHoriz=method-wrapper(...), alignText='center', alignVert=method-wrapper(...), anchorHoriz='center', anchorVert='center', antialias=True, autoDraw=False, autoLog=True, bold=False, color=array([1., 1., 1.]), colorSpace='rgb', contrast=1.0, depth=0, draggable=False, flipHoriz=False, flipVert=False, font='', fontFiles=[], height=0.04, italic=False, languageStyle='LTR', name='unnamed TextStim', opacity=1.0, ori=0.0, pos=array([0., 0.]), rgb=UNKNOWN, text=str(...), units='height', win=Window(...), wrapWidth=0.8888888888888888)
20.3163 	EXP 	Created unnamed ImageStim = ImageStim(__class__=<class 'psychopy.visual.image.ImageStim'>, anchor=('center', 'center'), autoLog=True, color=array([1., 1., 1.]), colorSpace='rgb', contrast=1.0, depth=0, draggable=False, flipHoriz=False, flipVert=False, image='../stimuli/reward_low.png', interpolate=False, mask=None, maskParams=None, name='unnamed ImageStim', opacity=1, ori=0.0, pos=array([0., 0.]), size=array([0.3, 0.3]), texRes=128, units='height', win=Window(...))
20.3209 	EXP 	Created unnamed ImageStim = ImageStim(__class__=<class 'psychopy.visual.image.ImageStim'>, anchor=('center', 'center'), autoLog=True, color=array([1., 1., 1.]), colorSpace='rgb', contrast=1.0, depth=0, draggable=False, flipHoriz=False, flipVert=False, image='../stimuli/reward_high.png', interpolate=False, mask=None, maskParams=None, name='unnamed ImageStim', opacity=1, ori=0.0, pos=array([0., 0.]), size=array([0.3, 0.3]), texRes=128, units='height', win=Window(...))
20.3254 	EXP 	Created unnamed ImageStim = ImageStim(__class__=<class 'psychopy.visual.image.ImageStim'>, anchor=('center', 'center'), autoLog=True, color=array([1., 1., 1.]), colorSpace='rgb', contrast=1.0, depth=0, draggable=False, flipHoriz=False, flipVert=False, image='../stimuli/reward_neut.png', interpolate=False, mask=None, maskParams=None, name='unnamed ImageStim', opacity=1, ori=0.0, pos=array([0., 0.]), size=array([0.3, 0.3]), texRes=128, units='height', win=Window(...))
20.3297 	EXP 	Created unnamed ImageStim = ImageStim(__class__=<class 'psychopy.visual.image.ImageStim'>, anchor=('center', 'center'), autoLog=True, color=array([1., 1., 1.]), colorSpace='rgb', contrast=1.0, depth=0, draggable=False, flipHoriz=False, flipVert=False, image='../stimuli/loss_low.png', interpolate=False, mask=None, maskParams=None, name='unnamed ImageStim', opacity=1, ori=0.0, pos=array([0., 0.]), size=array([0.3, 0.3]), texRes=128, units='height', win=Window(...))
20.3339 	EXP 	Created unnamed ImageStim = ImageStim(__class__=<class 'psychopy.visual.image.ImageStim'>, anchor=('center', 'center'), autoLog=True, color=array([1., 1., 1.]), colorSpace='rgb', contrast=1.0, depth=0, draggable=False, flipHoriz=False, flipVert=False, image='../stimuli/loss_high.png', interpolate=False, mask=None, maskParams=None, name='unnamed ImageStim', opacity=1, ori=0.0, pos=array([0., 0.]), size=array([0.3, 0.3]), texRes=128, units='height', win=Window(...))
20.3380 	EXP 	Created unnamed ImageStim = ImageStim(__class__=<class 'psychopy.visual.image.ImageStim'>, anchor=('center', 'center'), autoLog=True, color=array([1., 1., 1.]), colorSpace='rgb', contrast=1.0, depth=0, draggable=False, flipHoriz=False, flipVert=False, image='../stimuli/loss_neut.png', interpolate=False, mask=None, maskParams=None, name='unnamed ImageStim', opacity=1, ori=0.0, pos=array([0., 0.]), size=array([0.3, 0.3]), texRes=128, units='height', win=Window(...))
20.3400 	EXP 	Created unnamed Polygon = Polygon(__class__=<class 'psychopy.visual.polygon.Polygon'>, anchor=('center', 'center'), autoDraw=False, autoLog=True, closeShape=True, color=method-wrapper(...), colorSpace='rgb', contrast=None, depth=0, draggable=False, fillColor=array([1, 1, 1]), fillColorSpace='rgb', fillRGB=array([1, 1, 1]), interpolate=True, lineColor=array([1., 1., 1.]), lineColorSpace='rgb', lineRGB=array([1, 1, 1]), lineWidth=1.5, name='unnamed Polygon', opacity=1, ori=0.0, pos=array([0., 0.]), size=array([1., 1.]), units='height', vertices=ndarray(...), win=Window(...))
20.3425 	EXP 	Created trial_feedback = TextStim(__class__=<class 'psychopy.visual.text.TextStim'>, alignHoriz=method-wrapper(...), alignText='center', alignVert=method-wrapper(...), anchorHoriz='center', anchorVert='center', antialias=True, autoDraw=False, autoLog=True, bold=False, color=array([1., 1., 1.]), colorSpace='rgb', contrast=1.0, depth=0, draggable=False, flipHoriz=False, flipVert=False, font='Arial', fontFiles=[], height=0.09, italic=False, languageStyle='LTR', name='trial_feedback', opacity=1, ori=0, pos=array([0., 0.]), rgb=UNKNOWN, text='Trial:', units='height', win=Window(...), wrapWidth=1)
20.3444 	EXP 	Created exp_feedback = TextStim(__class__=<class 'psychopy.visual.text.TextStim'>, alignHoriz=method-wrapper(...), alignText='center', alignVert=method-wrapper(...), anchorHoriz='center', anchorVert='center', antialias=True, autoDraw=False, autoLog=True, bold=False, color=array([1., 1., 1.]), colorSpace='rgb', contrast=1.0, depth=0, draggable=False, flipHoriz=False, flipVert=False, font='Arial', fontFiles=[], height=0.09, italic=False, languageStyle='LTR', name='exp_feedback', opacity=1, ori=0, pos=array([ 0.    , -0.0625]), rgb=UNKNOWN, text='Total:', units='height', win=Window(...), wrapWidth=1)
20.3474 	EXP 	Created unnamed TextStim = TextStim(__class__=<class 'psychopy.visual.text.TextStim'>, alignHoriz=method-wrapper(...), alignText='center', alignVert=method-wrapper(...), anchorHoriz='center', anchorVert='center', antialias=True, autoDraw=False, autoLog=True, bold=False, color=array([1., 1., 1.]), colorSpace='rgb', contrast=1.0, depth=0, draggable=False, flipHoriz=False, flipVert=False, font='', fontFiles=[], height=0.04, italic=False, languageStyle='LTR', name='unnamed TextStim', opacity=1.0, ori=0.0, pos=array([0., 0.]), rgb=UNKNOWN, text=str(...), units='height', win=Window(...), wrapWidth=1)
20.3486 	EXP 	Created unnamed TextStim = TextStim(__class__=<class 'psychopy.visual.text.TextStim'>, alignHoriz=method-wrapper(...), alignText='center', alignVert=method-wrapper(...), anchorHoriz='center', anchorVert='center', antialias=True, autoDraw=False, autoLog=True, bold=False, color=array([1., 1., 1.]), colorSpace='rgb', contrast=1.0, depth=0, draggable=False, flipHoriz=False, flipVert=False, font='', fontFiles=[], height=0.04, italic=False, languageStyle='LTR', name='unnamed TextStim', opacity=1.0, ori=0.0, pos=array([0., 0.]), rgb=UNKNOWN, text='Get ready', units='height', win=Window(...), wrapWidth=1)
20.3502 	EXP 	Created unnamed TextStim = TextStim(__class__=<class 'psychopy.visual.text.TextStim'>, alignHoriz=method-wrapper(...), alignText='center', alignVert=method-wrapper(...), anchorHoriz='center', anchorVert='center', antialias=True, autoDraw=False, autoLog=True, bold=False, color=array([1., 1., 1.]), colorSpace='rgb', contrast=1.0, depth=0, draggable=False, flipHoriz=False, flipVert=False, font='', fontFiles=[], height=0.04, italic=False, languageStyle='LTR', name='unnamed TextStim', opacity=1.0, ori=0.0, pos=array([0., 0.]), rgb=UNKNOWN, text='Please wait\n\n', units='height', win=Window(...), wrapWidth=1)
20.4113 	WARNING 	t of last frame was 325.35ms (=1/3)
30.3029 	DATA 	Keypress: return
30.3063 	WARNING 	t of last frame was 21.58ms (=1/46)
30.4328 	WARNING 	t of last frame was 22.84ms (=1/43)
30.4328 	EXP 	unnamed TextStim: height = 0.04
30.4328 	EXP 	unnamed TextStim: height = 0.04
30.4328 	EXP 	unnamed TextStim: height = 0.04
30.4328 	EXP 	unnamed TextStim: text = 'Welcome!'
30.9800 	DATA 	Keypress: return
31.5717 	DATA 	Keypress: 1
31.5909 	WARNING 	t of last frame was 1158.12ms (=1/0)
31.5909 	EXP 	unnamed TextStim: height = 0.04
31.5909 	EXP 	unnamed TextStim: height = 0.04
31.5909 	EXP 	unnamed TextStim: height = 0.04
31.5909 	EXP 	unnamed TextStim: text = 'First you will see a cross in the middle of the screen, like this:\n\n+\n\nThis means you should focus on the screen and get ready to play. '
31.9640 	DATA 	Keypress: 1
32.0041 	EXP 	Created unnamed Polygon = Polygon(__class__=<class 'psychopy.visual.polygon.Polygon'>, anchor=('center', 'center'), autoDraw=False, autoLog=True, closeShape=True, color=method-wrapper(...), colorSpace='rgb', contrast=None, depth=0, draggable=False, fillColor=array([1, 1, 1]), fillColorSpace='rgb', fillRGB=array([1, 1, 1]), interpolate=True, lineColor=array([1., 1., 1.]), lineColorSpace='rgb', lineRGB=array([1, 1, 1]), lineWidth=1.5, name='unnamed Polygon', opacity=1, ori=0.0, pos=array([0. , 0.1]), size=array([1., 1.]), units='height', vertices=ndarray(...), win=Window(...))
32.0193 	WARNING 	Multiple dropped frames have occurred - I'll stop bothering you about them!
32.0192 	EXP 	unnamed TextStim: height = 0.04
32.0192 	EXP 	unnamed TextStim: height = 0.04
32.0192 	EXP 	unnamed TextStim: height = 0.04
32.0192 	EXP 	unnamed TextStim: text = 'Next, a small solid WHITE TRIANGLE will appear on the screen:\n\n \n\n \n\n \n\nPress the button as fast as you can when you see the solid white triangle. '
32.3480 	DATA 	Keypress: 1
32.3523 	EXP 	unnamed TextStim: height = 0.04
32.3523 	EXP 	unnamed TextStim: height = 0.04
32.3523 	EXP 	unnamed TextStim: height = 0.04
32.3523 	EXP 	unnamed TextStim: text = 'Any Questions?\n\nPlease ask them now.'
32.6989 	DATA 	Keypress: 1
33.1292 	DATA 	Keypress: 1
33.4427 	DATA 	Keypress: return
38.4637 	EXP 	unnamed Polygon: autoDraw = True
38.4637 	EXP 	unnamed Polygon: autoDraw = True
38.4659 	EXP 	unnamed Polygon: autoDraw = True
38.4719 	EXP 	unnamed Polygon: autoDraw = True
38.4839 	EXP 	unnamed Polygon: autoDraw = True
38.4874 	EXP 	unnamed Polygon: autoDraw = True
38.5010 	EXP 	unnamed Polygon: autoDraw = True
38.5043 	EXP 	unnamed Polygon: autoDraw = True
38.5175 	EXP 	unnamed Polygon: autoDraw = True
38.5210 	EXP 	unnamed Polygon: autoDraw = True
38.5345 	EXP 	unnamed Polygon: autoDraw = True
38.5376 	EXP 	unnamed Polygon: autoDraw = True
38.5510 	EXP 	unnamed Polygon: autoDraw = True
38.5540 	EXP 	unnamed Polygon: autoDraw = True
38.5678 	EXP 	unnamed Polygon: autoDraw = True
38.5706 	EXP 	unnamed Polygon: autoDraw = True
38.5842 	EXP 	unnamed Polygon: autoDraw = True
38.5873 	EXP 	unnamed Polygon: autoDraw = True
38.6008 	EXP 	unnamed Polygon: autoDraw = True
38.6043 	EXP 	unnamed Polygon: autoDraw = True
38.6197 	EXP 	unnamed Polygon: autoDraw = True
38.6225 	EXP 	unnamed Polygon: autoDraw = True
38.6376 	EXP 	unnamed Polygon: autoDraw = True
38.6392 	EXP 	unnamed Polygon: autoDraw = True
38.6554 	EXP 	unnamed Polygon: autoDraw = True
38.6576 	EXP 	unnamed Polygon: autoDraw = True
38.6593 	DATA 	Keypress: 1
38.6617 	EXP 	unnamed Polygon: autoDraw = True
38.6757 	EXP 	unnamed Polygon: autoDraw = True
38.6776 	EXP 	unnamed Polygon: autoDraw = True
38.6959 	EXP 	unnamed Polygon: autoDraw = True
38.6977 	EXP 	unnamed Polygon: autoDraw = True
38.7140 	EXP 	unnamed Polygon: autoDraw = True
38.7159 	EXP 	unnamed Polygon: autoDraw = True
38.7197 	EXP 	unnamed Polygon: autoDraw = True
38.7348 	EXP 	unnamed Polygon: autoDraw = True
38.7377 	EXP 	unnamed Polygon: autoDraw = True
38.7518 	EXP 	unnamed Polygon: autoDraw = True
38.7538 	EXP 	unnamed Polygon: autoDraw = True
38.7679 	EXP 	unnamed Polygon: autoDraw = True
38.7698 	EXP 	unnamed Polygon: autoDraw = True
38.7857 	EXP 	unnamed Polygon: autoDraw = True
38.7875 	EXP 	unnamed Polygon: autoDraw = True
38.8019 	EXP 	unnamed Polygon: autoDraw = True
38.8049 	EXP 	unnamed Polygon: autoDraw = True
38.8185 	EXP 	unnamed Polygon: autoDraw = True
38.8214 	EXP 	unnamed Polygon: autoDraw = True
38.8353 	EXP 	unnamed Polygon: autoDraw = True
38.8394 	EXP 	unnamed Polygon: autoDraw = True
38.8457 	EXP 	unnamed Polygon: autoDraw = True
38.8579 	EXP 	unnamed Polygon: autoDraw = True
38.8627 	EXP 	unnamed Polygon: autoDraw = True
38.8761 	EXP 	unnamed Polygon: autoDraw = True
38.8791 	EXP 	unnamed Polygon: autoDraw = True
38.8932 	EXP 	unnamed Polygon: autoDraw = True
38.8968 	EXP 	unnamed Polygon: autoDraw = True
38.9099 	EXP 	unnamed Polygon: autoDraw = True
38.9132 	EXP 	unnamed Polygon: autoDraw = True
38.9267 	EXP 	unnamed Polygon: autoDraw = True
38.9299 	EXP 	unnamed Polygon: autoDraw = True
38.9437 	EXP 	unnamed Polygon: autoDraw = True
38.9485 	EXP 	unnamed Polygon: autoDraw = True
38.9534 	EXP 	unnamed Polygon: autoDraw = True
38.9610 	EXP 	unnamed Polygon: autoDraw = False
48.7846 	EXP 	unnamed Polygon: autoDraw = True
48.7846 	EXP 	unnamed Polygon: autoDraw = True
48.7867 	EXP 	unnamed Polygon: autoDraw = True
48.8020 	EXP 	unnamed Polygon: autoDraw = True
48.8041 	EXP 	unnamed Polygon: autoDraw = True
48.8207 	EXP 	unnamed Polygon: autoDraw = True
48.8225 	EXP 	unnamed Polygon: autoDraw = True
48.8386 	EXP 	unnamed Polygon: autoDraw = True
48.8428 	EXP 	unnamed Polygon: autoDraw = True
48.8458 	EXP 	unnamed Polygon: autoDraw = True
48.8614 	EXP 	unnamed Polygon: autoDraw = True
48.8650 	EXP 	unnamed Polygon: autoDraw = True
48.8685 	EXP 	unnamed Polygon: autoDraw = True
48.8828 	EXP 	unnamed Polygon: autoDraw = True
48.8853 	EXP 	unnamed Polygon: autoDraw = True
48.9010 	EXP 	unnamed Polygon: autoDraw = True
48.9049 	EXP 	unnamed Polygon: autoDraw = True
48.9187 	EXP 	unnamed Polygon: autoDraw = True
48.9227 	EXP 	unnamed Polygon: autoDraw = True
48.9277 	EXP 	unnamed Polygon: autoDraw = True
48.9401 	EXP 	unnamed Polygon: autoDraw = True
48.9452 	EXP 	unnamed Polygon: autoDraw = True
48.9581 	EXP 	unnamed Polygon: autoDraw = True
48.9623 	EXP 	unnamed Polygon: autoDraw = True
48.9762 	EXP 	unnamed Polygon: autoDraw = True
48.9795 	EXP 	unnamed Polygon: autoDraw = True
48.9942 	EXP 	unnamed Polygon: autoDraw = True
48.9983 	EXP 	unnamed Polygon: autoDraw = True
49.0124 	EXP 	unnamed Polygon: autoDraw = True
49.0143 	EXP 	unnamed Polygon: autoDraw = True
49.0191 	EXP 	unnamed Polygon: autoDraw = True
49.0324 	EXP 	unnamed Polygon: autoDraw = True
49.0341 	DATA 	Keypress: 1
49.0387 	EXP 	unnamed Polygon: autoDraw = True
49.0497 	EXP 	unnamed Polygon: autoDraw = True
49.0543 	EXP 	unnamed Polygon: autoDraw = True
49.0667 	EXP 	unnamed Polygon: autoDraw = True
49.0707 	EXP 	unnamed Polygon: autoDraw = True
49.0839 	EXP 	unnamed Polygon: autoDraw = True
49.0887 	EXP 	unnamed Polygon: autoDraw = True
49.1012 	EXP 	unnamed Polygon: autoDraw = True
49.1044 	EXP 	unnamed Polygon: autoDraw = True
49.1176 	EXP 	unnamed Polygon: autoDraw = True
49.1208 	EXP 	unnamed Polygon: autoDraw = True
49.1344 	EXP 	unnamed Polygon: autoDraw = True
49.1384 	EXP 	unnamed Polygon: autoDraw = True
49.1510 	EXP 	unnamed Polygon: autoDraw = True
49.1551 	EXP 	unnamed Polygon: autoDraw = True
49.1701 	EXP 	unnamed Polygon: autoDraw = True
49.1718 	EXP 	unnamed Polygon: autoDraw = True
49.1879 	EXP 	unnamed Polygon: autoDraw = True
49.1919 	EXP 	unnamed Polygon: autoDraw = True
49.1936 	EXP 	unnamed Polygon: autoDraw = True
49.2117 	EXP 	unnamed Polygon: autoDraw = True
49.2133 	EXP 	unnamed Polygon: autoDraw = True
49.2295 	EXP 	unnamed Polygon: autoDraw = True
49.2313 	EXP 	unnamed Polygon: autoDraw = True
49.2481 	EXP 	unnamed Polygon: autoDraw = True
49.2500 	EXP 	unnamed Polygon: autoDraw = True
49.2523 	EXP 	unnamed Polygon: autoDraw = True
49.2708 	EXP 	unnamed Polygon: autoDraw = True
49.2725 	EXP 	unnamed Polygon: autoDraw = True
49.2779 	EXP 	unnamed Polygon: autoDraw = True
49.2899 	EXP 	unnamed Polygon: autoDraw = False
57.0481 	EXP 	unnamed Polygon: autoDraw = True
57.0481 	EXP 	unnamed Polygon: autoDraw = True
57.0520 	EXP 	unnamed Polygon: autoDraw = True
57.0541 	EXP 	unnamed Polygon: autoDraw = True
57.0706 	EXP 	unnamed Polygon: autoDraw = True
57.0745 	EXP 	unnamed Polygon: autoDraw = True
57.0779 	EXP 	unnamed Polygon: autoDraw = True
57.0925 	EXP 	unnamed Polygon: autoDraw = True
57.0960 	EXP 	unnamed Polygon: autoDraw = True
57.1100 	EXP 	unnamed Polygon: autoDraw = True
57.1143 	EXP 	unnamed Polygon: autoDraw = True
57.1192 	EXP 	unnamed Polygon: autoDraw = True
57.1318 	EXP 	unnamed Polygon: autoDraw = True
57.1353 	EXP 	unnamed Polygon: autoDraw = True
57.1495 	EXP 	unnamed Polygon: autoDraw = True
57.1528 	EXP 	unnamed Polygon: autoDraw = True
57.1673 	EXP 	unnamed Polygon: autoDraw = True
57.1711 	EXP 	unnamed Polygon: autoDraw = True
57.1849 	EXP 	unnamed Polygon: autoDraw = True
57.1886 	EXP 	unnamed Polygon: autoDraw = True
57.2024 	EXP 	unnamed Polygon: autoDraw = True
57.2065 	EXP 	unnamed Polygon: autoDraw = True
57.2117 	EXP 	unnamed Polygon: autoDraw = True
57.2244 	EXP 	unnamed Polygon: autoDraw = True
57.2276 	EXP 	unnamed Polygon: autoDraw = True
57.2419 	EXP 	unnamed Polygon: autoDraw = True
57.2461 	EXP 	unnamed Polygon: autoDraw = True
57.2595 	EXP 	unnamed Polygon: autoDraw = True
57.2625 	EXP 	unnamed Polygon: autoDraw = True
57.2770 	EXP 	unnamed Polygon: autoDraw = True
57.2805 	DATA 	Keypress: 1
57.2852 	EXP 	unnamed Polygon: autoDraw = True
57.2875 	EXP 	unnamed Polygon: autoDraw = True
57.3031 	EXP 	unnamed Polygon: autoDraw = True
57.3072 	EXP 	unnamed Polygon: autoDraw = True
57.3098 	EXP 	unnamed Polygon: autoDraw = True
57.3251 	EXP 	unnamed Polygon: autoDraw = True
57.3291 	EXP 	unnamed Polygon: autoDraw = True
57.3425 	EXP 	unnamed Polygon: autoDraw = True
57.3460 	EXP 	unnamed Polygon: autoDraw = True
57.3600 	EXP 	unnamed Polygon: autoDraw = True
57.3653 	EXP 	unnamed Polygon: autoDraw = True
57.3682 	EXP 	unnamed Polygon: autoDraw = True
57.3829 	EXP 	unnamed Polygon: autoDraw = True
57.3848 	EXP 	unnamed Polygon: autoDraw = True
57.4011 	EXP 	unnamed Polygon: autoDraw = True
57.4033 	EXP 	unnamed Polygon: autoDraw = True
57.4184 	EXP 	unnamed Polygon: autoDraw = True
57.4220 	EXP 	unnamed Polygon: autoDraw = True
57.4360 	EXP 	unnamed Polygon: autoDraw = True
57.4392 	EXP 	unnamed Polygon: autoDraw = True
57.4447 	EXP 	unnamed Polygon: autoDraw = True
57.4574 	EXP 	unnamed Polygon: autoDraw = True
57.4612 	EXP 	unnamed Polygon: autoDraw = True
57.4750 	EXP 	unnamed Polygon: autoDraw = True
57.4793 	EXP 	unnamed Polygon: autoDraw = True
57.4925 	EXP 	unnamed Polygon: autoDraw = True
57.4960 	EXP 	unnamed Polygon: autoDraw = True
57.5100 	EXP 	unnamed Polygon: autoDraw = True
57.5128 	EXP 	unnamed Polygon: autoDraw = True
57.5273 	EXP 	unnamed Polygon: autoDraw = True
57.5363 	EXP 	unnamed Polygon: autoDraw = False
66.2188 	DATA 	Keypress: 1
67.4516 	DATA 	Keypress: 1
68.4585 	DATA 	Keypress: return
76.2711 	EXP 	unnamed TextStim: height = 0.04
76.2711 	EXP 	unnamed TextStim: height = 0.04
76.2711 	EXP 	unnamed TextStim: height = 0.04
76.2711 	EXP 	unnamed TextStim: text = 'Instructions...\n\nYour goal is to make as much money as possible.\n\nRemember:\nWIN CIRCLES = win money\nLOSE SQUARES = lose money\n\nQUICKLY press the button with your pointer finger when you see the solid white triangle.\n\nYou will get feedback on whether you pressed the button in time and if you won or lost money.'
77.8186 	DATA 	Keypress: 1
77.8209 	EXP 	Created unnamed TextStim = TextStim(__class__=<class 'psychopy.visual.text.TextStim'>, alignHoriz=method-wrapper(...), alignText='center', alignVert=method-wrapper(...), anchorHoriz='center', anchorVert='center', antialias=True, autoDraw=False, autoLog=True, bold=False, color=array([1., 1., 1.]), colorSpace='rgb', contrast=1.0, depth=0, draggable=False, flipHoriz=False, flipVert=False, font='', fontFiles=[], height=0.08, italic=False, languageStyle='LTR', name='unnamed TextStim', opacity=1.0, ori=0.0, pos=array([-0.65,  0.15]), rgb=UNKNOWN, text='+', units='height', win=Window(...), wrapWidth=1)
77.8265 	EXP 	Created unnamed ImageStim = ImageStim(__class__=<class 'psychopy.visual.image.ImageStim'>, anchor=('center', 'center'), autoLog=True, color=array([1., 1., 1.]), colorSpace='rgb', contrast=1.0, depth=0, draggable=False, flipHoriz=False, flipVert=False, image='../stimuli/reward_high.png', interpolate=False, mask=None, maskParams=None, name='unnamed ImageStim', opacity=1, ori=0.0, pos=array([-0.35,  0.15]), size=array([0.2, 0.2]), texRes=128, units='height', win=Window(...))
77.8275 	EXP 	Created unnamed TextStim = TextStim(__class__=<class 'psychopy.visual.text.TextStim'>, alignHoriz=method-wrapper(...), alignText='center', alignVert=method-wrapper(...), anchorHoriz='center', anchorVert='center', antialias=True, autoDraw=False, autoLog=True, bold=False, color=array([1., 1., 1.]), colorSpace='rgb', contrast=1.0, depth=0, draggable=False, flipHoriz=False, flipVert=False, font='', fontFiles=[], height=0.08, italic=False, languageStyle='LTR', name='unnamed TextStim', opacity=1.0, ori=0.0, pos=array([-0.15,  0.15]), rgb=UNKNOWN, text='+', units='height', win=Window(...), wrapWidth=1)
77.8282 	EXP 	Created unnamed Polygon = Polygon(__class__=<class 'psychopy.visual.polygon.Polygon'>, anchor=('center', 'center'), autoDraw=False, autoLog=True, closeShape=True, color=method-wrapper(...), colorSpace='rgb', contrast=None, depth=0, draggable=False, fillColor=array([1, 1, 1]), fillColorSpace='rgb', fillRGB=array([1, 1, 1]), interpolate=True, lineColor=array([1., 1., 1.]), lineColorSpace='rgb', lineRGB=array([1, 1, 1]), lineWidth=1.5, name='unnamed Polygon', opacity=1, ori=0.0, pos=array([0.15, 0.15]), size=array([1., 1.]), units='height', vertices=ndarray(...), win=Window(...))
77.8291 	EXP 	Created unnamed TextStim = TextStim(__class__=<class 'psychopy.visual.text.TextStim'>, alignHoriz=method-wrapper(...), alignText='center', alignVert=method-wrapper(...), anchorHoriz='center', anchorVert='center', antialias=True, autoDraw=False, autoLog=True, bold=False, color=array([1., 1., 1.]), colorSpace='rgb', contrast=1.0, depth=0, draggable=False, flipHoriz=False, flipVert=False, font='', fontFiles=[], height=0.08, italic=False, languageStyle='LTR', name='unnamed TextStim', opacity=1.0, ori=0.0, pos=array([0.35, 0.15]), rgb=UNKNOWN, text='+', units='height', win=Window(...), wrapWidth=1)
77.8318 	EXP 	Created unnamed TextStim = TextStim(__class__=<class 'psychopy.visual.text.TextStim'>, alignHoriz=method-wrapper(...), alignText='center', alignVert=method-wrapper(...), anchorHoriz='center', anchorVert='center', antialias=True, autoDraw=False, autoLog=True, bold=False, color=array([1., 1., 1.]), colorSpace='rgb', contrast=1.0, depth=0, draggable=False, flipHoriz=False, flipVert=False, font='', fontFiles=[], height=0.08, italic=False, languageStyle='LTR', name='unnamed TextStim', opacity=1.0, ori=0.0, pos=array([0.65, 0.15]), rgb=UNKNOWN, text='Hit!\n+$5.00', units='height', win=Window(...), wrapWidth=1)
77.8319 	WARNING 	TextStim.alignHoriz is deprecated. Use alignText and anchorHoriz attributes instead
77.8340 	EXP 	Created unnamed TextStim = TextStim(__class__=<class 'psychopy.visual.text.TextStim'>, alignHoriz='center', alignText='center', alignVert=method-wrapper(...), anchorHoriz='center', anchorVert='center', antialias=True, autoDraw=False, autoLog=True, bold=False, color=array([1., 1., 1.]), colorSpace='rgb', contrast=1.0, depth=0, draggable=False, flipHoriz=False, flipVert=False, font='', fontFiles=[], height=0.04, italic=False, languageStyle='LTR', name='unnamed TextStim', opacity=1.0, ori=0.0, pos=array([-0.65, -0.15]), rgb=UNKNOWN, text='Pay attention', units='height', win=Window(...), wrapWidth=0.1)
77.8341 	WARNING 	TextStim.alignHoriz is deprecated. Use alignText and anchorHoriz attributes instead
77.8364 	EXP 	Created unnamed TextStim = TextStim(__class__=<class 'psychopy.visual.text.TextStim'>, alignHoriz='center', alignText='center', alignVert=method-wrapper(...), anchorHoriz='center', anchorVert='center', antialias=True, autoDraw=False, autoLog=True, bold=False, color=array([1., 1., 1.]), colorSpace='rgb', contrast=1.0, depth=0, draggable=False, flipHoriz=False, flipVert=False, font='', fontFiles=[], height=0.04, italic=False, languageStyle='LTR', name='unnamed TextStim', opacity=1.0, ori=0.0, pos=array([-0.35, -0.15]), rgb=UNKNOWN, text="Cue: don't respond yet", units='height', win=Window(...), wrapWidth=0.1)
77.8365 	WARNING 	TextStim.alignHoriz is deprecated. Use alignText and anchorHoriz attributes instead
77.8375 	EXP 	Created unnamed TextStim = TextStim(__class__=<class 'psychopy.visual.text.TextStim'>, alignHoriz='center', alignText='center', alignVert=method-wrapper(...), anchorHoriz='center', anchorVert='center', antialias=True, autoDraw=False, autoLog=True, bold=False, color=array([1., 1., 1.]), colorSpace='rgb', contrast=1.0, depth=0, draggable=False, flipHoriz=False, flipVert=False, font='', fontFiles=[], height=0.04, italic=False, languageStyle='LTR', name='unnamed TextStim', opacity=1.0, ori=0.0, pos=array([-0.15, -0.15]), rgb=UNKNOWN, text='Pay attention', units='height', win=Window(...), wrapWidth=0.1)
77.8376 	WARNING 	TextStim.alignHoriz is deprecated. Use alignText and anchorHoriz attributes instead
77.8399 	EXP 	Created unnamed TextStim = TextStim(__class__=<class 'psychopy.visual.text.TextStim'>, alignHoriz='center', alignText='center', alignVert=method-wrapper(...), anchorHoriz='center', anchorVert='center', antialias=True, autoDraw=False, autoLog=True, bold=False, color=array([1., 1., 1.]), colorSpace='rgb', contrast=1.0, depth=0, draggable=False, flipHoriz=False, flipVert=False, font='', fontFiles=[], height=0.04, italic=False, languageStyle='LTR', name='unnamed TextStim', opacity=1.0, ori=0.0, pos=array([ 0.15, -0.15]), rgb=UNKNOWN, text='Respond when solid triangle is on screen', units='height', win=Window(...), wrapWidth=0.1)
77.8399 	WARNING 	TextStim.alignHoriz is deprecated. Use alignText and anchorHoriz attributes instead
77.8411 	EXP 	Created unnamed TextStim = TextStim(__class__=<class 'psychopy.visual.text.TextStim'>, alignHoriz='center', alignText='center', alignVert=method-wrapper(...), anchorHoriz='center', anchorVert='center', antialias=True, autoDraw=False, autoLog=True, bold=False, color=array([1., 1., 1.]), colorSpace='rgb', contrast=1.0, depth=0, draggable=False, flipHoriz=False, flipVert=False, font='', fontFiles=[], height=0.04, italic=False, languageStyle='LTR', name='unnamed TextStim', opacity=1.0, ori=0.0, pos=array([ 0.35, -0.15]), rgb=UNKNOWN, text='Pay attention', units='height', win=Window(...), wrapWidth=0.1)
77.8412 	WARNING 	TextStim.alignHoriz is deprecated. Use alignText and anchorHoriz attributes instead
77.8425 	EXP 	Created unnamed TextStim = TextStim(__class__=<class 'psychopy.visual.text.TextStim'>, alignHoriz='center', alignText='center', alignVert=method-wrapper(...), anchorHoriz='center', anchorVert='center', antialias=True, autoDraw=False, autoLog=True, bold=False, color=array([1., 1., 1.]), colorSpace='rgb', contrast=1.0, depth=0, draggable=False, flipHoriz=False, flipVert=False, font='', fontFiles=[], height=0.04, italic=False, languageStyle='LTR', name='unnamed TextStim', opacity=1.0, ori=0.0, pos=array([ 0.65, -0.15]), rgb=UNKNOWN, text='Feedback', units='height', win=Window(...), wrapWidth=0.1)
79.6185 	DATA 	Keypress: 1
80.9288 	DATA 	Keypress: 1
81.5717 	DATA 	Keypress: return
82.2775 	DATA 	Keypress: return
82.9191 	DATA 	Keypress: 1
83.3370 	DATA 	Keypress: space
83.9190 	DATA 	Keypress: t
84.6488 	DATA 	Keypress: equal
94.1268 	EXP 	unnamed Polygon: autoDraw = True
94.1268 	EXP 	unnamed Polygon: autoDraw = True
94.1299 	EXP 	unnamed Polygon: autoDraw = True
94.1327 	EXP 	unnamed Polygon: autoDraw = True
94.1480 	EXP 	unnamed Polygon: autoDraw = True
94.1500 	EXP 	unnamed Polygon: autoDraw = True
94.1651 	EXP 	unnamed Polygon: autoDraw = True
94.1691 	EXP 	unnamed Polygon: autoDraw = True
94.1827 	EXP 	unnamed Polygon: autoDraw = True
94.1845 	EXP 	unnamed Polygon: autoDraw = True
94.2009 	EXP 	unnamed Polygon: autoDraw = True
94.2048 	EXP 	unnamed Polygon: autoDraw = True
94.2068 	EXP 	unnamed Polygon: autoDraw = True
94.2235 	EXP 	unnamed Polygon: autoDraw = True
94.2277 	EXP 	unnamed Polygon: autoDraw = True
94.2317 	EXP 	unnamed Polygon: autoDraw = True
94.2457 	EXP 	unnamed Polygon: autoDraw = True
94.2477 	EXP 	unnamed Polygon: autoDraw = True
94.2636 	EXP 	unnamed Polygon: autoDraw = True
94.2680 	EXP 	unnamed Polygon: autoDraw = True
94.2815 	EXP 	unnamed Polygon: autoDraw = True
94.2855 	EXP 	unnamed Polygon: autoDraw = True
94.2993 	EXP 	unnamed Polygon: autoDraw = True
94.3030 	EXP 	unnamed Polygon: autoDraw = True
94.3058 	EXP 	unnamed Polygon: autoDraw = True
94.3210 	EXP 	unnamed Polygon: autoDraw = True
94.3248 	EXP 	unnamed Polygon: autoDraw = True
94.3387 	EXP 	unnamed Polygon: autoDraw = True
94.3419 	EXP 	unnamed Polygon: autoDraw = True
94.3487 	EXP 	unnamed Polygon: autoDraw = False
94.3667 	DATA 	Keypress: 1
95.6766 	EXP 	trial_feedback: height = 0.09
95.6766 	EXP 	trial_feedback: height = 0.09
95.6766 	EXP 	trial_feedback: height = 0.09
95.6766 	EXP 	trial_feedback: text = 'Miss!\n-$5.00'
95.6766 	EXP 	trial_feedback: autoDraw = True
97.6669 	EXP 	trial_feedback: autoDraw = False
97.6820 	EXP 	trial_feedback: autoDraw = False
97.6820 	EXP 	exp_feedback: autoDraw = False
107.7539 	EXP 	unnamed Polygon: autoDraw = True
107.7539 	EXP 	unnamed Polygon: autoDraw = True
107.7586 	EXP 	unnamed Polygon: autoDraw = True
107.7612 	EXP 	unnamed Polygon: autoDraw = True
107.7644 	EXP 	unnamed Polygon: autoDraw = True
107.7797 	EXP 	unnamed Polygon: autoDraw = True
107.7817 	EXP 	unnamed Polygon: autoDraw = True
107.7977 	EXP 	unnamed Polygon: autoDraw = True
107.7997 	EXP 	unnamed Polygon: autoDraw = True
107.8176 	EXP 	unnamed Polygon: autoDraw = True
107.8193 	EXP 	unnamed Polygon: autoDraw = True
107.8220 	EXP 	unnamed Polygon: autoDraw = True
107.8384 	EXP 	unnamed Polygon: autoDraw = True
107.8410 	EXP 	unnamed Polygon: autoDraw = True
107.8575 	EXP 	unnamed Polygon: autoDraw = True
107.8595 	EXP 	unnamed Polygon: autoDraw = True
107.8751 	EXP 	unnamed Polygon: autoDraw = True
107.8769 	EXP 	unnamed Polygon: autoDraw = True
107.8931 	EXP 	unnamed Polygon: autoDraw = True
107.8948 	EXP 	unnamed Polygon: autoDraw = True
107.8968 	EXP 	unnamed Polygon: autoDraw = True
107.9140 	EXP 	unnamed Polygon: autoDraw = True
107.9165 	EXP 	unnamed Polygon: autoDraw = True
107.9307 	EXP 	unnamed Polygon: autoDraw = True
107.9333 	EXP 	unnamed Polygon: autoDraw = True
107.9480 	EXP 	unnamed Polygon: autoDraw = True
107.9499 	EXP 	unnamed Polygon: autoDraw = True
107.9646 	EXP 	unnamed Polygon: autoDraw = True
107.9666 	EXP 	unnamed Polygon: autoDraw = True
107.9843 	EXP 	unnamed Polygon: autoDraw = True
107.9859 	DATA 	Keypress: 1
107.9892 	EXP 	unnamed Polygon: autoDraw = True
107.9917 	EXP 	unnamed Polygon: autoDraw = True
108.0071 	EXP 	unnamed Polygon: autoDraw = False
109.7160 	EXP 	trial_feedback: height = 0.09
109.7160 	EXP 	trial_feedback: height = 0.09
109.7160 	EXP 	trial_feedback: height = 0.09
109.7160 	EXP 	trial_feedback: text = 'Hit!\n$0.00'
109.7160 	EXP 	trial_feedback: autoDraw = True
111.7069 	EXP 	trial_feedback: autoDraw = False
111.7266 	EXP 	trial_feedback: autoDraw = False
111.7266 	EXP 	exp_feedback: autoDraw = False
111.7898 	DATA 	Keypress: escape
111.7903 	WARNING 	Escape pressed, exiting early!
111.7903 	WARNING 	Total earnings: -5.0
