18.4888 	WARNING 	Monitor specification not found. Creating a temporary one...
18.5001 	WARNING 	Requested an unavailable screen number - using first available.
19.6797 	WARNING 	Couldn't measure a consistent frame rate!
  - Is your graphics card set to sync to vertical blank?
  - Are you running other processes on your computer?

19.6802 	EXP 	Created window1 = Window(allowGUI=True, allowStencil=False, autoLog=True, backendConf=UNKNOWN, backgroundFit=<method-wrapper '__getattribute__' of attributeSetter object at 0x1757eac50>, backgroundImage=<method-wrapper '__getattribute__' of attributeSetter object at 0x1757eacb0>, bitsMode=UNKNOWN, blendMode='avg', bpc=(8, 8, 8), color=array([-1, -1, -1]), colorSpace='rgb', depthBits=8, fullscr=False, gamma=None, gammaErrorPolicy='raise', infoMsg=UNKNOWN, lms=UNKNOWN, monitor=<psychopy.monitors.calibTools.Monitor object at 0x1757c3ee0>, multiSample=False, name='window1', numSamples=2, pos=(464, 258), screen=2, size=array([1600, 1200]), stencilBits=0, stereo=False, title='PsychoPy', units='height', useFBO=False, useRetina=True, viewOri=0.0, viewPos=None, viewScale=None, waitBlanking=True, winType='pyglet')
19.6802 	EXP 	window1: backgroundImage = None
19.6802 	EXP 	window1: backgroundFit = 'cover'
19.6826 	EXP 	window1: Attempting to measure frame rate of screen (2) ...
19.6827 	EXP 	window1: recordFrameIntervals = False
19.7721 	EXP 	window1: recordFrameIntervals = True
20.6150 	WARNING 	Couldn't measure a consistent frame rate!
  - Is your graphics card set to sync to vertical blank?
  - Are you running other processes on your computer?

20.6509 	EXP 	Created unnamed TextStim = TextStim(__class__=<class 'psychopy.visual.text.TextStim'>, alignHoriz=method-wrapper(...), alignText='center', alignVert=method-wrapper(...), anchorHoriz='center', anchorVert='center', antialias=True, autoDraw=False, autoLog=True, bold=False, color=array([1., 1., 1.]), colorSpace='rgb', contrast=1.0, depth=0, draggable=False, flipHoriz=False, flipVert=False, font='', fontFiles=[], height=0.04, italic=False, languageStyle='LTR', name='unnamed TextStim', opacity=1.0, ori=0.0, pos=array([ 0.  , -0.25]), rgb=UNKNOWN, text='Press the button to continue.', units='height', win=Window(...), wrapWidth=1)
20.6532 	EXP 	Created unnamed TextStim = TextStim(__class__=<class 'psychopy.visual.text.TextStim'>, alignHoriz=method-wrapper(...), alignText='center', alignVert=method-wrapper(...), anchorHoriz='center', anchorVert='center', antialias=True, autoDraw=False, autoLog=True, bold=False, color=array([1., 1., 1.]), colorSpace='rgb', contrast=1.0, depth=0, draggable=False, flipHoriz=False, flipVert=False, font='', fontFiles=[], height=0.08, italic=False, languageStyle='LTR', name='unnamed TextStim', opacity=1.0, ori=0.0, pos=array([0., 0.]), rgb=UNKNOWN, text='+', units='height', win=Window(...), wrapWidth=1)
20.6581 	EXP 	Created unnamed TextStim = TextStim(__class__=<class 'psychopy.visual.text.TextStim'>, alignHoriz=method-wrapper(...), alignText='center', alignVert=method-wrapper(...), anchorHoriz='center', anchorVert='center', antialias=True, autoDraw=False, autoLog=True, bold=False, color=array([1., 1., 1.]), colorSpace='rgb', contrast=1.0, depth=0, draggable=False, flipHoriz=False, flipVert=False, font='', fontFiles=[], height=0.04, italic=False, languageStyle='LTR', name='unnamed TextStim', opacity=1.0, ori=0.0, pos=array([0., 0.]), rgb=UNKNOWN, text=str(...), units='height', win=Window(...), wrapWidth=0.8888888888888888)
20.6641 	EXP 	Created unnamed TextStim = TextStim(__class__=<class 'psychopy.visual.text.TextStim'>, alignHoriz=method-wrapper(...), alignText='center', alignVert=method-wrapper(...), anchorHoriz='center', anchorVert='center', antialias=True, autoDraw=False, autoLog=True, bold=False, color=array([1., 1., 1.]), colorSpace='rgb', contrast=1.0, depth=0, draggable=False, flipHoriz=False, flipVert=False, font='Arial', fontFiles=[], height=0.04, italic=False, languageStyle='LTR', name='unnamed TextStim', opacity=1.0, ori=0.0, pos=array([0. , 0.1]), rgb=UNKNOWN, text='Hello World', units='height', win=Window(...), wrapWidth=0.8888888888888888)
20.6716 	EXP 	Created unnamed TextStim = TextStim(__class__=<class 'psychopy.visual.text.TextStim'>, alignHoriz=method-wrapper(...), alignText='center', alignVert=method-wrapper(...), anchorHoriz='center', anchorVert='center', antialias=True, autoDraw=False, autoLog=True, bold=False, color=array([1., 1., 1.]), colorSpace='rgb', contrast=1.0, depth=0, draggable=False, flipHoriz=False, flipVert=False, font='', fontFiles=[], height=0.04, italic=False, languageStyle='LTR', name='unnamed TextStim', opacity=1.0, ori=0.0, pos=array([0., 0.]), rgb=UNKNOWN, text=str(...), units='height', win=Window(...), wrapWidth=0.8888888888888888)
20.6742 	EXP 	Created unnamed TextStim = TextStim(__class__=<class 'psychopy.visual.text.TextStim'>, alignHoriz=method-wrapper(...), alignText='center', alignVert=method-wrapper(...), anchorHoriz='center', anchorVert='center', antialias=True, autoDraw=False, autoLog=True, bold=False, color=array([1., 1., 1.]), colorSpace='rgb', contrast=1.0, depth=0, draggable=False, flipHoriz=False, flipVert=False, font='', fontFiles=[], height=0.04, italic=False, languageStyle='LTR', name='unnamed TextStim', opacity=1.0, ori=0.0, pos=array([0., 0.]), rgb=UNKNOWN, text='The task will begin momentarily. Get ready...', units='height', win=Window(...), wrapWidth=1)
20.6762 	EXP 	Created unnamed TextStim = TextStim(__class__=<class 'psychopy.visual.text.TextStim'>, alignHoriz=method-wrapper(...), alignText='center', alignVert=method-wrapper(...), anchorHoriz='center', anchorVert='center', antialias=True, autoDraw=False, autoLog=True, bold=False, color=array([1., 1., 1.]), colorSpace='rgb', contrast=1.0, depth=0, draggable=False, flipHoriz=False, flipVert=False, font='', fontFiles=[], height=0.04, italic=False, languageStyle='LTR', name='unnamed TextStim', opacity=1.0, ori=0.0, pos=array([0., 0.]), rgb=UNKNOWN, text=str(...), units='height', win=Window(...), wrapWidth=0.8888888888888888)
20.6930 	EXP 	Created unnamed ImageStim = ImageStim(__class__=<class 'psychopy.visual.image.ImageStim'>, anchor=('center', 'center'), autoLog=True, color=array([1., 1., 1.]), colorSpace='rgb', contrast=1.0, depth=0, draggable=False, flipHoriz=False, flipVert=False, image='../stimuli/reward_low.png', interpolate=False, mask=None, maskParams=None, name='unnamed ImageStim', opacity=1, ori=0.0, pos=array([0., 0.]), size=array([0.3, 0.3]), texRes=128, units='height', win=Window(...))
20.6979 	EXP 	Created unnamed ImageStim = ImageStim(__class__=<class 'psychopy.visual.image.ImageStim'>, anchor=('center', 'center'), autoLog=True, color=array([1., 1., 1.]), colorSpace='rgb', contrast=1.0, depth=0, draggable=False, flipHoriz=False, flipVert=False, image='../stimuli/reward_high.png', interpolate=False, mask=None, maskParams=None, name='unnamed ImageStim', opacity=1, ori=0.0, pos=array([0., 0.]), size=array([0.3, 0.3]), texRes=128, units='height', win=Window(...))
20.7029 	EXP 	Created unnamed ImageStim = ImageStim(__class__=<class 'psychopy.visual.image.ImageStim'>, anchor=('center', 'center'), autoLog=True, color=array([1., 1., 1.]), colorSpace='rgb', contrast=1.0, depth=0, draggable=False, flipHoriz=False, flipVert=False, image='../stimuli/reward_neut.png', interpolate=False, mask=None, maskParams=None, name='unnamed ImageStim', opacity=1, ori=0.0, pos=array([0., 0.]), size=array([0.3, 0.3]), texRes=128, units='height', win=Window(...))
20.7078 	EXP 	Created unnamed ImageStim = ImageStim(__class__=<class 'psychopy.visual.image.ImageStim'>, anchor=('center', 'center'), autoLog=True, color=array([1., 1., 1.]), colorSpace='rgb', contrast=1.0, depth=0, draggable=False, flipHoriz=False, flipVert=False, image='../stimuli/loss_low.png', interpolate=False, mask=None, maskParams=None, name='unnamed ImageStim', opacity=1, ori=0.0, pos=array([0., 0.]), size=array([0.3, 0.3]), texRes=128, units='height', win=Window(...))
20.7131 	EXP 	Created unnamed ImageStim = ImageStim(__class__=<class 'psychopy.visual.image.ImageStim'>, anchor=('center', 'center'), autoLog=True, color=array([1., 1., 1.]), colorSpace='rgb', contrast=1.0, depth=0, draggable=False, flipHoriz=False, flipVert=False, image='../stimuli/loss_high.png', interpolate=False, mask=None, maskParams=None, name='unnamed ImageStim', opacity=1, ori=0.0, pos=array([0., 0.]), size=array([0.3, 0.3]), texRes=128, units='height', win=Window(...))
20.7188 	EXP 	Created unnamed ImageStim = ImageStim(__class__=<class 'psychopy.visual.image.ImageStim'>, anchor=('center', 'center'), autoLog=True, color=array([1., 1., 1.]), colorSpace='rgb', contrast=1.0, depth=0, draggable=False, flipHoriz=False, flipVert=False, image='../stimuli/loss_neut.png', interpolate=False, mask=None, maskParams=None, name='unnamed ImageStim', opacity=1, ori=0.0, pos=array([0., 0.]), size=array([0.3, 0.3]), texRes=128, units='height', win=Window(...))
20.7211 	EXP 	Created unnamed Polygon = Polygon(__class__=<class 'psychopy.visual.polygon.Polygon'>, anchor=('center', 'center'), autoDraw=False, autoLog=True, closeShape=True, color=method-wrapper(...), colorSpace='rgb', contrast=None, depth=0, draggable=False, fillColor=array([1, 1, 1]), fillColorSpace='rgb', fillRGB=array([1, 1, 1]), interpolate=True, lineColor=array([1., 1., 1.]), lineColorSpace='rgb', lineRGB=array([1, 1, 1]), lineWidth=1.5, name='unnamed Polygon', opacity=1, ori=0.0, pos=array([0., 0.]), size=array([1., 1.]), units='height', vertices=ndarray(...), win=Window(...))
20.7242 	EXP 	Created trial_feedback = TextStim(__class__=<class 'psychopy.visual.text.TextStim'>, alignHoriz=method-wrapper(...), alignText='center', alignVert=method-wrapper(...), anchorHoriz='center', anchorVert='center', antialias=True, autoDraw=False, autoLog=True, bold=False, color=array([1., 1., 1.]), colorSpace='rgb', contrast=1.0, depth=0, draggable=False, flipHoriz=False, flipVert=False, font='Arial', fontFiles=[], height=0.09, italic=False, languageStyle='LTR', name='trial_feedback', opacity=1, ori=0, pos=array([0., 0.]), rgb=UNKNOWN, text='Trial:', units='height', win=Window(...), wrapWidth=1)
20.7263 	EXP 	Created exp_feedback = TextStim(__class__=<class 'psychopy.visual.text.TextStim'>, alignHoriz=method-wrapper(...), alignText='center', alignVert=method-wrapper(...), anchorHoriz='center', anchorVert='center', antialias=True, autoDraw=False, autoLog=True, bold=False, color=array([1., 1., 1.]), colorSpace='rgb', contrast=1.0, depth=0, draggable=False, flipHoriz=False, flipVert=False, font='Arial', fontFiles=[], height=0.09, italic=False, languageStyle='LTR', name='exp_feedback', opacity=1, ori=0, pos=array([ 0.    , -0.0625]), rgb=UNKNOWN, text='Total:', units='height', win=Window(...), wrapWidth=1)
20.7296 	EXP 	Created unnamed TextStim = TextStim(__class__=<class 'psychopy.visual.text.TextStim'>, alignHoriz=method-wrapper(...), alignText='center', alignVert=method-wrapper(...), anchorHoriz='center', anchorVert='center', antialias=True, autoDraw=False, autoLog=True, bold=False, color=array([1., 1., 1.]), colorSpace='rgb', contrast=1.0, depth=0, draggable=False, flipHoriz=False, flipVert=False, font='', fontFiles=[], height=0.04, italic=False, languageStyle='LTR', name='unnamed TextStim', opacity=1.0, ori=0.0, pos=array([0., 0.]), rgb=UNKNOWN, text=str(...), units='height', win=Window(...), wrapWidth=1)
20.7308 	EXP 	Created unnamed TextStim = TextStim(__class__=<class 'psychopy.visual.text.TextStim'>, alignHoriz=method-wrapper(...), alignText='center', alignVert=method-wrapper(...), anchorHoriz='center', anchorVert='center', antialias=True, autoDraw=False, autoLog=True, bold=False, color=array([1., 1., 1.]), colorSpace='rgb', contrast=1.0, depth=0, draggable=False, flipHoriz=False, flipVert=False, font='', fontFiles=[], height=0.04, italic=False, languageStyle='LTR', name='unnamed TextStim', opacity=1.0, ori=0.0, pos=array([0., 0.]), rgb=UNKNOWN, text='Get ready', units='height', win=Window(...), wrapWidth=1)
20.7323 	EXP 	Created unnamed TextStim = TextStim(__class__=<class 'psychopy.visual.text.TextStim'>, alignHoriz=method-wrapper(...), alignText='center', alignVert=method-wrapper(...), anchorHoriz='center', anchorVert='center', antialias=True, autoDraw=False, autoLog=True, bold=False, color=array([1., 1., 1.]), colorSpace='rgb', contrast=1.0, depth=0, draggable=False, flipHoriz=False, flipVert=False, font='', fontFiles=[], height=0.04, italic=False, languageStyle='LTR', name='unnamed TextStim', opacity=1.0, ori=0.0, pos=array([0., 0.]), rgb=UNKNOWN, text='Please wait\n\n', units='height', win=Window(...), wrapWidth=1)
20.7926 	WARNING 	t of last frame was 177.73ms (=1/5)
22.0096 	DATA 	Keypress: 1
23.5369 	WARNING 	t of last frame was 21.06ms (=1/47)
30.8129 	WARNING 	t of last frame was 22.51ms (=1/44)
30.8129 	EXP 	unnamed TextStim: height = 0.04
30.8129 	EXP 	unnamed TextStim: height = 0.04
30.8129 	EXP 	unnamed TextStim: height = 0.04
30.8129 	EXP 	unnamed TextStim: text = 'Welcome!'
31.2721 	DATA 	Keypress: 1
31.2797 	WARNING 	t of last frame was 466.76ms (=1/2)
31.2797 	EXP 	unnamed TextStim: height = 0.04
31.2797 	EXP 	unnamed TextStim: height = 0.04
31.2797 	EXP 	unnamed TextStim: height = 0.04
31.2797 	EXP 	unnamed TextStim: text = 'First you will see a cross in the middle of the screen, like this:\n\n+\n\nThis means you should focus on the screen and get ready to play. '
31.8456 	DATA 	Keypress: 1
31.8516 	EXP 	Created unnamed Polygon = Polygon(__class__=<class 'psychopy.visual.polygon.Polygon'>, anchor=('center', 'center'), autoDraw=False, autoLog=True, closeShape=True, color=method-wrapper(...), colorSpace='rgb', contrast=None, depth=0, draggable=False, fillColor=array([1, 1, 1]), fillColorSpace='rgb', fillRGB=array([1, 1, 1]), interpolate=True, lineColor=array([1., 1., 1.]), lineColorSpace='rgb', lineRGB=array([1, 1, 1]), lineWidth=1.5, name='unnamed Polygon', opacity=1, ori=0.0, pos=array([0. , 0.1]), size=array([1., 1.]), units='height', vertices=ndarray(...), win=Window(...))
31.8684 	WARNING 	Multiple dropped frames have occurred - I'll stop bothering you about them!
31.8684 	EXP 	unnamed TextStim: height = 0.04
31.8684 	EXP 	unnamed TextStim: height = 0.04
31.8684 	EXP 	unnamed TextStim: height = 0.04
31.8684 	EXP 	unnamed TextStim: text = 'Next, a small solid WHITE TRIANGLE will appear on the screen:\n\n \n\n \n\n \n\nPress the button as fast as you can when you see the solid white triangle. '
32.4275 	DATA 	Keypress: 1
32.4623 	EXP 	unnamed TextStim: height = 0.04
32.4623 	EXP 	unnamed TextStim: height = 0.04
32.4623 	EXP 	unnamed TextStim: height = 0.04
32.4623 	EXP 	unnamed TextStim: text = 'Any Questions?\n\nPlease ask them now.'
32.9555 	DATA 	Keypress: 1
33.4013 	DATA 	Keypress: 1
33.7242 	DATA 	Keypress: return
35.4967 	DATA 	Keypress: equal
40.5165 	EXP 	unnamed Polygon: autoDraw = True
40.5165 	EXP 	unnamed Polygon: autoDraw = True
40.5277 	EXP 	unnamed Polygon: autoDraw = True
40.5357 	EXP 	unnamed Polygon: autoDraw = True
40.5390 	EXP 	unnamed Polygon: autoDraw = True
40.5527 	EXP 	unnamed Polygon: autoDraw = True
40.5609 	EXP 	unnamed Polygon: autoDraw = True
40.5635 	EXP 	unnamed Polygon: autoDraw = True
40.5778 	EXP 	unnamed Polygon: autoDraw = True
40.5878 	EXP 	unnamed Polygon: autoDraw = True
40.6031 	EXP 	unnamed Polygon: autoDraw = True
40.6112 	EXP 	unnamed Polygon: autoDraw = True
40.6147 	EXP 	unnamed Polygon: autoDraw = True
40.6281 	EXP 	unnamed Polygon: autoDraw = True
40.6363 	EXP 	unnamed Polygon: autoDraw = True
40.6400 	EXP 	unnamed Polygon: autoDraw = True
40.6530 	EXP 	unnamed Polygon: autoDraw = True
40.6612 	EXP 	unnamed Polygon: autoDraw = True
40.6657 	EXP 	unnamed Polygon: autoDraw = True
40.6781 	EXP 	unnamed Polygon: autoDraw = True
40.6864 	EXP 	unnamed Polygon: autoDraw = True
40.6899 	EXP 	unnamed Polygon: autoDraw = True
40.7031 	EXP 	unnamed Polygon: autoDraw = True
40.7114 	EXP 	unnamed Polygon: autoDraw = True
40.7153 	EXP 	unnamed Polygon: autoDraw = True
40.7281 	EXP 	unnamed Polygon: autoDraw = True
40.7319 	DATA 	Keypress: 1
40.7361 	EXP 	unnamed Polygon: autoDraw = True
40.7398 	EXP 	unnamed Polygon: autoDraw = True
40.7528 	EXP 	unnamed Polygon: autoDraw = True
40.7615 	EXP 	unnamed Polygon: autoDraw = True
40.7640 	EXP 	unnamed Polygon: autoDraw = True
40.7784 	EXP 	unnamed Polygon: autoDraw = True
40.7862 	EXP 	unnamed Polygon: autoDraw = True
40.7895 	EXP 	unnamed Polygon: autoDraw = True
40.8031 	EXP 	unnamed Polygon: autoDraw = True
40.8114 	EXP 	unnamed Polygon: autoDraw = True
40.8157 	EXP 	unnamed Polygon: autoDraw = True
40.8281 	EXP 	unnamed Polygon: autoDraw = True
40.8365 	EXP 	unnamed Polygon: autoDraw = True
40.8407 	EXP 	unnamed Polygon: autoDraw = True
40.8474 	EXP 	unnamed Polygon: autoDraw = True
40.8617 	EXP 	unnamed Polygon: autoDraw = True
40.8698 	EXP 	unnamed Polygon: autoDraw = True
40.8722 	EXP 	unnamed Polygon: autoDraw = True
40.8868 	EXP 	unnamed Polygon: autoDraw = True
40.8943 	EXP 	unnamed Polygon: autoDraw = True
40.8972 	EXP 	unnamed Polygon: autoDraw = True
40.9119 	EXP 	unnamed Polygon: autoDraw = True
40.9195 	EXP 	unnamed Polygon: autoDraw = True
40.9230 	EXP 	unnamed Polygon: autoDraw = True
40.9364 	EXP 	unnamed Polygon: autoDraw = True
40.9445 	EXP 	unnamed Polygon: autoDraw = True
40.9479 	EXP 	unnamed Polygon: autoDraw = True
40.9613 	EXP 	unnamed Polygon: autoDraw = True
40.9695 	EXP 	unnamed Polygon: autoDraw = True
40.9731 	EXP 	unnamed Polygon: autoDraw = True
40.9864 	EXP 	unnamed Polygon: autoDraw = True
40.9945 	EXP 	unnamed Polygon: autoDraw = True
40.9982 	EXP 	unnamed Polygon: autoDraw = True
41.0114 	EXP 	unnamed Polygon: autoDraw = True
41.0224 	EXP 	unnamed Polygon: autoDraw = False
46.8326 	EXP 	unnamed Polygon: autoDraw = True
46.8326 	EXP 	unnamed Polygon: autoDraw = True
46.8444 	EXP 	unnamed Polygon: autoDraw = True
46.8528 	EXP 	unnamed Polygon: autoDraw = True
46.8555 	EXP 	unnamed Polygon: autoDraw = True
46.8612 	EXP 	unnamed Polygon: autoDraw = True
46.8730 	EXP 	unnamed Polygon: autoDraw = True
46.8855 	EXP 	unnamed Polygon: autoDraw = True
46.8981 	EXP 	unnamed Polygon: autoDraw = True
46.9117 	EXP 	unnamed Polygon: autoDraw = True
46.9243 	EXP 	unnamed Polygon: autoDraw = True
46.9363 	EXP 	unnamed Polygon: autoDraw = True
46.9494 	EXP 	unnamed Polygon: autoDraw = True
46.9613 	EXP 	unnamed Polygon: autoDraw = True
46.9739 	EXP 	unnamed Polygon: autoDraw = True
46.9864 	EXP 	unnamed Polygon: autoDraw = True
46.9993 	EXP 	unnamed Polygon: autoDraw = True
47.0113 	EXP 	unnamed Polygon: autoDraw = True
47.0243 	EXP 	unnamed Polygon: autoDraw = True
47.0369 	EXP 	unnamed Polygon: autoDraw = True
47.0414 	DATA 	Keypress: 1
47.0481 	EXP 	unnamed Polygon: autoDraw = True
47.0619 	EXP 	unnamed Polygon: autoDraw = True
47.0744 	EXP 	unnamed Polygon: autoDraw = True
47.0863 	EXP 	unnamed Polygon: autoDraw = True
47.0994 	EXP 	unnamed Polygon: autoDraw = True
47.1111 	EXP 	unnamed Polygon: autoDraw = True
47.1243 	EXP 	unnamed Polygon: autoDraw = True
47.1363 	EXP 	unnamed Polygon: autoDraw = True
47.1494 	EXP 	unnamed Polygon: autoDraw = True
47.1615 	EXP 	unnamed Polygon: autoDraw = True
47.1745 	EXP 	unnamed Polygon: autoDraw = True
47.1867 	EXP 	unnamed Polygon: autoDraw = True
47.1996 	EXP 	unnamed Polygon: autoDraw = True
47.2122 	EXP 	unnamed Polygon: autoDraw = True
47.2245 	EXP 	unnamed Polygon: autoDraw = True
47.2367 	EXP 	unnamed Polygon: autoDraw = True
47.2495 	EXP 	unnamed Polygon: autoDraw = True
47.2615 	EXP 	unnamed Polygon: autoDraw = True
47.2748 	EXP 	unnamed Polygon: autoDraw = True
47.2865 	EXP 	unnamed Polygon: autoDraw = True
47.2988 	EXP 	unnamed Polygon: autoDraw = True
47.3119 	EXP 	unnamed Polygon: autoDraw = True
47.3245 	EXP 	unnamed Polygon: autoDraw = True
47.3357 	EXP 	unnamed Polygon: autoDraw = False
53.1501 	EXP 	unnamed Polygon: autoDraw = True
53.1501 	EXP 	unnamed Polygon: autoDraw = True
53.1606 	EXP 	unnamed Polygon: autoDraw = True
53.1745 	EXP 	unnamed Polygon: autoDraw = True
53.1866 	EXP 	unnamed Polygon: autoDraw = True
53.1990 	EXP 	unnamed Polygon: autoDraw = True
53.2111 	EXP 	unnamed Polygon: autoDraw = True
53.2240 	EXP 	unnamed Polygon: autoDraw = True
53.2362 	EXP 	unnamed Polygon: autoDraw = True
53.2488 	EXP 	unnamed Polygon: autoDraw = True
53.2618 	EXP 	unnamed Polygon: autoDraw = True
53.2742 	EXP 	unnamed Polygon: autoDraw = True
53.2869 	EXP 	unnamed Polygon: autoDraw = True
53.2993 	EXP 	unnamed Polygon: autoDraw = True
53.3113 	EXP 	unnamed Polygon: autoDraw = True
53.3242 	EXP 	unnamed Polygon: autoDraw = True
53.3365 	EXP 	unnamed Polygon: autoDraw = True
53.3487 	EXP 	unnamed Polygon: autoDraw = True
53.3620 	EXP 	unnamed Polygon: autoDraw = True
53.3741 	EXP 	unnamed Polygon: autoDraw = True
53.3867 	EXP 	unnamed Polygon: autoDraw = True
53.3997 	EXP 	unnamed Polygon: autoDraw = True
53.4117 	EXP 	unnamed Polygon: autoDraw = True
53.4242 	EXP 	unnamed Polygon: autoDraw = True
53.4283 	DATA 	Keypress: 1
53.4361 	EXP 	unnamed Polygon: autoDraw = True
53.4496 	EXP 	unnamed Polygon: autoDraw = True
53.4621 	EXP 	unnamed Polygon: autoDraw = True
53.4750 	EXP 	unnamed Polygon: autoDraw = True
53.4866 	EXP 	unnamed Polygon: autoDraw = True
53.4994 	EXP 	unnamed Polygon: autoDraw = True
53.5119 	EXP 	unnamed Polygon: autoDraw = True
53.5239 	EXP 	unnamed Polygon: autoDraw = True
53.5366 	EXP 	unnamed Polygon: autoDraw = True
53.5491 	EXP 	unnamed Polygon: autoDraw = True
53.5616 	EXP 	unnamed Polygon: autoDraw = True
53.5740 	EXP 	unnamed Polygon: autoDraw = True
53.5867 	EXP 	unnamed Polygon: autoDraw = True
53.6000 	EXP 	unnamed Polygon: autoDraw = True
53.6125 	EXP 	unnamed Polygon: autoDraw = True
53.6250 	EXP 	unnamed Polygon: autoDraw = True
53.6353 	EXP 	unnamed Polygon: autoDraw = False
65.0794 	DATA 	Keypress: 1
75.1300 	EXP 	unnamed TextStim: height = 0.04
75.1300 	EXP 	unnamed TextStim: height = 0.04
75.1300 	EXP 	unnamed TextStim: height = 0.04
75.1300 	EXP 	unnamed TextStim: text = 'Instructions...\n\nYour goal is to make as much money as possible.\n\nRemember:\nWIN CIRCLES = win money\nLOSE SQUARES = lose money\n\nQUICKLY press the button with your pointer finger when you see the solid white triangle.\n\nYou will get feedback on whether you pressed the button in time and if you won or lost money.'
75.4589 	DATA 	Keypress: 1
75.4615 	EXP 	Created unnamed TextStim = TextStim(__class__=<class 'psychopy.visual.text.TextStim'>, alignHoriz=method-wrapper(...), alignText='center', alignVert=method-wrapper(...), anchorHoriz='center', anchorVert='center', antialias=True, autoDraw=False, autoLog=True, bold=False, color=array([1., 1., 1.]), colorSpace='rgb', contrast=1.0, depth=0, draggable=False, flipHoriz=False, flipVert=False, font='', fontFiles=[], height=0.08, italic=False, languageStyle='LTR', name='unnamed TextStim', opacity=1.0, ori=0.0, pos=array([-0.65,  0.15]), rgb=UNKNOWN, text='+', units='height', win=Window(...), wrapWidth=1)
75.4680 	EXP 	Created unnamed ImageStim = ImageStim(__class__=<class 'psychopy.visual.image.ImageStim'>, anchor=('center', 'center'), autoLog=True, color=array([1., 1., 1.]), colorSpace='rgb', contrast=1.0, depth=0, draggable=False, flipHoriz=False, flipVert=False, image='../stimuli/reward_high.png', interpolate=False, mask=None, maskParams=None, name='unnamed ImageStim', opacity=1, ori=0.0, pos=array([-0.35,  0.15]), size=array([0.2, 0.2]), texRes=128, units='height', win=Window(...))
75.4691 	EXP 	Created unnamed TextStim = TextStim(__class__=<class 'psychopy.visual.text.TextStim'>, alignHoriz=method-wrapper(...), alignText='center', alignVert=method-wrapper(...), anchorHoriz='center', anchorVert='center', antialias=True, autoDraw=False, autoLog=True, bold=False, color=array([1., 1., 1.]), colorSpace='rgb', contrast=1.0, depth=0, draggable=False, flipHoriz=False, flipVert=False, font='', fontFiles=[], height=0.08, italic=False, languageStyle='LTR', name='unnamed TextStim', opacity=1.0, ori=0.0, pos=array([-0.15,  0.15]), rgb=UNKNOWN, text='+', units='height', win=Window(...), wrapWidth=1)
75.4698 	EXP 	Created unnamed Polygon = Polygon(__class__=<class 'psychopy.visual.polygon.Polygon'>, anchor=('center', 'center'), autoDraw=False, autoLog=True, closeShape=True, color=method-wrapper(...), colorSpace='rgb', contrast=None, depth=0, draggable=False, fillColor=array([1, 1, 1]), fillColorSpace='rgb', fillRGB=array([1, 1, 1]), interpolate=True, lineColor=array([1., 1., 1.]), lineColorSpace='rgb', lineRGB=array([1, 1, 1]), lineWidth=1.5, name='unnamed Polygon', opacity=1, ori=0.0, pos=array([0.15, 0.15]), size=array([1., 1.]), units='height', vertices=ndarray(...), win=Window(...))
75.4707 	EXP 	Created unnamed TextStim = TextStim(__class__=<class 'psychopy.visual.text.TextStim'>, alignHoriz=method-wrapper(...), alignText='center', alignVert=method-wrapper(...), anchorHoriz='center', anchorVert='center', antialias=True, autoDraw=False, autoLog=True, bold=False, color=array([1., 1., 1.]), colorSpace='rgb', contrast=1.0, depth=0, draggable=False, flipHoriz=False, flipVert=False, font='', fontFiles=[], height=0.08, italic=False, languageStyle='LTR', name='unnamed TextStim', opacity=1.0, ori=0.0, pos=array([0.35, 0.15]), rgb=UNKNOWN, text='+', units='height', win=Window(...), wrapWidth=1)
75.4732 	EXP 	Created unnamed TextStim = TextStim(__class__=<class 'psychopy.visual.text.TextStim'>, alignHoriz=method-wrapper(...), alignText='center', alignVert=method-wrapper(...), anchorHoriz='center', anchorVert='center', antialias=True, autoDraw=False, autoLog=True, bold=False, color=array([1., 1., 1.]), colorSpace='rgb', contrast=1.0, depth=0, draggable=False, flipHoriz=False, flipVert=False, font='', fontFiles=[], height=0.08, italic=False, languageStyle='LTR', name='unnamed TextStim', opacity=1.0, ori=0.0, pos=array([0.65, 0.15]), rgb=UNKNOWN, text='Hit!\n+$5.00', units='height', win=Window(...), wrapWidth=1)
75.4733 	WARNING 	TextStim.alignHoriz is deprecated. Use alignText and anchorHoriz attributes instead
75.4754 	EXP 	Created unnamed TextStim = TextStim(__class__=<class 'psychopy.visual.text.TextStim'>, alignHoriz='center', alignText='center', alignVert=method-wrapper(...), anchorHoriz='center', anchorVert='center', antialias=True, autoDraw=False, autoLog=True, bold=False, color=array([1., 1., 1.]), colorSpace='rgb', contrast=1.0, depth=0, draggable=False, flipHoriz=False, flipVert=False, font='', fontFiles=[], height=0.04, italic=False, languageStyle='LTR', name='unnamed TextStim', opacity=1.0, ori=0.0, pos=array([-0.65, -0.15]), rgb=UNKNOWN, text='Pay attention', units='height', win=Window(...), wrapWidth=0.1)
75.4755 	WARNING 	TextStim.alignHoriz is deprecated. Use alignText and anchorHoriz attributes instead
75.4777 	EXP 	Created unnamed TextStim = TextStim(__class__=<class 'psychopy.visual.text.TextStim'>, alignHoriz='center', alignText='center', alignVert=method-wrapper(...), anchorHoriz='center', anchorVert='center', antialias=True, autoDraw=False, autoLog=True, bold=False, color=array([1., 1., 1.]), colorSpace='rgb', contrast=1.0, depth=0, draggable=False, flipHoriz=False, flipVert=False, font='', fontFiles=[], height=0.04, italic=False, languageStyle='LTR', name='unnamed TextStim', opacity=1.0, ori=0.0, pos=array([-0.35, -0.15]), rgb=UNKNOWN, text="Cue: don't respond yet", units='height', win=Window(...), wrapWidth=0.1)
75.4778 	WARNING 	TextStim.alignHoriz is deprecated. Use alignText and anchorHoriz attributes instead
75.4789 	EXP 	Created unnamed TextStim = TextStim(__class__=<class 'psychopy.visual.text.TextStim'>, alignHoriz='center', alignText='center', alignVert=method-wrapper(...), anchorHoriz='center', anchorVert='center', antialias=True, autoDraw=False, autoLog=True, bold=False, color=array([1., 1., 1.]), colorSpace='rgb', contrast=1.0, depth=0, draggable=False, flipHoriz=False, flipVert=False, font='', fontFiles=[], height=0.04, italic=False, languageStyle='LTR', name='unnamed TextStim', opacity=1.0, ori=0.0, pos=array([-0.15, -0.15]), rgb=UNKNOWN, text='Pay attention', units='height', win=Window(...), wrapWidth=0.1)
75.4790 	WARNING 	TextStim.alignHoriz is deprecated. Use alignText and anchorHoriz attributes instead
75.4812 	EXP 	Created unnamed TextStim = TextStim(__class__=<class 'psychopy.visual.text.TextStim'>, alignHoriz='center', alignText='center', alignVert=method-wrapper(...), anchorHoriz='center', anchorVert='center', antialias=True, autoDraw=False, autoLog=True, bold=False, color=array([1., 1., 1.]), colorSpace='rgb', contrast=1.0, depth=0, draggable=False, flipHoriz=False, flipVert=False, font='', fontFiles=[], height=0.04, italic=False, languageStyle='LTR', name='unnamed TextStim', opacity=1.0, ori=0.0, pos=array([ 0.15, -0.15]), rgb=UNKNOWN, text='Respond when solid triangle is on screen', units='height', win=Window(...), wrapWidth=0.1)
75.4813 	WARNING 	TextStim.alignHoriz is deprecated. Use alignText and anchorHoriz attributes instead
75.4823 	EXP 	Created unnamed TextStim = TextStim(__class__=<class 'psychopy.visual.text.TextStim'>, alignHoriz='center', alignText='center', alignVert=method-wrapper(...), anchorHoriz='center', anchorVert='center', antialias=True, autoDraw=False, autoLog=True, bold=False, color=array([1., 1., 1.]), colorSpace='rgb', contrast=1.0, depth=0, draggable=False, flipHoriz=False, flipVert=False, font='', fontFiles=[], height=0.04, italic=False, languageStyle='LTR', name='unnamed TextStim', opacity=1.0, ori=0.0, pos=array([ 0.35, -0.15]), rgb=UNKNOWN, text='Pay attention', units='height', win=Window(...), wrapWidth=0.1)
75.4824 	WARNING 	TextStim.alignHoriz is deprecated. Use alignText and anchorHoriz attributes instead
75.4836 	EXP 	Created unnamed TextStim = TextStim(__class__=<class 'psychopy.visual.text.TextStim'>, alignHoriz='center', alignText='center', alignVert=method-wrapper(...), anchorHoriz='center', anchorVert='center', antialias=True, autoDraw=False, autoLog=True, bold=False, color=array([1., 1., 1.]), colorSpace='rgb', contrast=1.0, depth=0, draggable=False, flipHoriz=False, flipVert=False, font='', fontFiles=[], height=0.04, italic=False, languageStyle='LTR', name='unnamed TextStim', opacity=1.0, ori=0.0, pos=array([ 0.65, -0.15]), rgb=UNKNOWN, text='Feedback', units='height', win=Window(...), wrapWidth=0.1)
76.1405 	DATA 	Keypress: 1
76.8473 	DATA 	Keypress: 1
77.5861 	DATA 	Keypress: return
79.1696 	DATA 	Keypress: equal
79.6305 	DATA 	Keypress: equal
88.7716 	EXP 	unnamed Polygon: autoDraw = True
88.7716 	EXP 	unnamed Polygon: autoDraw = True
88.7777 	EXP 	unnamed Polygon: autoDraw = True
88.7805 	EXP 	unnamed Polygon: autoDraw = True
88.7945 	EXP 	unnamed Polygon: autoDraw = True
88.8027 	EXP 	unnamed Polygon: autoDraw = True
88.8055 	EXP 	unnamed Polygon: autoDraw = True
88.8195 	EXP 	unnamed Polygon: autoDraw = True
88.8281 	EXP 	unnamed Polygon: autoDraw = True
88.8317 	EXP 	unnamed Polygon: autoDraw = True
88.8453 	EXP 	unnamed Polygon: autoDraw = True
88.8534 	EXP 	unnamed Polygon: autoDraw = True
88.8560 	EXP 	unnamed Polygon: autoDraw = True
88.8697 	EXP 	unnamed Polygon: autoDraw = True
88.8781 	EXP 	unnamed Polygon: autoDraw = True
88.8811 	EXP 	unnamed Polygon: autoDraw = True
88.8953 	EXP 	unnamed Polygon: autoDraw = True
88.9029 	EXP 	unnamed Polygon: autoDraw = True
88.9062 	EXP 	unnamed Polygon: autoDraw = True
88.9198 	EXP 	unnamed Polygon: autoDraw = True
88.9280 	EXP 	unnamed Polygon: autoDraw = True
88.9314 	EXP 	unnamed Polygon: autoDraw = True
88.9448 	EXP 	unnamed Polygon: autoDraw = True
88.9529 	EXP 	unnamed Polygon: autoDraw = True
88.9561 	EXP 	unnamed Polygon: autoDraw = True
88.9698 	EXP 	unnamed Polygon: autoDraw = True
88.9734 	DATA 	Keypress: 1
88.9774 	EXP 	unnamed Polygon: autoDraw = True
88.9819 	EXP 	unnamed Polygon: autoDraw = True
88.9946 	EXP 	unnamed Polygon: autoDraw = True
89.0027 	EXP 	unnamed Polygon: autoDraw = False
90.7011 	EXP 	trial_feedback: height = 0.09
90.7011 	EXP 	trial_feedback: height = 0.09
90.7011 	EXP 	trial_feedback: height = 0.09
90.7011 	EXP 	trial_feedback: text = 'Hit!\n$0.00'
90.7011 	EXP 	trial_feedback: autoDraw = True
92.6945 	EXP 	trial_feedback: autoDraw = False
92.6981 	EXP 	trial_feedback: autoDraw = False
92.6981 	EXP 	exp_feedback: autoDraw = False
100.9117 	EXP 	unnamed Polygon: autoDraw = True
100.9117 	EXP 	unnamed Polygon: autoDraw = True
100.9196 	EXP 	unnamed Polygon: autoDraw = True
100.9226 	EXP 	unnamed Polygon: autoDraw = True
100.9361 	EXP 	unnamed Polygon: autoDraw = True
100.9446 	EXP 	unnamed Polygon: autoDraw = True
100.9476 	EXP 	unnamed Polygon: autoDraw = True
100.9617 	EXP 	unnamed Polygon: autoDraw = True
100.9695 	EXP 	unnamed Polygon: autoDraw = True
100.9729 	EXP 	unnamed Polygon: autoDraw = True
100.9865 	EXP 	unnamed Polygon: autoDraw = True
100.9947 	EXP 	unnamed Polygon: autoDraw = True
100.9981 	EXP 	unnamed Polygon: autoDraw = True
101.0116 	EXP 	unnamed Polygon: autoDraw = True
101.0196 	EXP 	unnamed Polygon: autoDraw = True
101.0233 	EXP 	unnamed Polygon: autoDraw = True
101.0365 	EXP 	unnamed Polygon: autoDraw = True
101.0446 	EXP 	unnamed Polygon: autoDraw = True
101.0483 	EXP 	unnamed Polygon: autoDraw = True
101.0614 	EXP 	unnamed Polygon: autoDraw = True
101.0696 	EXP 	unnamed Polygon: autoDraw = True
101.0729 	EXP 	unnamed Polygon: autoDraw = True
101.0864 	EXP 	unnamed Polygon: autoDraw = True
101.0945 	EXP 	unnamed Polygon: autoDraw = True
101.0990 	EXP 	unnamed Polygon: autoDraw = True
101.1115 	EXP 	unnamed Polygon: autoDraw = True
101.1153 	DATA 	Keypress: 1
101.1194 	EXP 	unnamed Polygon: autoDraw = True
101.1234 	EXP 	unnamed Polygon: autoDraw = True
101.1364 	EXP 	unnamed Polygon: autoDraw = True
101.1449 	EXP 	unnamed Polygon: autoDraw = False
102.7614 	EXP 	trial_feedback: text = 'Hit!\n$0.00'
102.7614 	EXP 	trial_feedback: autoDraw = True
104.7482 	EXP 	trial_feedback: autoDraw = False
104.7695 	EXP 	trial_feedback: autoDraw = False
104.7695 	EXP 	exp_feedback: autoDraw = False
110.8661 	EXP 	unnamed Polygon: autoDraw = True
110.8661 	EXP 	unnamed Polygon: autoDraw = True
110.8780 	EXP 	unnamed Polygon: autoDraw = True
110.8862 	EXP 	unnamed Polygon: autoDraw = True
110.8899 	EXP 	unnamed Polygon: autoDraw = True
110.9031 	EXP 	unnamed Polygon: autoDraw = True
110.9113 	EXP 	unnamed Polygon: autoDraw = True
110.9146 	EXP 	unnamed Polygon: autoDraw = True
110.9281 	EXP 	unnamed Polygon: autoDraw = True
110.9364 	EXP 	unnamed Polygon: autoDraw = True
110.9407 	EXP 	unnamed Polygon: autoDraw = True
110.9531 	EXP 	unnamed Polygon: autoDraw = True
110.9612 	EXP 	unnamed Polygon: autoDraw = True
110.9653 	EXP 	unnamed Polygon: autoDraw = True
110.9781 	EXP 	unnamed Polygon: autoDraw = True
110.9862 	EXP 	unnamed Polygon: autoDraw = True
110.9900 	EXP 	unnamed Polygon: autoDraw = True
111.0031 	EXP 	unnamed Polygon: autoDraw = True
111.0113 	EXP 	unnamed Polygon: autoDraw = True
111.0159 	EXP 	unnamed Polygon: autoDraw = True
111.0281 	EXP 	unnamed Polygon: autoDraw = True
111.0364 	EXP 	unnamed Polygon: autoDraw = True
111.0407 	EXP 	unnamed Polygon: autoDraw = True
111.0531 	EXP 	unnamed Polygon: autoDraw = True
111.0612 	EXP 	unnamed Polygon: autoDraw = True
111.0651 	EXP 	unnamed Polygon: autoDraw = True
111.0781 	EXP 	unnamed Polygon: autoDraw = True
111.0860 	EXP 	unnamed Polygon: autoDraw = False
111.1396 	DATA 	Keypress: 1
112.8033 	EXP 	trial_feedback: height = 0.09
112.8033 	EXP 	trial_feedback: height = 0.09
112.8033 	EXP 	trial_feedback: height = 0.09
112.8033 	EXP 	trial_feedback: text = 'Miss!\n$0.00'
112.8033 	EXP 	trial_feedback: autoDraw = True
114.7869 	EXP 	trial_feedback: autoDraw = False
114.7993 	EXP 	trial_feedback: autoDraw = False
114.7993 	EXP 	exp_feedback: autoDraw = False
120.6654 	DATA 	Keypress: 1
121.0495 	EXP 	unnamed Polygon: autoDraw = True
121.0495 	EXP 	unnamed Polygon: autoDraw = True
121.0611 	EXP 	unnamed Polygon: autoDraw = True
121.0696 	EXP 	unnamed Polygon: autoDraw = True
121.0732 	EXP 	unnamed Polygon: autoDraw = True
121.0864 	EXP 	unnamed Polygon: autoDraw = True
121.0945 	EXP 	unnamed Polygon: autoDraw = True
121.0983 	EXP 	unnamed Polygon: autoDraw = True
121.1117 	EXP 	unnamed Polygon: autoDraw = True
121.1196 	EXP 	unnamed Polygon: autoDraw = True
121.1237 	EXP 	unnamed Polygon: autoDraw = True
121.1367 	EXP 	unnamed Polygon: autoDraw = True
121.1447 	EXP 	unnamed Polygon: autoDraw = True
121.1474 	EXP 	unnamed Polygon: autoDraw = True
121.1614 	EXP 	unnamed Polygon: autoDraw = True
121.1694 	EXP 	unnamed Polygon: autoDraw = True
121.1725 	EXP 	unnamed Polygon: autoDraw = True
121.1863 	EXP 	unnamed Polygon: autoDraw = True
121.1946 	EXP 	unnamed Polygon: autoDraw = True
121.1982 	EXP 	unnamed Polygon: autoDraw = True
121.2114 	EXP 	unnamed Polygon: autoDraw = True
121.2196 	EXP 	unnamed Polygon: autoDraw = True
121.2241 	EXP 	unnamed Polygon: autoDraw = True
121.2364 	EXP 	unnamed Polygon: autoDraw = True
121.2447 	EXP 	unnamed Polygon: autoDraw = True
121.2487 	EXP 	unnamed Polygon: autoDraw = True
121.2616 	EXP 	unnamed Polygon: autoDraw = True
121.2866 	EXP 	unnamed Polygon: autoDraw = False
121.3322 	DATA 	Keypress: 1
122.8326 	EXP 	trial_feedback: height = 0.09
122.8326 	EXP 	trial_feedback: height = 0.09
122.8326 	EXP 	trial_feedback: height = 0.09
122.8326 	EXP 	trial_feedback: text = 'Miss!\n-$5.00'
122.8326 	EXP 	trial_feedback: autoDraw = True
123.3652 	DATA 	Keypress: escape
124.8196 	EXP 	trial_feedback: autoDraw = False
124.8239 	WARNING 	Escape pressed, exiting early!
124.8240 	WARNING 	Total earnings: -5.0
