33.8355 	WARNING 	Monitor specification not found. Creating a temporary one...
33.8466 	WARNING 	Requested an unavailable screen number - using first available.
33.8490 	WARNING 	User requested fullscreen with size [800 600], but screen is actually [1728, 1117]. Using actual size
34.9843 	WARNING 	Couldn't measure a consistent frame rate!
  - Is your graphics card set to sync to vertical blank?
  - Are you running other processes on your computer?

34.9847 	EXP 	Created window1 = Window(allowGUI=True, allowStencil=False, autoLog=True, backendConf=UNKNOWN, backgroundFit=<method-wrapper '__getattribute__' of attributeSetter object at 0x17603f010>, backgroundImage=<method-wrapper '__getattribute__' of attributeSetter object at 0x17603f070>, bitsMode=UNKNOWN, blendMode='avg', bpc=(8, 8, 8), color=array([-1, -1, -1]), colorSpace='rgb', depthBits=8, fullscr=True, gamma=None, gammaErrorPolicy='raise', infoMsg=UNKNOWN, lms=UNKNOWN, monitor=<psychopy.monitors.calibTools.Monitor object at 0x176024670>, multiSample=False, name='window1', numSamples=2, pos=[0.0, 0.0], screen=2, size=array([3456, 2234]), stencilBits=0, stereo=False, title='PsychoPy', units='height', useFBO=False, useRetina=True, viewOri=0.0, viewPos=None, viewScale=None, waitBlanking=True, winType='pyglet')
34.9847 	EXP 	window1: backgroundImage = None
34.9847 	EXP 	window1: backgroundFit = 'cover'
34.9876 	EXP 	window1: Attempting to measure frame rate of screen (2) ...
34.9876 	EXP 	window1: recordFrameIntervals = False
35.0691 	EXP 	window1: recordFrameIntervals = True
35.9019 	WARNING 	Couldn't measure a consistent frame rate!
  - Is your graphics card set to sync to vertical blank?
  - Are you running other processes on your computer?

35.9356 	EXP 	Created unnamed TextStim = TextStim(__class__=<class 'psychopy.visual.text.TextStim'>, alignHoriz=method-wrapper(...), alignText='center', alignVert=method-wrapper(...), anchorHoriz='center', anchorVert='center', antialias=True, autoDraw=False, autoLog=True, bold=False, color=array([1., 1., 1.]), colorSpace='rgb', contrast=1.0, depth=0, draggable=False, flipHoriz=False, flipVert=False, font='', fontFiles=[], height=0.04, italic=False, languageStyle='LTR', name='unnamed TextStim', opacity=1.0, ori=0.0, pos=array([ 0.  , -0.25]), rgb=UNKNOWN, text='Press the button to continue.', units='height', win=Window(...), wrapWidth=1)
35.9380 	EXP 	Created unnamed TextStim = TextStim(__class__=<class 'psychopy.visual.text.TextStim'>, alignHoriz=method-wrapper(...), alignText='center', alignVert=method-wrapper(...), anchorHoriz='center', anchorVert='center', antialias=True, autoDraw=False, autoLog=True, bold=False, color=array([1., 1., 1.]), colorSpace='rgb', contrast=1.0, depth=0, draggable=False, flipHoriz=False, flipVert=False, font='', fontFiles=[], height=0.08, italic=False, languageStyle='LTR', name='unnamed TextStim', opacity=1.0, ori=0.0, pos=array([0., 0.]), rgb=UNKNOWN, text='+', units='height', win=Window(...), wrapWidth=1)
35.9427 	EXP 	Created unnamed TextStim = TextStim(__class__=<class 'psychopy.visual.text.TextStim'>, alignHoriz=method-wrapper(...), alignText='center', alignVert=method-wrapper(...), anchorHoriz='center', anchorVert='center', antialias=True, autoDraw=False, autoLog=True, bold=False, color=array([1., 1., 1.]), colorSpace='rgb', contrast=1.0, depth=0, draggable=False, flipHoriz=False, flipVert=False, font='', fontFiles=[], height=0.04, italic=False, languageStyle='LTR', name='unnamed TextStim', opacity=1.0, ori=0.0, pos=array([0., 0.]), rgb=UNKNOWN, text=str(...), units='height', win=Window(...), wrapWidth=0.8888888888888888)
35.9492 	EXP 	Created unnamed TextStim = TextStim(__class__=<class 'psychopy.visual.text.TextStim'>, alignHoriz=method-wrapper(...), alignText='center', alignVert=method-wrapper(...), anchorHoriz='center', anchorVert='center', antialias=True, autoDraw=False, autoLog=True, bold=False, color=array([1., 1., 1.]), colorSpace='rgb', contrast=1.0, depth=0, draggable=False, flipHoriz=False, flipVert=False, font='Arial', fontFiles=[], height=0.04, italic=False, languageStyle='LTR', name='unnamed TextStim', opacity=1.0, ori=0.0, pos=array([0. , 0.1]), rgb=UNKNOWN, text='Hello World', units='height', win=Window(...), wrapWidth=0.8888888888888888)
35.9566 	EXP 	Created unnamed TextStim = TextStim(__class__=<class 'psychopy.visual.text.TextStim'>, alignHoriz=method-wrapper(...), alignText='center', alignVert=method-wrapper(...), anchorHoriz='center', anchorVert='center', antialias=True, autoDraw=False, autoLog=True, bold=False, color=array([1., 1., 1.]), colorSpace='rgb', contrast=1.0, depth=0, draggable=False, flipHoriz=False, flipVert=False, font='', fontFiles=[], height=0.04, italic=False, languageStyle='LTR', name='unnamed TextStim', opacity=1.0, ori=0.0, pos=array([0., 0.]), rgb=UNKNOWN, text=str(...), units='height', win=Window(...), wrapWidth=0.8888888888888888)
35.9593 	EXP 	Created unnamed TextStim = TextStim(__class__=<class 'psychopy.visual.text.TextStim'>, alignHoriz=method-wrapper(...), alignText='center', alignVert=method-wrapper(...), anchorHoriz='center', anchorVert='center', antialias=True, autoDraw=False, autoLog=True, bold=False, color=array([1., 1., 1.]), colorSpace='rgb', contrast=1.0, depth=0, draggable=False, flipHoriz=False, flipVert=False, font='', fontFiles=[], height=0.04, italic=False, languageStyle='LTR', name='unnamed TextStim', opacity=1.0, ori=0.0, pos=array([0., 0.]), rgb=UNKNOWN, text='The task will begin momentarily. Get ready...', units='height', win=Window(...), wrapWidth=1)
35.9613 	EXP 	Created unnamed TextStim = TextStim(__class__=<class 'psychopy.visual.text.TextStim'>, alignHoriz=method-wrapper(...), alignText='center', alignVert=method-wrapper(...), anchorHoriz='center', anchorVert='center', antialias=True, autoDraw=False, autoLog=True, bold=False, color=array([1., 1., 1.]), colorSpace='rgb', contrast=1.0, depth=0, draggable=False, flipHoriz=False, flipVert=False, font='', fontFiles=[], height=0.04, italic=False, languageStyle='LTR', name='unnamed TextStim', opacity=1.0, ori=0.0, pos=array([0., 0.]), rgb=UNKNOWN, text=str(...), units='height', win=Window(...), wrapWidth=0.8888888888888888)
35.9755 	EXP 	Created unnamed ImageStim = ImageStim(__class__=<class 'psychopy.visual.image.ImageStim'>, anchor=('center', 'center'), autoLog=True, color=array([1., 1., 1.]), colorSpace='rgb', contrast=1.0, depth=0, draggable=False, flipHoriz=False, flipVert=False, image='../stimuli/reward_low.png', interpolate=False, mask=None, maskParams=None, name='unnamed ImageStim', opacity=1, ori=0.0, pos=array([0., 0.]), size=array([0.3, 0.3]), texRes=128, units='height', win=Window(...))
35.9803 	EXP 	Created unnamed ImageStim = ImageStim(__class__=<class 'psychopy.visual.image.ImageStim'>, anchor=('center', 'center'), autoLog=True, color=array([1., 1., 1.]), colorSpace='rgb', contrast=1.0, depth=0, draggable=False, flipHoriz=False, flipVert=False, image='../stimuli/reward_high.png', interpolate=False, mask=None, maskParams=None, name='unnamed ImageStim', opacity=1, ori=0.0, pos=array([0., 0.]), size=array([0.3, 0.3]), texRes=128, units='height', win=Window(...))
35.9853 	EXP 	Created unnamed ImageStim = ImageStim(__class__=<class 'psychopy.visual.image.ImageStim'>, anchor=('center', 'center'), autoLog=True, color=array([1., 1., 1.]), colorSpace='rgb', contrast=1.0, depth=0, draggable=False, flipHoriz=False, flipVert=False, image='../stimuli/reward_neut.png', interpolate=False, mask=None, maskParams=None, name='unnamed ImageStim', opacity=1, ori=0.0, pos=array([0., 0.]), size=array([0.3, 0.3]), texRes=128, units='height', win=Window(...))
35.9898 	EXP 	Created unnamed ImageStim = ImageStim(__class__=<class 'psychopy.visual.image.ImageStim'>, anchor=('center', 'center'), autoLog=True, color=array([1., 1., 1.]), colorSpace='rgb', contrast=1.0, depth=0, draggable=False, flipHoriz=False, flipVert=False, image='../stimuli/loss_low.png', interpolate=False, mask=None, maskParams=None, name='unnamed ImageStim', opacity=1, ori=0.0, pos=array([0., 0.]), size=array([0.3, 0.3]), texRes=128, units='height', win=Window(...))
35.9943 	EXP 	Created unnamed ImageStim = ImageStim(__class__=<class 'psychopy.visual.image.ImageStim'>, anchor=('center', 'center'), autoLog=True, color=array([1., 1., 1.]), colorSpace='rgb', contrast=1.0, depth=0, draggable=False, flipHoriz=False, flipVert=False, image='../stimuli/loss_high.png', interpolate=False, mask=None, maskParams=None, name='unnamed ImageStim', opacity=1, ori=0.0, pos=array([0., 0.]), size=array([0.3, 0.3]), texRes=128, units='height', win=Window(...))
35.9986 	EXP 	Created unnamed ImageStim = ImageStim(__class__=<class 'psychopy.visual.image.ImageStim'>, anchor=('center', 'center'), autoLog=True, color=array([1., 1., 1.]), colorSpace='rgb', contrast=1.0, depth=0, draggable=False, flipHoriz=False, flipVert=False, image='../stimuli/loss_neut.png', interpolate=False, mask=None, maskParams=None, name='unnamed ImageStim', opacity=1, ori=0.0, pos=array([0., 0.]), size=array([0.3, 0.3]), texRes=128, units='height', win=Window(...))
36.0007 	EXP 	Created unnamed Polygon = Polygon(__class__=<class 'psychopy.visual.polygon.Polygon'>, anchor=('center', 'center'), autoDraw=False, autoLog=True, closeShape=True, color=method-wrapper(...), colorSpace='rgb', contrast=None, depth=0, draggable=False, fillColor=array([1, 1, 1]), fillColorSpace='rgb', fillRGB=array([1, 1, 1]), interpolate=True, lineColor=array([1., 1., 1.]), lineColorSpace='rgb', lineRGB=array([1, 1, 1]), lineWidth=1.5, name='unnamed Polygon', opacity=1, ori=0.0, pos=array([0., 0.]), size=array([1., 1.]), units='height', vertices=ndarray(...), win=Window(...))
36.0036 	EXP 	Created trial_feedback = TextStim(__class__=<class 'psychopy.visual.text.TextStim'>, alignHoriz=method-wrapper(...), alignText='center', alignVert=method-wrapper(...), anchorHoriz='center', anchorVert='center', antialias=True, autoDraw=False, autoLog=True, bold=False, color=array([1., 1., 1.]), colorSpace='rgb', contrast=1.0, depth=0, draggable=False, flipHoriz=False, flipVert=False, font='Arial', fontFiles=[], height=0.09, italic=False, languageStyle='LTR', name='trial_feedback', opacity=1, ori=0, pos=array([0., 0.]), rgb=UNKNOWN, text='Trial:', units='height', win=Window(...), wrapWidth=1)
36.0056 	EXP 	Created exp_feedback = TextStim(__class__=<class 'psychopy.visual.text.TextStim'>, alignHoriz=method-wrapper(...), alignText='center', alignVert=method-wrapper(...), anchorHoriz='center', anchorVert='center', antialias=True, autoDraw=False, autoLog=True, bold=False, color=array([1., 1., 1.]), colorSpace='rgb', contrast=1.0, depth=0, draggable=False, flipHoriz=False, flipVert=False, font='Arial', fontFiles=[], height=0.09, italic=False, languageStyle='LTR', name='exp_feedback', opacity=1, ori=0, pos=array([ 0.    , -0.0625]), rgb=UNKNOWN, text='Total:', units='height', win=Window(...), wrapWidth=1)
36.0088 	EXP 	Created unnamed TextStim = TextStim(__class__=<class 'psychopy.visual.text.TextStim'>, alignHoriz=method-wrapper(...), alignText='center', alignVert=method-wrapper(...), anchorHoriz='center', anchorVert='center', antialias=True, autoDraw=False, autoLog=True, bold=False, color=array([1., 1., 1.]), colorSpace='rgb', contrast=1.0, depth=0, draggable=False, flipHoriz=False, flipVert=False, font='', fontFiles=[], height=0.04, italic=False, languageStyle='LTR', name='unnamed TextStim', opacity=1.0, ori=0.0, pos=array([0., 0.]), rgb=UNKNOWN, text=str(...), units='height', win=Window(...), wrapWidth=1)
36.0100 	EXP 	Created unnamed TextStim = TextStim(__class__=<class 'psychopy.visual.text.TextStim'>, alignHoriz=method-wrapper(...), alignText='center', alignVert=method-wrapper(...), anchorHoriz='center', anchorVert='center', antialias=True, autoDraw=False, autoLog=True, bold=False, color=array([1., 1., 1.]), colorSpace='rgb', contrast=1.0, depth=0, draggable=False, flipHoriz=False, flipVert=False, font='', fontFiles=[], height=0.04, italic=False, languageStyle='LTR', name='unnamed TextStim', opacity=1.0, ori=0.0, pos=array([0., 0.]), rgb=UNKNOWN, text='Get ready', units='height', win=Window(...), wrapWidth=1)
36.0116 	EXP 	Created unnamed TextStim = TextStim(__class__=<class 'psychopy.visual.text.TextStim'>, alignHoriz=method-wrapper(...), alignText='center', alignVert=method-wrapper(...), anchorHoriz='center', anchorVert='center', antialias=True, autoDraw=False, autoLog=True, bold=False, color=array([1., 1., 1.]), colorSpace='rgb', contrast=1.0, depth=0, draggable=False, flipHoriz=False, flipVert=False, font='', fontFiles=[], height=0.04, italic=False, languageStyle='LTR', name='unnamed TextStim', opacity=1.0, ori=0.0, pos=array([0., 0.]), rgb=UNKNOWN, text='Please wait\n\n', units='height', win=Window(...), wrapWidth=1)
36.0753 	WARNING 	t of last frame was 173.54ms (=1/5)
46.0971 	WARNING 	t of last frame was 21.41ms (=1/46)
46.0971 	EXP 	unnamed TextStim: height = 0.04
46.0971 	EXP 	unnamed TextStim: height = 0.04
46.0971 	EXP 	unnamed TextStim: height = 0.04
46.0971 	EXP 	unnamed TextStim: text = 'Welcome!'
50.9730 	DATA 	Keypress: 1
50.9921 	WARNING 	t of last frame was 4894.97ms (=1/0)
50.9921 	EXP 	unnamed TextStim: height = 0.04
50.9921 	EXP 	unnamed TextStim: height = 0.04
50.9921 	EXP 	unnamed TextStim: height = 0.04
50.9921 	EXP 	unnamed TextStim: text = 'First you will see a cross in the middle of the screen, like this:\n\n+\n\nThis means you should focus on the screen and get ready to play. '
52.0312 	DATA 	Keypress: 1
52.0728 	EXP 	Created unnamed Polygon = Polygon(__class__=<class 'psychopy.visual.polygon.Polygon'>, anchor=('center', 'center'), autoDraw=False, autoLog=True, closeShape=True, color=method-wrapper(...), colorSpace='rgb', contrast=None, depth=0, draggable=False, fillColor=array([1, 1, 1]), fillColorSpace='rgb', fillRGB=array([1, 1, 1]), interpolate=True, lineColor=array([1., 1., 1.]), lineColorSpace='rgb', lineRGB=array([1, 1, 1]), lineWidth=1.5, name='unnamed Polygon', opacity=1, ori=0.0, pos=array([0. , 0.1]), size=array([1., 1.]), units='height', vertices=ndarray(...), win=Window(...))
52.0860 	WARNING 	t of last frame was 1093.93ms (=1/0)
52.0860 	EXP 	unnamed TextStim: height = 0.04
52.0860 	EXP 	unnamed TextStim: height = 0.04
52.0860 	EXP 	unnamed TextStim: height = 0.04
52.0860 	EXP 	unnamed TextStim: text = 'Next, a small solid WHITE TRIANGLE will appear on the screen:\n\n \n\n \n\n \n\nPress the button as fast as you can when you see the solid white triangle. '
52.2003 	DATA 	Keypress: 1
52.2043 	WARNING 	Multiple dropped frames have occurred - I'll stop bothering you about them!
52.2043 	EXP 	unnamed TextStim: height = 0.04
52.2043 	EXP 	unnamed TextStim: height = 0.04
52.2043 	EXP 	unnamed TextStim: height = 0.04
52.2043 	EXP 	unnamed TextStim: text = 'Any Questions?\n\nPlease ask them now.'
52.3492 	DATA 	Keypress: 1
52.8395 	DATA 	Keypress: return
57.8592 	EXP 	unnamed Polygon: autoDraw = True
57.8592 	EXP 	unnamed Polygon: autoDraw = True
57.8623 	EXP 	unnamed Polygon: autoDraw = True
57.8644 	EXP 	unnamed Polygon: autoDraw = True
57.8806 	EXP 	unnamed Polygon: autoDraw = True
57.8849 	EXP 	unnamed Polygon: autoDraw = True
57.8885 	EXP 	unnamed Polygon: autoDraw = True
57.9027 	EXP 	unnamed Polygon: autoDraw = True
57.9065 	EXP 	unnamed Polygon: autoDraw = True
57.9112 	EXP 	unnamed Polygon: autoDraw = True
57.9243 	EXP 	unnamed Polygon: autoDraw = True
57.9281 	EXP 	unnamed Polygon: autoDraw = True
57.9421 	EXP 	unnamed Polygon: autoDraw = True
57.9440 	EXP 	unnamed Polygon: autoDraw = True
57.9600 	EXP 	unnamed Polygon: autoDraw = True
57.9619 	EXP 	unnamed Polygon: autoDraw = True
57.9780 	EXP 	unnamed Polygon: autoDraw = True
57.9814 	EXP 	unnamed Polygon: autoDraw = True
57.9870 	EXP 	unnamed Polygon: autoDraw = True
57.9998 	EXP 	unnamed Polygon: autoDraw = True
58.0037 	EXP 	unnamed Polygon: autoDraw = True
58.0174 	EXP 	unnamed Polygon: autoDraw = True
58.0210 	EXP 	unnamed Polygon: autoDraw = True
58.0344 	EXP 	unnamed Polygon: autoDraw = True
58.0377 	EXP 	unnamed Polygon: autoDraw = True
58.0515 	EXP 	unnamed Polygon: autoDraw = True
58.0549 	EXP 	unnamed Polygon: autoDraw = True
58.0697 	EXP 	unnamed Polygon: autoDraw = True
58.0728 	EXP 	unnamed Polygon: autoDraw = True
58.0773 	EXP 	unnamed Polygon: autoDraw = True
58.0909 	EXP 	unnamed Polygon: autoDraw = True
58.0937 	EXP 	unnamed Polygon: autoDraw = True
58.1087 	EXP 	unnamed Polygon: autoDraw = True
58.1117 	EXP 	unnamed Polygon: autoDraw = True
58.1262 	EXP 	unnamed Polygon: autoDraw = True
58.1291 	EXP 	unnamed Polygon: autoDraw = True
58.1439 	EXP 	unnamed Polygon: autoDraw = True
58.1475 	EXP 	unnamed Polygon: autoDraw = True
58.1534 	EXP 	unnamed Polygon: autoDraw = True
58.1652 	EXP 	unnamed Polygon: autoDraw = True
58.1684 	EXP 	unnamed Polygon: autoDraw = True
58.1829 	EXP 	unnamed Polygon: autoDraw = True
58.1864 	EXP 	unnamed Polygon: autoDraw = True
58.2005 	EXP 	unnamed Polygon: autoDraw = True
58.2039 	EXP 	unnamed Polygon: autoDraw = True
58.2182 	EXP 	unnamed Polygon: autoDraw = True
58.2211 	EXP 	unnamed Polygon: autoDraw = True
58.2358 	EXP 	unnamed Polygon: autoDraw = True
58.2391 	EXP 	unnamed Polygon: autoDraw = True
58.2455 	EXP 	unnamed Polygon: autoDraw = True
58.2571 	EXP 	unnamed Polygon: autoDraw = True
58.2600 	EXP 	unnamed Polygon: autoDraw = True
58.2747 	EXP 	unnamed Polygon: autoDraw = True
58.2776 	EXP 	unnamed Polygon: autoDraw = True
58.2925 	EXP 	unnamed Polygon: autoDraw = True
58.2959 	EXP 	unnamed Polygon: autoDraw = True
58.3100 	EXP 	unnamed Polygon: autoDraw = True
58.3136 	EXP 	unnamed Polygon: autoDraw = True
58.3275 	EXP 	unnamed Polygon: autoDraw = True
58.3303 	EXP 	unnamed Polygon: autoDraw = True
58.3455 	EXP 	unnamed Polygon: autoDraw = True
58.3545 	EXP 	unnamed Polygon: autoDraw = False
69.8974 	DATA 	Keypress: 1
70.3894 	DATA 	Keypress: 1
72.9440 	DATA 	Keypress: return
74.2072 	DATA 	Keypress: 1
74.4904 	DATA 	Keypress: 1
74.7665 	DATA 	Keypress: 1
76.1134 	DATA 	Keypress: 1
76.6092 	DATA 	Keypress: 1
79.0561 	DATA 	Keypress: 1
79.9216 	EXP 	unnamed TextStim: height = 0.04
79.9216 	EXP 	unnamed TextStim: height = 0.04
79.9216 	EXP 	unnamed TextStim: height = 0.04
79.9216 	EXP 	unnamed TextStim: text = 'Welcome!'
80.6430 	DATA 	Keypress: 1
80.6473 	EXP 	unnamed TextStim: height = 0.04
80.6473 	EXP 	unnamed TextStim: height = 0.04
80.6473 	EXP 	unnamed TextStim: height = 0.04
80.6473 	EXP 	unnamed TextStim: text = 'First you will see a cross in the middle of the screen, like this:\n\n+\n\nThis means you should focus on the screen and get ready to play. '
81.0890 	DATA 	Keypress: 1
81.0932 	EXP 	Created unnamed Polygon = Polygon(__class__=<class 'psychopy.visual.polygon.Polygon'>, anchor=('center', 'center'), autoDraw=False, autoLog=True, closeShape=True, color=method-wrapper(...), colorSpace='rgb', contrast=None, depth=0, draggable=False, fillColor=array([1, 1, 1]), fillColorSpace='rgb', fillRGB=array([1, 1, 1]), interpolate=True, lineColor=array([1., 1., 1.]), lineColorSpace='rgb', lineRGB=array([1, 1, 1]), lineWidth=1.5, name='unnamed Polygon', opacity=1, ori=0.0, pos=array([0. , 0.1]), size=array([1., 1.]), units='height', vertices=ndarray(...), win=Window(...))
81.0978 	EXP 	unnamed TextStim: height = 0.04
81.0978 	EXP 	unnamed TextStim: height = 0.04
81.0978 	EXP 	unnamed TextStim: height = 0.04
81.0978 	EXP 	unnamed TextStim: text = 'Next, a small solid WHITE TRIANGLE will appear on the screen:\n\n \n\n \n\n \n\nPress the button as fast as you can when you see the solid white triangle. '
81.3073 	DATA 	Keypress: 1
81.3104 	EXP 	unnamed TextStim: height = 0.04
81.3104 	EXP 	unnamed TextStim: height = 0.04
81.3104 	EXP 	unnamed TextStim: height = 0.04
81.3104 	EXP 	unnamed TextStim: text = 'Any Questions?\n\nPlease ask them now.'
81.4844 	DATA 	Keypress: 1
81.6383 	DATA 	Keypress: 1
82.1064 	DATA 	Keypress: return
87.1180 	EXP 	unnamed Polygon: autoDraw = True
87.1180 	EXP 	unnamed Polygon: autoDraw = True
87.1204 	EXP 	unnamed Polygon: autoDraw = True
87.1357 	EXP 	unnamed Polygon: autoDraw = True
87.1374 	EXP 	unnamed Polygon: autoDraw = True
87.1529 	EXP 	unnamed Polygon: autoDraw = True
87.1548 	EXP 	unnamed Polygon: autoDraw = True
87.1710 	EXP 	unnamed Polygon: autoDraw = True
87.1752 	EXP 	unnamed Polygon: autoDraw = True
87.1788 	EXP 	unnamed Polygon: autoDraw = True
87.1943 	EXP 	unnamed Polygon: autoDraw = True
87.1986 	EXP 	unnamed Polygon: autoDraw = True
87.2017 	EXP 	unnamed Polygon: autoDraw = True
87.2166 	EXP 	unnamed Polygon: autoDraw = True
87.2210 	EXP 	unnamed Polygon: autoDraw = True
87.2343 	EXP 	unnamed Polygon: autoDraw = True
87.2376 	EXP 	unnamed Polygon: autoDraw = True
87.2518 	EXP 	unnamed Polygon: autoDraw = True
87.2557 	EXP 	unnamed Polygon: autoDraw = True
87.2620 	EXP 	unnamed Polygon: autoDraw = True
87.2737 	EXP 	unnamed Polygon: autoDraw = True
87.2776 	EXP 	unnamed Polygon: autoDraw = True
87.2915 	EXP 	unnamed Polygon: autoDraw = True
87.2957 	EXP 	unnamed Polygon: autoDraw = True
87.3094 	EXP 	unnamed Polygon: autoDraw = True
87.3138 	EXP 	unnamed Polygon: autoDraw = True
87.3277 	EXP 	unnamed Polygon: autoDraw = True
87.3296 	EXP 	unnamed Polygon: autoDraw = True
87.3311 	DATA 	Keypress: 1
87.3460 	EXP 	unnamed Polygon: autoDraw = True
87.3503 	EXP 	unnamed Polygon: autoDraw = True
87.3530 	EXP 	unnamed Polygon: autoDraw = True
87.3682 	EXP 	unnamed Polygon: autoDraw = True
87.3728 	EXP 	unnamed Polygon: autoDraw = True
87.3861 	EXP 	unnamed Polygon: autoDraw = True
87.3883 	EXP 	unnamed Polygon: autoDraw = True
87.4047 	EXP 	unnamed Polygon: autoDraw = True
87.4095 	EXP 	unnamed Polygon: autoDraw = True
87.4122 	EXP 	unnamed Polygon: autoDraw = True
87.4280 	EXP 	unnamed Polygon: autoDraw = True
87.4300 	EXP 	unnamed Polygon: autoDraw = True
87.4461 	EXP 	unnamed Polygon: autoDraw = True
87.4479 	EXP 	unnamed Polygon: autoDraw = True
87.4644 	EXP 	unnamed Polygon: autoDraw = True
87.4662 	EXP 	unnamed Polygon: autoDraw = True
87.4684 	EXP 	unnamed Polygon: autoDraw = True
87.4845 	EXP 	unnamed Polygon: autoDraw = True
87.4863 	EXP 	unnamed Polygon: autoDraw = True
87.5022 	EXP 	unnamed Polygon: autoDraw = True
87.5064 	EXP 	unnamed Polygon: autoDraw = True
87.5206 	EXP 	unnamed Polygon: autoDraw = True
87.5225 	EXP 	unnamed Polygon: autoDraw = True
87.5389 	EXP 	unnamed Polygon: autoDraw = True
87.5433 	EXP 	unnamed Polygon: autoDraw = True
87.5465 	EXP 	unnamed Polygon: autoDraw = True
87.5623 	EXP 	unnamed Polygon: autoDraw = True
87.5660 	EXP 	unnamed Polygon: autoDraw = True
87.5696 	EXP 	unnamed Polygon: autoDraw = True
87.5834 	EXP 	unnamed Polygon: autoDraw = True
87.5851 	EXP 	unnamed Polygon: autoDraw = True
87.6018 	EXP 	unnamed Polygon: autoDraw = True
87.6059 	EXP 	unnamed Polygon: autoDraw = True
87.6193 	EXP 	unnamed Polygon: autoDraw = True
87.6260 	EXP 	unnamed Polygon: autoDraw = False
95.4071 	DATA 	Keypress: 1
95.8149 	DATA 	Keypress: 1
105.4416 	EXP 	unnamed TextStim: height = 0.04
105.4416 	EXP 	unnamed TextStim: height = 0.04
105.4416 	EXP 	unnamed TextStim: height = 0.04
105.4416 	EXP 	unnamed TextStim: text = 'Instructions...\n\nYour goal is to make as much money as possible.\n\nRemember:\nWIN CIRCLES = win money\nLOSE SQUARES = lose money\n\nQUICKLY press the button with your pointer finger when you see the solid white triangle.\n\nYou will get feedback on whether you pressed the button in time and if you won or lost money.'
107.4371 	DATA 	Keypress: 1
107.4395 	EXP 	Created unnamed TextStim = TextStim(__class__=<class 'psychopy.visual.text.TextStim'>, alignHoriz=method-wrapper(...), alignText='center', alignVert=method-wrapper(...), anchorHoriz='center', anchorVert='center', antialias=True, autoDraw=False, autoLog=True, bold=False, color=array([1., 1., 1.]), colorSpace='rgb', contrast=1.0, depth=0, draggable=False, flipHoriz=False, flipVert=False, font='', fontFiles=[], height=0.08, italic=False, languageStyle='LTR', name='unnamed TextStim', opacity=1.0, ori=0.0, pos=array([-0.65,  0.15]), rgb=UNKNOWN, text='+', units='height', win=Window(...), wrapWidth=1)
107.4445 	EXP 	Created unnamed ImageStim = ImageStim(__class__=<class 'psychopy.visual.image.ImageStim'>, anchor=('center', 'center'), autoLog=True, color=array([1., 1., 1.]), colorSpace='rgb', contrast=1.0, depth=0, draggable=False, flipHoriz=False, flipVert=False, image='../stimuli/reward_high.png', interpolate=False, mask=None, maskParams=None, name='unnamed ImageStim', opacity=1, ori=0.0, pos=array([-0.35,  0.15]), size=array([0.2, 0.2]), texRes=128, units='height', win=Window(...))
107.4454 	EXP 	Created unnamed TextStim = TextStim(__class__=<class 'psychopy.visual.text.TextStim'>, alignHoriz=method-wrapper(...), alignText='center', alignVert=method-wrapper(...), anchorHoriz='center', anchorVert='center', antialias=True, autoDraw=False, autoLog=True, bold=False, color=array([1., 1., 1.]), colorSpace='rgb', contrast=1.0, depth=0, draggable=False, flipHoriz=False, flipVert=False, font='', fontFiles=[], height=0.08, italic=False, languageStyle='LTR', name='unnamed TextStim', opacity=1.0, ori=0.0, pos=array([-0.15,  0.15]), rgb=UNKNOWN, text='+', units='height', win=Window(...), wrapWidth=1)
107.4461 	EXP 	Created unnamed Polygon = Polygon(__class__=<class 'psychopy.visual.polygon.Polygon'>, anchor=('center', 'center'), autoDraw=False, autoLog=True, closeShape=True, color=method-wrapper(...), colorSpace='rgb', contrast=None, depth=0, draggable=False, fillColor=array([1, 1, 1]), fillColorSpace='rgb', fillRGB=array([1, 1, 1]), interpolate=True, lineColor=array([1., 1., 1.]), lineColorSpace='rgb', lineRGB=array([1, 1, 1]), lineWidth=1.5, name='unnamed Polygon', opacity=1, ori=0.0, pos=array([0.15, 0.15]), size=array([1., 1.]), units='height', vertices=ndarray(...), win=Window(...))
107.4469 	EXP 	Created unnamed TextStim = TextStim(__class__=<class 'psychopy.visual.text.TextStim'>, alignHoriz=method-wrapper(...), alignText='center', alignVert=method-wrapper(...), anchorHoriz='center', anchorVert='center', antialias=True, autoDraw=False, autoLog=True, bold=False, color=array([1., 1., 1.]), colorSpace='rgb', contrast=1.0, depth=0, draggable=False, flipHoriz=False, flipVert=False, font='', fontFiles=[], height=0.08, italic=False, languageStyle='LTR', name='unnamed TextStim', opacity=1.0, ori=0.0, pos=array([0.35, 0.15]), rgb=UNKNOWN, text='+', units='height', win=Window(...), wrapWidth=1)
107.4493 	EXP 	Created unnamed TextStim = TextStim(__class__=<class 'psychopy.visual.text.TextStim'>, alignHoriz=method-wrapper(...), alignText='center', alignVert=method-wrapper(...), anchorHoriz='center', anchorVert='center', antialias=True, autoDraw=False, autoLog=True, bold=False, color=array([1., 1., 1.]), colorSpace='rgb', contrast=1.0, depth=0, draggable=False, flipHoriz=False, flipVert=False, font='', fontFiles=[], height=0.08, italic=False, languageStyle='LTR', name='unnamed TextStim', opacity=1.0, ori=0.0, pos=array([0.65, 0.15]), rgb=UNKNOWN, text='Hit!\n+$5.00', units='height', win=Window(...), wrapWidth=1)
107.4494 	WARNING 	TextStim.alignHoriz is deprecated. Use alignText and anchorHoriz attributes instead
107.4516 	EXP 	Created unnamed TextStim = TextStim(__class__=<class 'psychopy.visual.text.TextStim'>, alignHoriz='center', alignText='center', alignVert=method-wrapper(...), anchorHoriz='center', anchorVert='center', antialias=True, autoDraw=False, autoLog=True, bold=False, color=array([1., 1., 1.]), colorSpace='rgb', contrast=1.0, depth=0, draggable=False, flipHoriz=False, flipVert=False, font='', fontFiles=[], height=0.04, italic=False, languageStyle='LTR', name='unnamed TextStim', opacity=1.0, ori=0.0, pos=array([-0.65, -0.15]), rgb=UNKNOWN, text='Pay attention', units='height', win=Window(...), wrapWidth=0.1)
107.4517 	WARNING 	TextStim.alignHoriz is deprecated. Use alignText and anchorHoriz attributes instead
107.4539 	EXP 	Created unnamed TextStim = TextStim(__class__=<class 'psychopy.visual.text.TextStim'>, alignHoriz='center', alignText='center', alignVert=method-wrapper(...), anchorHoriz='center', anchorVert='center', antialias=True, autoDraw=False, autoLog=True, bold=False, color=array([1., 1., 1.]), colorSpace='rgb', contrast=1.0, depth=0, draggable=False, flipHoriz=False, flipVert=False, font='', fontFiles=[], height=0.04, italic=False, languageStyle='LTR', name='unnamed TextStim', opacity=1.0, ori=0.0, pos=array([-0.35, -0.15]), rgb=UNKNOWN, text="Cue: don't respond yet", units='height', win=Window(...), wrapWidth=0.1)
107.4540 	WARNING 	TextStim.alignHoriz is deprecated. Use alignText and anchorHoriz attributes instead
107.4551 	EXP 	Created unnamed TextStim = TextStim(__class__=<class 'psychopy.visual.text.TextStim'>, alignHoriz='center', alignText='center', alignVert=method-wrapper(...), anchorHoriz='center', anchorVert='center', antialias=True, autoDraw=False, autoLog=True, bold=False, color=array([1., 1., 1.]), colorSpace='rgb', contrast=1.0, depth=0, draggable=False, flipHoriz=False, flipVert=False, font='', fontFiles=[], height=0.04, italic=False, languageStyle='LTR', name='unnamed TextStim', opacity=1.0, ori=0.0, pos=array([-0.15, -0.15]), rgb=UNKNOWN, text='Pay attention', units='height', win=Window(...), wrapWidth=0.1)
107.4552 	WARNING 	TextStim.alignHoriz is deprecated. Use alignText and anchorHoriz attributes instead
107.4572 	EXP 	Created unnamed TextStim = TextStim(__class__=<class 'psychopy.visual.text.TextStim'>, alignHoriz='center', alignText='center', alignVert=method-wrapper(...), anchorHoriz='center', anchorVert='center', antialias=True, autoDraw=False, autoLog=True, bold=False, color=array([1., 1., 1.]), colorSpace='rgb', contrast=1.0, depth=0, draggable=False, flipHoriz=False, flipVert=False, font='', fontFiles=[], height=0.04, italic=False, languageStyle='LTR', name='unnamed TextStim', opacity=1.0, ori=0.0, pos=array([ 0.15, -0.15]), rgb=UNKNOWN, text='Respond when solid triangle is on screen', units='height', win=Window(...), wrapWidth=0.1)
107.4573 	WARNING 	TextStim.alignHoriz is deprecated. Use alignText and anchorHoriz attributes instead
107.4583 	EXP 	Created unnamed TextStim = TextStim(__class__=<class 'psychopy.visual.text.TextStim'>, alignHoriz='center', alignText='center', alignVert=method-wrapper(...), anchorHoriz='center', anchorVert='center', antialias=True, autoDraw=False, autoLog=True, bold=False, color=array([1., 1., 1.]), colorSpace='rgb', contrast=1.0, depth=0, draggable=False, flipHoriz=False, flipVert=False, font='', fontFiles=[], height=0.04, italic=False, languageStyle='LTR', name='unnamed TextStim', opacity=1.0, ori=0.0, pos=array([ 0.35, -0.15]), rgb=UNKNOWN, text='Pay attention', units='height', win=Window(...), wrapWidth=0.1)
107.4584 	WARNING 	TextStim.alignHoriz is deprecated. Use alignText and anchorHoriz attributes instead
107.4596 	EXP 	Created unnamed TextStim = TextStim(__class__=<class 'psychopy.visual.text.TextStim'>, alignHoriz='center', alignText='center', alignVert=method-wrapper(...), anchorHoriz='center', anchorVert='center', antialias=True, autoDraw=False, autoLog=True, bold=False, color=array([1., 1., 1.]), colorSpace='rgb', contrast=1.0, depth=0, draggable=False, flipHoriz=False, flipVert=False, font='', fontFiles=[], height=0.04, italic=False, languageStyle='LTR', name='unnamed TextStim', opacity=1.0, ori=0.0, pos=array([ 0.65, -0.15]), rgb=UNKNOWN, text='Feedback', units='height', win=Window(...), wrapWidth=0.1)
107.9560 	DATA 	Keypress: 1
108.2175 	DATA 	Keypress: 1
108.4403 	DATA 	Keypress: 1
109.0428 	DATA 	Keypress: return
110.2569 	DATA 	Keypress: 1
111.0227 	DATA 	Keypress: return
112.4957 	DATA 	Keypress: equal
121.7377 	EXP 	unnamed Polygon: autoDraw = True
121.7377 	EXP 	unnamed Polygon: autoDraw = True
121.7409 	EXP 	unnamed Polygon: autoDraw = True
121.7427 	EXP 	unnamed Polygon: autoDraw = True
121.7584 	EXP 	unnamed Polygon: autoDraw = True
121.7619 	EXP 	unnamed Polygon: autoDraw = True
121.7644 	EXP 	unnamed Polygon: autoDraw = True
121.7808 	EXP 	unnamed Polygon: autoDraw = True
121.7840 	EXP 	unnamed Polygon: autoDraw = True
121.7989 	EXP 	unnamed Polygon: autoDraw = True
121.8007 	EXP 	unnamed Polygon: autoDraw = True
121.8170 	EXP 	unnamed Polygon: autoDraw = True
121.8216 	EXP 	unnamed Polygon: autoDraw = True
121.8259 	EXP 	unnamed Polygon: autoDraw = True
121.8399 	EXP 	unnamed Polygon: autoDraw = True
121.8437 	EXP 	unnamed Polygon: autoDraw = True
121.8482 	EXP 	unnamed Polygon: autoDraw = True
121.8612 	EXP 	unnamed Polygon: autoDraw = True
121.8648 	EXP 	unnamed Polygon: autoDraw = True
121.8787 	EXP 	unnamed Polygon: autoDraw = True
121.8822 	EXP 	unnamed Polygon: autoDraw = True
121.8963 	EXP 	unnamed Polygon: autoDraw = True
121.9008 	EXP 	unnamed Polygon: autoDraw = True
121.9138 	EXP 	unnamed Polygon: autoDraw = True
121.9172 	EXP 	unnamed Polygon: autoDraw = True
121.9313 	EXP 	unnamed Polygon: autoDraw = True
121.9350 	EXP 	unnamed Polygon: autoDraw = True
121.9403 	EXP 	unnamed Polygon: autoDraw = True
121.9529 	EXP 	unnamed Polygon: autoDraw = False
122.1022 	DATA 	Keypress: 1
123.5224 	EXP 	trial_feedback: height = 0.09
123.5224 	EXP 	trial_feedback: height = 0.09
123.5224 	EXP 	trial_feedback: height = 0.09
123.5224 	EXP 	trial_feedback: text = 'Miss!\n$0.00'
123.5224 	EXP 	trial_feedback: autoDraw = True
125.5074 	EXP 	trial_feedback: autoDraw = False
125.5121 	EXP 	trial_feedback: autoDraw = False
125.5121 	EXP 	exp_feedback: autoDraw = False
131.2453 	DATA 	Keypress: 1
131.6681 	EXP 	unnamed Polygon: autoDraw = True
131.6681 	EXP 	unnamed Polygon: autoDraw = True
131.6755 	EXP 	unnamed Polygon: autoDraw = True
131.6852 	EXP 	unnamed Polygon: autoDraw = True
131.6925 	EXP 	unnamed Polygon: autoDraw = True
131.7023 	EXP 	unnamed Polygon: autoDraw = True
131.7107 	EXP 	unnamed Polygon: autoDraw = True
131.7205 	EXP 	unnamed Polygon: autoDraw = True
131.7228 	EXP 	unnamed Polygon: autoDraw = True
131.7377 	EXP 	unnamed Polygon: autoDraw = True
131.7423 	EXP 	unnamed Polygon: autoDraw = True
131.7557 	EXP 	unnamed Polygon: autoDraw = True
131.7576 	EXP 	unnamed Polygon: autoDraw = True
131.7741 	EXP 	unnamed Polygon: autoDraw = True
131.7783 	EXP 	unnamed Polygon: autoDraw = True
131.7819 	EXP 	unnamed Polygon: autoDraw = True
131.7968 	EXP 	unnamed Polygon: autoDraw = True
131.7984 	EXP 	unnamed Polygon: autoDraw = True
131.8145 	EXP 	unnamed Polygon: autoDraw = True
131.8164 	EXP 	unnamed Polygon: autoDraw = True
131.8330 	EXP 	unnamed Polygon: autoDraw = True
131.8371 	EXP 	unnamed Polygon: autoDraw = True
131.8396 	EXP 	unnamed Polygon: autoDraw = True
131.8560 	EXP 	unnamed Polygon: autoDraw = True
131.8581 	EXP 	unnamed Polygon: autoDraw = True
131.8743 	EXP 	unnamed Polygon: autoDraw = True
131.8781 	EXP 	unnamed Polygon: autoDraw = True
131.8806 	EXP 	unnamed Polygon: autoDraw = True
131.8959 	EXP 	unnamed Polygon: autoDraw = True
131.9021 	EXP 	unnamed Polygon: autoDraw = False
133.5194 	EXP 	trial_feedback: text = 'Miss!\n$0.00'
133.5194 	EXP 	trial_feedback: autoDraw = True
135.5084 	EXP 	trial_feedback: autoDraw = False
135.5287 	EXP 	trial_feedback: autoDraw = False
135.5287 	EXP 	exp_feedback: autoDraw = False
141.6356 	DATA 	Keypress: 1
141.8438 	EXP 	unnamed Polygon: autoDraw = True
141.8438 	EXP 	unnamed Polygon: autoDraw = True
141.8468 	EXP 	unnamed Polygon: autoDraw = True
141.8499 	EXP 	unnamed Polygon: autoDraw = True
141.8647 	EXP 	unnamed Polygon: autoDraw = True
141.8670 	EXP 	unnamed Polygon: autoDraw = True
141.8820 	EXP 	unnamed Polygon: autoDraw = True
141.8844 	EXP 	unnamed Polygon: autoDraw = True
141.8991 	EXP 	unnamed Polygon: autoDraw = True
141.9019 	EXP 	unnamed Polygon: autoDraw = True
141.9164 	EXP 	unnamed Polygon: autoDraw = True
141.9181 	EXP 	unnamed Polygon: autoDraw = True
141.9347 	EXP 	unnamed Polygon: autoDraw = True
141.9415 	EXP 	unnamed Polygon: autoDraw = True
141.9432 	EXP 	unnamed Polygon: autoDraw = True
141.9604 	EXP 	unnamed Polygon: autoDraw = True
141.9645 	EXP 	unnamed Polygon: autoDraw = True
141.9679 	EXP 	unnamed Polygon: autoDraw = True
141.9820 	EXP 	unnamed Polygon: autoDraw = True
141.9854 	EXP 	unnamed Polygon: autoDraw = True
141.9999 	EXP 	unnamed Polygon: autoDraw = True
142.0018 	EXP 	unnamed Polygon: autoDraw = True
142.0186 	EXP 	unnamed Polygon: autoDraw = True
142.0236 	EXP 	unnamed Polygon: autoDraw = True
142.0275 	EXP 	unnamed Polygon: autoDraw = True
142.0312 	EXP 	unnamed Polygon: autoDraw = True
142.0464 	EXP 	unnamed Polygon: autoDraw = True
142.0500 	EXP 	unnamed Polygon: autoDraw = False
143.5503 	EXP 	trial_feedback: text = 'Miss!\n$0.00'
143.5503 	EXP 	trial_feedback: autoDraw = True
145.5493 	EXP 	trial_feedback: autoDraw = False
145.5538 	EXP 	trial_feedback: autoDraw = False
145.5538 	EXP 	exp_feedback: autoDraw = False
153.7601 	EXP 	unnamed Polygon: autoDraw = True
153.7601 	EXP 	unnamed Polygon: autoDraw = True
153.7619 	EXP 	unnamed Polygon: autoDraw = True
153.7646 	EXP 	unnamed Polygon: autoDraw = True
153.7799 	EXP 	unnamed Polygon: autoDraw = True
153.7821 	EXP 	unnamed Polygon: autoDraw = True
153.7970 	EXP 	unnamed Polygon: autoDraw = True
153.7992 	EXP 	unnamed Polygon: autoDraw = True
153.8154 	EXP 	unnamed Polygon: autoDraw = True
153.8198 	EXP 	unnamed Polygon: autoDraw = True
153.8232 	EXP 	unnamed Polygon: autoDraw = True
153.8385 	EXP 	unnamed Polygon: autoDraw = True
153.8428 	EXP 	unnamed Polygon: autoDraw = True
153.8562 	EXP 	unnamed Polygon: autoDraw = True
153.8601 	EXP 	unnamed Polygon: autoDraw = True
153.8660 	EXP 	unnamed Polygon: autoDraw = True
153.8776 	EXP 	unnamed Polygon: autoDraw = True
153.8806 	EXP 	unnamed Polygon: autoDraw = True
153.8956 	EXP 	unnamed Polygon: autoDraw = True
153.8977 	EXP 	unnamed Polygon: autoDraw = True
153.9139 	EXP 	unnamed Polygon: autoDraw = True
153.9158 	EXP 	unnamed Polygon: autoDraw = True
153.9312 	EXP 	unnamed Polygon: autoDraw = True
153.9352 	EXP 	unnamed Polygon: autoDraw = True
153.9490 	EXP 	unnamed Polygon: autoDraw = True
153.9508 	EXP 	unnamed Polygon: autoDraw = True
153.9674 	EXP 	unnamed Polygon: autoDraw = True
153.9738 	DATA 	Keypress: 1
153.9771 	EXP 	unnamed Polygon: autoDraw = False
155.5634 	EXP 	trial_feedback: height = 0.09
155.5634 	EXP 	trial_feedback: height = 0.09
155.5634 	EXP 	trial_feedback: height = 0.09
155.5634 	EXP 	trial_feedback: text = 'Miss!\n-$1.50'
155.5634 	EXP 	trial_feedback: autoDraw = True
157.5406 	EXP 	trial_feedback: autoDraw = False
157.5568 	EXP 	trial_feedback: autoDraw = False
157.5568 	EXP 	exp_feedback: autoDraw = False
163.6463 	EXP 	unnamed Polygon: autoDraw = True
163.6463 	EXP 	unnamed Polygon: autoDraw = True
163.6486 	EXP 	unnamed Polygon: autoDraw = True
163.6637 	EXP 	unnamed Polygon: autoDraw = True
163.6656 	EXP 	unnamed Polygon: autoDraw = True
163.6810 	EXP 	unnamed Polygon: autoDraw = True
163.6852 	EXP 	unnamed Polygon: autoDraw = True
163.6993 	EXP 	unnamed Polygon: autoDraw = True
163.7026 	EXP 	unnamed Polygon: autoDraw = True
163.7059 	EXP 	unnamed Polygon: autoDraw = True
163.7216 	EXP 	unnamed Polygon: autoDraw = True
163.7233 	EXP 	unnamed Polygon: autoDraw = True
163.7397 	EXP 	unnamed Polygon: autoDraw = True
163.7419 	EXP 	unnamed Polygon: autoDraw = True
163.7585 	EXP 	unnamed Polygon: autoDraw = True
163.7622 	EXP 	unnamed Polygon: autoDraw = True
163.7658 	EXP 	unnamed Polygon: autoDraw = True
163.7809 	EXP 	unnamed Polygon: autoDraw = True
163.7831 	EXP 	unnamed Polygon: autoDraw = True
163.7991 	EXP 	unnamed Polygon: autoDraw = True
163.8012 	EXP 	unnamed Polygon: autoDraw = True
163.8167 	EXP 	unnamed Polygon: autoDraw = True
163.8209 	EXP 	unnamed Polygon: autoDraw = True
163.8229 	EXP 	unnamed Polygon: autoDraw = True
163.8388 	EXP 	unnamed Polygon: autoDraw = True
163.8431 	EXP 	unnamed Polygon: autoDraw = True
163.8570 	EXP 	unnamed Polygon: autoDraw = True
163.8608 	EXP 	unnamed Polygon: autoDraw = True
163.8646 	EXP 	unnamed Polygon: autoDraw = True
163.8787 	EXP 	unnamed Polygon: autoDraw = True
163.8811 	EXP 	unnamed Polygon: autoDraw = True
163.8969 	EXP 	unnamed Polygon: autoDraw = True
163.9010 	EXP 	unnamed Polygon: autoDraw = False
165.5674 	EXP 	trial_feedback: height = 0.09
165.5674 	EXP 	trial_feedback: height = 0.09
165.5674 	EXP 	trial_feedback: height = 0.09
165.5674 	EXP 	trial_feedback: text = 'Miss!\n$0.00'
165.5674 	EXP 	trial_feedback: autoDraw = True
167.3857 	DATA 	Keypress: 1
167.5649 	EXP 	trial_feedback: autoDraw = False
167.5649 	EXP 	exp_feedback: autoDraw = False
173.6581 	EXP 	unnamed Polygon: autoDraw = True
173.6581 	EXP 	unnamed Polygon: autoDraw = True
173.6602 	EXP 	unnamed Polygon: autoDraw = True
173.6760 	EXP 	unnamed Polygon: autoDraw = True
173.6777 	EXP 	unnamed Polygon: autoDraw = True
173.6805 	EXP 	unnamed Polygon: autoDraw = True
173.6967 	EXP 	unnamed Polygon: autoDraw = True
173.6989 	EXP 	unnamed Polygon: autoDraw = True
173.7142 	EXP 	unnamed Polygon: autoDraw = True
173.7184 	EXP 	unnamed Polygon: autoDraw = True
173.7241 	EXP 	unnamed Polygon: autoDraw = True
173.7389 	EXP 	unnamed Polygon: autoDraw = True
173.7422 	EXP 	unnamed Polygon: autoDraw = True
173.7560 	EXP 	unnamed Polygon: autoDraw = True
173.7582 	EXP 	unnamed Polygon: autoDraw = True
173.7725 	EXP 	unnamed Polygon: autoDraw = True
173.7770 	EXP 	unnamed Polygon: autoDraw = True
173.7891 	EXP 	unnamed Polygon: autoDraw = True
173.7926 	EXP 	unnamed Polygon: autoDraw = True
173.8057 	EXP 	unnamed Polygon: autoDraw = True
173.8102 	EXP 	unnamed Polygon: autoDraw = True
173.8225 	EXP 	unnamed Polygon: autoDraw = True
173.8249 	EXP 	unnamed Polygon: autoDraw = True
173.8391 	EXP 	unnamed Polygon: autoDraw = True
173.8426 	EXP 	unnamed Polygon: autoDraw = True
173.8562 	EXP 	unnamed Polygon: autoDraw = True
173.8611 	EXP 	unnamed Polygon: autoDraw = True
173.8648 	EXP 	unnamed Polygon: autoDraw = True
173.8794 	EXP 	unnamed Polygon: autoDraw = False
173.8811 	DATA 	Keypress: 1
175.5742 	EXP 	trial_feedback: height = 0.09
175.5742 	EXP 	trial_feedback: height = 0.09
175.5742 	EXP 	trial_feedback: height = 0.09
175.5742 	EXP 	trial_feedback: text = 'Miss!\n-$0.00'
175.5742 	EXP 	trial_feedback: autoDraw = True
177.5663 	EXP 	trial_feedback: autoDraw = False
177.5812 	EXP 	trial_feedback: autoDraw = False
177.5812 	EXP 	exp_feedback: autoDraw = False
185.7729 	EXP 	unnamed Polygon: autoDraw = True
185.7729 	EXP 	unnamed Polygon: autoDraw = True
185.7815 	EXP 	unnamed Polygon: autoDraw = True
185.7900 	EXP 	unnamed Polygon: autoDraw = True
185.7998 	EXP 	unnamed Polygon: autoDraw = True
185.8082 	EXP 	unnamed Polygon: autoDraw = True
185.8165 	EXP 	unnamed Polygon: autoDraw = True
185.8260 	EXP 	unnamed Polygon: autoDraw = True
185.8347 	EXP 	unnamed Polygon: autoDraw = True
185.8415 	EXP 	unnamed Polygon: autoDraw = True
185.8519 	EXP 	unnamed Polygon: autoDraw = True
185.8586 	EXP 	unnamed Polygon: autoDraw = True
185.8698 	EXP 	unnamed Polygon: autoDraw = True
185.8727 	EXP 	unnamed Polygon: autoDraw = True
185.8872 	EXP 	unnamed Polygon: autoDraw = True
185.8908 	EXP 	unnamed Polygon: autoDraw = True
185.9051 	EXP 	unnamed Polygon: autoDraw = True
185.9077 	EXP 	unnamed Polygon: autoDraw = True
185.9237 	EXP 	unnamed Polygon: autoDraw = True
185.9259 	EXP 	unnamed Polygon: autoDraw = True
185.9418 	EXP 	unnamed Polygon: autoDraw = True
185.9459 	EXP 	unnamed Polygon: autoDraw = True
185.9496 	EXP 	unnamed Polygon: autoDraw = True
185.9642 	EXP 	unnamed Polygon: autoDraw = True
185.9679 	EXP 	unnamed Polygon: autoDraw = True
185.9824 	EXP 	unnamed Polygon: autoDraw = True
185.9881 	EXP 	unnamed Polygon: autoDraw = False
186.0085 	DATA 	Keypress: 1
187.5675 	EXP 	trial_feedback: height = 0.09
187.5675 	EXP 	trial_feedback: height = 0.09
187.5675 	EXP 	trial_feedback: height = 0.09
187.5675 	EXP 	trial_feedback: text = 'Miss!\n-$5.00'
187.5675 	EXP 	trial_feedback: autoDraw = True
188.4680 	DATA 	Keypress: escape
188.6819 	DATA 	Keypress: escape
189.5636 	EXP 	trial_feedback: autoDraw = False
189.5643 	WARNING 	Escape pressed, exiting early!
189.5643 	WARNING 	Total earnings: -6.5
