16.9696 	WARNING 	Monitor specification not found. Creating a temporary one...
16.9784 	WARNING 	Requested an unavailable screen number - using first available.
18.1500 	WARNING 	Couldn't measure a consistent frame rate!
  - Is your graphics card set to sync to vertical blank?
  - Are you running other processes on your computer?

18.1516 	EXP 	Created window1 = Window(allowGUI=True, allowStencil=False, autoLog=True, backendConf=UNKNOWN, backgroundFit=<method-wrapper '__getattribute__' of attributeSetter object at 0x175a87700>, backgroundImage=<method-wrapper '__getattribute__' of attributeSetter object at 0x175a87760>, bitsMode=UNKNOWN, blendMode='avg', bpc=(8, 8, 8), color=array([-1, -1, -1]), colorSpace='rgb', depthBits=8, fullscr=False, gamma=None, gammaErrorPolicy='raise', infoMsg=UNKNOWN, lms=UNKNOWN, monitor=<psychopy.monitors.calibTools.Monitor object at 0x175b2cd60>, multiSample=False, name='window1', numSamples=2, pos=(464, 258), screen=2, size=array([1600, 1200]), stencilBits=0, stereo=False, title='PsychoPy', units='height', useFBO=False, useRetina=True, viewOri=0.0, viewPos=None, viewScale=None, waitBlanking=True, winType='pyglet')
18.1517 	EXP 	window1: backgroundImage = None
18.1517 	EXP 	window1: backgroundFit = 'cover'
18.1544 	EXP 	window1: Attempting to measure frame rate of screen (2) ...
18.1545 	EXP 	window1: recordFrameIntervals = False
18.2275 	EXP 	window1: recordFrameIntervals = True
19.0619 	WARNING 	Couldn't measure a consistent frame rate!
  - Is your graphics card set to sync to vertical blank?
  - Are you running other processes on your computer?

19.1021 	EXP 	Created unnamed TextStim = TextStim(__class__=<class 'psychopy.visual.text.TextStim'>, alignHoriz=method-wrapper(...), alignText='center', alignVert=method-wrapper(...), anchorHoriz='center', anchorVert='center', antialias=True, autoDraw=False, autoLog=True, bold=False, color=array([1., 1., 1.]), colorSpace='rgb', contrast=1.0, depth=0, draggable=False, flipHoriz=False, flipVert=False, font='', fontFiles=[], height=0.04, italic=False, languageStyle='LTR', name='unnamed TextStim', opacity=1.0, ori=0.0, pos=array([ 0.  , -0.25]), rgb=UNKNOWN, text='Press the button to continue.', units='height', win=Window(...), wrapWidth=1)
19.1046 	EXP 	Created unnamed TextStim = TextStim(__class__=<class 'psychopy.visual.text.TextStim'>, alignHoriz=method-wrapper(...), alignText='center', alignVert=method-wrapper(...), anchorHoriz='center', anchorVert='center', antialias=True, autoDraw=False, autoLog=True, bold=False, color=array([1., 1., 1.]), colorSpace='rgb', contrast=1.0, depth=0, draggable=False, flipHoriz=False, flipVert=False, font='', fontFiles=[], height=0.08, italic=False, languageStyle='LTR', name='unnamed TextStim', opacity=1.0, ori=0.0, pos=array([0., 0.]), rgb=UNKNOWN, text='+', units='height', win=Window(...), wrapWidth=1)
19.1095 	EXP 	Created unnamed TextStim = TextStim(__class__=<class 'psychopy.visual.text.TextStim'>, alignHoriz=method-wrapper(...), alignText='center', alignVert=method-wrapper(...), anchorHoriz='center', anchorVert='center', antialias=True, autoDraw=False, autoLog=True, bold=False, color=array([1., 1., 1.]), colorSpace='rgb', contrast=1.0, depth=0, draggable=False, flipHoriz=False, flipVert=False, font='', fontFiles=[], height=0.04, italic=False, languageStyle='LTR', name='unnamed TextStim', opacity=1.0, ori=0.0, pos=array([0., 0.]), rgb=UNKNOWN, text=str(...), units='height', win=Window(...), wrapWidth=0.8888888888888888)
19.1176 	EXP 	Created unnamed TextStim = TextStim(__class__=<class 'psychopy.visual.text.TextStim'>, alignHoriz=method-wrapper(...), alignText='center', alignVert=method-wrapper(...), anchorHoriz='center', anchorVert='center', antialias=True, autoDraw=False, autoLog=True, bold=False, color=array([1., 1., 1.]), colorSpace='rgb', contrast=1.0, depth=0, draggable=False, flipHoriz=False, flipVert=False, font='Arial', fontFiles=[], height=0.04, italic=False, languageStyle='LTR', name='unnamed TextStim', opacity=1.0, ori=0.0, pos=array([0. , 0.1]), rgb=UNKNOWN, text='Hello World', units='height', win=Window(...), wrapWidth=0.8888888888888888)
19.1257 	EXP 	Created unnamed TextStim = TextStim(__class__=<class 'psychopy.visual.text.TextStim'>, alignHoriz=method-wrapper(...), alignText='center', alignVert=method-wrapper(...), anchorHoriz='center', anchorVert='center', antialias=True, autoDraw=False, autoLog=True, bold=False, color=array([1., 1., 1.]), colorSpace='rgb', contrast=1.0, depth=0, draggable=False, flipHoriz=False, flipVert=False, font='', fontFiles=[], height=0.04, italic=False, languageStyle='LTR', name='unnamed TextStim', opacity=1.0, ori=0.0, pos=array([0., 0.]), rgb=UNKNOWN, text=str(...), units='height', win=Window(...), wrapWidth=0.8888888888888888)
19.1285 	EXP 	Created unnamed TextStim = TextStim(__class__=<class 'psychopy.visual.text.TextStim'>, alignHoriz=method-wrapper(...), alignText='center', alignVert=method-wrapper(...), anchorHoriz='center', anchorVert='center', antialias=True, autoDraw=False, autoLog=True, bold=False, color=array([1., 1., 1.]), colorSpace='rgb', contrast=1.0, depth=0, draggable=False, flipHoriz=False, flipVert=False, font='', fontFiles=[], height=0.04, italic=False, languageStyle='LTR', name='unnamed TextStim', opacity=1.0, ori=0.0, pos=array([0., 0.]), rgb=UNKNOWN, text='The task will begin momentarily. Get ready...', units='height', win=Window(...), wrapWidth=1)
19.1304 	EXP 	Created unnamed TextStim = TextStim(__class__=<class 'psychopy.visual.text.TextStim'>, alignHoriz=method-wrapper(...), alignText='center', alignVert=method-wrapper(...), anchorHoriz='center', anchorVert='center', antialias=True, autoDraw=False, autoLog=True, bold=False, color=array([1., 1., 1.]), colorSpace='rgb', contrast=1.0, depth=0, draggable=False, flipHoriz=False, flipVert=False, font='', fontFiles=[], height=0.04, italic=False, languageStyle='LTR', name='unnamed TextStim', opacity=1.0, ori=0.0, pos=array([0., 0.]), rgb=UNKNOWN, text=str(...), units='height', win=Window(...), wrapWidth=0.8888888888888888)
19.1501 	EXP 	Created unnamed ImageStim = ImageStim(__class__=<class 'psychopy.visual.image.ImageStim'>, anchor=('center', 'center'), autoLog=True, color=array([1., 1., 1.]), colorSpace='rgb', contrast=1.0, depth=0, draggable=False, flipHoriz=False, flipVert=False, image='../stimuli/reward_low.png', interpolate=False, mask=None, maskParams=None, name='unnamed ImageStim', opacity=1, ori=0.0, pos=array([0., 0.]), size=array([0.3, 0.3]), texRes=128, units='height', win=Window(...))
19.1550 	EXP 	Created unnamed ImageStim = ImageStim(__class__=<class 'psychopy.visual.image.ImageStim'>, anchor=('center', 'center'), autoLog=True, color=array([1., 1., 1.]), colorSpace='rgb', contrast=1.0, depth=0, draggable=False, flipHoriz=False, flipVert=False, image='../stimuli/reward_high.png', interpolate=False, mask=None, maskParams=None, name='unnamed ImageStim', opacity=1, ori=0.0, pos=array([0., 0.]), size=array([0.3, 0.3]), texRes=128, units='height', win=Window(...))
19.1596 	EXP 	Created unnamed ImageStim = ImageStim(__class__=<class 'psychopy.visual.image.ImageStim'>, anchor=('center', 'center'), autoLog=True, color=array([1., 1., 1.]), colorSpace='rgb', contrast=1.0, depth=0, draggable=False, flipHoriz=False, flipVert=False, image='../stimuli/reward_neut.png', interpolate=False, mask=None, maskParams=None, name='unnamed ImageStim', opacity=1, ori=0.0, pos=array([0., 0.]), size=array([0.3, 0.3]), texRes=128, units='height', win=Window(...))
19.1642 	EXP 	Created unnamed ImageStim = ImageStim(__class__=<class 'psychopy.visual.image.ImageStim'>, anchor=('center', 'center'), autoLog=True, color=array([1., 1., 1.]), colorSpace='rgb', contrast=1.0, depth=0, draggable=False, flipHoriz=False, flipVert=False, image='../stimuli/loss_low.png', interpolate=False, mask=None, maskParams=None, name='unnamed ImageStim', opacity=1, ori=0.0, pos=array([0., 0.]), size=array([0.3, 0.3]), texRes=128, units='height', win=Window(...))
19.1687 	EXP 	Created unnamed ImageStim = ImageStim(__class__=<class 'psychopy.visual.image.ImageStim'>, anchor=('center', 'center'), autoLog=True, color=array([1., 1., 1.]), colorSpace='rgb', contrast=1.0, depth=0, draggable=False, flipHoriz=False, flipVert=False, image='../stimuli/loss_high.png', interpolate=False, mask=None, maskParams=None, name='unnamed ImageStim', opacity=1, ori=0.0, pos=array([0., 0.]), size=array([0.3, 0.3]), texRes=128, units='height', win=Window(...))
19.1738 	EXP 	Created unnamed ImageStim = ImageStim(__class__=<class 'psychopy.visual.image.ImageStim'>, anchor=('center', 'center'), autoLog=True, color=array([1., 1., 1.]), colorSpace='rgb', contrast=1.0, depth=0, draggable=False, flipHoriz=False, flipVert=False, image='../stimuli/loss_neut.png', interpolate=False, mask=None, maskParams=None, name='unnamed ImageStim', opacity=1, ori=0.0, pos=array([0., 0.]), size=array([0.3, 0.3]), texRes=128, units='height', win=Window(...))
19.1758 	EXP 	Created unnamed Polygon = Polygon(__class__=<class 'psychopy.visual.polygon.Polygon'>, anchor=('center', 'center'), autoDraw=False, autoLog=True, closeShape=True, color=method-wrapper(...), colorSpace='rgb', contrast=None, depth=0, draggable=False, fillColor=array([1, 1, 1]), fillColorSpace='rgb', fillRGB=array([1, 1, 1]), interpolate=True, lineColor=array([1., 1., 1.]), lineColorSpace='rgb', lineRGB=array([1, 1, 1]), lineWidth=1.5, name='unnamed Polygon', opacity=1, ori=0.0, pos=array([0., 0.]), size=array([1., 1.]), units='height', vertices=ndarray(...), win=Window(...))
19.1787 	EXP 	Created trial_feedback = TextStim(__class__=<class 'psychopy.visual.text.TextStim'>, alignHoriz=method-wrapper(...), alignText='center', alignVert=method-wrapper(...), anchorHoriz='center', anchorVert='center', antialias=True, autoDraw=False, autoLog=True, bold=False, color=array([1., 1., 1.]), colorSpace='rgb', contrast=1.0, depth=0, draggable=False, flipHoriz=False, flipVert=False, font='Arial', fontFiles=[], height=0.09, italic=False, languageStyle='LTR', name='trial_feedback', opacity=1, ori=0, pos=array([0., 0.]), rgb=UNKNOWN, text='Trial:', units='height', win=Window(...), wrapWidth=1)
19.1807 	EXP 	Created exp_feedback = TextStim(__class__=<class 'psychopy.visual.text.TextStim'>, alignHoriz=method-wrapper(...), alignText='center', alignVert=method-wrapper(...), anchorHoriz='center', anchorVert='center', antialias=True, autoDraw=False, autoLog=True, bold=False, color=array([1., 1., 1.]), colorSpace='rgb', contrast=1.0, depth=0, draggable=False, flipHoriz=False, flipVert=False, font='Arial', fontFiles=[], height=0.09, italic=False, languageStyle='LTR', name='exp_feedback', opacity=1, ori=0, pos=array([ 0.    , -0.0625]), rgb=UNKNOWN, text='Total:', units='height', win=Window(...), wrapWidth=1)
19.1840 	EXP 	Created unnamed TextStim = TextStim(__class__=<class 'psychopy.visual.text.TextStim'>, alignHoriz=method-wrapper(...), alignText='center', alignVert=method-wrapper(...), anchorHoriz='center', anchorVert='center', antialias=True, autoDraw=False, autoLog=True, bold=False, color=array([1., 1., 1.]), colorSpace='rgb', contrast=1.0, depth=0, draggable=False, flipHoriz=False, flipVert=False, font='', fontFiles=[], height=0.04, italic=False, languageStyle='LTR', name='unnamed TextStim', opacity=1.0, ori=0.0, pos=array([0., 0.]), rgb=UNKNOWN, text=str(...), units='height', win=Window(...), wrapWidth=1)
19.1852 	EXP 	Created unnamed TextStim = TextStim(__class__=<class 'psychopy.visual.text.TextStim'>, alignHoriz=method-wrapper(...), alignText='center', alignVert=method-wrapper(...), anchorHoriz='center', anchorVert='center', antialias=True, autoDraw=False, autoLog=True, bold=False, color=array([1., 1., 1.]), colorSpace='rgb', contrast=1.0, depth=0, draggable=False, flipHoriz=False, flipVert=False, font='', fontFiles=[], height=0.04, italic=False, languageStyle='LTR', name='unnamed TextStim', opacity=1.0, ori=0.0, pos=array([0., 0.]), rgb=UNKNOWN, text='Get ready', units='height', win=Window(...), wrapWidth=1)
19.1871 	EXP 	Created unnamed TextStim = TextStim(__class__=<class 'psychopy.visual.text.TextStim'>, alignHoriz=method-wrapper(...), alignText='center', alignVert=method-wrapper(...), anchorHoriz='center', anchorVert='center', antialias=True, autoDraw=False, autoLog=True, bold=False, color=array([1., 1., 1.]), colorSpace='rgb', contrast=1.0, depth=0, draggable=False, flipHoriz=False, flipVert=False, font='', fontFiles=[], height=0.04, italic=False, languageStyle='LTR', name='unnamed TextStim', opacity=1.0, ori=0.0, pos=array([0., 0.]), rgb=UNKNOWN, text='Please wait\n\n', units='height', win=Window(...), wrapWidth=1)
19.2460 	WARNING 	t of last frame was 184.24ms (=1/5)
29.2681 	WARNING 	t of last frame was 24.21ms (=1/41)
29.2681 	EXP 	unnamed TextStim: height = 0.04
29.2681 	EXP 	unnamed TextStim: height = 0.04
29.2681 	EXP 	unnamed TextStim: height = 0.04
29.2681 	EXP 	unnamed TextStim: text = 'Welcome!'
29.9660 	DATA 	Keypress: 1
29.9739 	WARNING 	t of last frame was 705.80ms (=1/1)
29.9739 	EXP 	unnamed TextStim: height = 0.04
29.9739 	EXP 	unnamed TextStim: height = 0.04
29.9739 	EXP 	unnamed TextStim: height = 0.04
29.9739 	EXP 	unnamed TextStim: text = 'First you will see a cross in the middle of the screen, like this:\n\n+\n\nThis means you should focus on the screen and get ready to play. '
31.4009 	DATA 	Keypress: 1
31.4371 	EXP 	Created unnamed Polygon = Polygon(__class__=<class 'psychopy.visual.polygon.Polygon'>, anchor=('center', 'center'), autoDraw=False, autoLog=True, closeShape=True, color=method-wrapper(...), colorSpace='rgb', contrast=None, depth=0, draggable=False, fillColor=array([1, 1, 1]), fillColorSpace='rgb', fillRGB=array([1, 1, 1]), interpolate=True, lineColor=array([1., 1., 1.]), lineColorSpace='rgb', lineRGB=array([1, 1, 1]), lineWidth=1.5, name='unnamed Polygon', opacity=1, ori=0.0, pos=array([0. , 0.1]), size=array([1., 1.]), units='height', vertices=ndarray(...), win=Window(...))
31.4628 	WARNING 	t of last frame was 1488.85ms (=1/0)
31.4628 	EXP 	unnamed TextStim: height = 0.04
31.4628 	EXP 	unnamed TextStim: height = 0.04
31.4628 	EXP 	unnamed TextStim: height = 0.04
31.4628 	EXP 	unnamed TextStim: text = 'Next, a small solid WHITE TRIANGLE will appear on the screen:\n\n \n\n \n\n \n\nPress the button as fast as you can when you see the solid white triangle. '
32.6256 	DATA 	Keypress: 1
32.6297 	WARNING 	Multiple dropped frames have occurred - I'll stop bothering you about them!
32.6297 	EXP 	unnamed TextStim: height = 0.04
32.6297 	EXP 	unnamed TextStim: height = 0.04
32.6297 	EXP 	unnamed TextStim: height = 0.04
32.6297 	EXP 	unnamed TextStim: text = 'Any Questions?\n\nPlease ask them now.'
33.1676 	DATA 	Keypress: 1
33.6922 	DATA 	Keypress: 1
34.0054 	DATA 	Keypress: return
39.0362 	EXP 	unnamed Polygon: autoDraw = True
39.0362 	EXP 	unnamed Polygon: autoDraw = True
39.0417 	EXP 	unnamed Polygon: autoDraw = True
39.0449 	EXP 	unnamed Polygon: autoDraw = True
39.0584 	EXP 	unnamed Polygon: autoDraw = True
39.0663 	EXP 	unnamed Polygon: autoDraw = True
39.0787 	EXP 	unnamed Polygon: autoDraw = True
39.0919 	EXP 	unnamed Polygon: autoDraw = True
39.1050 	EXP 	unnamed Polygon: autoDraw = True
39.1169 	EXP 	unnamed Polygon: autoDraw = True
39.1301 	EXP 	unnamed Polygon: autoDraw = True
39.1419 	EXP 	unnamed Polygon: autoDraw = True
39.1543 	EXP 	unnamed Polygon: autoDraw = True
39.1669 	EXP 	unnamed Polygon: autoDraw = True
39.1800 	EXP 	unnamed Polygon: autoDraw = True
39.1923 	EXP 	unnamed Polygon: autoDraw = True
39.2052 	EXP 	unnamed Polygon: autoDraw = True
39.2177 	EXP 	unnamed Polygon: autoDraw = True
39.2296 	EXP 	unnamed Polygon: autoDraw = True
39.2418 	EXP 	unnamed Polygon: autoDraw = True
39.2543 	EXP 	unnamed Polygon: autoDraw = True
39.2587 	DATA 	Keypress: 1
39.2670 	EXP 	unnamed Polygon: autoDraw = True
39.2810 	EXP 	unnamed Polygon: autoDraw = True
39.2922 	EXP 	unnamed Polygon: autoDraw = True
39.3053 	EXP 	unnamed Polygon: autoDraw = True
39.3172 	EXP 	unnamed Polygon: autoDraw = True
39.3299 	EXP 	unnamed Polygon: autoDraw = True
39.3420 	EXP 	unnamed Polygon: autoDraw = True
39.3544 	EXP 	unnamed Polygon: autoDraw = True
39.3673 	EXP 	unnamed Polygon: autoDraw = True
39.3803 	EXP 	unnamed Polygon: autoDraw = True
39.3922 	EXP 	unnamed Polygon: autoDraw = True
39.4045 	EXP 	unnamed Polygon: autoDraw = True
39.4173 	EXP 	unnamed Polygon: autoDraw = True
39.4298 	EXP 	unnamed Polygon: autoDraw = True
39.4422 	EXP 	unnamed Polygon: autoDraw = True
39.4543 	EXP 	unnamed Polygon: autoDraw = True
39.4678 	EXP 	unnamed Polygon: autoDraw = True
39.4798 	EXP 	unnamed Polygon: autoDraw = True
39.4921 	EXP 	unnamed Polygon: autoDraw = True
39.5046 	EXP 	unnamed Polygon: autoDraw = True
39.5169 	EXP 	unnamed Polygon: autoDraw = True
39.5301 	EXP 	unnamed Polygon: autoDraw = True
39.5433 	EXP 	unnamed Polygon: autoDraw = False
49.3403 	EXP 	unnamed Polygon: autoDraw = True
49.3403 	EXP 	unnamed Polygon: autoDraw = True
49.3451 	EXP 	unnamed Polygon: autoDraw = True
49.3583 	EXP 	unnamed Polygon: autoDraw = True
49.3666 	EXP 	unnamed Polygon: autoDraw = True
49.3695 	EXP 	unnamed Polygon: autoDraw = True
49.3833 	EXP 	unnamed Polygon: autoDraw = True
49.3920 	EXP 	unnamed Polygon: autoDraw = True
49.3951 	EXP 	unnamed Polygon: autoDraw = True
49.4089 	EXP 	unnamed Polygon: autoDraw = True
49.4173 	EXP 	unnamed Polygon: autoDraw = True
49.4197 	EXP 	unnamed Polygon: autoDraw = True
49.4339 	EXP 	unnamed Polygon: autoDraw = True
49.4419 	EXP 	unnamed Polygon: autoDraw = True
49.4452 	EXP 	unnamed Polygon: autoDraw = True
49.4587 	EXP 	unnamed Polygon: autoDraw = True
49.4669 	EXP 	unnamed Polygon: autoDraw = True
49.4700 	EXP 	unnamed Polygon: autoDraw = True
49.4840 	EXP 	unnamed Polygon: autoDraw = True
49.4925 	EXP 	unnamed Polygon: autoDraw = True
49.4949 	EXP 	unnamed Polygon: autoDraw = True
49.5086 	EXP 	unnamed Polygon: autoDraw = True
49.5167 	EXP 	unnamed Polygon: autoDraw = True
49.5195 	EXP 	unnamed Polygon: autoDraw = True
49.5335 	EXP 	unnamed Polygon: autoDraw = True
49.5420 	EXP 	unnamed Polygon: autoDraw = True
49.5461 	EXP 	unnamed Polygon: autoDraw = True
49.5588 	EXP 	unnamed Polygon: autoDraw = True
49.5668 	EXP 	unnamed Polygon: autoDraw = True
49.5701 	EXP 	unnamed Polygon: autoDraw = True
49.5840 	EXP 	unnamed Polygon: autoDraw = True
49.5923 	EXP 	unnamed Polygon: autoDraw = True
49.5948 	EXP 	unnamed Polygon: autoDraw = True
49.6089 	EXP 	unnamed Polygon: autoDraw = True
49.6169 	EXP 	unnamed Polygon: autoDraw = True
49.6200 	EXP 	unnamed Polygon: autoDraw = True
49.6343 	EXP 	unnamed Polygon: autoDraw = True
49.6422 	EXP 	unnamed Polygon: autoDraw = True
49.6451 	EXP 	unnamed Polygon: autoDraw = True
49.6586 	EXP 	unnamed Polygon: autoDraw = True
49.6669 	EXP 	unnamed Polygon: autoDraw = True
49.6700 	EXP 	unnamed Polygon: autoDraw = True
49.6837 	EXP 	unnamed Polygon: autoDraw = True
49.6919 	EXP 	unnamed Polygon: autoDraw = True
49.6965 	EXP 	unnamed Polygon: autoDraw = True
49.7087 	EXP 	unnamed Polygon: autoDraw = True
49.7169 	EXP 	unnamed Polygon: autoDraw = True
49.7206 	EXP 	unnamed Polygon: autoDraw = True
49.7337 	EXP 	unnamed Polygon: autoDraw = True
49.7418 	EXP 	unnamed Polygon: autoDraw = True
49.7454 	EXP 	unnamed Polygon: autoDraw = True
49.7588 	EXP 	unnamed Polygon: autoDraw = True
49.7669 	EXP 	unnamed Polygon: autoDraw = True
49.7705 	DATA 	Keypress: 1
49.7746 	EXP 	unnamed Polygon: autoDraw = True
49.7783 	EXP 	unnamed Polygon: autoDraw = True
49.7925 	EXP 	unnamed Polygon: autoDraw = True
49.8004 	EXP 	unnamed Polygon: autoDraw = True
49.8038 	EXP 	unnamed Polygon: autoDraw = True
49.8169 	EXP 	unnamed Polygon: autoDraw = True
49.8421 	EXP 	unnamed Polygon: autoDraw = False
57.4130 	EXP 	unnamed Polygon: autoDraw = True
57.4130 	EXP 	unnamed Polygon: autoDraw = True
57.4209 	EXP 	unnamed Polygon: autoDraw = True
57.4245 	EXP 	unnamed Polygon: autoDraw = True
57.4376 	EXP 	unnamed Polygon: autoDraw = True
57.4454 	EXP 	unnamed Polygon: autoDraw = True
57.4586 	EXP 	unnamed Polygon: autoDraw = True
57.4710 	EXP 	unnamed Polygon: autoDraw = True
57.4840 	EXP 	unnamed Polygon: autoDraw = True
57.4960 	EXP 	unnamed Polygon: autoDraw = True
57.5095 	EXP 	unnamed Polygon: autoDraw = True
57.5214 	EXP 	unnamed Polygon: autoDraw = True
57.5348 	EXP 	unnamed Polygon: autoDraw = True
57.5459 	EXP 	unnamed Polygon: autoDraw = True
57.5592 	EXP 	unnamed Polygon: autoDraw = True
57.5713 	EXP 	unnamed Polygon: autoDraw = True
57.5844 	EXP 	unnamed Polygon: autoDraw = True
57.5965 	EXP 	unnamed Polygon: autoDraw = True
57.6096 	EXP 	unnamed Polygon: autoDraw = True
57.6212 	EXP 	unnamed Polygon: autoDraw = True
57.6335 	EXP 	unnamed Polygon: autoDraw = True
57.6461 	EXP 	unnamed Polygon: autoDraw = True
57.6592 	EXP 	unnamed Polygon: autoDraw = True
57.6720 	EXP 	unnamed Polygon: autoDraw = True
57.6761 	DATA 	Keypress: 1
57.6832 	EXP 	unnamed Polygon: autoDraw = True
57.6959 	EXP 	unnamed Polygon: autoDraw = True
57.7091 	EXP 	unnamed Polygon: autoDraw = True
57.7210 	EXP 	unnamed Polygon: autoDraw = True
57.7341 	EXP 	unnamed Polygon: autoDraw = True
57.7463 	EXP 	unnamed Polygon: autoDraw = True
57.7598 	EXP 	unnamed Polygon: autoDraw = True
57.7713 	EXP 	unnamed Polygon: autoDraw = True
57.7843 	EXP 	unnamed Polygon: autoDraw = True
57.7965 	EXP 	unnamed Polygon: autoDraw = True
57.8090 	EXP 	unnamed Polygon: autoDraw = True
57.8211 	EXP 	unnamed Polygon: autoDraw = True
57.8343 	EXP 	unnamed Polygon: autoDraw = True
57.8470 	EXP 	unnamed Polygon: autoDraw = True
57.8601 	EXP 	unnamed Polygon: autoDraw = True
57.8706 	EXP 	unnamed Polygon: autoDraw = False
67.1607 	DATA 	Keypress: 1
68.4363 	DATA 	Keypress: 1
77.2127 	EXP 	unnamed TextStim: height = 0.04
77.2127 	EXP 	unnamed TextStim: height = 0.04
77.2127 	EXP 	unnamed TextStim: height = 0.04
77.2127 	EXP 	unnamed TextStim: text = 'Instructions...\n\nYour goal is to make as much money as possible.\n\nRemember:\nWIN CIRCLES = win money\nLOSE SQUARES = lose money\n\nQUICKLY press the button with your pointer finger when you see the solid white triangle.\n\nYou will get feedback on whether you pressed the button in time and if you won or lost money.'
79.2353 	DATA 	Keypress: 1
79.2379 	EXP 	Created unnamed TextStim = TextStim(__class__=<class 'psychopy.visual.text.TextStim'>, alignHoriz=method-wrapper(...), alignText='center', alignVert=method-wrapper(...), anchorHoriz='center', anchorVert='center', antialias=True, autoDraw=False, autoLog=True, bold=False, color=array([1., 1., 1.]), colorSpace='rgb', contrast=1.0, depth=0, draggable=False, flipHoriz=False, flipVert=False, font='', fontFiles=[], height=0.08, italic=False, languageStyle='LTR', name='unnamed TextStim', opacity=1.0, ori=0.0, pos=array([-0.65,  0.15]), rgb=UNKNOWN, text='+', units='height', win=Window(...), wrapWidth=1)
79.2435 	EXP 	Created unnamed ImageStim = ImageStim(__class__=<class 'psychopy.visual.image.ImageStim'>, anchor=('center', 'center'), autoLog=True, color=array([1., 1., 1.]), colorSpace='rgb', contrast=1.0, depth=0, draggable=False, flipHoriz=False, flipVert=False, image='../stimuli/reward_high.png', interpolate=False, mask=None, maskParams=None, name='unnamed ImageStim', opacity=1, ori=0.0, pos=array([-0.35,  0.15]), size=array([0.2, 0.2]), texRes=128, units='height', win=Window(...))
79.2445 	EXP 	Created unnamed TextStim = TextStim(__class__=<class 'psychopy.visual.text.TextStim'>, alignHoriz=method-wrapper(...), alignText='center', alignVert=method-wrapper(...), anchorHoriz='center', anchorVert='center', antialias=True, autoDraw=False, autoLog=True, bold=False, color=array([1., 1., 1.]), colorSpace='rgb', contrast=1.0, depth=0, draggable=False, flipHoriz=False, flipVert=False, font='', fontFiles=[], height=0.08, italic=False, languageStyle='LTR', name='unnamed TextStim', opacity=1.0, ori=0.0, pos=array([-0.15,  0.15]), rgb=UNKNOWN, text='+', units='height', win=Window(...), wrapWidth=1)
79.2453 	EXP 	Created unnamed Polygon = Polygon(__class__=<class 'psychopy.visual.polygon.Polygon'>, anchor=('center', 'center'), autoDraw=False, autoLog=True, closeShape=True, color=method-wrapper(...), colorSpace='rgb', contrast=None, depth=0, draggable=False, fillColor=array([1, 1, 1]), fillColorSpace='rgb', fillRGB=array([1, 1, 1]), interpolate=True, lineColor=array([1., 1., 1.]), lineColorSpace='rgb', lineRGB=array([1, 1, 1]), lineWidth=1.5, name='unnamed Polygon', opacity=1, ori=0.0, pos=array([0.15, 0.15]), size=array([1., 1.]), units='height', vertices=ndarray(...), win=Window(...))
79.2462 	EXP 	Created unnamed TextStim = TextStim(__class__=<class 'psychopy.visual.text.TextStim'>, alignHoriz=method-wrapper(...), alignText='center', alignVert=method-wrapper(...), anchorHoriz='center', anchorVert='center', antialias=True, autoDraw=False, autoLog=True, bold=False, color=array([1., 1., 1.]), colorSpace='rgb', contrast=1.0, depth=0, draggable=False, flipHoriz=False, flipVert=False, font='', fontFiles=[], height=0.08, italic=False, languageStyle='LTR', name='unnamed TextStim', opacity=1.0, ori=0.0, pos=array([0.35, 0.15]), rgb=UNKNOWN, text='+', units='height', win=Window(...), wrapWidth=1)
79.2489 	EXP 	Created unnamed TextStim = TextStim(__class__=<class 'psychopy.visual.text.TextStim'>, alignHoriz=method-wrapper(...), alignText='center', alignVert=method-wrapper(...), anchorHoriz='center', anchorVert='center', antialias=True, autoDraw=False, autoLog=True, bold=False, color=array([1., 1., 1.]), colorSpace='rgb', contrast=1.0, depth=0, draggable=False, flipHoriz=False, flipVert=False, font='', fontFiles=[], height=0.08, italic=False, languageStyle='LTR', name='unnamed TextStim', opacity=1.0, ori=0.0, pos=array([0.65, 0.15]), rgb=UNKNOWN, text='Hit!\n+$5.00', units='height', win=Window(...), wrapWidth=1)
79.2490 	WARNING 	TextStim.alignHoriz is deprecated. Use alignText and anchorHoriz attributes instead
79.2513 	EXP 	Created unnamed TextStim = TextStim(__class__=<class 'psychopy.visual.text.TextStim'>, alignHoriz='center', alignText='center', alignVert=method-wrapper(...), anchorHoriz='center', anchorVert='center', antialias=True, autoDraw=False, autoLog=True, bold=False, color=array([1., 1., 1.]), colorSpace='rgb', contrast=1.0, depth=0, draggable=False, flipHoriz=False, flipVert=False, font='', fontFiles=[], height=0.04, italic=False, languageStyle='LTR', name='unnamed TextStim', opacity=1.0, ori=0.0, pos=array([-0.65, -0.15]), rgb=UNKNOWN, text='Pay attention', units='height', win=Window(...), wrapWidth=0.1)
79.2514 	WARNING 	TextStim.alignHoriz is deprecated. Use alignText and anchorHoriz attributes instead
79.2536 	EXP 	Created unnamed TextStim = TextStim(__class__=<class 'psychopy.visual.text.TextStim'>, alignHoriz='center', alignText='center', alignVert=method-wrapper(...), anchorHoriz='center', anchorVert='center', antialias=True, autoDraw=False, autoLog=True, bold=False, color=array([1., 1., 1.]), colorSpace='rgb', contrast=1.0, depth=0, draggable=False, flipHoriz=False, flipVert=False, font='', fontFiles=[], height=0.04, italic=False, languageStyle='LTR', name='unnamed TextStim', opacity=1.0, ori=0.0, pos=array([-0.35, -0.15]), rgb=UNKNOWN, text="Cue: don't respond yet", units='height', win=Window(...), wrapWidth=0.1)
79.2537 	WARNING 	TextStim.alignHoriz is deprecated. Use alignText and anchorHoriz attributes instead
79.2548 	EXP 	Created unnamed TextStim = TextStim(__class__=<class 'psychopy.visual.text.TextStim'>, alignHoriz='center', alignText='center', alignVert=method-wrapper(...), anchorHoriz='center', anchorVert='center', antialias=True, autoDraw=False, autoLog=True, bold=False, color=array([1., 1., 1.]), colorSpace='rgb', contrast=1.0, depth=0, draggable=False, flipHoriz=False, flipVert=False, font='', fontFiles=[], height=0.04, italic=False, languageStyle='LTR', name='unnamed TextStim', opacity=1.0, ori=0.0, pos=array([-0.15, -0.15]), rgb=UNKNOWN, text='Pay attention', units='height', win=Window(...), wrapWidth=0.1)
79.2549 	WARNING 	TextStim.alignHoriz is deprecated. Use alignText and anchorHoriz attributes instead
79.2572 	EXP 	Created unnamed TextStim = TextStim(__class__=<class 'psychopy.visual.text.TextStim'>, alignHoriz='center', alignText='center', alignVert=method-wrapper(...), anchorHoriz='center', anchorVert='center', antialias=True, autoDraw=False, autoLog=True, bold=False, color=array([1., 1., 1.]), colorSpace='rgb', contrast=1.0, depth=0, draggable=False, flipHoriz=False, flipVert=False, font='', fontFiles=[], height=0.04, italic=False, languageStyle='LTR', name='unnamed TextStim', opacity=1.0, ori=0.0, pos=array([ 0.15, -0.15]), rgb=UNKNOWN, text='Respond when solid triangle is on screen', units='height', win=Window(...), wrapWidth=0.1)
79.2573 	WARNING 	TextStim.alignHoriz is deprecated. Use alignText and anchorHoriz attributes instead
79.2583 	EXP 	Created unnamed TextStim = TextStim(__class__=<class 'psychopy.visual.text.TextStim'>, alignHoriz='center', alignText='center', alignVert=method-wrapper(...), anchorHoriz='center', anchorVert='center', antialias=True, autoDraw=False, autoLog=True, bold=False, color=array([1., 1., 1.]), colorSpace='rgb', contrast=1.0, depth=0, draggable=False, flipHoriz=False, flipVert=False, font='', fontFiles=[], height=0.04, italic=False, languageStyle='LTR', name='unnamed TextStim', opacity=1.0, ori=0.0, pos=array([ 0.35, -0.15]), rgb=UNKNOWN, text='Pay attention', units='height', win=Window(...), wrapWidth=0.1)
79.2584 	WARNING 	TextStim.alignHoriz is deprecated. Use alignText and anchorHoriz attributes instead
79.2596 	EXP 	Created unnamed TextStim = TextStim(__class__=<class 'psychopy.visual.text.TextStim'>, alignHoriz='center', alignText='center', alignVert=method-wrapper(...), anchorHoriz='center', anchorVert='center', antialias=True, autoDraw=False, autoLog=True, bold=False, color=array([1., 1., 1.]), colorSpace='rgb', contrast=1.0, depth=0, draggable=False, flipHoriz=False, flipVert=False, font='', fontFiles=[], height=0.04, italic=False, languageStyle='LTR', name='unnamed TextStim', opacity=1.0, ori=0.0, pos=array([ 0.65, -0.15]), rgb=UNKNOWN, text='Feedback', units='height', win=Window(...), wrapWidth=0.1)
80.3619 	DATA 	Keypress: 1
80.8893 	DATA 	Keypress: 1
81.9107 	DATA 	Keypress: return
82.8136 	DATA 	Keypress: space
83.4244 	DATA 	Keypress: return
84.0937 	DATA 	Keypress: 5
85.3522 	DATA 	Keypress: t
86.3292 	DATA 	Keypress: equal
88.1868 	DATA 	Keypress: 1
95.5268 	EXP 	unnamed Polygon: autoDraw = True
95.5268 	EXP 	unnamed Polygon: autoDraw = True
95.5322 	EXP 	unnamed Polygon: autoDraw = True
95.5458 	EXP 	unnamed Polygon: autoDraw = True
95.5542 	EXP 	unnamed Polygon: autoDraw = True
95.5566 	EXP 	unnamed Polygon: autoDraw = True
95.5709 	EXP 	unnamed Polygon: autoDraw = True
95.5794 	EXP 	unnamed Polygon: autoDraw = True
95.5825 	EXP 	unnamed Polygon: autoDraw = True
95.5964 	EXP 	unnamed Polygon: autoDraw = True
95.6046 	EXP 	unnamed Polygon: autoDraw = True
95.6078 	EXP 	unnamed Polygon: autoDraw = True
95.6216 	EXP 	unnamed Polygon: autoDraw = True
95.6296 	EXP 	unnamed Polygon: autoDraw = True
95.6335 	EXP 	unnamed Polygon: autoDraw = True
95.6463 	EXP 	unnamed Polygon: autoDraw = True
95.6545 	EXP 	unnamed Polygon: autoDraw = True
95.6576 	EXP 	unnamed Polygon: autoDraw = True
95.6714 	EXP 	unnamed Polygon: autoDraw = True
95.6794 	EXP 	unnamed Polygon: autoDraw = True
95.6836 	EXP 	unnamed Polygon: autoDraw = True
95.6962 	EXP 	unnamed Polygon: autoDraw = True
95.7047 	EXP 	unnamed Polygon: autoDraw = True
95.7084 	EXP 	unnamed Polygon: autoDraw = True
95.7213 	EXP 	unnamed Polygon: autoDraw = True
95.7294 	EXP 	unnamed Polygon: autoDraw = True
95.7336 	EXP 	unnamed Polygon: autoDraw = True
95.7464 	EXP 	unnamed Polygon: autoDraw = True
95.7503 	DATA 	Keypress: 1
95.7717 	EXP 	unnamed Polygon: autoDraw = True
95.7885 	EXP 	unnamed Polygon: autoDraw = True
95.7967 	EXP 	unnamed Polygon: autoDraw = True
95.8012 	EXP 	unnamed Polygon: autoDraw = True
95.8136 	EXP 	unnamed Polygon: autoDraw = True
95.8205 	EXP 	unnamed Polygon: autoDraw = True
95.8262 	EXP 	unnamed Polygon: autoDraw = False
97.4638 	EXP 	trial_feedback: height = 0.09
97.4638 	EXP 	trial_feedback: height = 0.09
97.4638 	EXP 	trial_feedback: height = 0.09
97.4638 	EXP 	trial_feedback: text = 'Hit!\n+$1.50'
97.4638 	EXP 	trial_feedback: autoDraw = True
99.4472 	EXP 	trial_feedback: autoDraw = False
99.4592 	EXP 	trial_feedback: autoDraw = False
99.4592 	EXP 	exp_feedback: autoDraw = False
105.7551 	EXP 	unnamed Polygon: autoDraw = True
105.7551 	EXP 	unnamed Polygon: autoDraw = True
105.7668 	EXP 	unnamed Polygon: autoDraw = True
105.7750 	EXP 	unnamed Polygon: autoDraw = True
105.7791 	EXP 	unnamed Polygon: autoDraw = True
105.7918 	EXP 	unnamed Polygon: autoDraw = True
105.8001 	EXP 	unnamed Polygon: autoDraw = True
105.8039 	EXP 	unnamed Polygon: autoDraw = True
105.8172 	EXP 	unnamed Polygon: autoDraw = True
105.8256 	EXP 	unnamed Polygon: autoDraw = True
105.8297 	EXP 	unnamed Polygon: autoDraw = True
105.8422 	EXP 	unnamed Polygon: autoDraw = True
105.8504 	EXP 	unnamed Polygon: autoDraw = True
105.8578 	EXP 	unnamed Polygon: autoDraw = True
105.8620 	EXP 	unnamed Polygon: autoDraw = True
105.8751 	EXP 	unnamed Polygon: autoDraw = True
105.8834 	EXP 	unnamed Polygon: autoDraw = True
105.8873 	EXP 	unnamed Polygon: autoDraw = True
105.9006 	EXP 	unnamed Polygon: autoDraw = True
105.9083 	EXP 	unnamed Polygon: autoDraw = True
105.9145 	EXP 	unnamed Polygon: autoDraw = True
105.9251 	EXP 	unnamed Polygon: autoDraw = True
105.9338 	EXP 	unnamed Polygon: autoDraw = True
105.9357 	EXP 	unnamed Polygon: autoDraw = True
105.9505 	EXP 	unnamed Polygon: autoDraw = True
105.9587 	EXP 	unnamed Polygon: autoDraw = True
105.9610 	DATA 	Keypress: 1
105.9632 	EXP 	unnamed Polygon: autoDraw = True
105.9757 	EXP 	unnamed Polygon: autoDraw = True
105.9837 	EXP 	unnamed Polygon: autoDraw = True
105.9883 	EXP 	unnamed Polygon: autoDraw = True
106.0006 	EXP 	unnamed Polygon: autoDraw = True
106.0085 	EXP 	unnamed Polygon: autoDraw = True
106.0126 	EXP 	unnamed Polygon: autoDraw = True
106.0250 	EXP 	unnamed Polygon: autoDraw = True
106.0336 	EXP 	unnamed Polygon: autoDraw = True
106.0379 	EXP 	unnamed Polygon: autoDraw = True
106.0511 	EXP 	unnamed Polygon: autoDraw = True
106.0756 	EXP 	unnamed Polygon: autoDraw = False
107.6074 	EXP 	trial_feedback: height = 0.09
107.6074 	EXP 	trial_feedback: height = 0.09
107.6074 	EXP 	trial_feedback: height = 0.09
107.6074 	EXP 	trial_feedback: text = 'Hit!\n+$5.00'
107.6074 	EXP 	trial_feedback: autoDraw = True
109.6005 	EXP 	trial_feedback: autoDraw = False
109.6053 	EXP 	trial_feedback: autoDraw = False
109.6053 	EXP 	exp_feedback: autoDraw = False
116.1558 	DATA 	Keypress: escape
116.1581 	WARNING 	Escape pressed, exiting early!
116.1582 	WARNING 	Total earnings: 6.5
