4465.3441 	WARNING 	Monitor specification not found. Creating a temporary one...
4465.3559 	WARNING 	Requested an unavailable screen number - using first available.
4466.5195 	WARNING 	Couldn't measure a consistent frame rate!
  - Is your graphics card set to sync to vertical blank?
  - Are you running other processes on your computer?

4466.5200 	EXP 	Created window1 = Window(allowGUI=True, allowStencil=False, autoLog=True, backendConf=UNKNOWN, backgroundFit=<method-wrapper '__getattribute__' of attributeSetter object at 0x173e2ec50>, backgroundImage=<method-wrapper '__getattribute__' of attributeSetter object at 0x173e2ecb0>, bitsMode=UNKNOWN, blendMode='avg', bpc=(8, 8, 8), color=array([-1, -1, -1]), colorSpace='rgb', depthBits=8, fullscr=False, gamma=None, gammaErrorPolicy='raise', infoMsg=UNKNOWN, lms=UNKNOWN, monitor=<psychopy.monitors.calibTools.Monitor object at 0x173e0bd30>, multiSample=False, name='window1', numSamples=2, pos=(464, 258), screen=2, size=array([1600, 1200]), stencilBits=0, stereo=False, title='PsychoPy', units='height', useFBO=False, useRetina=True, viewOri=0.0, viewPos=None, viewScale=None, waitBlanking=True, winType='pyglet')
4466.5200 	EXP 	window1: backgroundImage = None
4466.5201 	EXP 	window1: backgroundFit = 'cover'
4466.5224 	EXP 	window1: Attempting to measure frame rate of screen (2) ...
4466.5224 	EXP 	window1: recordFrameIntervals = False
4466.6030 	EXP 	window1: recordFrameIntervals = True
4467.4424 	WARNING 	Couldn't measure a consistent frame rate!
  - Is your graphics card set to sync to vertical blank?
  - Are you running other processes on your computer?

4467.4802 	EXP 	Created unnamed TextStim = TextStim(__class__=<class 'psychopy.visual.text.TextStim'>, alignHoriz=method-wrapper(...), alignText='center', alignVert=method-wrapper(...), anchorHoriz='center', anchorVert='center', antialias=True, autoDraw=False, autoLog=True, bold=False, color=array([1., 1., 1.]), colorSpace='rgb', contrast=1.0, depth=0, draggable=False, flipHoriz=False, flipVert=False, font='', fontFiles=[], height=0.04, italic=False, languageStyle='LTR', name='unnamed TextStim', opacity=1.0, ori=0.0, pos=array([ 0.  , -0.25]), rgb=UNKNOWN, text='Press the button to continue.', units='height', win=Window(...), wrapWidth=1)
4467.4825 	EXP 	Created unnamed TextStim = TextStim(__class__=<class 'psychopy.visual.text.TextStim'>, alignHoriz=method-wrapper(...), alignText='center', alignVert=method-wrapper(...), anchorHoriz='center', anchorVert='center', antialias=True, autoDraw=False, autoLog=True, bold=False, color=array([1., 1., 1.]), colorSpace='rgb', contrast=1.0, depth=0, draggable=False, flipHoriz=False, flipVert=False, font='', fontFiles=[], height=0.08, italic=False, languageStyle='LTR', name='unnamed TextStim', opacity=1.0, ori=0.0, pos=array([0., 0.]), rgb=UNKNOWN, text='+', units='height', win=Window(...), wrapWidth=1)
4467.4872 	EXP 	Created unnamed TextStim = TextStim(__class__=<class 'psychopy.visual.text.TextStim'>, alignHoriz=method-wrapper(...), alignText='center', alignVert=method-wrapper(...), anchorHoriz='center', anchorVert='center', antialias=True, autoDraw=False, autoLog=True, bold=False, color=array([1., 1., 1.]), colorSpace='rgb', contrast=1.0, depth=0, draggable=False, flipHoriz=False, flipVert=False, font='', fontFiles=[], height=0.04, italic=False, languageStyle='LTR', name='unnamed TextStim', opacity=1.0, ori=0.0, pos=array([0., 0.]), rgb=UNKNOWN, text=str(...), units='height', win=Window(...), wrapWidth=0.8888888888888888)
4467.4939 	EXP 	Created unnamed TextStim = TextStim(__class__=<class 'psychopy.visual.text.TextStim'>, alignHoriz=method-wrapper(...), alignText='center', alignVert=method-wrapper(...), anchorHoriz='center', anchorVert='center', antialias=True, autoDraw=False, autoLog=True, bold=False, color=array([1., 1., 1.]), colorSpace='rgb', contrast=1.0, depth=0, draggable=False, flipHoriz=False, flipVert=False, font='Arial', fontFiles=[], height=0.04, italic=False, languageStyle='LTR', name='unnamed TextStim', opacity=1.0, ori=0.0, pos=array([0. , 0.1]), rgb=UNKNOWN, text='Hello World', units='height', win=Window(...), wrapWidth=0.8888888888888888)
4467.5015 	EXP 	Created unnamed TextStim = TextStim(__class__=<class 'psychopy.visual.text.TextStim'>, alignHoriz=method-wrapper(...), alignText='center', alignVert=method-wrapper(...), anchorHoriz='center', anchorVert='center', antialias=True, autoDraw=False, autoLog=True, bold=False, color=array([1., 1., 1.]), colorSpace='rgb', contrast=1.0, depth=0, draggable=False, flipHoriz=False, flipVert=False, font='', fontFiles=[], height=0.04, italic=False, languageStyle='LTR', name='unnamed TextStim', opacity=1.0, ori=0.0, pos=array([0., 0.]), rgb=UNKNOWN, text=str(...), units='height', win=Window(...), wrapWidth=0.8888888888888888)
4467.5041 	EXP 	Created unnamed TextStim = TextStim(__class__=<class 'psychopy.visual.text.TextStim'>, alignHoriz=method-wrapper(...), alignText='center', alignVert=method-wrapper(...), anchorHoriz='center', anchorVert='center', antialias=True, autoDraw=False, autoLog=True, bold=False, color=array([1., 1., 1.]), colorSpace='rgb', contrast=1.0, depth=0, draggable=False, flipHoriz=False, flipVert=False, font='', fontFiles=[], height=0.04, italic=False, languageStyle='LTR', name='unnamed TextStim', opacity=1.0, ori=0.0, pos=array([0., 0.]), rgb=UNKNOWN, text='The task will begin momentarily. Get ready...', units='height', win=Window(...), wrapWidth=1)
4467.5061 	EXP 	Created unnamed TextStim = TextStim(__class__=<class 'psychopy.visual.text.TextStim'>, alignHoriz=method-wrapper(...), alignText='center', alignVert=method-wrapper(...), anchorHoriz='center', anchorVert='center', antialias=True, autoDraw=False, autoLog=True, bold=False, color=array([1., 1., 1.]), colorSpace='rgb', contrast=1.0, depth=0, draggable=False, flipHoriz=False, flipVert=False, font='', fontFiles=[], height=0.04, italic=False, languageStyle='LTR', name='unnamed TextStim', opacity=1.0, ori=0.0, pos=array([0., 0.]), rgb=UNKNOWN, text=str(...), units='height', win=Window(...), wrapWidth=0.8888888888888888)
4467.5262 	EXP 	Created unnamed ImageStim = ImageStim(__class__=<class 'psychopy.visual.image.ImageStim'>, anchor=('center', 'center'), autoLog=True, color=array([1., 1., 1.]), colorSpace='rgb', contrast=1.0, depth=0, draggable=False, flipHoriz=False, flipVert=False, image='../stimuli/reward_low.png', interpolate=False, mask=None, maskParams=None, name='unnamed ImageStim', opacity=1, ori=0.0, pos=array([0., 0.]), size=array([0.3, 0.3]), texRes=128, units='height', win=Window(...))
4467.5319 	EXP 	Created unnamed ImageStim = ImageStim(__class__=<class 'psychopy.visual.image.ImageStim'>, anchor=('center', 'center'), autoLog=True, color=array([1., 1., 1.]), colorSpace='rgb', contrast=1.0, depth=0, draggable=False, flipHoriz=False, flipVert=False, image='../stimuli/reward_high.png', interpolate=False, mask=None, maskParams=None, name='unnamed ImageStim', opacity=1, ori=0.0, pos=array([0., 0.]), size=array([0.3, 0.3]), texRes=128, units='height', win=Window(...))
4467.5367 	EXP 	Created unnamed ImageStim = ImageStim(__class__=<class 'psychopy.visual.image.ImageStim'>, anchor=('center', 'center'), autoLog=True, color=array([1., 1., 1.]), colorSpace='rgb', contrast=1.0, depth=0, draggable=False, flipHoriz=False, flipVert=False, image='../stimuli/reward_neut.png', interpolate=False, mask=None, maskParams=None, name='unnamed ImageStim', opacity=1, ori=0.0, pos=array([0., 0.]), size=array([0.3, 0.3]), texRes=128, units='height', win=Window(...))
4467.5415 	EXP 	Created unnamed ImageStim = ImageStim(__class__=<class 'psychopy.visual.image.ImageStim'>, anchor=('center', 'center'), autoLog=True, color=array([1., 1., 1.]), colorSpace='rgb', contrast=1.0, depth=0, draggable=False, flipHoriz=False, flipVert=False, image='../stimuli/loss_low.png', interpolate=False, mask=None, maskParams=None, name='unnamed ImageStim', opacity=1, ori=0.0, pos=array([0., 0.]), size=array([0.3, 0.3]), texRes=128, units='height', win=Window(...))
4467.5460 	EXP 	Created unnamed ImageStim = ImageStim(__class__=<class 'psychopy.visual.image.ImageStim'>, anchor=('center', 'center'), autoLog=True, color=array([1., 1., 1.]), colorSpace='rgb', contrast=1.0, depth=0, draggable=False, flipHoriz=False, flipVert=False, image='../stimuli/loss_high.png', interpolate=False, mask=None, maskParams=None, name='unnamed ImageStim', opacity=1, ori=0.0, pos=array([0., 0.]), size=array([0.3, 0.3]), texRes=128, units='height', win=Window(...))
4467.5503 	EXP 	Created unnamed ImageStim = ImageStim(__class__=<class 'psychopy.visual.image.ImageStim'>, anchor=('center', 'center'), autoLog=True, color=array([1., 1., 1.]), colorSpace='rgb', contrast=1.0, depth=0, draggable=False, flipHoriz=False, flipVert=False, image='../stimuli/loss_neut.png', interpolate=False, mask=None, maskParams=None, name='unnamed ImageStim', opacity=1, ori=0.0, pos=array([0., 0.]), size=array([0.3, 0.3]), texRes=128, units='height', win=Window(...))
4467.5524 	EXP 	Created unnamed Polygon = Polygon(__class__=<class 'psychopy.visual.polygon.Polygon'>, anchor=('center', 'center'), autoDraw=False, autoLog=True, closeShape=True, color=method-wrapper(...), colorSpace='rgb', contrast=None, depth=0, draggable=False, fillColor=array([1, 1, 1]), fillColorSpace='rgb', fillRGB=array([1, 1, 1]), interpolate=True, lineColor=array([1., 1., 1.]), lineColorSpace='rgb', lineRGB=array([1, 1, 1]), lineWidth=1.5, name='unnamed Polygon', opacity=1, ori=0.0, pos=array([0., 0.]), size=array([1., 1.]), units='height', vertices=ndarray(...), win=Window(...))
4467.5553 	EXP 	Created trial_feedback = TextStim(__class__=<class 'psychopy.visual.text.TextStim'>, alignHoriz=method-wrapper(...), alignText='center', alignVert=method-wrapper(...), anchorHoriz='center', anchorVert='center', antialias=True, autoDraw=False, autoLog=True, bold=False, color=array([1., 1., 1.]), colorSpace='rgb', contrast=1.0, depth=0, draggable=False, flipHoriz=False, flipVert=False, font='Arial', fontFiles=[], height=0.09, italic=False, languageStyle='LTR', name='trial_feedback', opacity=1, ori=0, pos=array([0., 0.]), rgb=UNKNOWN, text='Trial:', units='height', win=Window(...), wrapWidth=1)
4467.5573 	EXP 	Created exp_feedback = TextStim(__class__=<class 'psychopy.visual.text.TextStim'>, alignHoriz=method-wrapper(...), alignText='center', alignVert=method-wrapper(...), anchorHoriz='center', anchorVert='center', antialias=True, autoDraw=False, autoLog=True, bold=False, color=array([1., 1., 1.]), colorSpace='rgb', contrast=1.0, depth=0, draggable=False, flipHoriz=False, flipVert=False, font='Arial', fontFiles=[], height=0.09, italic=False, languageStyle='LTR', name='exp_feedback', opacity=1, ori=0, pos=array([ 0.    , -0.0625]), rgb=UNKNOWN, text='Total:', units='height', win=Window(...), wrapWidth=1)
4467.5605 	EXP 	Created unnamed TextStim = TextStim(__class__=<class 'psychopy.visual.text.TextStim'>, alignHoriz=method-wrapper(...), alignText='center', alignVert=method-wrapper(...), anchorHoriz='center', anchorVert='center', antialias=True, autoDraw=False, autoLog=True, bold=False, color=array([1., 1., 1.]), colorSpace='rgb', contrast=1.0, depth=0, draggable=False, flipHoriz=False, flipVert=False, font='', fontFiles=[], height=0.04, italic=False, languageStyle='LTR', name='unnamed TextStim', opacity=1.0, ori=0.0, pos=array([0., 0.]), rgb=UNKNOWN, text=str(...), units='height', win=Window(...), wrapWidth=1)
4467.5618 	EXP 	Created unnamed TextStim = TextStim(__class__=<class 'psychopy.visual.text.TextStim'>, alignHoriz=method-wrapper(...), alignText='center', alignVert=method-wrapper(...), anchorHoriz='center', anchorVert='center', antialias=True, autoDraw=False, autoLog=True, bold=False, color=array([1., 1., 1.]), colorSpace='rgb', contrast=1.0, depth=0, draggable=False, flipHoriz=False, flipVert=False, font='', fontFiles=[], height=0.04, italic=False, languageStyle='LTR', name='unnamed TextStim', opacity=1.0, ori=0.0, pos=array([0., 0.]), rgb=UNKNOWN, text='Get ready', units='height', win=Window(...), wrapWidth=1)
4467.5635 	EXP 	Created unnamed TextStim = TextStim(__class__=<class 'psychopy.visual.text.TextStim'>, alignHoriz=method-wrapper(...), alignText='center', alignVert=method-wrapper(...), anchorHoriz='center', anchorVert='center', antialias=True, autoDraw=False, autoLog=True, bold=False, color=array([1., 1., 1.]), colorSpace='rgb', contrast=1.0, depth=0, draggable=False, flipHoriz=False, flipVert=False, font='', fontFiles=[], height=0.04, italic=False, languageStyle='LTR', name='unnamed TextStim', opacity=1.0, ori=0.0, pos=array([0., 0.]), rgb=UNKNOWN, text='Please wait\n\n', units='height', win=Window(...), wrapWidth=1)
4467.6324 	WARNING 	t of last frame was 190.22ms (=1/5)
4477.6590 	WARNING 	t of last frame was 25.45ms (=1/39)
4477.6590 	EXP 	unnamed TextStim: height = 0.04
4477.6590 	EXP 	unnamed TextStim: height = 0.04
4477.6590 	EXP 	unnamed TextStim: height = 0.04
4477.6590 	EXP 	unnamed TextStim: text = 'Welcome!'
4478.1968 	DATA 	Keypress: 1
4478.2047 	WARNING 	t of last frame was 545.68ms (=1/1)
4478.2047 	EXP 	unnamed TextStim: height = 0.04
4478.2047 	EXP 	unnamed TextStim: height = 0.04
4478.2047 	EXP 	unnamed TextStim: height = 0.04
4478.2047 	EXP 	unnamed TextStim: text = 'First you will see a cross in the middle of the screen, like this:\n\n+\n\nThis means you should focus on the screen and get ready to play. '
4478.6532 	DATA 	Keypress: 1
4478.6593 	EXP 	Created unnamed Polygon = Polygon(__class__=<class 'psychopy.visual.polygon.Polygon'>, anchor=('center', 'center'), autoDraw=False, autoLog=True, closeShape=True, color=method-wrapper(...), colorSpace='rgb', contrast=None, depth=0, draggable=False, fillColor=array([1, 1, 1]), fillColorSpace='rgb', fillRGB=array([1, 1, 1]), interpolate=True, lineColor=array([1., 1., 1.]), lineColorSpace='rgb', lineRGB=array([1, 1, 1]), lineWidth=1.5, name='unnamed Polygon', opacity=1, ori=0.0, pos=array([0. , 0.1]), size=array([1., 1.]), units='height', vertices=ndarray(...), win=Window(...))
4478.6720 	WARNING 	t of last frame was 467.33ms (=1/2)
4478.6720 	EXP 	unnamed TextStim: height = 0.04
4478.6720 	EXP 	unnamed TextStim: height = 0.04
4478.6720 	EXP 	unnamed TextStim: height = 0.04
4478.6720 	EXP 	unnamed TextStim: text = 'Next, a small solid WHITE TRIANGLE will appear on the screen:\n\n \n\n \n\n \n\nPress the button as fast as you can when you see the solid white triangle. '
4479.0398 	DATA 	Keypress: 1
4479.0845 	WARNING 	Multiple dropped frames have occurred - I'll stop bothering you about them!
4479.0844 	EXP 	unnamed TextStim: height = 0.04
4479.0844 	EXP 	unnamed TextStim: height = 0.04
4479.0844 	EXP 	unnamed TextStim: height = 0.04
4479.0844 	EXP 	unnamed TextStim: text = 'Any Questions?\n\nPlease ask them now.'
4479.2887 	DATA 	Keypress: 1
4479.4997 	DATA 	Keypress: 1
4480.0915 	DATA 	Keypress: return
4481.0118 	DATA 	Keypress: 5
4481.8688 	DATA 	Keypress: equal
4486.8920 	EXP 	unnamed Polygon: autoDraw = True
4486.8920 	EXP 	unnamed Polygon: autoDraw = True
4486.9000 	EXP 	unnamed Polygon: autoDraw = True
4486.9030 	EXP 	unnamed Polygon: autoDraw = True
4486.9166 	EXP 	unnamed Polygon: autoDraw = True
4486.9249 	EXP 	unnamed Polygon: autoDraw = True
4486.9281 	EXP 	unnamed Polygon: autoDraw = True
4486.9430 	EXP 	unnamed Polygon: autoDraw = True
4486.9500 	EXP 	unnamed Polygon: autoDraw = True
4486.9538 	EXP 	unnamed Polygon: autoDraw = True
4486.9676 	EXP 	unnamed Polygon: autoDraw = True
4486.9749 	EXP 	unnamed Polygon: autoDraw = True
4486.9780 	EXP 	unnamed Polygon: autoDraw = True
4486.9923 	EXP 	unnamed Polygon: autoDraw = True
4487.0002 	EXP 	unnamed Polygon: autoDraw = True
4487.0035 	EXP 	unnamed Polygon: autoDraw = True
4487.0170 	EXP 	unnamed Polygon: autoDraw = True
4487.0251 	EXP 	unnamed Polygon: autoDraw = True
4487.0281 	EXP 	unnamed Polygon: autoDraw = True
4487.0419 	EXP 	unnamed Polygon: autoDraw = True
4487.0503 	EXP 	unnamed Polygon: autoDraw = True
4487.0539 	EXP 	unnamed Polygon: autoDraw = True
4487.0670 	EXP 	unnamed Polygon: autoDraw = True
4487.0752 	EXP 	unnamed Polygon: autoDraw = True
4487.0788 	EXP 	unnamed Polygon: autoDraw = True
4487.0920 	EXP 	unnamed Polygon: autoDraw = True
4487.1002 	EXP 	unnamed Polygon: autoDraw = True
4487.1048 	EXP 	unnamed Polygon: autoDraw = True
4487.1171 	EXP 	unnamed Polygon: autoDraw = True
4487.1252 	EXP 	unnamed Polygon: autoDraw = True
4487.1290 	DATA 	Keypress: 1
4487.1333 	EXP 	unnamed Polygon: autoDraw = True
4487.1370 	EXP 	unnamed Polygon: autoDraw = True
4487.1503 	EXP 	unnamed Polygon: autoDraw = True
4487.1584 	EXP 	unnamed Polygon: autoDraw = True
4487.1617 	EXP 	unnamed Polygon: autoDraw = True
4487.1754 	EXP 	unnamed Polygon: autoDraw = True
4487.1834 	EXP 	unnamed Polygon: autoDraw = True
4487.1868 	EXP 	unnamed Polygon: autoDraw = True
4487.2004 	EXP 	unnamed Polygon: autoDraw = True
4487.2084 	EXP 	unnamed Polygon: autoDraw = True
4487.2121 	EXP 	unnamed Polygon: autoDraw = True
4487.2253 	EXP 	unnamed Polygon: autoDraw = True
4487.2335 	EXP 	unnamed Polygon: autoDraw = True
4487.2369 	EXP 	unnamed Polygon: autoDraw = True
4487.2504 	EXP 	unnamed Polygon: autoDraw = True
4487.2585 	EXP 	unnamed Polygon: autoDraw = True
4487.2624 	EXP 	unnamed Polygon: autoDraw = True
4487.2759 	EXP 	unnamed Polygon: autoDraw = True
4487.2836 	EXP 	unnamed Polygon: autoDraw = True
4487.2883 	EXP 	unnamed Polygon: autoDraw = True
4487.3003 	EXP 	unnamed Polygon: autoDraw = True
4487.3085 	EXP 	unnamed Polygon: autoDraw = True
4487.3118 	EXP 	unnamed Polygon: autoDraw = True
4487.3256 	EXP 	unnamed Polygon: autoDraw = True
4487.3336 	EXP 	unnamed Polygon: autoDraw = True
4487.3379 	EXP 	unnamed Polygon: autoDraw = True
4487.3503 	EXP 	unnamed Polygon: autoDraw = True
4487.3585 	EXP 	unnamed Polygon: autoDraw = True
4487.3632 	EXP 	unnamed Polygon: autoDraw = True
4487.3753 	EXP 	unnamed Polygon: autoDraw = True
4487.3834 	EXP 	unnamed Polygon: autoDraw = True
4487.3936 	EXP 	unnamed Polygon: autoDraw = False
4493.1898 	EXP 	unnamed Polygon: autoDraw = True
4493.1898 	EXP 	unnamed Polygon: autoDraw = True
4493.2003 	EXP 	unnamed Polygon: autoDraw = True
4493.2128 	EXP 	unnamed Polygon: autoDraw = True
4493.2253 	EXP 	unnamed Polygon: autoDraw = True
4493.2383 	EXP 	unnamed Polygon: autoDraw = True
4493.2502 	EXP 	unnamed Polygon: autoDraw = True
4493.2635 	EXP 	unnamed Polygon: autoDraw = True
4493.2758 	EXP 	unnamed Polygon: autoDraw = True
4493.2882 	EXP 	unnamed Polygon: autoDraw = True
4493.3011 	EXP 	unnamed Polygon: autoDraw = True
4493.3134 	EXP 	unnamed Polygon: autoDraw = True
4493.3259 	EXP 	unnamed Polygon: autoDraw = True
4493.3388 	EXP 	unnamed Polygon: autoDraw = True
4493.3504 	EXP 	unnamed Polygon: autoDraw = True
4493.3629 	EXP 	unnamed Polygon: autoDraw = True
4493.3758 	EXP 	unnamed Polygon: autoDraw = True
4493.3885 	EXP 	unnamed Polygon: autoDraw = True
4493.4007 	EXP 	unnamed Polygon: autoDraw = True
4493.4131 	EXP 	unnamed Polygon: autoDraw = True
4493.4257 	EXP 	unnamed Polygon: autoDraw = True
4493.4383 	EXP 	unnamed Polygon: autoDraw = True
4493.4425 	DATA 	Keypress: 1
4493.4493 	EXP 	unnamed Polygon: autoDraw = True
4493.4630 	EXP 	unnamed Polygon: autoDraw = True
4493.4675 	EXP 	unnamed Polygon: autoDraw = True
4493.4835 	EXP 	unnamed Polygon: autoDraw = True
4493.4875 	EXP 	unnamed Polygon: autoDraw = True
4493.4919 	EXP 	unnamed Polygon: autoDraw = True
4493.5044 	EXP 	unnamed Polygon: autoDraw = True
4493.5125 	EXP 	unnamed Polygon: autoDraw = True
4493.5159 	EXP 	unnamed Polygon: autoDraw = True
4493.5298 	EXP 	unnamed Polygon: autoDraw = True
4493.5375 	EXP 	unnamed Polygon: autoDraw = True
4493.5410 	EXP 	unnamed Polygon: autoDraw = True
4493.5544 	EXP 	unnamed Polygon: autoDraw = True
4493.5626 	EXP 	unnamed Polygon: autoDraw = True
4493.5664 	EXP 	unnamed Polygon: autoDraw = True
4493.5795 	EXP 	unnamed Polygon: autoDraw = True
4493.5878 	EXP 	unnamed Polygon: autoDraw = True
4493.5910 	EXP 	unnamed Polygon: autoDraw = True
4493.6046 	EXP 	unnamed Polygon: autoDraw = True
4493.6126 	EXP 	unnamed Polygon: autoDraw = True
4493.6156 	EXP 	unnamed Polygon: autoDraw = True
4493.6297 	EXP 	unnamed Polygon: autoDraw = True
4493.6378 	EXP 	unnamed Polygon: autoDraw = True
4493.6406 	EXP 	unnamed Polygon: autoDraw = True
4493.6541 	EXP 	unnamed Polygon: autoDraw = True
4493.6635 	EXP 	unnamed Polygon: autoDraw = True
4493.6798 	EXP 	unnamed Polygon: autoDraw = True
4493.6870 	EXP 	unnamed Polygon: autoDraw = False
4501.4548 	EXP 	unnamed Polygon: autoDraw = True
4501.4548 	EXP 	unnamed Polygon: autoDraw = True
4501.4624 	EXP 	unnamed Polygon: autoDraw = True
4501.4654 	EXP 	unnamed Polygon: autoDraw = True
4501.4791 	EXP 	unnamed Polygon: autoDraw = True
4501.4883 	EXP 	unnamed Polygon: autoDraw = True
4501.5050 	EXP 	unnamed Polygon: autoDraw = True
4501.5126 	EXP 	unnamed Polygon: autoDraw = True
4501.5164 	EXP 	unnamed Polygon: autoDraw = True
4501.5295 	EXP 	unnamed Polygon: autoDraw = True
4501.5377 	EXP 	unnamed Polygon: autoDraw = True
4501.5416 	EXP 	unnamed Polygon: autoDraw = True
4501.5546 	EXP 	unnamed Polygon: autoDraw = True
4501.5626 	EXP 	unnamed Polygon: autoDraw = True
4501.5663 	EXP 	unnamed Polygon: autoDraw = True
4501.5796 	EXP 	unnamed Polygon: autoDraw = True
4501.5878 	EXP 	unnamed Polygon: autoDraw = True
4501.5912 	EXP 	unnamed Polygon: autoDraw = True
4501.6045 	EXP 	unnamed Polygon: autoDraw = True
4501.6127 	EXP 	unnamed Polygon: autoDraw = True
4501.6162 	EXP 	unnamed Polygon: autoDraw = True
4501.6297 	EXP 	unnamed Polygon: autoDraw = True
4501.6377 	EXP 	unnamed Polygon: autoDraw = True
4501.6412 	EXP 	unnamed Polygon: autoDraw = True
4501.6545 	EXP 	unnamed Polygon: autoDraw = True
4501.6627 	EXP 	unnamed Polygon: autoDraw = True
4501.6673 	EXP 	unnamed Polygon: autoDraw = True
4501.6795 	EXP 	unnamed Polygon: autoDraw = True
4501.6877 	EXP 	unnamed Polygon: autoDraw = True
4501.6911 	EXP 	unnamed Polygon: autoDraw = True
4501.7045 	EXP 	unnamed Polygon: autoDraw = True
4501.7127 	EXP 	unnamed Polygon: autoDraw = True
4501.7160 	EXP 	unnamed Polygon: autoDraw = True
4501.7296 	EXP 	unnamed Polygon: autoDraw = True
4501.7377 	EXP 	unnamed Polygon: autoDraw = True
4501.7423 	EXP 	unnamed Polygon: autoDraw = True
4501.7546 	EXP 	unnamed Polygon: autoDraw = True
4501.7626 	EXP 	unnamed Polygon: autoDraw = True
4501.7663 	EXP 	unnamed Polygon: autoDraw = True
4501.7795 	EXP 	unnamed Polygon: autoDraw = True
4501.7878 	EXP 	unnamed Polygon: autoDraw = True
4501.7924 	EXP 	unnamed Polygon: autoDraw = True
4501.7964 	DATA 	Keypress: 1
4501.8007 	EXP 	unnamed Polygon: autoDraw = True
4501.8128 	EXP 	unnamed Polygon: autoDraw = True
4501.8212 	EXP 	unnamed Polygon: autoDraw = True
4501.8247 	EXP 	unnamed Polygon: autoDraw = True
4501.8378 	EXP 	unnamed Polygon: autoDraw = True
4501.8461 	EXP 	unnamed Polygon: autoDraw = True
4501.8510 	EXP 	unnamed Polygon: autoDraw = True
4501.8628 	EXP 	unnamed Polygon: autoDraw = True
4501.8709 	EXP 	unnamed Polygon: autoDraw = True
4501.8746 	EXP 	unnamed Polygon: autoDraw = True
4501.8879 	EXP 	unnamed Polygon: autoDraw = True
4501.8960 	EXP 	unnamed Polygon: autoDraw = True
4501.8999 	EXP 	unnamed Polygon: autoDraw = True
4501.9129 	EXP 	unnamed Polygon: autoDraw = True
4501.9210 	EXP 	unnamed Polygon: autoDraw = True
4501.9260 	EXP 	unnamed Polygon: autoDraw = True
4501.9370 	EXP 	unnamed Polygon: autoDraw = False
4509.3194 	DATA 	Keypress: 1
4510.0249 	DATA 	Keypress: 1
4510.7899 	DATA 	Keypress: return
4519.3565 	EXP 	unnamed TextStim: height = 0.04
4519.3565 	EXP 	unnamed TextStim: height = 0.04
4519.3565 	EXP 	unnamed TextStim: height = 0.04
4519.3565 	EXP 	unnamed TextStim: text = 'Instructions...\n\nYour goal is to make as much money as possible.\n\nRemember:\nWIN CIRCLES = win money\nLOSE SQUARES = lose money\n\nQUICKLY press the button with your pointer finger when you see the solid white triangle.\n\nYou will get feedback on whether you pressed the button in time and if you won or lost money.'
4520.1095 	DATA 	Keypress: 1
4520.1114 	EXP 	Created unnamed TextStim = TextStim(__class__=<class 'psychopy.visual.text.TextStim'>, alignHoriz=method-wrapper(...), alignText='center', alignVert=method-wrapper(...), anchorHoriz='center', anchorVert='center', antialias=True, autoDraw=False, autoLog=True, bold=False, color=array([1., 1., 1.]), colorSpace='rgb', contrast=1.0, depth=0, draggable=False, flipHoriz=False, flipVert=False, font='', fontFiles=[], height=0.08, italic=False, languageStyle='LTR', name='unnamed TextStim', opacity=1.0, ori=0.0, pos=array([-0.65,  0.15]), rgb=UNKNOWN, text='+', units='height', win=Window(...), wrapWidth=1)
4520.1170 	EXP 	Created unnamed ImageStim = ImageStim(__class__=<class 'psychopy.visual.image.ImageStim'>, anchor=('center', 'center'), autoLog=True, color=array([1., 1., 1.]), colorSpace='rgb', contrast=1.0, depth=0, draggable=False, flipHoriz=False, flipVert=False, image='../stimuli/reward_high.png', interpolate=False, mask=None, maskParams=None, name='unnamed ImageStim', opacity=1, ori=0.0, pos=array([-0.35,  0.15]), size=array([0.2, 0.2]), texRes=128, units='height', win=Window(...))
4520.1179 	EXP 	Created unnamed TextStim = TextStim(__class__=<class 'psychopy.visual.text.TextStim'>, alignHoriz=method-wrapper(...), alignText='center', alignVert=method-wrapper(...), anchorHoriz='center', anchorVert='center', antialias=True, autoDraw=False, autoLog=True, bold=False, color=array([1., 1., 1.]), colorSpace='rgb', contrast=1.0, depth=0, draggable=False, flipHoriz=False, flipVert=False, font='', fontFiles=[], height=0.08, italic=False, languageStyle='LTR', name='unnamed TextStim', opacity=1.0, ori=0.0, pos=array([-0.15,  0.15]), rgb=UNKNOWN, text='+', units='height', win=Window(...), wrapWidth=1)
4520.1186 	EXP 	Created unnamed Polygon = Polygon(__class__=<class 'psychopy.visual.polygon.Polygon'>, anchor=('center', 'center'), autoDraw=False, autoLog=True, closeShape=True, color=method-wrapper(...), colorSpace='rgb', contrast=None, depth=0, draggable=False, fillColor=array([1, 1, 1]), fillColorSpace='rgb', fillRGB=array([1, 1, 1]), interpolate=True, lineColor=array([1., 1., 1.]), lineColorSpace='rgb', lineRGB=array([1, 1, 1]), lineWidth=1.5, name='unnamed Polygon', opacity=1, ori=0.0, pos=array([0.15, 0.15]), size=array([1., 1.]), units='height', vertices=ndarray(...), win=Window(...))
4520.1194 	EXP 	Created unnamed TextStim = TextStim(__class__=<class 'psychopy.visual.text.TextStim'>, alignHoriz=method-wrapper(...), alignText='center', alignVert=method-wrapper(...), anchorHoriz='center', anchorVert='center', antialias=True, autoDraw=False, autoLog=True, bold=False, color=array([1., 1., 1.]), colorSpace='rgb', contrast=1.0, depth=0, draggable=False, flipHoriz=False, flipVert=False, font='', fontFiles=[], height=0.08, italic=False, languageStyle='LTR', name='unnamed TextStim', opacity=1.0, ori=0.0, pos=array([0.35, 0.15]), rgb=UNKNOWN, text='+', units='height', win=Window(...), wrapWidth=1)
4520.1219 	EXP 	Created unnamed TextStim = TextStim(__class__=<class 'psychopy.visual.text.TextStim'>, alignHoriz=method-wrapper(...), alignText='center', alignVert=method-wrapper(...), anchorHoriz='center', anchorVert='center', antialias=True, autoDraw=False, autoLog=True, bold=False, color=array([1., 1., 1.]), colorSpace='rgb', contrast=1.0, depth=0, draggable=False, flipHoriz=False, flipVert=False, font='', fontFiles=[], height=0.08, italic=False, languageStyle='LTR', name='unnamed TextStim', opacity=1.0, ori=0.0, pos=array([0.65, 0.15]), rgb=UNKNOWN, text='Hit!\n+$5.00', units='height', win=Window(...), wrapWidth=1)
4520.1220 	WARNING 	TextStim.alignHoriz is deprecated. Use alignText and anchorHoriz attributes instead
4520.1240 	EXP 	Created unnamed TextStim = TextStim(__class__=<class 'psychopy.visual.text.TextStim'>, alignHoriz='center', alignText='center', alignVert=method-wrapper(...), anchorHoriz='center', anchorVert='center', antialias=True, autoDraw=False, autoLog=True, bold=False, color=array([1., 1., 1.]), colorSpace='rgb', contrast=1.0, depth=0, draggable=False, flipHoriz=False, flipVert=False, font='', fontFiles=[], height=0.04, italic=False, languageStyle='LTR', name='unnamed TextStim', opacity=1.0, ori=0.0, pos=array([-0.65, -0.15]), rgb=UNKNOWN, text='Pay attention', units='height', win=Window(...), wrapWidth=0.1)
4520.1241 	WARNING 	TextStim.alignHoriz is deprecated. Use alignText and anchorHoriz attributes instead
4520.1263 	EXP 	Created unnamed TextStim = TextStim(__class__=<class 'psychopy.visual.text.TextStim'>, alignHoriz='center', alignText='center', alignVert=method-wrapper(...), anchorHoriz='center', anchorVert='center', antialias=True, autoDraw=False, autoLog=True, bold=False, color=array([1., 1., 1.]), colorSpace='rgb', contrast=1.0, depth=0, draggable=False, flipHoriz=False, flipVert=False, font='', fontFiles=[], height=0.04, italic=False, languageStyle='LTR', name='unnamed TextStim', opacity=1.0, ori=0.0, pos=array([-0.35, -0.15]), rgb=UNKNOWN, text="Cue: don't respond yet", units='height', win=Window(...), wrapWidth=0.1)
4520.1264 	WARNING 	TextStim.alignHoriz is deprecated. Use alignText and anchorHoriz attributes instead
4520.1274 	EXP 	Created unnamed TextStim = TextStim(__class__=<class 'psychopy.visual.text.TextStim'>, alignHoriz='center', alignText='center', alignVert=method-wrapper(...), anchorHoriz='center', anchorVert='center', antialias=True, autoDraw=False, autoLog=True, bold=False, color=array([1., 1., 1.]), colorSpace='rgb', contrast=1.0, depth=0, draggable=False, flipHoriz=False, flipVert=False, font='', fontFiles=[], height=0.04, italic=False, languageStyle='LTR', name='unnamed TextStim', opacity=1.0, ori=0.0, pos=array([-0.15, -0.15]), rgb=UNKNOWN, text='Pay attention', units='height', win=Window(...), wrapWidth=0.1)
4520.1275 	WARNING 	TextStim.alignHoriz is deprecated. Use alignText and anchorHoriz attributes instead
4520.1296 	EXP 	Created unnamed TextStim = TextStim(__class__=<class 'psychopy.visual.text.TextStim'>, alignHoriz='center', alignText='center', alignVert=method-wrapper(...), anchorHoriz='center', anchorVert='center', antialias=True, autoDraw=False, autoLog=True, bold=False, color=array([1., 1., 1.]), colorSpace='rgb', contrast=1.0, depth=0, draggable=False, flipHoriz=False, flipVert=False, font='', fontFiles=[], height=0.04, italic=False, languageStyle='LTR', name='unnamed TextStim', opacity=1.0, ori=0.0, pos=array([ 0.15, -0.15]), rgb=UNKNOWN, text='Respond when solid triangle is on screen', units='height', win=Window(...), wrapWidth=0.1)
4520.1297 	WARNING 	TextStim.alignHoriz is deprecated. Use alignText and anchorHoriz attributes instead
4520.1308 	EXP 	Created unnamed TextStim = TextStim(__class__=<class 'psychopy.visual.text.TextStim'>, alignHoriz='center', alignText='center', alignVert=method-wrapper(...), anchorHoriz='center', anchorVert='center', antialias=True, autoDraw=False, autoLog=True, bold=False, color=array([1., 1., 1.]), colorSpace='rgb', contrast=1.0, depth=0, draggable=False, flipHoriz=False, flipVert=False, font='', fontFiles=[], height=0.04, italic=False, languageStyle='LTR', name='unnamed TextStim', opacity=1.0, ori=0.0, pos=array([ 0.35, -0.15]), rgb=UNKNOWN, text='Pay attention', units='height', win=Window(...), wrapWidth=0.1)
4520.1308 	WARNING 	TextStim.alignHoriz is deprecated. Use alignText and anchorHoriz attributes instead
4520.1320 	EXP 	Created unnamed TextStim = TextStim(__class__=<class 'psychopy.visual.text.TextStim'>, alignHoriz='center', alignText='center', alignVert=method-wrapper(...), anchorHoriz='center', anchorVert='center', antialias=True, autoDraw=False, autoLog=True, bold=False, color=array([1., 1., 1.]), colorSpace='rgb', contrast=1.0, depth=0, draggable=False, flipHoriz=False, flipVert=False, font='', fontFiles=[], height=0.04, italic=False, languageStyle='LTR', name='unnamed TextStim', opacity=1.0, ori=0.0, pos=array([ 0.65, -0.15]), rgb=UNKNOWN, text='Feedback', units='height', win=Window(...), wrapWidth=0.1)
4520.8457 	DATA 	Keypress: 1
4521.2871 	DATA 	Keypress: 1
4521.9861 	DATA 	Keypress: return
4523.2124 	DATA 	Keypress: equal
4526.4803 	DATA 	Keypress: equal
4535.7142 	EXP 	unnamed Polygon: autoDraw = True
4535.7142 	EXP 	unnamed Polygon: autoDraw = True
4535.7253 	EXP 	unnamed Polygon: autoDraw = True
4535.7334 	EXP 	unnamed Polygon: autoDraw = True
4535.7365 	EXP 	unnamed Polygon: autoDraw = True
4535.7503 	EXP 	unnamed Polygon: autoDraw = True
4535.7584 	EXP 	unnamed Polygon: autoDraw = True
4535.7617 	EXP 	unnamed Polygon: autoDraw = True
4535.7754 	EXP 	unnamed Polygon: autoDraw = True
4535.7836 	EXP 	unnamed Polygon: autoDraw = True
4535.7873 	EXP 	unnamed Polygon: autoDraw = True
4535.8003 	EXP 	unnamed Polygon: autoDraw = True
4535.8091 	EXP 	unnamed Polygon: autoDraw = True
4535.8132 	EXP 	unnamed Polygon: autoDraw = True
4535.8259 	EXP 	unnamed Polygon: autoDraw = True
4535.8337 	EXP 	unnamed Polygon: autoDraw = True
4535.8375 	EXP 	unnamed Polygon: autoDraw = True
4535.8513 	EXP 	unnamed Polygon: autoDraw = True
4535.8583 	EXP 	unnamed Polygon: autoDraw = True
4535.8619 	EXP 	unnamed Polygon: autoDraw = True
4535.8750 	EXP 	unnamed Polygon: autoDraw = True
4535.8848 	EXP 	unnamed Polygon: autoDraw = True
4535.8886 	EXP 	unnamed Polygon: autoDraw = True
4535.9011 	EXP 	unnamed Polygon: autoDraw = True
4535.9082 	EXP 	unnamed Polygon: autoDraw = True
4535.9121 	EXP 	unnamed Polygon: autoDraw = True
4535.9140 	DATA 	Keypress: 1
4535.9250 	EXP 	unnamed Polygon: autoDraw = True
4535.9332 	EXP 	unnamed Polygon: autoDraw = True
4535.9371 	EXP 	unnamed Polygon: autoDraw = True
4535.9500 	EXP 	unnamed Polygon: autoDraw = True
4535.9597 	EXP 	unnamed Polygon: autoDraw = True
4535.9620 	EXP 	unnamed Polygon: autoDraw = True
4535.9762 	EXP 	unnamed Polygon: autoDraw = True
4535.9832 	EXP 	unnamed Polygon: autoDraw = True
4535.9880 	EXP 	unnamed Polygon: autoDraw = False
4537.5958 	EXP 	trial_feedback: height = 0.09
4537.5958 	EXP 	trial_feedback: height = 0.09
4537.5958 	EXP 	trial_feedback: height = 0.09
4537.5958 	EXP 	trial_feedback: text = 'Hit!\n+$5.00'
4537.5958 	EXP 	trial_feedback: autoDraw = True
4539.5926 	EXP 	trial_feedback: autoDraw = False
4539.5926 	EXP 	exp_feedback: autoDraw = False
4549.8854 	EXP 	unnamed Polygon: autoDraw = True
4549.8854 	EXP 	unnamed Polygon: autoDraw = True
4549.8959 	EXP 	unnamed Polygon: autoDraw = True
4549.9041 	EXP 	unnamed Polygon: autoDraw = True
4549.9080 	EXP 	unnamed Polygon: autoDraw = True
4549.9208 	EXP 	unnamed Polygon: autoDraw = True
4549.9291 	EXP 	unnamed Polygon: autoDraw = True
4549.9328 	EXP 	unnamed Polygon: autoDraw = True
4549.9459 	EXP 	unnamed Polygon: autoDraw = True
4549.9556 	EXP 	unnamed Polygon: autoDraw = True
4549.9595 	EXP 	unnamed Polygon: autoDraw = True
4549.9723 	EXP 	unnamed Polygon: autoDraw = True
4549.9791 	EXP 	unnamed Polygon: autoDraw = True
4549.9831 	EXP 	unnamed Polygon: autoDraw = True
4549.9958 	EXP 	unnamed Polygon: autoDraw = True
4550.0055 	EXP 	unnamed Polygon: autoDraw = True
4550.0091 	EXP 	unnamed Polygon: autoDraw = True
4550.0221 	EXP 	unnamed Polygon: autoDraw = True
4550.0300 	EXP 	unnamed Polygon: autoDraw = True
4550.0332 	EXP 	unnamed Polygon: autoDraw = True
4550.0461 	EXP 	unnamed Polygon: autoDraw = True
4550.0541 	EXP 	unnamed Polygon: autoDraw = True
4550.0572 	EXP 	unnamed Polygon: autoDraw = True
4550.0723 	EXP 	unnamed Polygon: autoDraw = True
4550.0761 	DATA 	Keypress: 1
4550.0787 	EXP 	unnamed Polygon: autoDraw = True
4550.0831 	EXP 	unnamed Polygon: autoDraw = True
4550.0958 	EXP 	unnamed Polygon: autoDraw = True
4550.1041 	EXP 	unnamed Polygon: autoDraw = True
4550.1078 	EXP 	unnamed Polygon: autoDraw = True
4550.1208 	EXP 	unnamed Polygon: autoDraw = True
4550.1291 	EXP 	unnamed Polygon: autoDraw = True
4550.1325 	EXP 	unnamed Polygon: autoDraw = True
4550.1459 	EXP 	unnamed Polygon: autoDraw = True
4550.1541 	EXP 	unnamed Polygon: autoDraw = True
4550.1576 	EXP 	unnamed Polygon: autoDraw = False
4551.7101 	EXP 	trial_feedback: height = 0.09
4551.7101 	EXP 	trial_feedback: height = 0.09
4551.7101 	EXP 	trial_feedback: height = 0.09
4551.7101 	EXP 	trial_feedback: text = 'Hit!\n$0.00'
4551.7101 	EXP 	trial_feedback: autoDraw = True
4553.7044 	EXP 	trial_feedback: autoDraw = False
4553.7082 	EXP 	trial_feedback: autoDraw = False
4553.7082 	EXP 	exp_feedback: autoDraw = False
4555.0164 	DATA 	Keypress: escape
4555.0167 	WARNING 	Escape pressed, exiting early!
4555.0168 	WARNING 	Total earnings: 5.0
