14.7977 	WARNING 	Monitor specification not found. Creating a temporary one...
14.8074 	WARNING 	Requested an unavailable screen number - using first available.
15.9697 	WARNING 	Couldn't measure a consistent frame rate!
  - Is your graphics card set to sync to vertical blank?
  - Are you running other processes on your computer?

15.9706 	EXP 	Created window1 = Window(allowGUI=True, allowStencil=False, autoLog=True, backendConf=UNKNOWN, backgroundFit=<method-wrapper '__getattribute__' of attributeSetter object at 0x1736dac50>, backgroundImage=<method-wrapper '__getattribute__' of attributeSetter object at 0x1736dacb0>, bitsMode=UNKNOWN, blendMode='avg', bpc=(8, 8, 8), color=array([-1, -1, -1]), colorSpace='rgb', depthBits=8, fullscr=False, gamma=None, gammaErrorPolicy='raise', infoMsg=UNKNOWN, lms=UNKNOWN, monitor=<psychopy.monitors.calibTools.Monitor object at 0x1736c7e20>, multiSample=False, name='window1', numSamples=2, pos=(464, 258), screen=2, size=array([1600, 1200]), stencilBits=0, stereo=False, title='PsychoPy', units='height', useFBO=False, useRetina=True, viewOri=0.0, viewPos=None, viewScale=None, waitBlanking=True, winType='pyglet')
15.9707 	EXP 	window1: backgroundImage = None
15.9707 	EXP 	window1: backgroundFit = 'cover'
15.9735 	EXP 	window1: Attempting to measure frame rate of screen (2) ...
15.9735 	EXP 	window1: recordFrameIntervals = False
16.0414 	EXP 	window1: recordFrameIntervals = True
16.8716 	WARNING 	Couldn't measure a consistent frame rate!
  - Is your graphics card set to sync to vertical blank?
  - Are you running other processes on your computer?

16.9083 	EXP 	Created unnamed TextStim = TextStim(__class__=<class 'psychopy.visual.text.TextStim'>, alignHoriz=method-wrapper(...), alignText='center', alignVert=method-wrapper(...), anchorHoriz='center', anchorVert='center', antialias=True, autoDraw=False, autoLog=True, bold=False, color=array([1., 1., 1.]), colorSpace='rgb', contrast=1.0, depth=0, draggable=False, flipHoriz=False, flipVert=False, font='', fontFiles=[], height=0.04, italic=False, languageStyle='LTR', name='unnamed TextStim', opacity=1.0, ori=0.0, pos=array([ 0.  , -0.25]), rgb=UNKNOWN, text='Press the button to continue.', units='height', win=Window(...), wrapWidth=1)
16.9104 	EXP 	Created unnamed TextStim = TextStim(__class__=<class 'psychopy.visual.text.TextStim'>, alignHoriz=method-wrapper(...), alignText='center', alignVert=method-wrapper(...), anchorHoriz='center', anchorVert='center', antialias=True, autoDraw=False, autoLog=True, bold=False, color=array([1., 1., 1.]), colorSpace='rgb', contrast=1.0, depth=0, draggable=False, flipHoriz=False, flipVert=False, font='', fontFiles=[], height=0.08, italic=False, languageStyle='LTR', name='unnamed TextStim', opacity=1.0, ori=0.0, pos=array([0., 0.]), rgb=UNKNOWN, text='+', units='height', win=Window(...), wrapWidth=1)
16.9150 	EXP 	Created unnamed TextStim = TextStim(__class__=<class 'psychopy.visual.text.TextStim'>, alignHoriz=method-wrapper(...), alignText='center', alignVert=method-wrapper(...), anchorHoriz='center', anchorVert='center', antialias=True, autoDraw=False, autoLog=True, bold=False, color=array([1., 1., 1.]), colorSpace='rgb', contrast=1.0, depth=0, draggable=False, flipHoriz=False, flipVert=False, font='', fontFiles=[], height=0.04, italic=False, languageStyle='LTR', name='unnamed TextStim', opacity=1.0, ori=0.0, pos=array([0., 0.]), rgb=UNKNOWN, text=str(...), units='height', win=Window(...), wrapWidth=0.8888888888888888)
16.9207 	EXP 	Created unnamed TextStim = TextStim(__class__=<class 'psychopy.visual.text.TextStim'>, alignHoriz=method-wrapper(...), alignText='center', alignVert=method-wrapper(...), anchorHoriz='center', anchorVert='center', antialias=True, autoDraw=False, autoLog=True, bold=False, color=array([1., 1., 1.]), colorSpace='rgb', contrast=1.0, depth=0, draggable=False, flipHoriz=False, flipVert=False, font='Arial', fontFiles=[], height=0.04, italic=False, languageStyle='LTR', name='unnamed TextStim', opacity=1.0, ori=0.0, pos=array([0. , 0.1]), rgb=UNKNOWN, text='Hello World', units='height', win=Window(...), wrapWidth=0.8888888888888888)
16.9284 	EXP 	Created unnamed TextStim = TextStim(__class__=<class 'psychopy.visual.text.TextStim'>, alignHoriz=method-wrapper(...), alignText='center', alignVert=method-wrapper(...), anchorHoriz='center', anchorVert='center', antialias=True, autoDraw=False, autoLog=True, bold=False, color=array([1., 1., 1.]), colorSpace='rgb', contrast=1.0, depth=0, draggable=False, flipHoriz=False, flipVert=False, font='', fontFiles=[], height=0.04, italic=False, languageStyle='LTR', name='unnamed TextStim', opacity=1.0, ori=0.0, pos=array([0., 0.]), rgb=UNKNOWN, text=str(...), units='height', win=Window(...), wrapWidth=0.8888888888888888)
16.9310 	EXP 	Created unnamed TextStim = TextStim(__class__=<class 'psychopy.visual.text.TextStim'>, alignHoriz=method-wrapper(...), alignText='center', alignVert=method-wrapper(...), anchorHoriz='center', anchorVert='center', antialias=True, autoDraw=False, autoLog=True, bold=False, color=array([1., 1., 1.]), colorSpace='rgb', contrast=1.0, depth=0, draggable=False, flipHoriz=False, flipVert=False, font='', fontFiles=[], height=0.04, italic=False, languageStyle='LTR', name='unnamed TextStim', opacity=1.0, ori=0.0, pos=array([0., 0.]), rgb=UNKNOWN, text='The task will begin momentarily. Get ready...', units='height', win=Window(...), wrapWidth=1)
16.9330 	EXP 	Created unnamed TextStim = TextStim(__class__=<class 'psychopy.visual.text.TextStim'>, alignHoriz=method-wrapper(...), alignText='center', alignVert=method-wrapper(...), anchorHoriz='center', anchorVert='center', antialias=True, autoDraw=False, autoLog=True, bold=False, color=array([1., 1., 1.]), colorSpace='rgb', contrast=1.0, depth=0, draggable=False, flipHoriz=False, flipVert=False, font='', fontFiles=[], height=0.04, italic=False, languageStyle='LTR', name='unnamed TextStim', opacity=1.0, ori=0.0, pos=array([0., 0.]), rgb=UNKNOWN, text=str(...), units='height', win=Window(...), wrapWidth=0.8888888888888888)
16.9707 	EXP 	Created unnamed ImageStim = ImageStim(__class__=<class 'psychopy.visual.image.ImageStim'>, anchor=('center', 'center'), autoLog=True, color=array([1., 1., 1.]), colorSpace='rgb', contrast=1.0, depth=0, draggable=False, flipHoriz=False, flipVert=False, image='../stimuli/reward_low.png', interpolate=False, mask=None, maskParams=None, name='unnamed ImageStim', opacity=1, ori=0.0, pos=array([0., 0.]), size=array([0.3, 0.3]), texRes=128, units='height', win=Window(...))
16.9773 	EXP 	Created unnamed ImageStim = ImageStim(__class__=<class 'psychopy.visual.image.ImageStim'>, anchor=('center', 'center'), autoLog=True, color=array([1., 1., 1.]), colorSpace='rgb', contrast=1.0, depth=0, draggable=False, flipHoriz=False, flipVert=False, image='../stimuli/reward_high.png', interpolate=False, mask=None, maskParams=None, name='unnamed ImageStim', opacity=1, ori=0.0, pos=array([0., 0.]), size=array([0.3, 0.3]), texRes=128, units='height', win=Window(...))
16.9825 	EXP 	Created unnamed ImageStim = ImageStim(__class__=<class 'psychopy.visual.image.ImageStim'>, anchor=('center', 'center'), autoLog=True, color=array([1., 1., 1.]), colorSpace='rgb', contrast=1.0, depth=0, draggable=False, flipHoriz=False, flipVert=False, image='../stimuli/reward_neut.png', interpolate=False, mask=None, maskParams=None, name='unnamed ImageStim', opacity=1, ori=0.0, pos=array([0., 0.]), size=array([0.3, 0.3]), texRes=128, units='height', win=Window(...))
16.9875 	EXP 	Created unnamed ImageStim = ImageStim(__class__=<class 'psychopy.visual.image.ImageStim'>, anchor=('center', 'center'), autoLog=True, color=array([1., 1., 1.]), colorSpace='rgb', contrast=1.0, depth=0, draggable=False, flipHoriz=False, flipVert=False, image='../stimuli/loss_low.png', interpolate=False, mask=None, maskParams=None, name='unnamed ImageStim', opacity=1, ori=0.0, pos=array([0., 0.]), size=array([0.3, 0.3]), texRes=128, units='height', win=Window(...))
16.9922 	EXP 	Created unnamed ImageStim = ImageStim(__class__=<class 'psychopy.visual.image.ImageStim'>, anchor=('center', 'center'), autoLog=True, color=array([1., 1., 1.]), colorSpace='rgb', contrast=1.0, depth=0, draggable=False, flipHoriz=False, flipVert=False, image='../stimuli/loss_high.png', interpolate=False, mask=None, maskParams=None, name='unnamed ImageStim', opacity=1, ori=0.0, pos=array([0., 0.]), size=array([0.3, 0.3]), texRes=128, units='height', win=Window(...))
16.9967 	EXP 	Created unnamed ImageStim = ImageStim(__class__=<class 'psychopy.visual.image.ImageStim'>, anchor=('center', 'center'), autoLog=True, color=array([1., 1., 1.]), colorSpace='rgb', contrast=1.0, depth=0, draggable=False, flipHoriz=False, flipVert=False, image='../stimuli/loss_neut.png', interpolate=False, mask=None, maskParams=None, name='unnamed ImageStim', opacity=1, ori=0.0, pos=array([0., 0.]), size=array([0.3, 0.3]), texRes=128, units='height', win=Window(...))
16.9987 	EXP 	Created unnamed Polygon = Polygon(__class__=<class 'psychopy.visual.polygon.Polygon'>, anchor=('center', 'center'), autoDraw=False, autoLog=True, closeShape=True, color=method-wrapper(...), colorSpace='rgb', contrast=None, depth=0, draggable=False, fillColor=array([1, 1, 1]), fillColorSpace='rgb', fillRGB=array([1, 1, 1]), interpolate=True, lineColor=array([1., 1., 1.]), lineColorSpace='rgb', lineRGB=array([1, 1, 1]), lineWidth=1.5, name='unnamed Polygon', opacity=1, ori=0.0, pos=array([0., 0.]), size=array([1., 1.]), units='height', vertices=ndarray(...), win=Window(...))
17.0014 	EXP 	Created trial_feedback = TextStim(__class__=<class 'psychopy.visual.text.TextStim'>, alignHoriz=method-wrapper(...), alignText='center', alignVert=method-wrapper(...), anchorHoriz='center', anchorVert='center', antialias=True, autoDraw=False, autoLog=True, bold=False, color=array([1., 1., 1.]), colorSpace='rgb', contrast=1.0, depth=0, draggable=False, flipHoriz=False, flipVert=False, font='Arial', fontFiles=[], height=0.09, italic=False, languageStyle='LTR', name='trial_feedback', opacity=1, ori=0, pos=array([0., 0.]), rgb=UNKNOWN, text='Trial:', units='height', win=Window(...), wrapWidth=1)
17.0035 	EXP 	Created exp_feedback = TextStim(__class__=<class 'psychopy.visual.text.TextStim'>, alignHoriz=method-wrapper(...), alignText='center', alignVert=method-wrapper(...), anchorHoriz='center', anchorVert='center', antialias=True, autoDraw=False, autoLog=True, bold=False, color=array([1., 1., 1.]), colorSpace='rgb', contrast=1.0, depth=0, draggable=False, flipHoriz=False, flipVert=False, font='Arial', fontFiles=[], height=0.09, italic=False, languageStyle='LTR', name='exp_feedback', opacity=1, ori=0, pos=array([ 0.    , -0.0625]), rgb=UNKNOWN, text='Total:', units='height', win=Window(...), wrapWidth=1)
17.0072 	EXP 	Created unnamed TextStim = TextStim(__class__=<class 'psychopy.visual.text.TextStim'>, alignHoriz=method-wrapper(...), alignText='center', alignVert=method-wrapper(...), anchorHoriz='center', anchorVert='center', antialias=True, autoDraw=False, autoLog=True, bold=False, color=array([1., 1., 1.]), colorSpace='rgb', contrast=1.0, depth=0, draggable=False, flipHoriz=False, flipVert=False, font='', fontFiles=[], height=0.04, italic=False, languageStyle='LTR', name='unnamed TextStim', opacity=1.0, ori=0.0, pos=array([0., 0.]), rgb=UNKNOWN, text=str(...), units='height', win=Window(...), wrapWidth=1)
17.0085 	EXP 	Created unnamed TextStim = TextStim(__class__=<class 'psychopy.visual.text.TextStim'>, alignHoriz=method-wrapper(...), alignText='center', alignVert=method-wrapper(...), anchorHoriz='center', anchorVert='center', antialias=True, autoDraw=False, autoLog=True, bold=False, color=array([1., 1., 1.]), colorSpace='rgb', contrast=1.0, depth=0, draggable=False, flipHoriz=False, flipVert=False, font='', fontFiles=[], height=0.04, italic=False, languageStyle='LTR', name='unnamed TextStim', opacity=1.0, ori=0.0, pos=array([0., 0.]), rgb=UNKNOWN, text='Get ready', units='height', win=Window(...), wrapWidth=1)
17.0102 	EXP 	Created unnamed TextStim = TextStim(__class__=<class 'psychopy.visual.text.TextStim'>, alignHoriz=method-wrapper(...), alignText='center', alignVert=method-wrapper(...), anchorHoriz='center', anchorVert='center', antialias=True, autoDraw=False, autoLog=True, bold=False, color=array([1., 1., 1.]), colorSpace='rgb', contrast=1.0, depth=0, draggable=False, flipHoriz=False, flipVert=False, font='', fontFiles=[], height=0.04, italic=False, languageStyle='LTR', name='unnamed TextStim', opacity=1.0, ori=0.0, pos=array([0., 0.]), rgb=UNKNOWN, text='Please wait\n\n', units='height', win=Window(...), wrapWidth=1)
17.0685 	WARNING 	t of last frame was 197.00ms (=1/5)
18.7518 	WARNING 	t of last frame was 23.99ms (=1/41)
19.7615 	WARNING 	t of last frame was 25.63ms (=1/39)
27.1007 	WARNING 	t of last frame was 23.55ms (=1/42)
27.1007 	EXP 	unnamed TextStim: height = 0.04
27.1007 	EXP 	unnamed TextStim: height = 0.04
27.1007 	EXP 	unnamed TextStim: height = 0.04
27.1007 	EXP 	unnamed TextStim: text = 'Welcome!'
28.3056 	DATA 	Keypress: 1
28.3369 	WARNING 	Multiple dropped frames have occurred - I'll stop bothering you about them!
28.3369 	EXP 	unnamed TextStim: height = 0.04
28.3369 	EXP 	unnamed TextStim: height = 0.04
28.3369 	EXP 	unnamed TextStim: height = 0.04
28.3369 	EXP 	unnamed TextStim: text = 'First you will see a cross in the middle of the screen, like this:\n\n+\n\nThis means you should focus on the screen and get ready to play. '
28.9108 	DATA 	Keypress: 1
28.9177 	EXP 	Created unnamed Polygon = Polygon(__class__=<class 'psychopy.visual.polygon.Polygon'>, anchor=('center', 'center'), autoDraw=False, autoLog=True, closeShape=True, color=method-wrapper(...), colorSpace='rgb', contrast=None, depth=0, draggable=False, fillColor=array([1, 1, 1]), fillColorSpace='rgb', fillRGB=array([1, 1, 1]), interpolate=True, lineColor=array([1., 1., 1.]), lineColorSpace='rgb', lineRGB=array([1, 1, 1]), lineWidth=1.5, name='unnamed Polygon', opacity=1, ori=0.0, pos=array([0. , 0.1]), size=array([1., 1.]), units='height', vertices=ndarray(...), win=Window(...))
28.9307 	EXP 	unnamed TextStim: height = 0.04
28.9307 	EXP 	unnamed TextStim: height = 0.04
28.9307 	EXP 	unnamed TextStim: height = 0.04
28.9307 	EXP 	unnamed TextStim: text = 'Next, a small solid WHITE TRIANGLE will appear on the screen:\n\n \n\n \n\n \n\nPress the button as fast as you can when you see the solid white triangle. '
29.4308 	DATA 	Keypress: 1
29.4650 	EXP 	unnamed TextStim: height = 0.04
29.4650 	EXP 	unnamed TextStim: height = 0.04
29.4650 	EXP 	unnamed TextStim: height = 0.04
29.4650 	EXP 	unnamed TextStim: text = 'Any Questions?\n\nPlease ask them now.'
29.9145 	DATA 	Keypress: 1
30.3427 	DATA 	Keypress: 1
30.9235 	DATA 	Keypress: return
32.5851 	DATA 	Keypress: equal
37.6054 	EXP 	unnamed Polygon: autoDraw = True
37.6054 	EXP 	unnamed Polygon: autoDraw = True
37.6101 	EXP 	unnamed Polygon: autoDraw = True
37.6133 	EXP 	unnamed Polygon: autoDraw = True
37.6267 	EXP 	unnamed Polygon: autoDraw = True
37.6350 	EXP 	unnamed Polygon: autoDraw = True
37.6379 	EXP 	unnamed Polygon: autoDraw = True
37.6517 	EXP 	unnamed Polygon: autoDraw = True
37.6603 	EXP 	unnamed Polygon: autoDraw = True
37.6645 	EXP 	unnamed Polygon: autoDraw = True
37.6773 	EXP 	unnamed Polygon: autoDraw = True
37.6852 	EXP 	unnamed Polygon: autoDraw = True
37.6881 	EXP 	unnamed Polygon: autoDraw = True
37.7020 	EXP 	unnamed Polygon: autoDraw = True
37.7101 	EXP 	unnamed Polygon: autoDraw = True
37.7138 	EXP 	unnamed Polygon: autoDraw = True
37.7271 	EXP 	unnamed Polygon: autoDraw = True
37.7352 	EXP 	unnamed Polygon: autoDraw = True
37.7393 	EXP 	unnamed Polygon: autoDraw = True
37.7521 	EXP 	unnamed Polygon: autoDraw = True
37.7602 	EXP 	unnamed Polygon: autoDraw = True
37.7644 	EXP 	unnamed Polygon: autoDraw = True
37.7772 	EXP 	unnamed Polygon: autoDraw = True
37.7852 	EXP 	unnamed Polygon: autoDraw = True
37.7887 	EXP 	unnamed Polygon: autoDraw = True
37.8021 	EXP 	unnamed Polygon: autoDraw = True
37.8060 	DATA 	Keypress: 1
37.8101 	EXP 	unnamed Polygon: autoDraw = True
37.8131 	EXP 	unnamed Polygon: autoDraw = True
37.8277 	EXP 	unnamed Polygon: autoDraw = True
37.8355 	EXP 	unnamed Polygon: autoDraw = True
37.8375 	EXP 	unnamed Polygon: autoDraw = True
37.8526 	EXP 	unnamed Polygon: autoDraw = True
37.8605 	EXP 	unnamed Polygon: autoDraw = True
37.8630 	EXP 	unnamed Polygon: autoDraw = True
37.8768 	EXP 	unnamed Polygon: autoDraw = True
37.8864 	EXP 	unnamed Polygon: autoDraw = True
37.9024 	EXP 	unnamed Polygon: autoDraw = True
37.9103 	EXP 	unnamed Polygon: autoDraw = True
37.9133 	EXP 	unnamed Polygon: autoDraw = True
37.9271 	EXP 	unnamed Polygon: autoDraw = True
37.9355 	EXP 	unnamed Polygon: autoDraw = True
37.9389 	EXP 	unnamed Polygon: autoDraw = True
37.9521 	EXP 	unnamed Polygon: autoDraw = True
37.9604 	EXP 	unnamed Polygon: autoDraw = True
37.9644 	EXP 	unnamed Polygon: autoDraw = True
37.9771 	EXP 	unnamed Polygon: autoDraw = True
37.9855 	EXP 	unnamed Polygon: autoDraw = True
37.9896 	EXP 	unnamed Polygon: autoDraw = True
38.0022 	EXP 	unnamed Polygon: autoDraw = True
38.0105 	EXP 	unnamed Polygon: autoDraw = True
38.0156 	EXP 	unnamed Polygon: autoDraw = True
38.0224 	EXP 	unnamed Polygon: autoDraw = True
38.0360 	EXP 	unnamed Polygon: autoDraw = True
38.0441 	EXP 	unnamed Polygon: autoDraw = True
38.0474 	EXP 	unnamed Polygon: autoDraw = True
38.0612 	EXP 	unnamed Polygon: autoDraw = True
38.0688 	EXP 	unnamed Polygon: autoDraw = True
38.0724 	EXP 	unnamed Polygon: autoDraw = True
38.0859 	EXP 	unnamed Polygon: autoDraw = True
38.0934 	EXP 	unnamed Polygon: autoDraw = True
38.0980 	EXP 	unnamed Polygon: autoDraw = False
45.9157 	EXP 	unnamed Polygon: autoDraw = True
45.9157 	EXP 	unnamed Polygon: autoDraw = True
45.9217 	EXP 	unnamed Polygon: autoDraw = True
45.9353 	EXP 	unnamed Polygon: autoDraw = True
45.9436 	EXP 	unnamed Polygon: autoDraw = True
45.9562 	EXP 	unnamed Polygon: autoDraw = True
45.9642 	EXP 	unnamed Polygon: autoDraw = True
45.9676 	EXP 	unnamed Polygon: autoDraw = True
45.9812 	EXP 	unnamed Polygon: autoDraw = True
45.9894 	EXP 	unnamed Polygon: autoDraw = True
45.9927 	EXP 	unnamed Polygon: autoDraw = True
46.0065 	EXP 	unnamed Polygon: autoDraw = True
46.0142 	EXP 	unnamed Polygon: autoDraw = True
46.0178 	EXP 	unnamed Polygon: autoDraw = True
46.0317 	EXP 	unnamed Polygon: autoDraw = True
46.0393 	EXP 	unnamed Polygon: autoDraw = True
46.0426 	EXP 	unnamed Polygon: autoDraw = True
46.0563 	EXP 	unnamed Polygon: autoDraw = True
46.0644 	EXP 	unnamed Polygon: autoDraw = True
46.0677 	EXP 	unnamed Polygon: autoDraw = True
46.0812 	EXP 	unnamed Polygon: autoDraw = True
46.0893 	EXP 	unnamed Polygon: autoDraw = True
46.0930 	EXP 	unnamed Polygon: autoDraw = True
46.1062 	EXP 	unnamed Polygon: autoDraw = True
46.1145 	EXP 	unnamed Polygon: autoDraw = True
46.1182 	EXP 	unnamed Polygon: autoDraw = True
46.1313 	EXP 	unnamed Polygon: autoDraw = True
46.1339 	DATA 	Keypress: 1
46.1396 	EXP 	unnamed Polygon: autoDraw = True
46.1427 	EXP 	unnamed Polygon: autoDraw = True
46.1559 	EXP 	unnamed Polygon: autoDraw = True
46.1646 	EXP 	unnamed Polygon: autoDraw = True
46.1680 	EXP 	unnamed Polygon: autoDraw = True
46.1815 	EXP 	unnamed Polygon: autoDraw = True
46.1898 	EXP 	unnamed Polygon: autoDraw = True
46.1928 	EXP 	unnamed Polygon: autoDraw = True
46.2064 	EXP 	unnamed Polygon: autoDraw = True
46.2147 	EXP 	unnamed Polygon: autoDraw = True
46.2174 	EXP 	unnamed Polygon: autoDraw = True
46.2311 	EXP 	unnamed Polygon: autoDraw = True
46.2393 	EXP 	unnamed Polygon: autoDraw = True
46.2423 	EXP 	unnamed Polygon: autoDraw = True
46.2563 	EXP 	unnamed Polygon: autoDraw = True
46.2643 	EXP 	unnamed Polygon: autoDraw = True
46.2675 	EXP 	unnamed Polygon: autoDraw = True
46.2812 	EXP 	unnamed Polygon: autoDraw = True
46.2893 	EXP 	unnamed Polygon: autoDraw = True
46.2929 	EXP 	unnamed Polygon: autoDraw = True
46.3064 	EXP 	unnamed Polygon: autoDraw = True
46.3145 	EXP 	unnamed Polygon: autoDraw = True
46.3176 	EXP 	unnamed Polygon: autoDraw = True
46.3311 	EXP 	unnamed Polygon: autoDraw = True
46.3392 	EXP 	unnamed Polygon: autoDraw = True
46.3428 	EXP 	unnamed Polygon: autoDraw = True
46.3562 	EXP 	unnamed Polygon: autoDraw = True
46.3643 	EXP 	unnamed Polygon: autoDraw = True
46.3678 	EXP 	unnamed Polygon: autoDraw = True
46.3812 	EXP 	unnamed Polygon: autoDraw = True
46.3894 	EXP 	unnamed Polygon: autoDraw = True
46.3930 	EXP 	unnamed Polygon: autoDraw = True
46.4062 	EXP 	unnamed Polygon: autoDraw = True
46.4141 	EXP 	unnamed Polygon: autoDraw = False
56.2198 	EXP 	unnamed Polygon: autoDraw = True
56.2198 	EXP 	unnamed Polygon: autoDraw = True
56.2314 	EXP 	unnamed Polygon: autoDraw = True
56.2399 	EXP 	unnamed Polygon: autoDraw = True
56.2427 	EXP 	unnamed Polygon: autoDraw = True
56.2562 	EXP 	unnamed Polygon: autoDraw = True
56.2644 	EXP 	unnamed Polygon: autoDraw = True
56.2684 	EXP 	unnamed Polygon: autoDraw = True
56.2813 	EXP 	unnamed Polygon: autoDraw = True
56.2895 	EXP 	unnamed Polygon: autoDraw = True
56.2925 	EXP 	unnamed Polygon: autoDraw = True
56.3063 	EXP 	unnamed Polygon: autoDraw = True
56.3145 	EXP 	unnamed Polygon: autoDraw = True
56.3187 	EXP 	unnamed Polygon: autoDraw = True
56.3312 	EXP 	unnamed Polygon: autoDraw = True
56.3395 	EXP 	unnamed Polygon: autoDraw = True
56.3434 	EXP 	unnamed Polygon: autoDraw = True
56.3563 	EXP 	unnamed Polygon: autoDraw = True
56.3644 	EXP 	unnamed Polygon: autoDraw = True
56.3681 	EXP 	unnamed Polygon: autoDraw = True
56.3813 	EXP 	unnamed Polygon: autoDraw = True
56.3895 	EXP 	unnamed Polygon: autoDraw = True
56.3931 	EXP 	unnamed Polygon: autoDraw = True
56.4062 	EXP 	unnamed Polygon: autoDraw = True
56.4147 	EXP 	unnamed Polygon: autoDraw = True
56.4186 	EXP 	unnamed Polygon: autoDraw = True
56.4313 	EXP 	unnamed Polygon: autoDraw = True
56.4350 	DATA 	Keypress: 1
56.4392 	EXP 	unnamed Polygon: autoDraw = True
56.4433 	EXP 	unnamed Polygon: autoDraw = True
56.4563 	EXP 	unnamed Polygon: autoDraw = True
56.4645 	EXP 	unnamed Polygon: autoDraw = True
56.4676 	EXP 	unnamed Polygon: autoDraw = True
56.4812 	EXP 	unnamed Polygon: autoDraw = True
56.4895 	EXP 	unnamed Polygon: autoDraw = True
56.4935 	EXP 	unnamed Polygon: autoDraw = True
56.5064 	EXP 	unnamed Polygon: autoDraw = True
56.5144 	EXP 	unnamed Polygon: autoDraw = True
56.5181 	EXP 	unnamed Polygon: autoDraw = True
56.5313 	EXP 	unnamed Polygon: autoDraw = True
56.5394 	EXP 	unnamed Polygon: autoDraw = True
56.5430 	EXP 	unnamed Polygon: autoDraw = True
56.5563 	EXP 	unnamed Polygon: autoDraw = True
56.5647 	EXP 	unnamed Polygon: autoDraw = True
56.5687 	EXP 	unnamed Polygon: autoDraw = True
56.5814 	EXP 	unnamed Polygon: autoDraw = True
56.5895 	EXP 	unnamed Polygon: autoDraw = True
56.5932 	EXP 	unnamed Polygon: autoDraw = True
56.6062 	EXP 	unnamed Polygon: autoDraw = True
56.6146 	EXP 	unnamed Polygon: autoDraw = True
56.6187 	EXP 	unnamed Polygon: autoDraw = True
56.6314 	EXP 	unnamed Polygon: autoDraw = True
56.6395 	EXP 	unnamed Polygon: autoDraw = True
56.6433 	EXP 	unnamed Polygon: autoDraw = True
56.6563 	EXP 	unnamed Polygon: autoDraw = True
56.6643 	EXP 	unnamed Polygon: autoDraw = True
56.6682 	EXP 	unnamed Polygon: autoDraw = True
56.6814 	EXP 	unnamed Polygon: autoDraw = True
56.6895 	EXP 	unnamed Polygon: autoDraw = True
56.6940 	EXP 	unnamed Polygon: autoDraw = True
56.7063 	EXP 	unnamed Polygon: autoDraw = True
56.7145 	EXP 	unnamed Polygon: autoDraw = True
56.7229 	EXP 	unnamed Polygon: autoDraw = False
65.6765 	DATA 	Keypress: 1
75.7099 	EXP 	unnamed TextStim: height = 0.04
75.7099 	EXP 	unnamed TextStim: height = 0.04
75.7099 	EXP 	unnamed TextStim: height = 0.04
75.7099 	EXP 	unnamed TextStim: text = 'Instructions...\n\nYour goal is to make as much money as possible.\n\nRemember:\nWIN CIRCLES = win money\nLOSE SQUARES = lose money\n\nQUICKLY press the button with your pointer finger when you see the solid white triangle.\n\nYou will get feedback on whether you pressed the button in time and if you won or lost money.'
76.9921 	DATA 	Keypress: 1
76.9942 	EXP 	Created unnamed TextStim = TextStim(__class__=<class 'psychopy.visual.text.TextStim'>, alignHoriz=method-wrapper(...), alignText='center', alignVert=method-wrapper(...), anchorHoriz='center', anchorVert='center', antialias=True, autoDraw=False, autoLog=True, bold=False, color=array([1., 1., 1.]), colorSpace='rgb', contrast=1.0, depth=0, draggable=False, flipHoriz=False, flipVert=False, font='', fontFiles=[], height=0.08, italic=False, languageStyle='LTR', name='unnamed TextStim', opacity=1.0, ori=0.0, pos=array([-0.65,  0.15]), rgb=UNKNOWN, text='+', units='height', win=Window(...), wrapWidth=1)
76.9987 	EXP 	Created unnamed ImageStim = ImageStim(__class__=<class 'psychopy.visual.image.ImageStim'>, anchor=('center', 'center'), autoLog=True, color=array([1., 1., 1.]), colorSpace='rgb', contrast=1.0, depth=0, draggable=False, flipHoriz=False, flipVert=False, image='../stimuli/reward_high.png', interpolate=False, mask=None, maskParams=None, name='unnamed ImageStim', opacity=1, ori=0.0, pos=array([-0.35,  0.15]), size=array([0.2, 0.2]), texRes=128, units='height', win=Window(...))
76.9997 	EXP 	Created unnamed TextStim = TextStim(__class__=<class 'psychopy.visual.text.TextStim'>, alignHoriz=method-wrapper(...), alignText='center', alignVert=method-wrapper(...), anchorHoriz='center', anchorVert='center', antialias=True, autoDraw=False, autoLog=True, bold=False, color=array([1., 1., 1.]), colorSpace='rgb', contrast=1.0, depth=0, draggable=False, flipHoriz=False, flipVert=False, font='', fontFiles=[], height=0.08, italic=False, languageStyle='LTR', name='unnamed TextStim', opacity=1.0, ori=0.0, pos=array([-0.15,  0.15]), rgb=UNKNOWN, text='+', units='height', win=Window(...), wrapWidth=1)
77.0003 	EXP 	Created unnamed Polygon = Polygon(__class__=<class 'psychopy.visual.polygon.Polygon'>, anchor=('center', 'center'), autoDraw=False, autoLog=True, closeShape=True, color=method-wrapper(...), colorSpace='rgb', contrast=None, depth=0, draggable=False, fillColor=array([1, 1, 1]), fillColorSpace='rgb', fillRGB=array([1, 1, 1]), interpolate=True, lineColor=array([1., 1., 1.]), lineColorSpace='rgb', lineRGB=array([1, 1, 1]), lineWidth=1.5, name='unnamed Polygon', opacity=1, ori=0.0, pos=array([0.15, 0.15]), size=array([1., 1.]), units='height', vertices=ndarray(...), win=Window(...))
77.0012 	EXP 	Created unnamed TextStim = TextStim(__class__=<class 'psychopy.visual.text.TextStim'>, alignHoriz=method-wrapper(...), alignText='center', alignVert=method-wrapper(...), anchorHoriz='center', anchorVert='center', antialias=True, autoDraw=False, autoLog=True, bold=False, color=array([1., 1., 1.]), colorSpace='rgb', contrast=1.0, depth=0, draggable=False, flipHoriz=False, flipVert=False, font='', fontFiles=[], height=0.08, italic=False, languageStyle='LTR', name='unnamed TextStim', opacity=1.0, ori=0.0, pos=array([0.35, 0.15]), rgb=UNKNOWN, text='+', units='height', win=Window(...), wrapWidth=1)
77.0036 	EXP 	Created unnamed TextStim = TextStim(__class__=<class 'psychopy.visual.text.TextStim'>, alignHoriz=method-wrapper(...), alignText='center', alignVert=method-wrapper(...), anchorHoriz='center', anchorVert='center', antialias=True, autoDraw=False, autoLog=True, bold=False, color=array([1., 1., 1.]), colorSpace='rgb', contrast=1.0, depth=0, draggable=False, flipHoriz=False, flipVert=False, font='', fontFiles=[], height=0.08, italic=False, languageStyle='LTR', name='unnamed TextStim', opacity=1.0, ori=0.0, pos=array([0.65, 0.15]), rgb=UNKNOWN, text='Hit!\n+$5.00', units='height', win=Window(...), wrapWidth=1)
77.0037 	WARNING 	TextStim.alignHoriz is deprecated. Use alignText and anchorHoriz attributes instead
77.0059 	EXP 	Created unnamed TextStim = TextStim(__class__=<class 'psychopy.visual.text.TextStim'>, alignHoriz='center', alignText='center', alignVert=method-wrapper(...), anchorHoriz='center', anchorVert='center', antialias=True, autoDraw=False, autoLog=True, bold=False, color=array([1., 1., 1.]), colorSpace='rgb', contrast=1.0, depth=0, draggable=False, flipHoriz=False, flipVert=False, font='', fontFiles=[], height=0.04, italic=False, languageStyle='LTR', name='unnamed TextStim', opacity=1.0, ori=0.0, pos=array([-0.65, -0.15]), rgb=UNKNOWN, text='Pay attention', units='height', win=Window(...), wrapWidth=0.1)
77.0060 	WARNING 	TextStim.alignHoriz is deprecated. Use alignText and anchorHoriz attributes instead
77.0084 	EXP 	Created unnamed TextStim = TextStim(__class__=<class 'psychopy.visual.text.TextStim'>, alignHoriz='center', alignText='center', alignVert=method-wrapper(...), anchorHoriz='center', anchorVert='center', antialias=True, autoDraw=False, autoLog=True, bold=False, color=array([1., 1., 1.]), colorSpace='rgb', contrast=1.0, depth=0, draggable=False, flipHoriz=False, flipVert=False, font='', fontFiles=[], height=0.04, italic=False, languageStyle='LTR', name='unnamed TextStim', opacity=1.0, ori=0.0, pos=array([-0.35, -0.15]), rgb=UNKNOWN, text="Cue: don't respond yet", units='height', win=Window(...), wrapWidth=0.1)
77.0085 	WARNING 	TextStim.alignHoriz is deprecated. Use alignText and anchorHoriz attributes instead
77.0095 	EXP 	Created unnamed TextStim = TextStim(__class__=<class 'psychopy.visual.text.TextStim'>, alignHoriz='center', alignText='center', alignVert=method-wrapper(...), anchorHoriz='center', anchorVert='center', antialias=True, autoDraw=False, autoLog=True, bold=False, color=array([1., 1., 1.]), colorSpace='rgb', contrast=1.0, depth=0, draggable=False, flipHoriz=False, flipVert=False, font='', fontFiles=[], height=0.04, italic=False, languageStyle='LTR', name='unnamed TextStim', opacity=1.0, ori=0.0, pos=array([-0.15, -0.15]), rgb=UNKNOWN, text='Pay attention', units='height', win=Window(...), wrapWidth=0.1)
77.0096 	WARNING 	TextStim.alignHoriz is deprecated. Use alignText and anchorHoriz attributes instead
77.0119 	EXP 	Created unnamed TextStim = TextStim(__class__=<class 'psychopy.visual.text.TextStim'>, alignHoriz='center', alignText='center', alignVert=method-wrapper(...), anchorHoriz='center', anchorVert='center', antialias=True, autoDraw=False, autoLog=True, bold=False, color=array([1., 1., 1.]), colorSpace='rgb', contrast=1.0, depth=0, draggable=False, flipHoriz=False, flipVert=False, font='', fontFiles=[], height=0.04, italic=False, languageStyle='LTR', name='unnamed TextStim', opacity=1.0, ori=0.0, pos=array([ 0.15, -0.15]), rgb=UNKNOWN, text='Respond when solid triangle is on screen', units='height', win=Window(...), wrapWidth=0.1)
77.0120 	WARNING 	TextStim.alignHoriz is deprecated. Use alignText and anchorHoriz attributes instead
77.0130 	EXP 	Created unnamed TextStim = TextStim(__class__=<class 'psychopy.visual.text.TextStim'>, alignHoriz='center', alignText='center', alignVert=method-wrapper(...), anchorHoriz='center', anchorVert='center', antialias=True, autoDraw=False, autoLog=True, bold=False, color=array([1., 1., 1.]), colorSpace='rgb', contrast=1.0, depth=0, draggable=False, flipHoriz=False, flipVert=False, font='', fontFiles=[], height=0.04, italic=False, languageStyle='LTR', name='unnamed TextStim', opacity=1.0, ori=0.0, pos=array([ 0.35, -0.15]), rgb=UNKNOWN, text='Pay attention', units='height', win=Window(...), wrapWidth=0.1)
77.0131 	WARNING 	TextStim.alignHoriz is deprecated. Use alignText and anchorHoriz attributes instead
77.0143 	EXP 	Created unnamed TextStim = TextStim(__class__=<class 'psychopy.visual.text.TextStim'>, alignHoriz='center', alignText='center', alignVert=method-wrapper(...), anchorHoriz='center', anchorVert='center', antialias=True, autoDraw=False, autoLog=True, bold=False, color=array([1., 1., 1.]), colorSpace='rgb', contrast=1.0, depth=0, draggable=False, flipHoriz=False, flipVert=False, font='', fontFiles=[], height=0.04, italic=False, languageStyle='LTR', name='unnamed TextStim', opacity=1.0, ori=0.0, pos=array([ 0.65, -0.15]), rgb=UNKNOWN, text='Feedback', units='height', win=Window(...), wrapWidth=0.1)
77.6868 	DATA 	Keypress: 1
78.2151 	DATA 	Keypress: 1
78.9055 	DATA 	Keypress: return
79.7687 	DATA 	Keypress: equal
79.9474 	DATA 	Keypress: equal
89.3545 	EXP 	unnamed Polygon: autoDraw = True
89.3545 	EXP 	unnamed Polygon: autoDraw = True
89.3601 	EXP 	unnamed Polygon: autoDraw = True
89.3629 	EXP 	unnamed Polygon: autoDraw = True
89.3769 	EXP 	unnamed Polygon: autoDraw = True
89.3851 	EXP 	unnamed Polygon: autoDraw = True
89.3880 	EXP 	unnamed Polygon: autoDraw = True
89.4018 	EXP 	unnamed Polygon: autoDraw = True
89.4104 	EXP 	unnamed Polygon: autoDraw = True
89.4143 	EXP 	unnamed Polygon: autoDraw = True
89.4274 	EXP 	unnamed Polygon: autoDraw = True
89.4352 	EXP 	unnamed Polygon: autoDraw = True
89.4392 	EXP 	unnamed Polygon: autoDraw = True
89.4523 	EXP 	unnamed Polygon: autoDraw = True
89.4603 	EXP 	unnamed Polygon: autoDraw = True
89.4632 	EXP 	unnamed Polygon: autoDraw = True
89.4773 	EXP 	unnamed Polygon: autoDraw = True
89.4853 	EXP 	unnamed Polygon: autoDraw = True
89.4891 	EXP 	unnamed Polygon: autoDraw = True
89.5021 	EXP 	unnamed Polygon: autoDraw = True
89.5103 	EXP 	unnamed Polygon: autoDraw = True
89.5143 	EXP 	unnamed Polygon: autoDraw = True
89.5274 	EXP 	unnamed Polygon: autoDraw = True
89.5354 	EXP 	unnamed Polygon: autoDraw = True
89.5391 	EXP 	unnamed Polygon: autoDraw = True
89.5523 	EXP 	unnamed Polygon: autoDraw = True
89.5643 	EXP 	unnamed Polygon: autoDraw = False
89.5810 	DATA 	Keypress: 1
90.9645 	EXP 	trial_feedback: height = 0.09
90.9645 	EXP 	trial_feedback: height = 0.09
90.9645 	EXP 	trial_feedback: height = 0.09
90.9645 	EXP 	trial_feedback: text = 'Miss!\n-$0.00'
90.9645 	EXP 	trial_feedback: autoDraw = True
92.9479 	EXP 	trial_feedback: autoDraw = False
92.9647 	EXP 	trial_feedback: autoDraw = False
92.9647 	EXP 	exp_feedback: autoDraw = False
99.0533 	EXP 	unnamed Polygon: autoDraw = True
99.0533 	EXP 	unnamed Polygon: autoDraw = True
99.0648 	EXP 	unnamed Polygon: autoDraw = True
99.0729 	EXP 	unnamed Polygon: autoDraw = True
99.0764 	EXP 	unnamed Polygon: autoDraw = True
99.0898 	EXP 	unnamed Polygon: autoDraw = True
99.0980 	EXP 	unnamed Polygon: autoDraw = True
99.1016 	EXP 	unnamed Polygon: autoDraw = True
99.1151 	EXP 	unnamed Polygon: autoDraw = True
99.1228 	EXP 	unnamed Polygon: autoDraw = True
99.1262 	EXP 	unnamed Polygon: autoDraw = True
99.1397 	EXP 	unnamed Polygon: autoDraw = True
99.1478 	EXP 	unnamed Polygon: autoDraw = True
99.1521 	EXP 	unnamed Polygon: autoDraw = True
99.1647 	EXP 	unnamed Polygon: autoDraw = True
99.1728 	EXP 	unnamed Polygon: autoDraw = True
99.1758 	EXP 	unnamed Polygon: autoDraw = True
99.1896 	EXP 	unnamed Polygon: autoDraw = True
99.1979 	EXP 	unnamed Polygon: autoDraw = True
99.2013 	EXP 	unnamed Polygon: autoDraw = True
99.2147 	EXP 	unnamed Polygon: autoDraw = True
99.2229 	EXP 	unnamed Polygon: autoDraw = True
99.2267 	EXP 	unnamed Polygon: autoDraw = True
99.2398 	EXP 	unnamed Polygon: autoDraw = True
99.2479 	EXP 	unnamed Polygon: autoDraw = True
99.2521 	EXP 	unnamed Polygon: autoDraw = True
99.2600 	DATA 	Keypress: 1
99.2638 	EXP 	unnamed Polygon: autoDraw = False
100.9898 	EXP 	trial_feedback: height = 0.09
100.9898 	EXP 	trial_feedback: height = 0.09
100.9898 	EXP 	trial_feedback: height = 0.09
100.9898 	EXP 	trial_feedback: text = 'Miss!\n-$1.50'
100.9898 	EXP 	trial_feedback: autoDraw = True
102.9727 	EXP 	trial_feedback: autoDraw = False
102.9936 	EXP 	trial_feedback: autoDraw = False
102.9936 	EXP 	exp_feedback: autoDraw = False
111.2561 	DATA 	Keypress: 1
111.3192 	EXP 	unnamed Polygon: autoDraw = True
111.3192 	EXP 	unnamed Polygon: autoDraw = True
111.3277 	EXP 	unnamed Polygon: autoDraw = True
111.3302 	EXP 	unnamed Polygon: autoDraw = True
111.3434 	EXP 	unnamed Polygon: autoDraw = True
111.3527 	EXP 	unnamed Polygon: autoDraw = True
111.3693 	EXP 	unnamed Polygon: autoDraw = True
111.3769 	EXP 	unnamed Polygon: autoDraw = True
111.3810 	EXP 	unnamed Polygon: autoDraw = True
111.3938 	EXP 	unnamed Polygon: autoDraw = True
111.4020 	EXP 	unnamed Polygon: autoDraw = True
111.4058 	EXP 	unnamed Polygon: autoDraw = True
111.4190 	EXP 	unnamed Polygon: autoDraw = True
111.4271 	EXP 	unnamed Polygon: autoDraw = True
111.4312 	EXP 	unnamed Polygon: autoDraw = True
111.4438 	EXP 	unnamed Polygon: autoDraw = True
111.4520 	EXP 	unnamed Polygon: autoDraw = True
111.4557 	EXP 	unnamed Polygon: autoDraw = True
111.4689 	EXP 	unnamed Polygon: autoDraw = True
111.4770 	EXP 	unnamed Polygon: autoDraw = True
111.4806 	EXP 	unnamed Polygon: autoDraw = True
111.4939 	EXP 	unnamed Polygon: autoDraw = True
111.5020 	EXP 	unnamed Polygon: autoDraw = True
111.5058 	EXP 	unnamed Polygon: autoDraw = True
111.5188 	EXP 	unnamed Polygon: autoDraw = True
111.5306 	EXP 	unnamed Polygon: autoDraw = False
112.9893 	EXP 	trial_feedback: height = 0.09
112.9893 	EXP 	trial_feedback: height = 0.09
112.9893 	EXP 	trial_feedback: height = 0.09
112.9893 	EXP 	trial_feedback: text = 'Miss!\n$0.00'
112.9893 	EXP 	trial_feedback: autoDraw = True
114.9854 	EXP 	trial_feedback: autoDraw = False
114.9891 	EXP 	trial_feedback: autoDraw = False
114.9891 	EXP 	exp_feedback: autoDraw = False
125.1888 	DATA 	Keypress: 1
125.4746 	EXP 	unnamed Polygon: autoDraw = True
125.4746 	EXP 	unnamed Polygon: autoDraw = True
125.4857 	EXP 	unnamed Polygon: autoDraw = True
125.4939 	EXP 	unnamed Polygon: autoDraw = True
125.4963 	EXP 	unnamed Polygon: autoDraw = True
125.5109 	EXP 	unnamed Polygon: autoDraw = True
125.5185 	EXP 	unnamed Polygon: autoDraw = True
125.5213 	EXP 	unnamed Polygon: autoDraw = True
125.5364 	EXP 	unnamed Polygon: autoDraw = True
125.5434 	EXP 	unnamed Polygon: autoDraw = True
125.5466 	EXP 	unnamed Polygon: autoDraw = True
125.5612 	EXP 	unnamed Polygon: autoDraw = True
125.5690 	EXP 	unnamed Polygon: autoDraw = True
125.5727 	EXP 	unnamed Polygon: autoDraw = True
125.5852 	EXP 	unnamed Polygon: autoDraw = True
125.5943 	EXP 	unnamed Polygon: autoDraw = True
125.5964 	EXP 	unnamed Polygon: autoDraw = True
125.6109 	EXP 	unnamed Polygon: autoDraw = True
125.6184 	EXP 	unnamed Polygon: autoDraw = True
125.6214 	EXP 	unnamed Polygon: autoDraw = True
125.6360 	EXP 	unnamed Polygon: autoDraw = True
125.6440 	EXP 	unnamed Polygon: autoDraw = True
125.6464 	EXP 	unnamed Polygon: autoDraw = True
125.6607 	EXP 	unnamed Polygon: autoDraw = True
125.6685 	EXP 	unnamed Polygon: autoDraw = True
125.6713 	EXP 	unnamed Polygon: autoDraw = True
125.6860 	EXP 	unnamed Polygon: autoDraw = True
125.6934 	EXP 	unnamed Polygon: autoDraw = False
126.1490 	DATA 	Keypress: escape
126.1493 	WARNING 	Escape pressed, exiting early!
126.1494 	WARNING 	Total earnings: -1.5
