13.2798 	WARNING 	Monitor specification not found. Creating a temporary one...
13.2911 	WARNING 	Requested an unavailable screen number - using first available.
14.4180 	WARNING 	Couldn't measure a consistent frame rate!
  - Is your graphics card set to sync to vertical blank?
  - Are you running other processes on your computer?

14.4185 	EXP 	Created window1 = Window(allowGUI=True, allowStencil=False, autoLog=True, backendConf=UNKNOWN, backgroundFit=<method-wrapper '__getattribute__' of attributeSetter object at 0x171076c50>, backgroundImage=<method-wrapper '__getattribute__' of attributeSetter object at 0x171076cb0>, bitsMode=UNKNOWN, blendMode='avg', bpc=(8, 8, 8), color=array([-1, -1, -1]), colorSpace='rgb', depthBits=8, fullscr=False, gamma=None, gammaErrorPolicy='raise', infoMsg=UNKNOWN, lms=UNKNOWN, monitor=<psychopy.monitors.calibTools.Monitor object at 0x17103fd00>, multiSample=False, name='window1', numSamples=2, pos=(464, 258), screen=2, size=array([1600, 1200]), stencilBits=0, stereo=False, title='PsychoPy', units='height', useFBO=False, useRetina=True, viewOri=0.0, viewPos=None, viewScale=None, waitBlanking=True, winType='pyglet')
14.4186 	EXP 	window1: backgroundImage = None
14.4186 	EXP 	window1: backgroundFit = 'cover'
14.4210 	EXP 	window1: Attempting to measure frame rate of screen (2) ...
14.4211 	EXP 	window1: recordFrameIntervals = False
14.5068 	EXP 	window1: recordFrameIntervals = True
15.3851 	WARNING 	Couldn't measure a consistent frame rate!
  - Is your graphics card set to sync to vertical blank?
  - Are you running other processes on your computer?

15.4189 	EXP 	Created unnamed TextStim = TextStim(__class__=<class 'psychopy.visual.text.TextStim'>, alignHoriz=method-wrapper(...), alignText='center', alignVert=method-wrapper(...), anchorHoriz='center', anchorVert='center', antialias=True, autoDraw=False, autoLog=True, bold=False, color=array([1., 1., 1.]), colorSpace='rgb', contrast=1.0, depth=0, draggable=False, flipHoriz=False, flipVert=False, font='', fontFiles=[], height=0.04, italic=False, languageStyle='LTR', name='unnamed TextStim', opacity=1.0, ori=0.0, pos=array([ 0.  , -0.25]), rgb=UNKNOWN, text='Press the button to continue.', units='height', win=Window(...), wrapWidth=1)
15.4210 	EXP 	Created unnamed TextStim = TextStim(__class__=<class 'psychopy.visual.text.TextStim'>, alignHoriz=method-wrapper(...), alignText='center', alignVert=method-wrapper(...), anchorHoriz='center', anchorVert='center', antialias=True, autoDraw=False, autoLog=True, bold=False, color=array([1., 1., 1.]), colorSpace='rgb', contrast=1.0, depth=0, draggable=False, flipHoriz=False, flipVert=False, font='', fontFiles=[], height=0.08, italic=False, languageStyle='LTR', name='unnamed TextStim', opacity=1.0, ori=0.0, pos=array([0., 0.]), rgb=UNKNOWN, text='+', units='height', win=Window(...), wrapWidth=1)
15.4257 	EXP 	Created unnamed TextStim = TextStim(__class__=<class 'psychopy.visual.text.TextStim'>, alignHoriz=method-wrapper(...), alignText='center', alignVert=method-wrapper(...), anchorHoriz='center', anchorVert='center', antialias=True, autoDraw=False, autoLog=True, bold=False, color=array([1., 1., 1.]), colorSpace='rgb', contrast=1.0, depth=0, draggable=False, flipHoriz=False, flipVert=False, font='', fontFiles=[], height=0.04, italic=False, languageStyle='LTR', name='unnamed TextStim', opacity=1.0, ori=0.0, pos=array([0., 0.]), rgb=UNKNOWN, text=str(...), units='height', win=Window(...), wrapWidth=0.8888888888888888)
15.4314 	EXP 	Created unnamed TextStim = TextStim(__class__=<class 'psychopy.visual.text.TextStim'>, alignHoriz=method-wrapper(...), alignText='center', alignVert=method-wrapper(...), anchorHoriz='center', anchorVert='center', antialias=True, autoDraw=False, autoLog=True, bold=False, color=array([1., 1., 1.]), colorSpace='rgb', contrast=1.0, depth=0, draggable=False, flipHoriz=False, flipVert=False, font='Arial', fontFiles=[], height=0.04, italic=False, languageStyle='LTR', name='unnamed TextStim', opacity=1.0, ori=0.0, pos=array([0. , 0.1]), rgb=UNKNOWN, text='Hello World', units='height', win=Window(...), wrapWidth=0.8888888888888888)
15.4395 	EXP 	Created unnamed TextStim = TextStim(__class__=<class 'psychopy.visual.text.TextStim'>, alignHoriz=method-wrapper(...), alignText='center', alignVert=method-wrapper(...), anchorHoriz='center', anchorVert='center', antialias=True, autoDraw=False, autoLog=True, bold=False, color=array([1., 1., 1.]), colorSpace='rgb', contrast=1.0, depth=0, draggable=False, flipHoriz=False, flipVert=False, font='', fontFiles=[], height=0.04, italic=False, languageStyle='LTR', name='unnamed TextStim', opacity=1.0, ori=0.0, pos=array([0., 0.]), rgb=UNKNOWN, text=str(...), units='height', win=Window(...), wrapWidth=0.8888888888888888)
15.4422 	EXP 	Created unnamed TextStim = TextStim(__class__=<class 'psychopy.visual.text.TextStim'>, alignHoriz=method-wrapper(...), alignText='center', alignVert=method-wrapper(...), anchorHoriz='center', anchorVert='center', antialias=True, autoDraw=False, autoLog=True, bold=False, color=array([1., 1., 1.]), colorSpace='rgb', contrast=1.0, depth=0, draggable=False, flipHoriz=False, flipVert=False, font='', fontFiles=[], height=0.04, italic=False, languageStyle='LTR', name='unnamed TextStim', opacity=1.0, ori=0.0, pos=array([0., 0.]), rgb=UNKNOWN, text='The task will begin momentarily. Get ready...', units='height', win=Window(...), wrapWidth=1)
15.4443 	EXP 	Created unnamed TextStim = TextStim(__class__=<class 'psychopy.visual.text.TextStim'>, alignHoriz=method-wrapper(...), alignText='center', alignVert=method-wrapper(...), anchorHoriz='center', anchorVert='center', antialias=True, autoDraw=False, autoLog=True, bold=False, color=array([1., 1., 1.]), colorSpace='rgb', contrast=1.0, depth=0, draggable=False, flipHoriz=False, flipVert=False, font='', fontFiles=[], height=0.04, italic=False, languageStyle='LTR', name='unnamed TextStim', opacity=1.0, ori=0.0, pos=array([0., 0.]), rgb=UNKNOWN, text=str(...), units='height', win=Window(...), wrapWidth=0.8888888888888888)
15.4578 	EXP 	Created unnamed ImageStim = ImageStim(__class__=<class 'psychopy.visual.image.ImageStim'>, anchor=('center', 'center'), autoLog=True, color=array([1., 1., 1.]), colorSpace='rgb', contrast=1.0, depth=0, draggable=False, flipHoriz=False, flipVert=False, image='../stimuli/reward_low.png', interpolate=False, mask=None, maskParams=None, name='unnamed ImageStim', opacity=1, ori=0.0, pos=array([0., 0.]), size=array([0.3, 0.3]), texRes=128, units='height', win=Window(...))
15.4624 	EXP 	Created unnamed ImageStim = ImageStim(__class__=<class 'psychopy.visual.image.ImageStim'>, anchor=('center', 'center'), autoLog=True, color=array([1., 1., 1.]), colorSpace='rgb', contrast=1.0, depth=0, draggable=False, flipHoriz=False, flipVert=False, image='../stimuli/reward_high.png', interpolate=False, mask=None, maskParams=None, name='unnamed ImageStim', opacity=1, ori=0.0, pos=array([0., 0.]), size=array([0.3, 0.3]), texRes=128, units='height', win=Window(...))
15.4672 	EXP 	Created unnamed ImageStim = ImageStim(__class__=<class 'psychopy.visual.image.ImageStim'>, anchor=('center', 'center'), autoLog=True, color=array([1., 1., 1.]), colorSpace='rgb', contrast=1.0, depth=0, draggable=False, flipHoriz=False, flipVert=False, image='../stimuli/reward_neut.png', interpolate=False, mask=None, maskParams=None, name='unnamed ImageStim', opacity=1, ori=0.0, pos=array([0., 0.]), size=array([0.3, 0.3]), texRes=128, units='height', win=Window(...))
15.4719 	EXP 	Created unnamed ImageStim = ImageStim(__class__=<class 'psychopy.visual.image.ImageStim'>, anchor=('center', 'center'), autoLog=True, color=array([1., 1., 1.]), colorSpace='rgb', contrast=1.0, depth=0, draggable=False, flipHoriz=False, flipVert=False, image='../stimuli/loss_low.png', interpolate=False, mask=None, maskParams=None, name='unnamed ImageStim', opacity=1, ori=0.0, pos=array([0., 0.]), size=array([0.3, 0.3]), texRes=128, units='height', win=Window(...))
15.4793 	EXP 	Created unnamed ImageStim = ImageStim(__class__=<class 'psychopy.visual.image.ImageStim'>, anchor=('center', 'center'), autoLog=True, color=array([1., 1., 1.]), colorSpace='rgb', contrast=1.0, depth=0, draggable=False, flipHoriz=False, flipVert=False, image='../stimuli/loss_high.png', interpolate=False, mask=None, maskParams=None, name='unnamed ImageStim', opacity=1, ori=0.0, pos=array([0., 0.]), size=array([0.3, 0.3]), texRes=128, units='height', win=Window(...))
15.4840 	EXP 	Created unnamed ImageStim = ImageStim(__class__=<class 'psychopy.visual.image.ImageStim'>, anchor=('center', 'center'), autoLog=True, color=array([1., 1., 1.]), colorSpace='rgb', contrast=1.0, depth=0, draggable=False, flipHoriz=False, flipVert=False, image='../stimuli/loss_neut.png', interpolate=False, mask=None, maskParams=None, name='unnamed ImageStim', opacity=1, ori=0.0, pos=array([0., 0.]), size=array([0.3, 0.3]), texRes=128, units='height', win=Window(...))
15.4859 	EXP 	Created unnamed Polygon = Polygon(__class__=<class 'psychopy.visual.polygon.Polygon'>, anchor=('center', 'center'), autoDraw=False, autoLog=True, closeShape=True, color=method-wrapper(...), colorSpace='rgb', contrast=None, depth=0, draggable=False, fillColor=array([1, 1, 1]), fillColorSpace='rgb', fillRGB=array([1, 1, 1]), interpolate=True, lineColor=array([1., 1., 1.]), lineColorSpace='rgb', lineRGB=array([1, 1, 1]), lineWidth=1.5, name='unnamed Polygon', opacity=1, ori=0.0, pos=array([0., 0.]), size=array([1., 1.]), units='height', vertices=ndarray(...), win=Window(...))
15.4883 	EXP 	Created trial_feedback = TextStim(__class__=<class 'psychopy.visual.text.TextStim'>, alignHoriz=method-wrapper(...), alignText='center', alignVert=method-wrapper(...), anchorHoriz='center', anchorVert='center', antialias=True, autoDraw=False, autoLog=True, bold=False, color=array([1., 1., 1.]), colorSpace='rgb', contrast=1.0, depth=0, draggable=False, flipHoriz=False, flipVert=False, font='Arial', fontFiles=[], height=0.09, italic=False, languageStyle='LTR', name='trial_feedback', opacity=1, ori=0, pos=array([0., 0.]), rgb=UNKNOWN, text='Trial:', units='height', win=Window(...), wrapWidth=1)
15.4904 	EXP 	Created exp_feedback = TextStim(__class__=<class 'psychopy.visual.text.TextStim'>, alignHoriz=method-wrapper(...), alignText='center', alignVert=method-wrapper(...), anchorHoriz='center', anchorVert='center', antialias=True, autoDraw=False, autoLog=True, bold=False, color=array([1., 1., 1.]), colorSpace='rgb', contrast=1.0, depth=0, draggable=False, flipHoriz=False, flipVert=False, font='Arial', fontFiles=[], height=0.09, italic=False, languageStyle='LTR', name='exp_feedback', opacity=1, ori=0, pos=array([ 0.    , -0.0625]), rgb=UNKNOWN, text='Total:', units='height', win=Window(...), wrapWidth=1)
15.4936 	EXP 	Created unnamed TextStim = TextStim(__class__=<class 'psychopy.visual.text.TextStim'>, alignHoriz=method-wrapper(...), alignText='center', alignVert=method-wrapper(...), anchorHoriz='center', anchorVert='center', antialias=True, autoDraw=False, autoLog=True, bold=False, color=array([1., 1., 1.]), colorSpace='rgb', contrast=1.0, depth=0, draggable=False, flipHoriz=False, flipVert=False, font='', fontFiles=[], height=0.04, italic=False, languageStyle='LTR', name='unnamed TextStim', opacity=1.0, ori=0.0, pos=array([0., 0.]), rgb=UNKNOWN, text=str(...), units='height', win=Window(...), wrapWidth=1)
15.4948 	EXP 	Created unnamed TextStim = TextStim(__class__=<class 'psychopy.visual.text.TextStim'>, alignHoriz=method-wrapper(...), alignText='center', alignVert=method-wrapper(...), anchorHoriz='center', anchorVert='center', antialias=True, autoDraw=False, autoLog=True, bold=False, color=array([1., 1., 1.]), colorSpace='rgb', contrast=1.0, depth=0, draggable=False, flipHoriz=False, flipVert=False, font='', fontFiles=[], height=0.04, italic=False, languageStyle='LTR', name='unnamed TextStim', opacity=1.0, ori=0.0, pos=array([0., 0.]), rgb=UNKNOWN, text='Get ready', units='height', win=Window(...), wrapWidth=1)
15.4965 	EXP 	Created unnamed TextStim = TextStim(__class__=<class 'psychopy.visual.text.TextStim'>, alignHoriz=method-wrapper(...), alignText='center', alignVert=method-wrapper(...), anchorHoriz='center', anchorVert='center', antialias=True, autoDraw=False, autoLog=True, bold=False, color=array([1., 1., 1.]), colorSpace='rgb', contrast=1.0, depth=0, draggable=False, flipHoriz=False, flipVert=False, font='', fontFiles=[], height=0.04, italic=False, languageStyle='LTR', name='unnamed TextStim', opacity=1.0, ori=0.0, pos=array([0., 0.]), rgb=UNKNOWN, text='Please wait\n\n', units='height', win=Window(...), wrapWidth=1)
15.5498 	WARNING 	t of last frame was 164.79ms (=1/6)
25.5717 	WARNING 	t of last frame was 22.68ms (=1/44)
25.5717 	EXP 	unnamed TextStim: height = 0.04
25.5717 	EXP 	unnamed TextStim: height = 0.04
25.5717 	EXP 	unnamed TextStim: height = 0.04
25.5717 	EXP 	unnamed TextStim: text = 'Welcome!'
26.0276 	DATA 	Keypress: 1
26.0374 	WARNING 	t of last frame was 465.75ms (=1/2)
26.0374 	EXP 	unnamed TextStim: height = 0.04
26.0374 	EXP 	unnamed TextStim: height = 0.04
26.0374 	EXP 	unnamed TextStim: height = 0.04
26.0374 	EXP 	unnamed TextStim: text = 'First you will see a cross in the middle of the screen, like this:\n\n+\n\nThis means you should focus on the screen and get ready to play. '
27.0258 	DATA 	Keypress: 1
27.0321 	EXP 	Created unnamed Polygon = Polygon(__class__=<class 'psychopy.visual.polygon.Polygon'>, anchor=('center', 'center'), autoDraw=False, autoLog=True, closeShape=True, color=method-wrapper(...), colorSpace='rgb', contrast=None, depth=0, draggable=False, fillColor=array([1, 1, 1]), fillColorSpace='rgb', fillRGB=array([1, 1, 1]), interpolate=True, lineColor=array([1., 1., 1.]), lineColorSpace='rgb', lineRGB=array([1, 1, 1]), lineWidth=1.5, name='unnamed Polygon', opacity=1, ori=0.0, pos=array([0. , 0.1]), size=array([1., 1.]), units='height', vertices=ndarray(...), win=Window(...))
27.0423 	WARNING 	t of last frame was 1004.89ms (=1/0)
27.0423 	EXP 	unnamed TextStim: height = 0.04
27.0423 	EXP 	unnamed TextStim: height = 0.04
27.0423 	EXP 	unnamed TextStim: height = 0.04
27.0423 	EXP 	unnamed TextStim: text = 'Next, a small solid WHITE TRIANGLE will appear on the screen:\n\n \n\n \n\n \n\nPress the button as fast as you can when you see the solid white triangle. '
27.4476 	DATA 	Keypress: 1
27.4835 	WARNING 	Multiple dropped frames have occurred - I'll stop bothering you about them!
27.4835 	EXP 	unnamed TextStim: height = 0.04
27.4835 	EXP 	unnamed TextStim: height = 0.04
27.4835 	EXP 	unnamed TextStim: height = 0.04
27.4835 	EXP 	unnamed TextStim: text = 'Any Questions?\n\nPlease ask them now.'
27.7629 	DATA 	Keypress: 1
28.6936 	DATA 	Keypress: return
29.9615 	DATA 	Keypress: equal
34.9810 	EXP 	unnamed Polygon: autoDraw = True
34.9810 	EXP 	unnamed Polygon: autoDraw = True
34.9847 	EXP 	unnamed Polygon: autoDraw = True
34.9985 	EXP 	unnamed Polygon: autoDraw = True
35.0067 	EXP 	unnamed Polygon: autoDraw = True
35.0093 	EXP 	unnamed Polygon: autoDraw = True
35.0236 	EXP 	unnamed Polygon: autoDraw = True
35.0321 	EXP 	unnamed Polygon: autoDraw = True
35.0357 	EXP 	unnamed Polygon: autoDraw = True
35.0489 	EXP 	unnamed Polygon: autoDraw = True
35.0570 	EXP 	unnamed Polygon: autoDraw = True
35.0608 	EXP 	unnamed Polygon: autoDraw = True
35.0739 	EXP 	unnamed Polygon: autoDraw = True
35.0819 	EXP 	unnamed Polygon: autoDraw = True
35.0855 	EXP 	unnamed Polygon: autoDraw = True
35.0989 	EXP 	unnamed Polygon: autoDraw = True
35.1070 	EXP 	unnamed Polygon: autoDraw = True
35.1107 	EXP 	unnamed Polygon: autoDraw = True
35.1240 	EXP 	unnamed Polygon: autoDraw = True
35.1321 	EXP 	unnamed Polygon: autoDraw = True
35.1366 	EXP 	unnamed Polygon: autoDraw = True
35.1489 	EXP 	unnamed Polygon: autoDraw = True
35.1571 	EXP 	unnamed Polygon: autoDraw = True
35.1609 	EXP 	unnamed Polygon: autoDraw = True
35.1738 	EXP 	unnamed Polygon: autoDraw = True
35.1821 	EXP 	unnamed Polygon: autoDraw = True
35.1860 	EXP 	unnamed Polygon: autoDraw = True
35.1988 	EXP 	unnamed Polygon: autoDraw = True
35.2071 	EXP 	unnamed Polygon: autoDraw = True
35.2115 	EXP 	unnamed Polygon: autoDraw = True
35.2154 	DATA 	Keypress: 1
35.2194 	EXP 	unnamed Polygon: autoDraw = True
35.2322 	EXP 	unnamed Polygon: autoDraw = True
35.2404 	EXP 	unnamed Polygon: autoDraw = True
35.2439 	EXP 	unnamed Polygon: autoDraw = True
35.2573 	EXP 	unnamed Polygon: autoDraw = True
35.2653 	EXP 	unnamed Polygon: autoDraw = True
35.2685 	EXP 	unnamed Polygon: autoDraw = True
35.2823 	EXP 	unnamed Polygon: autoDraw = True
35.2902 	EXP 	unnamed Polygon: autoDraw = True
35.2933 	EXP 	unnamed Polygon: autoDraw = True
35.3071 	EXP 	unnamed Polygon: autoDraw = True
35.3153 	EXP 	unnamed Polygon: autoDraw = True
35.3186 	EXP 	unnamed Polygon: autoDraw = True
35.3323 	EXP 	unnamed Polygon: autoDraw = True
35.3404 	EXP 	unnamed Polygon: autoDraw = True
35.3434 	EXP 	unnamed Polygon: autoDraw = True
35.3574 	EXP 	unnamed Polygon: autoDraw = True
35.3653 	EXP 	unnamed Polygon: autoDraw = True
35.3685 	EXP 	unnamed Polygon: autoDraw = True
35.3822 	EXP 	unnamed Polygon: autoDraw = True
35.3903 	EXP 	unnamed Polygon: autoDraw = True
35.3939 	EXP 	unnamed Polygon: autoDraw = True
35.4072 	EXP 	unnamed Polygon: autoDraw = True
35.4153 	EXP 	unnamed Polygon: autoDraw = True
35.4188 	EXP 	unnamed Polygon: autoDraw = True
35.4322 	EXP 	unnamed Polygon: autoDraw = True
35.4405 	EXP 	unnamed Polygon: autoDraw = True
35.4445 	EXP 	unnamed Polygon: autoDraw = True
35.4572 	EXP 	unnamed Polygon: autoDraw = True
35.4654 	EXP 	unnamed Polygon: autoDraw = True
35.4694 	EXP 	unnamed Polygon: autoDraw = True
35.4800 	EXP 	unnamed Polygon: autoDraw = False
43.2688 	EXP 	unnamed Polygon: autoDraw = True
43.2688 	EXP 	unnamed Polygon: autoDraw = True
43.2818 	EXP 	unnamed Polygon: autoDraw = True
43.2899 	EXP 	unnamed Polygon: autoDraw = True
43.2923 	EXP 	unnamed Polygon: autoDraw = True
43.3071 	EXP 	unnamed Polygon: autoDraw = True
43.3151 	EXP 	unnamed Polygon: autoDraw = True
43.3180 	EXP 	unnamed Polygon: autoDraw = True
43.3321 	EXP 	unnamed Polygon: autoDraw = True
43.3402 	EXP 	unnamed Polygon: autoDraw = True
43.3430 	EXP 	unnamed Polygon: autoDraw = True
43.3570 	EXP 	unnamed Polygon: autoDraw = True
43.3652 	EXP 	unnamed Polygon: autoDraw = True
43.3680 	EXP 	unnamed Polygon: autoDraw = True
43.3822 	EXP 	unnamed Polygon: autoDraw = True
43.3902 	EXP 	unnamed Polygon: autoDraw = True
43.3943 	EXP 	unnamed Polygon: autoDraw = True
43.4071 	EXP 	unnamed Polygon: autoDraw = True
43.4153 	EXP 	unnamed Polygon: autoDraw = True
43.4182 	EXP 	unnamed Polygon: autoDraw = True
43.4321 	EXP 	unnamed Polygon: autoDraw = True
43.4404 	EXP 	unnamed Polygon: autoDraw = True
43.4435 	EXP 	unnamed Polygon: autoDraw = True
43.4571 	EXP 	unnamed Polygon: autoDraw = True
43.4653 	EXP 	unnamed Polygon: autoDraw = True
43.4694 	EXP 	unnamed Polygon: autoDraw = True
43.4822 	EXP 	unnamed Polygon: autoDraw = True
43.4904 	EXP 	unnamed Polygon: autoDraw = True
43.4944 	EXP 	unnamed Polygon: autoDraw = True
43.5071 	EXP 	unnamed Polygon: autoDraw = True
43.5154 	EXP 	unnamed Polygon: autoDraw = True
43.5194 	EXP 	unnamed Polygon: autoDraw = True
43.5321 	EXP 	unnamed Polygon: autoDraw = True
43.5404 	EXP 	unnamed Polygon: autoDraw = True
43.5440 	EXP 	unnamed Polygon: autoDraw = True
43.5576 	EXP 	unnamed Polygon: autoDraw = True
43.5654 	EXP 	unnamed Polygon: autoDraw = True
43.5696 	DATA 	Keypress: 1
43.5738 	EXP 	unnamed Polygon: autoDraw = True
43.5772 	EXP 	unnamed Polygon: autoDraw = True
43.5904 	EXP 	unnamed Polygon: autoDraw = True
43.5987 	EXP 	unnamed Polygon: autoDraw = True
43.6024 	EXP 	unnamed Polygon: autoDraw = True
43.6155 	EXP 	unnamed Polygon: autoDraw = True
43.6237 	EXP 	unnamed Polygon: autoDraw = True
43.6275 	EXP 	unnamed Polygon: autoDraw = True
43.6405 	EXP 	unnamed Polygon: autoDraw = True
43.6486 	EXP 	unnamed Polygon: autoDraw = True
43.6531 	EXP 	unnamed Polygon: autoDraw = True
43.6656 	EXP 	unnamed Polygon: autoDraw = True
43.6737 	EXP 	unnamed Polygon: autoDraw = True
43.6779 	EXP 	unnamed Polygon: autoDraw = True
43.6905 	EXP 	unnamed Polygon: autoDraw = True
43.6987 	EXP 	unnamed Polygon: autoDraw = True
43.7029 	EXP 	unnamed Polygon: autoDraw = True
43.7155 	EXP 	unnamed Polygon: autoDraw = True
43.7237 	EXP 	unnamed Polygon: autoDraw = True
43.7277 	EXP 	unnamed Polygon: autoDraw = True
43.7405 	EXP 	unnamed Polygon: autoDraw = True
43.7488 	EXP 	unnamed Polygon: autoDraw = True
43.7526 	EXP 	unnamed Polygon: autoDraw = True
43.7656 	EXP 	unnamed Polygon: autoDraw = True
43.7906 	EXP 	unnamed Polygon: autoDraw = False
51.4830 	EXP 	unnamed Polygon: autoDraw = True
51.4830 	EXP 	unnamed Polygon: autoDraw = True
51.4902 	EXP 	unnamed Polygon: autoDraw = True
51.4933 	EXP 	unnamed Polygon: autoDraw = True
51.5069 	EXP 	unnamed Polygon: autoDraw = True
51.5164 	EXP 	unnamed Polygon: autoDraw = True
51.5328 	EXP 	unnamed Polygon: autoDraw = True
51.5407 	EXP 	unnamed Polygon: autoDraw = True
51.5442 	EXP 	unnamed Polygon: autoDraw = True
51.5576 	EXP 	unnamed Polygon: autoDraw = True
51.5654 	EXP 	unnamed Polygon: autoDraw = True
51.5687 	EXP 	unnamed Polygon: autoDraw = True
51.5824 	EXP 	unnamed Polygon: autoDraw = True
51.5903 	EXP 	unnamed Polygon: autoDraw = True
51.5936 	EXP 	unnamed Polygon: autoDraw = True
51.6069 	EXP 	unnamed Polygon: autoDraw = True
51.6161 	EXP 	unnamed Polygon: autoDraw = True
51.6327 	EXP 	unnamed Polygon: autoDraw = True
51.6408 	EXP 	unnamed Polygon: autoDraw = True
51.6437 	EXP 	unnamed Polygon: autoDraw = True
51.6573 	EXP 	unnamed Polygon: autoDraw = True
51.6653 	EXP 	unnamed Polygon: autoDraw = True
51.6681 	EXP 	unnamed Polygon: autoDraw = True
51.6823 	EXP 	unnamed Polygon: autoDraw = True
51.6903 	EXP 	unnamed Polygon: autoDraw = True
51.6936 	EXP 	unnamed Polygon: autoDraw = True
51.7072 	EXP 	unnamed Polygon: autoDraw = True
51.7153 	EXP 	unnamed Polygon: autoDraw = True
51.7187 	EXP 	unnamed Polygon: autoDraw = True
51.7323 	EXP 	unnamed Polygon: autoDraw = True
51.7404 	EXP 	unnamed Polygon: autoDraw = True
51.7442 	EXP 	unnamed Polygon: autoDraw = True
51.7573 	EXP 	unnamed Polygon: autoDraw = True
51.7656 	EXP 	unnamed Polygon: autoDraw = True
51.7697 	EXP 	unnamed Polygon: autoDraw = True
51.7821 	EXP 	unnamed Polygon: autoDraw = True
51.7856 	DATA 	Keypress: 1
51.7900 	EXP 	unnamed Polygon: autoDraw = True
51.7939 	EXP 	unnamed Polygon: autoDraw = True
51.8069 	EXP 	unnamed Polygon: autoDraw = True
51.8152 	EXP 	unnamed Polygon: autoDraw = True
51.8179 	EXP 	unnamed Polygon: autoDraw = True
51.8318 	EXP 	unnamed Polygon: autoDraw = True
51.8403 	EXP 	unnamed Polygon: autoDraw = True
51.8443 	EXP 	unnamed Polygon: autoDraw = True
51.8572 	EXP 	unnamed Polygon: autoDraw = True
51.8655 	EXP 	unnamed Polygon: autoDraw = True
51.8690 	EXP 	unnamed Polygon: autoDraw = True
51.8822 	EXP 	unnamed Polygon: autoDraw = True
51.8903 	EXP 	unnamed Polygon: autoDraw = True
51.8941 	EXP 	unnamed Polygon: autoDraw = True
51.9072 	EXP 	unnamed Polygon: autoDraw = True
51.9154 	EXP 	unnamed Polygon: autoDraw = True
51.9191 	EXP 	unnamed Polygon: autoDraw = True
51.9323 	EXP 	unnamed Polygon: autoDraw = True
51.9403 	EXP 	unnamed Polygon: autoDraw = True
51.9442 	EXP 	unnamed Polygon: autoDraw = True
51.9573 	EXP 	unnamed Polygon: autoDraw = True
51.9654 	EXP 	unnamed Polygon: autoDraw = True
51.9692 	EXP 	unnamed Polygon: autoDraw = True
51.9834 	EXP 	unnamed Polygon: autoDraw = True
51.9933 	EXP 	unnamed Polygon: autoDraw = False
60.4092 	DATA 	Keypress: 1
64.7895 	DATA 	Keypress: 1
70.4506 	EXP 	unnamed TextStim: height = 0.04
70.4506 	EXP 	unnamed TextStim: height = 0.04
70.4506 	EXP 	unnamed TextStim: height = 0.04
70.4506 	EXP 	unnamed TextStim: text = 'Instructions...\n\nYour goal is to make as much money as possible.\n\nRemember:\nWIN CIRCLES = win money\nLOSE SQUARES = lose money\n\nQUICKLY press the button with your pointer finger when you see the solid white triangle.\n\nYou will get feedback on whether you pressed the button in time and if you won or lost money.'
70.7486 	DATA 	Keypress: 1
70.7506 	EXP 	Created unnamed TextStim = TextStim(__class__=<class 'psychopy.visual.text.TextStim'>, alignHoriz=method-wrapper(...), alignText='center', alignVert=method-wrapper(...), anchorHoriz='center', anchorVert='center', antialias=True, autoDraw=False, autoLog=True, bold=False, color=array([1., 1., 1.]), colorSpace='rgb', contrast=1.0, depth=0, draggable=False, flipHoriz=False, flipVert=False, font='', fontFiles=[], height=0.08, italic=False, languageStyle='LTR', name='unnamed TextStim', opacity=1.0, ori=0.0, pos=array([-0.65,  0.15]), rgb=UNKNOWN, text='+', units='height', win=Window(...), wrapWidth=1)
70.7571 	EXP 	Created unnamed ImageStim = ImageStim(__class__=<class 'psychopy.visual.image.ImageStim'>, anchor=('center', 'center'), autoLog=True, color=array([1., 1., 1.]), colorSpace='rgb', contrast=1.0, depth=0, draggable=False, flipHoriz=False, flipVert=False, image='../stimuli/reward_high.png', interpolate=False, mask=None, maskParams=None, name='unnamed ImageStim', opacity=1, ori=0.0, pos=array([-0.35,  0.15]), size=array([0.2, 0.2]), texRes=128, units='height', win=Window(...))
70.7580 	EXP 	Created unnamed TextStim = TextStim(__class__=<class 'psychopy.visual.text.TextStim'>, alignHoriz=method-wrapper(...), alignText='center', alignVert=method-wrapper(...), anchorHoriz='center', anchorVert='center', antialias=True, autoDraw=False, autoLog=True, bold=False, color=array([1., 1., 1.]), colorSpace='rgb', contrast=1.0, depth=0, draggable=False, flipHoriz=False, flipVert=False, font='', fontFiles=[], height=0.08, italic=False, languageStyle='LTR', name='unnamed TextStim', opacity=1.0, ori=0.0, pos=array([-0.15,  0.15]), rgb=UNKNOWN, text='+', units='height', win=Window(...), wrapWidth=1)
70.7587 	EXP 	Created unnamed Polygon = Polygon(__class__=<class 'psychopy.visual.polygon.Polygon'>, anchor=('center', 'center'), autoDraw=False, autoLog=True, closeShape=True, color=method-wrapper(...), colorSpace='rgb', contrast=None, depth=0, draggable=False, fillColor=array([1, 1, 1]), fillColorSpace='rgb', fillRGB=array([1, 1, 1]), interpolate=True, lineColor=array([1., 1., 1.]), lineColorSpace='rgb', lineRGB=array([1, 1, 1]), lineWidth=1.5, name='unnamed Polygon', opacity=1, ori=0.0, pos=array([0.15, 0.15]), size=array([1., 1.]), units='height', vertices=ndarray(...), win=Window(...))
70.7595 	EXP 	Created unnamed TextStim = TextStim(__class__=<class 'psychopy.visual.text.TextStim'>, alignHoriz=method-wrapper(...), alignText='center', alignVert=method-wrapper(...), anchorHoriz='center', anchorVert='center', antialias=True, autoDraw=False, autoLog=True, bold=False, color=array([1., 1., 1.]), colorSpace='rgb', contrast=1.0, depth=0, draggable=False, flipHoriz=False, flipVert=False, font='', fontFiles=[], height=0.08, italic=False, languageStyle='LTR', name='unnamed TextStim', opacity=1.0, ori=0.0, pos=array([0.35, 0.15]), rgb=UNKNOWN, text='+', units='height', win=Window(...), wrapWidth=1)
70.7621 	EXP 	Created unnamed TextStim = TextStim(__class__=<class 'psychopy.visual.text.TextStim'>, alignHoriz=method-wrapper(...), alignText='center', alignVert=method-wrapper(...), anchorHoriz='center', anchorVert='center', antialias=True, autoDraw=False, autoLog=True, bold=False, color=array([1., 1., 1.]), colorSpace='rgb', contrast=1.0, depth=0, draggable=False, flipHoriz=False, flipVert=False, font='', fontFiles=[], height=0.08, italic=False, languageStyle='LTR', name='unnamed TextStim', opacity=1.0, ori=0.0, pos=array([0.65, 0.15]), rgb=UNKNOWN, text='Hit!\n+$5.00', units='height', win=Window(...), wrapWidth=1)
70.7622 	WARNING 	TextStim.alignHoriz is deprecated. Use alignText and anchorHoriz attributes instead
70.7643 	EXP 	Created unnamed TextStim = TextStim(__class__=<class 'psychopy.visual.text.TextStim'>, alignHoriz='center', alignText='center', alignVert=method-wrapper(...), anchorHoriz='center', anchorVert='center', antialias=True, autoDraw=False, autoLog=True, bold=False, color=array([1., 1., 1.]), colorSpace='rgb', contrast=1.0, depth=0, draggable=False, flipHoriz=False, flipVert=False, font='', fontFiles=[], height=0.04, italic=False, languageStyle='LTR', name='unnamed TextStim', opacity=1.0, ori=0.0, pos=array([-0.65, -0.15]), rgb=UNKNOWN, text='Pay attention', units='height', win=Window(...), wrapWidth=0.1)
70.7644 	WARNING 	TextStim.alignHoriz is deprecated. Use alignText and anchorHoriz attributes instead
70.7667 	EXP 	Created unnamed TextStim = TextStim(__class__=<class 'psychopy.visual.text.TextStim'>, alignHoriz='center', alignText='center', alignVert=method-wrapper(...), anchorHoriz='center', anchorVert='center', antialias=True, autoDraw=False, autoLog=True, bold=False, color=array([1., 1., 1.]), colorSpace='rgb', contrast=1.0, depth=0, draggable=False, flipHoriz=False, flipVert=False, font='', fontFiles=[], height=0.04, italic=False, languageStyle='LTR', name='unnamed TextStim', opacity=1.0, ori=0.0, pos=array([-0.35, -0.15]), rgb=UNKNOWN, text="Cue: don't respond yet", units='height', win=Window(...), wrapWidth=0.1)
70.7668 	WARNING 	TextStim.alignHoriz is deprecated. Use alignText and anchorHoriz attributes instead
70.7679 	EXP 	Created unnamed TextStim = TextStim(__class__=<class 'psychopy.visual.text.TextStim'>, alignHoriz='center', alignText='center', alignVert=method-wrapper(...), anchorHoriz='center', anchorVert='center', antialias=True, autoDraw=False, autoLog=True, bold=False, color=array([1., 1., 1.]), colorSpace='rgb', contrast=1.0, depth=0, draggable=False, flipHoriz=False, flipVert=False, font='', fontFiles=[], height=0.04, italic=False, languageStyle='LTR', name='unnamed TextStim', opacity=1.0, ori=0.0, pos=array([-0.15, -0.15]), rgb=UNKNOWN, text='Pay attention', units='height', win=Window(...), wrapWidth=0.1)
70.7679 	WARNING 	TextStim.alignHoriz is deprecated. Use alignText and anchorHoriz attributes instead
70.7702 	EXP 	Created unnamed TextStim = TextStim(__class__=<class 'psychopy.visual.text.TextStim'>, alignHoriz='center', alignText='center', alignVert=method-wrapper(...), anchorHoriz='center', anchorVert='center', antialias=True, autoDraw=False, autoLog=True, bold=False, color=array([1., 1., 1.]), colorSpace='rgb', contrast=1.0, depth=0, draggable=False, flipHoriz=False, flipVert=False, font='', fontFiles=[], height=0.04, italic=False, languageStyle='LTR', name='unnamed TextStim', opacity=1.0, ori=0.0, pos=array([ 0.15, -0.15]), rgb=UNKNOWN, text='Respond when solid triangle is on screen', units='height', win=Window(...), wrapWidth=0.1)
70.7702 	WARNING 	TextStim.alignHoriz is deprecated. Use alignText and anchorHoriz attributes instead
70.7713 	EXP 	Created unnamed TextStim = TextStim(__class__=<class 'psychopy.visual.text.TextStim'>, alignHoriz='center', alignText='center', alignVert=method-wrapper(...), anchorHoriz='center', anchorVert='center', antialias=True, autoDraw=False, autoLog=True, bold=False, color=array([1., 1., 1.]), colorSpace='rgb', contrast=1.0, depth=0, draggable=False, flipHoriz=False, flipVert=False, font='', fontFiles=[], height=0.04, italic=False, languageStyle='LTR', name='unnamed TextStim', opacity=1.0, ori=0.0, pos=array([ 0.35, -0.15]), rgb=UNKNOWN, text='Pay attention', units='height', win=Window(...), wrapWidth=0.1)
70.7714 	WARNING 	TextStim.alignHoriz is deprecated. Use alignText and anchorHoriz attributes instead
70.7726 	EXP 	Created unnamed TextStim = TextStim(__class__=<class 'psychopy.visual.text.TextStim'>, alignHoriz='center', alignText='center', alignVert=method-wrapper(...), anchorHoriz='center', anchorVert='center', antialias=True, autoDraw=False, autoLog=True, bold=False, color=array([1., 1., 1.]), colorSpace='rgb', contrast=1.0, depth=0, draggable=False, flipHoriz=False, flipVert=False, font='', fontFiles=[], height=0.04, italic=False, languageStyle='LTR', name='unnamed TextStim', opacity=1.0, ori=0.0, pos=array([ 0.65, -0.15]), rgb=UNKNOWN, text='Feedback', units='height', win=Window(...), wrapWidth=0.1)
71.2112 	DATA 	Keypress: 1
71.5156 	DATA 	Keypress: 1
71.7557 	DATA 	Keypress: 1
72.3870 	DATA 	Keypress: return
73.7651 	DATA 	Keypress: equal
73.9246 	DATA 	Keypress: equal
83.2607 	DATA 	Keypress: 1
83.2819 	EXP 	unnamed Polygon: autoDraw = True
83.2819 	EXP 	unnamed Polygon: autoDraw = True
83.2902 	EXP 	unnamed Polygon: autoDraw = True
83.2932 	EXP 	unnamed Polygon: autoDraw = True
83.3069 	EXP 	unnamed Polygon: autoDraw = True
83.3152 	EXP 	unnamed Polygon: autoDraw = True
83.3178 	EXP 	unnamed Polygon: autoDraw = True
83.3319 	EXP 	unnamed Polygon: autoDraw = True
83.3402 	EXP 	unnamed Polygon: autoDraw = True
83.3435 	EXP 	unnamed Polygon: autoDraw = True
83.3571 	EXP 	unnamed Polygon: autoDraw = True
83.3653 	EXP 	unnamed Polygon: autoDraw = True
83.3683 	EXP 	unnamed Polygon: autoDraw = True
83.3826 	EXP 	unnamed Polygon: autoDraw = True
83.3904 	EXP 	unnamed Polygon: autoDraw = True
83.3936 	EXP 	unnamed Polygon: autoDraw = True
83.4073 	EXP 	unnamed Polygon: autoDraw = True
83.4154 	EXP 	unnamed Polygon: autoDraw = True
83.4186 	EXP 	unnamed Polygon: autoDraw = True
83.4324 	EXP 	unnamed Polygon: autoDraw = True
83.4405 	EXP 	unnamed Polygon: autoDraw = True
83.4441 	EXP 	unnamed Polygon: autoDraw = True
83.4574 	EXP 	unnamed Polygon: autoDraw = True
83.4656 	EXP 	unnamed Polygon: autoDraw = True
83.4701 	EXP 	unnamed Polygon: autoDraw = True
83.4826 	EXP 	unnamed Polygon: autoDraw = True
83.4906 	EXP 	unnamed Polygon: autoDraw = True
83.4958 	EXP 	unnamed Polygon: autoDraw = True
83.5019 	EXP 	unnamed Polygon: autoDraw = True
83.5162 	EXP 	unnamed Polygon: autoDraw = True
83.5242 	EXP 	unnamed Polygon: autoDraw = True
83.5270 	EXP 	unnamed Polygon: autoDraw = True
83.5410 	EXP 	unnamed Polygon: autoDraw = True
83.5486 	EXP 	unnamed Polygon: autoDraw = True
83.5519 	EXP 	unnamed Polygon: autoDraw = True
83.5607 	EXP 	unnamed Polygon: autoDraw = False
84.9500 	EXP 	trial_feedback: height = 0.09
84.9500 	EXP 	trial_feedback: height = 0.09
84.9500 	EXP 	trial_feedback: height = 0.09
84.9500 	EXP 	trial_feedback: text = 'Miss!\n-$1.50'
84.9500 	EXP 	trial_feedback: autoDraw = True
86.9321 	EXP 	trial_feedback: autoDraw = False
86.9489 	EXP 	trial_feedback: autoDraw = False
86.9489 	EXP 	exp_feedback: autoDraw = False
97.1957 	EXP 	unnamed Polygon: autoDraw = True
97.1957 	EXP 	unnamed Polygon: autoDraw = True
97.2020 	EXP 	unnamed Polygon: autoDraw = True
97.2153 	EXP 	unnamed Polygon: autoDraw = True
97.2235 	EXP 	unnamed Polygon: autoDraw = True
97.2263 	EXP 	unnamed Polygon: autoDraw = True
97.2404 	EXP 	unnamed Polygon: autoDraw = True
97.2489 	EXP 	unnamed Polygon: autoDraw = True
97.2514 	EXP 	unnamed Polygon: autoDraw = True
97.2655 	EXP 	unnamed Polygon: autoDraw = True
97.2735 	EXP 	unnamed Polygon: autoDraw = True
97.2765 	EXP 	unnamed Polygon: autoDraw = True
97.2908 	EXP 	unnamed Polygon: autoDraw = True
97.2987 	EXP 	unnamed Polygon: autoDraw = True
97.3016 	EXP 	unnamed Polygon: autoDraw = True
97.3156 	EXP 	unnamed Polygon: autoDraw = True
97.3237 	EXP 	unnamed Polygon: autoDraw = True
97.3274 	EXP 	unnamed Polygon: autoDraw = True
97.3405 	EXP 	unnamed Polygon: autoDraw = True
97.3487 	EXP 	unnamed Polygon: autoDraw = True
97.3524 	EXP 	unnamed Polygon: autoDraw = True
97.3656 	EXP 	unnamed Polygon: autoDraw = True
97.3738 	EXP 	unnamed Polygon: autoDraw = True
97.3777 	EXP 	unnamed Polygon: autoDraw = True
97.3905 	EXP 	unnamed Polygon: autoDraw = True
97.3988 	EXP 	unnamed Polygon: autoDraw = True
97.4026 	EXP 	unnamed Polygon: autoDraw = True
97.4155 	EXP 	unnamed Polygon: autoDraw = True
97.4239 	EXP 	unnamed Polygon: autoDraw = True
97.4278 	EXP 	unnamed Polygon: autoDraw = True
97.4406 	EXP 	unnamed Polygon: autoDraw = True
97.4443 	DATA 	Keypress: 1
97.4483 	EXP 	unnamed Polygon: autoDraw = True
97.4520 	EXP 	unnamed Polygon: autoDraw = True
97.4658 	EXP 	unnamed Polygon: autoDraw = True
97.4740 	EXP 	unnamed Polygon: autoDraw = False
99.0034 	EXP 	trial_feedback: height = 0.09
99.0034 	EXP 	trial_feedback: height = 0.09
99.0034 	EXP 	trial_feedback: height = 0.09
99.0034 	EXP 	trial_feedback: text = 'Hit!\n+$5.00'
99.0034 	EXP 	trial_feedback: autoDraw = True
100.9988 	EXP 	trial_feedback: autoDraw = False
101.0027 	EXP 	trial_feedback: autoDraw = False
101.0027 	EXP 	exp_feedback: autoDraw = False
111.2536 	EXP 	unnamed Polygon: autoDraw = True
111.2536 	EXP 	unnamed Polygon: autoDraw = True
111.2657 	EXP 	unnamed Polygon: autoDraw = True
111.2740 	EXP 	unnamed Polygon: autoDraw = True
111.2772 	EXP 	unnamed Polygon: autoDraw = True
111.2909 	EXP 	unnamed Polygon: autoDraw = True
111.2988 	EXP 	unnamed Polygon: autoDraw = True
111.3019 	EXP 	unnamed Polygon: autoDraw = True
111.3157 	EXP 	unnamed Polygon: autoDraw = True
111.3238 	EXP 	unnamed Polygon: autoDraw = True
111.3273 	EXP 	unnamed Polygon: autoDraw = True
111.3412 	EXP 	unnamed Polygon: autoDraw = True
111.3450 	DATA 	Keypress: 1
111.3486 	EXP 	unnamed Polygon: autoDraw = True
111.3524 	EXP 	unnamed Polygon: autoDraw = True
111.3653 	EXP 	unnamed Polygon: autoDraw = True
111.3736 	EXP 	unnamed Polygon: autoDraw = True
111.3765 	EXP 	unnamed Polygon: autoDraw = True
111.3906 	EXP 	unnamed Polygon: autoDraw = True
111.3991 	EXP 	unnamed Polygon: autoDraw = True
111.4022 	EXP 	unnamed Polygon: autoDraw = True
111.4156 	EXP 	unnamed Polygon: autoDraw = True
111.4238 	EXP 	unnamed Polygon: autoDraw = True
111.4274 	EXP 	unnamed Polygon: autoDraw = True
111.4406 	EXP 	unnamed Polygon: autoDraw = True
111.4486 	EXP 	unnamed Polygon: autoDraw = True
111.4521 	EXP 	unnamed Polygon: autoDraw = True
111.4656 	EXP 	unnamed Polygon: autoDraw = True
111.4738 	EXP 	unnamed Polygon: autoDraw = True
111.4775 	EXP 	unnamed Polygon: autoDraw = True
111.4906 	EXP 	unnamed Polygon: autoDraw = True
111.4988 	EXP 	unnamed Polygon: autoDraw = True
111.5022 	EXP 	unnamed Polygon: autoDraw = True
111.5155 	EXP 	unnamed Polygon: autoDraw = True
111.5237 	EXP 	unnamed Polygon: autoDraw = True
111.5321 	EXP 	unnamed Polygon: autoDraw = False
113.2152 	EXP 	trial_feedback: height = 0.09
113.2152 	EXP 	trial_feedback: height = 0.09
113.2152 	EXP 	trial_feedback: height = 0.09
113.2152 	EXP 	trial_feedback: text = 'Hit!\n+$1.50'
113.2152 	EXP 	trial_feedback: autoDraw = True
115.2028 	EXP 	trial_feedback: autoDraw = False
115.2237 	EXP 	trial_feedback: autoDraw = False
115.2237 	EXP 	exp_feedback: autoDraw = False
121.6290 	EXP 	unnamed Polygon: autoDraw = True
121.6290 	EXP 	unnamed Polygon: autoDraw = True
121.6405 	EXP 	unnamed Polygon: autoDraw = True
121.6486 	EXP 	unnamed Polygon: autoDraw = True
121.6519 	EXP 	unnamed Polygon: autoDraw = True
121.6656 	EXP 	unnamed Polygon: autoDraw = True
121.6737 	EXP 	unnamed Polygon: autoDraw = True
121.6769 	EXP 	unnamed Polygon: autoDraw = True
121.6908 	EXP 	unnamed Polygon: autoDraw = True
121.6987 	EXP 	unnamed Polygon: autoDraw = True
121.7021 	EXP 	unnamed Polygon: autoDraw = True
121.7156 	EXP 	unnamed Polygon: autoDraw = True
121.7237 	EXP 	unnamed Polygon: autoDraw = True
121.7272 	EXP 	unnamed Polygon: autoDraw = True
121.7406 	EXP 	unnamed Polygon: autoDraw = True
121.7488 	EXP 	unnamed Polygon: autoDraw = True
121.7524 	EXP 	unnamed Polygon: autoDraw = True
121.7656 	EXP 	unnamed Polygon: autoDraw = True
121.7738 	EXP 	unnamed Polygon: autoDraw = True
121.7775 	EXP 	unnamed Polygon: autoDraw = True
121.7905 	EXP 	unnamed Polygon: autoDraw = True
121.7987 	EXP 	unnamed Polygon: autoDraw = True
121.8022 	EXP 	unnamed Polygon: autoDraw = True
121.8156 	EXP 	unnamed Polygon: autoDraw = True
121.8236 	EXP 	unnamed Polygon: autoDraw = True
121.8278 	EXP 	unnamed Polygon: autoDraw = True
121.8407 	EXP 	unnamed Polygon: autoDraw = True
121.8488 	EXP 	unnamed Polygon: autoDraw = True
121.8525 	EXP 	unnamed Polygon: autoDraw = True
121.8655 	EXP 	unnamed Polygon: autoDraw = True
121.8739 	EXP 	unnamed Polygon: autoDraw = True
121.8775 	EXP 	unnamed Polygon: autoDraw = True
121.8906 	EXP 	unnamed Polygon: autoDraw = True
121.8988 	EXP 	unnamed Polygon: autoDraw = True
121.9033 	EXP 	unnamed Polygon: autoDraw = True
121.9156 	EXP 	unnamed Polygon: autoDraw = True
121.9196 	DATA 	Keypress: 1
121.9238 	EXP 	unnamed Polygon: autoDraw = True
121.9315 	EXP 	unnamed Polygon: autoDraw = False
123.2683 	EXP 	trial_feedback: height = 0.09
123.2683 	EXP 	trial_feedback: height = 0.09
123.2683 	EXP 	trial_feedback: height = 0.09
123.2683 	EXP 	trial_feedback: text = 'Hit!\n$0.00'
123.2683 	EXP 	trial_feedback: autoDraw = True
123.5986 	DATA 	Keypress: escape
125.2529 	EXP 	trial_feedback: autoDraw = False
125.2662 	WARNING 	Escape pressed, exiting early!
125.2663 	WARNING 	Total earnings: 5.0
