13.6988 	WARNING 	Monitor specification not found. Creating a temporary one...
13.7066 	WARNING 	Requested an unavailable screen number - using first available.
13.7081 	WARNING 	User requested fullscreen with size [800 600], but screen is actually [1728, 1117]. Using actual size
14.8420 	WARNING 	Couldn't measure a consistent frame rate!
  - Is your graphics card set to sync to vertical blank?
  - Are you running other processes on your computer?

14.8424 	EXP 	Created window1 = Window(allowGUI=True, allowStencil=False, autoLog=True, backendConf=UNKNOWN, backgroundFit=<method-wrapper '__getattribute__' of attributeSetter object at 0x173d5bb50>, backgroundImage=<method-wrapper '__getattribute__' of attributeSetter object at 0x173d5bbb0>, bitsMode=UNKNOWN, blendMode='avg', bpc=(8, 8, 8), color=array([-1, -1, -1]), colorSpace='rgb', depthBits=8, fullscr=True, gamma=None, gammaErrorPolicy='raise', infoMsg=UNKNOWN, lms=UNKNOWN, monitor=<psychopy.monitors.calibTools.Monitor object at 0x173df8910>, multiSample=False, name='window1', numSamples=2, pos=[0.0, 0.0], screen=2, size=array([3456, 2234]), stencilBits=0, stereo=False, title='PsychoPy', units='height', useFBO=False, useRetina=True, viewOri=0.0, viewPos=None, viewScale=None, waitBlanking=True, winType='pyglet')
14.8425 	EXP 	window1: backgroundImage = None
14.8425 	EXP 	window1: backgroundFit = 'cover'
14.8452 	EXP 	window1: Attempting to measure frame rate of screen (2) ...
14.8453 	EXP 	window1: recordFrameIntervals = False
14.9302 	EXP 	window1: recordFrameIntervals = True
15.7551 	WARNING 	Couldn't measure a consistent frame rate!
  - Is your graphics card set to sync to vertical blank?
  - Are you running other processes on your computer?

15.7873 	EXP 	Created unnamed TextStim = TextStim(__class__=<class 'psychopy.visual.text.TextStim'>, alignHoriz=method-wrapper(...), alignText='center', alignVert=method-wrapper(...), anchorHoriz='center', anchorVert='center', antialias=True, autoDraw=False, autoLog=True, bold=False, color=array([1., 1., 1.]), colorSpace='rgb', contrast=1.0, depth=0, draggable=False, flipHoriz=False, flipVert=False, font='', fontFiles=[], height=0.04, italic=False, languageStyle='LTR', name='unnamed TextStim', opacity=1.0, ori=0.0, pos=array([ 0.  , -0.25]), rgb=UNKNOWN, text='Press the button to continue.', units='height', win=Window(...), wrapWidth=1)
15.7897 	EXP 	Created unnamed TextStim = TextStim(__class__=<class 'psychopy.visual.text.TextStim'>, alignHoriz=method-wrapper(...), alignText='center', alignVert=method-wrapper(...), anchorHoriz='center', anchorVert='center', antialias=True, autoDraw=False, autoLog=True, bold=False, color=array([1., 1., 1.]), colorSpace='rgb', contrast=1.0, depth=0, draggable=False, flipHoriz=False, flipVert=False, font='', fontFiles=[], height=0.08, italic=False, languageStyle='LTR', name='unnamed TextStim', opacity=1.0, ori=0.0, pos=array([0., 0.]), rgb=UNKNOWN, text='+', units='height', win=Window(...), wrapWidth=1)
15.7944 	EXP 	Created unnamed TextStim = TextStim(__class__=<class 'psychopy.visual.text.TextStim'>, alignHoriz=method-wrapper(...), alignText='center', alignVert=method-wrapper(...), anchorHoriz='center', anchorVert='center', antialias=True, autoDraw=False, autoLog=True, bold=False, color=array([1., 1., 1.]), colorSpace='rgb', contrast=1.0, depth=0, draggable=False, flipHoriz=False, flipVert=False, font='', fontFiles=[], height=0.04, italic=False, languageStyle='LTR', name='unnamed TextStim', opacity=1.0, ori=0.0, pos=array([0., 0.]), rgb=UNKNOWN, text=str(...), units='height', win=Window(...), wrapWidth=0.8888888888888888)
15.8013 	EXP 	Created unnamed TextStim = TextStim(__class__=<class 'psychopy.visual.text.TextStim'>, alignHoriz=method-wrapper(...), alignText='center', alignVert=method-wrapper(...), anchorHoriz='center', anchorVert='center', antialias=True, autoDraw=False, autoLog=True, bold=False, color=array([1., 1., 1.]), colorSpace='rgb', contrast=1.0, depth=0, draggable=False, flipHoriz=False, flipVert=False, font='Arial', fontFiles=[], height=0.04, italic=False, languageStyle='LTR', name='unnamed TextStim', opacity=1.0, ori=0.0, pos=array([0. , 0.1]), rgb=UNKNOWN, text='Hello World', units='height', win=Window(...), wrapWidth=0.8888888888888888)
15.8086 	EXP 	Created unnamed TextStim = TextStim(__class__=<class 'psychopy.visual.text.TextStim'>, alignHoriz=method-wrapper(...), alignText='center', alignVert=method-wrapper(...), anchorHoriz='center', anchorVert='center', antialias=True, autoDraw=False, autoLog=True, bold=False, color=array([1., 1., 1.]), colorSpace='rgb', contrast=1.0, depth=0, draggable=False, flipHoriz=False, flipVert=False, font='', fontFiles=[], height=0.04, italic=False, languageStyle='LTR', name='unnamed TextStim', opacity=1.0, ori=0.0, pos=array([0., 0.]), rgb=UNKNOWN, text=str(...), units='height', win=Window(...), wrapWidth=0.8888888888888888)
15.8114 	EXP 	Created unnamed TextStim = TextStim(__class__=<class 'psychopy.visual.text.TextStim'>, alignHoriz=method-wrapper(...), alignText='center', alignVert=method-wrapper(...), anchorHoriz='center', anchorVert='center', antialias=True, autoDraw=False, autoLog=True, bold=False, color=array([1., 1., 1.]), colorSpace='rgb', contrast=1.0, depth=0, draggable=False, flipHoriz=False, flipVert=False, font='', fontFiles=[], height=0.04, italic=False, languageStyle='LTR', name='unnamed TextStim', opacity=1.0, ori=0.0, pos=array([0., 0.]), rgb=UNKNOWN, text='The task will begin momentarily. Get ready...', units='height', win=Window(...), wrapWidth=1)
15.8134 	EXP 	Created unnamed TextStim = TextStim(__class__=<class 'psychopy.visual.text.TextStim'>, alignHoriz=method-wrapper(...), alignText='center', alignVert=method-wrapper(...), anchorHoriz='center', anchorVert='center', antialias=True, autoDraw=False, autoLog=True, bold=False, color=array([1., 1., 1.]), colorSpace='rgb', contrast=1.0, depth=0, draggable=False, flipHoriz=False, flipVert=False, font='', fontFiles=[], height=0.04, italic=False, languageStyle='LTR', name='unnamed TextStim', opacity=1.0, ori=0.0, pos=array([0., 0.]), rgb=UNKNOWN, text=str(...), units='height', win=Window(...), wrapWidth=0.8888888888888888)
15.8284 	EXP 	Created unnamed ImageStim = ImageStim(__class__=<class 'psychopy.visual.image.ImageStim'>, anchor=('center', 'center'), autoLog=True, color=array([1., 1., 1.]), colorSpace='rgb', contrast=1.0, depth=0, draggable=False, flipHoriz=False, flipVert=False, image='../stimuli/reward_low.png', interpolate=False, mask=None, maskParams=None, name='unnamed ImageStim', opacity=1, ori=0.0, pos=array([0., 0.]), size=array([0.3, 0.3]), texRes=128, units='height', win=Window(...))
15.8334 	EXP 	Created unnamed ImageStim = ImageStim(__class__=<class 'psychopy.visual.image.ImageStim'>, anchor=('center', 'center'), autoLog=True, color=array([1., 1., 1.]), colorSpace='rgb', contrast=1.0, depth=0, draggable=False, flipHoriz=False, flipVert=False, image='../stimuli/reward_high.png', interpolate=False, mask=None, maskParams=None, name='unnamed ImageStim', opacity=1, ori=0.0, pos=array([0., 0.]), size=array([0.3, 0.3]), texRes=128, units='height', win=Window(...))
15.8381 	EXP 	Created unnamed ImageStim = ImageStim(__class__=<class 'psychopy.visual.image.ImageStim'>, anchor=('center', 'center'), autoLog=True, color=array([1., 1., 1.]), colorSpace='rgb', contrast=1.0, depth=0, draggable=False, flipHoriz=False, flipVert=False, image='../stimuli/reward_neut.png', interpolate=False, mask=None, maskParams=None, name='unnamed ImageStim', opacity=1, ori=0.0, pos=array([0., 0.]), size=array([0.3, 0.3]), texRes=128, units='height', win=Window(...))
15.8432 	EXP 	Created unnamed ImageStim = ImageStim(__class__=<class 'psychopy.visual.image.ImageStim'>, anchor=('center', 'center'), autoLog=True, color=array([1., 1., 1.]), colorSpace='rgb', contrast=1.0, depth=0, draggable=False, flipHoriz=False, flipVert=False, image='../stimuli/loss_low.png', interpolate=False, mask=None, maskParams=None, name='unnamed ImageStim', opacity=1, ori=0.0, pos=array([0., 0.]), size=array([0.3, 0.3]), texRes=128, units='height', win=Window(...))
15.8478 	EXP 	Created unnamed ImageStim = ImageStim(__class__=<class 'psychopy.visual.image.ImageStim'>, anchor=('center', 'center'), autoLog=True, color=array([1., 1., 1.]), colorSpace='rgb', contrast=1.0, depth=0, draggable=False, flipHoriz=False, flipVert=False, image='../stimuli/loss_high.png', interpolate=False, mask=None, maskParams=None, name='unnamed ImageStim', opacity=1, ori=0.0, pos=array([0., 0.]), size=array([0.3, 0.3]), texRes=128, units='height', win=Window(...))
15.8524 	EXP 	Created unnamed ImageStim = ImageStim(__class__=<class 'psychopy.visual.image.ImageStim'>, anchor=('center', 'center'), autoLog=True, color=array([1., 1., 1.]), colorSpace='rgb', contrast=1.0, depth=0, draggable=False, flipHoriz=False, flipVert=False, image='../stimuli/loss_neut.png', interpolate=False, mask=None, maskParams=None, name='unnamed ImageStim', opacity=1, ori=0.0, pos=array([0., 0.]), size=array([0.3, 0.3]), texRes=128, units='height', win=Window(...))
15.8543 	EXP 	Created unnamed Polygon = Polygon(__class__=<class 'psychopy.visual.polygon.Polygon'>, anchor=('center', 'center'), autoDraw=False, autoLog=True, closeShape=True, color=method-wrapper(...), colorSpace='rgb', contrast=None, depth=0, draggable=False, fillColor=array([1, 1, 1]), fillColorSpace='rgb', fillRGB=array([1, 1, 1]), interpolate=True, lineColor=array([1., 1., 1.]), lineColorSpace='rgb', lineRGB=array([1, 1, 1]), lineWidth=1.5, name='unnamed Polygon', opacity=1, ori=0.0, pos=array([0., 0.]), size=array([1., 1.]), units='height', vertices=ndarray(...), win=Window(...))
15.8572 	EXP 	Created trial_feedback = TextStim(__class__=<class 'psychopy.visual.text.TextStim'>, alignHoriz=method-wrapper(...), alignText='center', alignVert=method-wrapper(...), anchorHoriz='center', anchorVert='center', antialias=True, autoDraw=False, autoLog=True, bold=False, color=array([1., 1., 1.]), colorSpace='rgb', contrast=1.0, depth=0, draggable=False, flipHoriz=False, flipVert=False, font='Arial', fontFiles=[], height=0.09, italic=False, languageStyle='LTR', name='trial_feedback', opacity=1, ori=0, pos=array([0., 0.]), rgb=UNKNOWN, text='Trial:', units='height', win=Window(...), wrapWidth=1)
15.8593 	EXP 	Created exp_feedback = TextStim(__class__=<class 'psychopy.visual.text.TextStim'>, alignHoriz=method-wrapper(...), alignText='center', alignVert=method-wrapper(...), anchorHoriz='center', anchorVert='center', antialias=True, autoDraw=False, autoLog=True, bold=False, color=array([1., 1., 1.]), colorSpace='rgb', contrast=1.0, depth=0, draggable=False, flipHoriz=False, flipVert=False, font='Arial', fontFiles=[], height=0.09, italic=False, languageStyle='LTR', name='exp_feedback', opacity=1, ori=0, pos=array([ 0.    , -0.0625]), rgb=UNKNOWN, text='Total:', units='height', win=Window(...), wrapWidth=1)
15.8626 	EXP 	Created unnamed TextStim = TextStim(__class__=<class 'psychopy.visual.text.TextStim'>, alignHoriz=method-wrapper(...), alignText='center', alignVert=method-wrapper(...), anchorHoriz='center', anchorVert='center', antialias=True, autoDraw=False, autoLog=True, bold=False, color=array([1., 1., 1.]), colorSpace='rgb', contrast=1.0, depth=0, draggable=False, flipHoriz=False, flipVert=False, font='', fontFiles=[], height=0.04, italic=False, languageStyle='LTR', name='unnamed TextStim', opacity=1.0, ori=0.0, pos=array([0., 0.]), rgb=UNKNOWN, text=str(...), units='height', win=Window(...), wrapWidth=1)
15.8639 	EXP 	Created unnamed TextStim = TextStim(__class__=<class 'psychopy.visual.text.TextStim'>, alignHoriz=method-wrapper(...), alignText='center', alignVert=method-wrapper(...), anchorHoriz='center', anchorVert='center', antialias=True, autoDraw=False, autoLog=True, bold=False, color=array([1., 1., 1.]), colorSpace='rgb', contrast=1.0, depth=0, draggable=False, flipHoriz=False, flipVert=False, font='', fontFiles=[], height=0.04, italic=False, languageStyle='LTR', name='unnamed TextStim', opacity=1.0, ori=0.0, pos=array([0., 0.]), rgb=UNKNOWN, text='Get ready', units='height', win=Window(...), wrapWidth=1)
15.8657 	EXP 	Created unnamed TextStim = TextStim(__class__=<class 'psychopy.visual.text.TextStim'>, alignHoriz=method-wrapper(...), alignText='center', alignVert=method-wrapper(...), anchorHoriz='center', anchorVert='center', antialias=True, autoDraw=False, autoLog=True, bold=False, color=array([1., 1., 1.]), colorSpace='rgb', contrast=1.0, depth=0, draggable=False, flipHoriz=False, flipVert=False, font='', fontFiles=[], height=0.04, italic=False, languageStyle='LTR', name='unnamed TextStim', opacity=1.0, ori=0.0, pos=array([0., 0.]), rgb=UNKNOWN, text='Please wait\n\n', units='height', win=Window(...), wrapWidth=1)
15.9253 	WARNING 	t of last frame was 170.32ms (=1/5)
25.9555 	WARNING 	t of last frame was 21.36ms (=1/46)
25.9555 	EXP 	unnamed TextStim: height = 0.04
25.9555 	EXP 	unnamed TextStim: height = 0.04
25.9555 	EXP 	unnamed TextStim: height = 0.04
25.9555 	EXP 	unnamed TextStim: text = 'Welcome!'
26.3595 	DATA 	Keypress: 1
26.3674 	WARNING 	t of last frame was 411.95ms (=1/2)
26.3674 	EXP 	unnamed TextStim: height = 0.04
26.3674 	EXP 	unnamed TextStim: height = 0.04
26.3674 	EXP 	unnamed TextStim: height = 0.04
26.3674 	EXP 	unnamed TextStim: text = 'First you will see a cross in the middle of the screen, like this:\n\n+\n\nThis means you should focus on the screen and get ready to play. '
26.6731 	DATA 	Keypress: 1
26.7112 	EXP 	Created unnamed Polygon = Polygon(__class__=<class 'psychopy.visual.polygon.Polygon'>, anchor=('center', 'center'), autoDraw=False, autoLog=True, closeShape=True, color=method-wrapper(...), colorSpace='rgb', contrast=None, depth=0, draggable=False, fillColor=array([1, 1, 1]), fillColorSpace='rgb', fillRGB=array([1, 1, 1]), interpolate=True, lineColor=array([1., 1., 1.]), lineColorSpace='rgb', lineRGB=array([1, 1, 1]), lineWidth=1.5, name='unnamed Polygon', opacity=1, ori=0.0, pos=array([0. , 0.1]), size=array([1., 1.]), units='height', vertices=ndarray(...), win=Window(...))
26.7206 	WARNING 	t of last frame was 353.19ms (=1/2)
26.7206 	EXP 	unnamed TextStim: height = 0.04
26.7206 	EXP 	unnamed TextStim: height = 0.04
26.7206 	EXP 	unnamed TextStim: height = 0.04
26.7206 	EXP 	unnamed TextStim: text = 'Next, a small solid WHITE TRIANGLE will appear on the screen:\n\n \n\n \n\n \n\nPress the button as fast as you can when you see the solid white triangle. '
26.8962 	DATA 	Keypress: 1
26.9005 	WARNING 	Multiple dropped frames have occurred - I'll stop bothering you about them!
26.9005 	EXP 	unnamed TextStim: height = 0.04
26.9005 	EXP 	unnamed TextStim: height = 0.04
26.9005 	EXP 	unnamed TextStim: height = 0.04
26.9005 	EXP 	unnamed TextStim: text = 'Any Questions?\n\nPlease ask them now.'
27.1289 	DATA 	Keypress: 1
27.4782 	DATA 	Keypress: return
32.5025 	EXP 	unnamed Polygon: autoDraw = True
32.5025 	EXP 	unnamed Polygon: autoDraw = True
32.5047 	EXP 	unnamed Polygon: autoDraw = True
32.5079 	EXP 	unnamed Polygon: autoDraw = True
32.5232 	EXP 	unnamed Polygon: autoDraw = True
32.5249 	EXP 	unnamed Polygon: autoDraw = True
32.5403 	EXP 	unnamed Polygon: autoDraw = True
32.5437 	EXP 	unnamed Polygon: autoDraw = True
32.5471 	EXP 	unnamed Polygon: autoDraw = True
32.5618 	EXP 	unnamed Polygon: autoDraw = True
32.5639 	EXP 	unnamed Polygon: autoDraw = True
32.5795 	EXP 	unnamed Polygon: autoDraw = True
32.5836 	EXP 	unnamed Polygon: autoDraw = True
32.5894 	EXP 	unnamed Polygon: autoDraw = True
32.6013 	EXP 	unnamed Polygon: autoDraw = True
32.6045 	EXP 	unnamed Polygon: autoDraw = True
32.6187 	EXP 	unnamed Polygon: autoDraw = True
32.6228 	EXP 	unnamed Polygon: autoDraw = True
32.6370 	EXP 	unnamed Polygon: autoDraw = True
32.6413 	EXP 	unnamed Polygon: autoDraw = True
32.6550 	EXP 	unnamed Polygon: autoDraw = True
32.6590 	EXP 	unnamed Polygon: autoDraw = True
32.6638 	EXP 	unnamed Polygon: autoDraw = True
32.6766 	EXP 	unnamed Polygon: autoDraw = True
32.6792 	EXP 	unnamed Polygon: autoDraw = True
32.6941 	EXP 	unnamed Polygon: autoDraw = True
32.6975 	EXP 	unnamed Polygon: autoDraw = True
32.7124 	EXP 	unnamed Polygon: autoDraw = True
32.7172 	DATA 	Keypress: 1
32.7201 	EXP 	unnamed Polygon: autoDraw = True
32.7236 	EXP 	unnamed Polygon: autoDraw = True
32.7369 	EXP 	unnamed Polygon: autoDraw = True
32.7393 	EXP 	unnamed Polygon: autoDraw = True
32.7544 	EXP 	unnamed Polygon: autoDraw = True
32.7586 	EXP 	unnamed Polygon: autoDraw = True
32.7725 	EXP 	unnamed Polygon: autoDraw = True
32.7773 	EXP 	unnamed Polygon: autoDraw = True
32.7805 	EXP 	unnamed Polygon: autoDraw = True
32.7951 	EXP 	unnamed Polygon: autoDraw = True
32.7971 	EXP 	unnamed Polygon: autoDraw = True
32.8128 	EXP 	unnamed Polygon: autoDraw = True
32.8165 	EXP 	unnamed Polygon: autoDraw = True
32.8308 	EXP 	unnamed Polygon: autoDraw = True
32.8346 	EXP 	unnamed Polygon: autoDraw = True
32.8392 	EXP 	unnamed Polygon: autoDraw = True
32.8527 	EXP 	unnamed Polygon: autoDraw = True
32.8550 	EXP 	unnamed Polygon: autoDraw = True
32.8702 	EXP 	unnamed Polygon: autoDraw = True
32.8745 	EXP 	unnamed Polygon: autoDraw = True
32.8882 	EXP 	unnamed Polygon: autoDraw = True
32.8917 	EXP 	unnamed Polygon: autoDraw = True
32.9062 	EXP 	unnamed Polygon: autoDraw = True
32.9097 	EXP 	unnamed Polygon: autoDraw = True
32.9126 	EXP 	unnamed Polygon: autoDraw = True
32.9282 	EXP 	unnamed Polygon: autoDraw = True
32.9316 	EXP 	unnamed Polygon: autoDraw = True
32.9460 	EXP 	unnamed Polygon: autoDraw = True
32.9501 	EXP 	unnamed Polygon: autoDraw = True
32.9650 	EXP 	unnamed Polygon: autoDraw = True
32.9713 	EXP 	unnamed Polygon: autoDraw = True
32.9736 	EXP 	unnamed Polygon: autoDraw = True
32.9900 	EXP 	unnamed Polygon: autoDraw = True
32.9966 	EXP 	unnamed Polygon: autoDraw = False
40.0065 	DATA 	Keypress: 1
42.9329 	DATA 	Keypress: 1
43.8225 	DATA 	Keypress: return
50.0553 	EXP 	unnamed TextStim: height = 0.04
50.0553 	EXP 	unnamed TextStim: height = 0.04
50.0553 	EXP 	unnamed TextStim: height = 0.04
50.0553 	EXP 	unnamed TextStim: text = 'Instructions...\n\nYour goal is to make as much money as possible.\n\nRemember:\nWIN CIRCLES = win money\nLOSE SQUARES = lose money\n\nQUICKLY press the button with your pointer finger when you see the solid white triangle.\n\nYou will get feedback on whether you pressed the button in time and if you won or lost money.'
50.9663 	DATA 	Keypress: 1
50.9684 	EXP 	Created unnamed TextStim = TextStim(__class__=<class 'psychopy.visual.text.TextStim'>, alignHoriz=method-wrapper(...), alignText='center', alignVert=method-wrapper(...), anchorHoriz='center', anchorVert='center', antialias=True, autoDraw=False, autoLog=True, bold=False, color=array([1., 1., 1.]), colorSpace='rgb', contrast=1.0, depth=0, draggable=False, flipHoriz=False, flipVert=False, font='', fontFiles=[], height=0.08, italic=False, languageStyle='LTR', name='unnamed TextStim', opacity=1.0, ori=0.0, pos=array([-0.65,  0.15]), rgb=UNKNOWN, text='+', units='height', win=Window(...), wrapWidth=1)
50.9736 	EXP 	Created unnamed ImageStim = ImageStim(__class__=<class 'psychopy.visual.image.ImageStim'>, anchor=('center', 'center'), autoLog=True, color=array([1., 1., 1.]), colorSpace='rgb', contrast=1.0, depth=0, draggable=False, flipHoriz=False, flipVert=False, image='../stimuli/reward_high.png', interpolate=False, mask=None, maskParams=None, name='unnamed ImageStim', opacity=1, ori=0.0, pos=array([-0.35,  0.15]), size=array([0.2, 0.2]), texRes=128, units='height', win=Window(...))
50.9746 	EXP 	Created unnamed TextStim = TextStim(__class__=<class 'psychopy.visual.text.TextStim'>, alignHoriz=method-wrapper(...), alignText='center', alignVert=method-wrapper(...), anchorHoriz='center', anchorVert='center', antialias=True, autoDraw=False, autoLog=True, bold=False, color=array([1., 1., 1.]), colorSpace='rgb', contrast=1.0, depth=0, draggable=False, flipHoriz=False, flipVert=False, font='', fontFiles=[], height=0.08, italic=False, languageStyle='LTR', name='unnamed TextStim', opacity=1.0, ori=0.0, pos=array([-0.15,  0.15]), rgb=UNKNOWN, text='+', units='height', win=Window(...), wrapWidth=1)
50.9753 	EXP 	Created unnamed Polygon = Polygon(__class__=<class 'psychopy.visual.polygon.Polygon'>, anchor=('center', 'center'), autoDraw=False, autoLog=True, closeShape=True, color=method-wrapper(...), colorSpace='rgb', contrast=None, depth=0, draggable=False, fillColor=array([1, 1, 1]), fillColorSpace='rgb', fillRGB=array([1, 1, 1]), interpolate=True, lineColor=array([1., 1., 1.]), lineColorSpace='rgb', lineRGB=array([1, 1, 1]), lineWidth=1.5, name='unnamed Polygon', opacity=1, ori=0.0, pos=array([0.15, 0.15]), size=array([1., 1.]), units='height', vertices=ndarray(...), win=Window(...))
50.9761 	EXP 	Created unnamed TextStim = TextStim(__class__=<class 'psychopy.visual.text.TextStim'>, alignHoriz=method-wrapper(...), alignText='center', alignVert=method-wrapper(...), anchorHoriz='center', anchorVert='center', antialias=True, autoDraw=False, autoLog=True, bold=False, color=array([1., 1., 1.]), colorSpace='rgb', contrast=1.0, depth=0, draggable=False, flipHoriz=False, flipVert=False, font='', fontFiles=[], height=0.08, italic=False, languageStyle='LTR', name='unnamed TextStim', opacity=1.0, ori=0.0, pos=array([0.35, 0.15]), rgb=UNKNOWN, text='+', units='height', win=Window(...), wrapWidth=1)
50.9785 	EXP 	Created unnamed TextStim = TextStim(__class__=<class 'psychopy.visual.text.TextStim'>, alignHoriz=method-wrapper(...), alignText='center', alignVert=method-wrapper(...), anchorHoriz='center', anchorVert='center', antialias=True, autoDraw=False, autoLog=True, bold=False, color=array([1., 1., 1.]), colorSpace='rgb', contrast=1.0, depth=0, draggable=False, flipHoriz=False, flipVert=False, font='', fontFiles=[], height=0.08, italic=False, languageStyle='LTR', name='unnamed TextStim', opacity=1.0, ori=0.0, pos=array([0.65, 0.15]), rgb=UNKNOWN, text='Hit!\n+$5.00', units='height', win=Window(...), wrapWidth=1)
50.9786 	WARNING 	TextStim.alignHoriz is deprecated. Use alignText and anchorHoriz attributes instead
50.9806 	EXP 	Created unnamed TextStim = TextStim(__class__=<class 'psychopy.visual.text.TextStim'>, alignHoriz='center', alignText='center', alignVert=method-wrapper(...), anchorHoriz='center', anchorVert='center', antialias=True, autoDraw=False, autoLog=True, bold=False, color=array([1., 1., 1.]), colorSpace='rgb', contrast=1.0, depth=0, draggable=False, flipHoriz=False, flipVert=False, font='', fontFiles=[], height=0.04, italic=False, languageStyle='LTR', name='unnamed TextStim', opacity=1.0, ori=0.0, pos=array([-0.65, -0.15]), rgb=UNKNOWN, text='Pay attention', units='height', win=Window(...), wrapWidth=0.1)
50.9807 	WARNING 	TextStim.alignHoriz is deprecated. Use alignText and anchorHoriz attributes instead
50.9828 	EXP 	Created unnamed TextStim = TextStim(__class__=<class 'psychopy.visual.text.TextStim'>, alignHoriz='center', alignText='center', alignVert=method-wrapper(...), anchorHoriz='center', anchorVert='center', antialias=True, autoDraw=False, autoLog=True, bold=False, color=array([1., 1., 1.]), colorSpace='rgb', contrast=1.0, depth=0, draggable=False, flipHoriz=False, flipVert=False, font='', fontFiles=[], height=0.04, italic=False, languageStyle='LTR', name='unnamed TextStim', opacity=1.0, ori=0.0, pos=array([-0.35, -0.15]), rgb=UNKNOWN, text="Cue: don't respond yet", units='height', win=Window(...), wrapWidth=0.1)
50.9828 	WARNING 	TextStim.alignHoriz is deprecated. Use alignText and anchorHoriz attributes instead
50.9839 	EXP 	Created unnamed TextStim = TextStim(__class__=<class 'psychopy.visual.text.TextStim'>, alignHoriz='center', alignText='center', alignVert=method-wrapper(...), anchorHoriz='center', anchorVert='center', antialias=True, autoDraw=False, autoLog=True, bold=False, color=array([1., 1., 1.]), colorSpace='rgb', contrast=1.0, depth=0, draggable=False, flipHoriz=False, flipVert=False, font='', fontFiles=[], height=0.04, italic=False, languageStyle='LTR', name='unnamed TextStim', opacity=1.0, ori=0.0, pos=array([-0.15, -0.15]), rgb=UNKNOWN, text='Pay attention', units='height', win=Window(...), wrapWidth=0.1)
50.9839 	WARNING 	TextStim.alignHoriz is deprecated. Use alignText and anchorHoriz attributes instead
50.9860 	EXP 	Created unnamed TextStim = TextStim(__class__=<class 'psychopy.visual.text.TextStim'>, alignHoriz='center', alignText='center', alignVert=method-wrapper(...), anchorHoriz='center', anchorVert='center', antialias=True, autoDraw=False, autoLog=True, bold=False, color=array([1., 1., 1.]), colorSpace='rgb', contrast=1.0, depth=0, draggable=False, flipHoriz=False, flipVert=False, font='', fontFiles=[], height=0.04, italic=False, languageStyle='LTR', name='unnamed TextStim', opacity=1.0, ori=0.0, pos=array([ 0.15, -0.15]), rgb=UNKNOWN, text='Respond when solid triangle is on screen', units='height', win=Window(...), wrapWidth=0.1)
50.9861 	WARNING 	TextStim.alignHoriz is deprecated. Use alignText and anchorHoriz attributes instead
50.9871 	EXP 	Created unnamed TextStim = TextStim(__class__=<class 'psychopy.visual.text.TextStim'>, alignHoriz='center', alignText='center', alignVert=method-wrapper(...), anchorHoriz='center', anchorVert='center', antialias=True, autoDraw=False, autoLog=True, bold=False, color=array([1., 1., 1.]), colorSpace='rgb', contrast=1.0, depth=0, draggable=False, flipHoriz=False, flipVert=False, font='', fontFiles=[], height=0.04, italic=False, languageStyle='LTR', name='unnamed TextStim', opacity=1.0, ori=0.0, pos=array([ 0.35, -0.15]), rgb=UNKNOWN, text='Pay attention', units='height', win=Window(...), wrapWidth=0.1)
50.9872 	WARNING 	TextStim.alignHoriz is deprecated. Use alignText and anchorHoriz attributes instead
50.9883 	EXP 	Created unnamed TextStim = TextStim(__class__=<class 'psychopy.visual.text.TextStim'>, alignHoriz='center', alignText='center', alignVert=method-wrapper(...), anchorHoriz='center', anchorVert='center', antialias=True, autoDraw=False, autoLog=True, bold=False, color=array([1., 1., 1.]), colorSpace='rgb', contrast=1.0, depth=0, draggable=False, flipHoriz=False, flipVert=False, font='', fontFiles=[], height=0.04, italic=False, languageStyle='LTR', name='unnamed TextStim', opacity=1.0, ori=0.0, pos=array([ 0.65, -0.15]), rgb=UNKNOWN, text='Feedback', units='height', win=Window(...), wrapWidth=0.1)
51.5570 	DATA 	Keypress: 1
51.9607 	DATA 	Keypress: 1
52.2284 	DATA 	Keypress: 1
52.8179 	DATA 	Keypress: return
54.2380 	DATA 	Keypress: equal
63.3322 	EXP 	unnamed Polygon: autoDraw = True
63.3322 	EXP 	unnamed Polygon: autoDraw = True
63.3347 	EXP 	unnamed Polygon: autoDraw = True
63.3382 	EXP 	unnamed Polygon: autoDraw = True
63.3527 	EXP 	unnamed Polygon: autoDraw = True
63.3546 	EXP 	unnamed Polygon: autoDraw = True
63.3699 	EXP 	unnamed Polygon: autoDraw = True
63.3734 	EXP 	unnamed Polygon: autoDraw = True
63.3879 	EXP 	unnamed Polygon: autoDraw = True
63.3917 	EXP 	unnamed Polygon: autoDraw = True
63.4054 	EXP 	unnamed Polygon: autoDraw = True
63.4091 	EXP 	unnamed Polygon: autoDraw = True
63.4139 	EXP 	unnamed Polygon: autoDraw = True
63.4267 	EXP 	unnamed Polygon: autoDraw = True
63.4292 	EXP 	unnamed Polygon: autoDraw = True
63.4446 	EXP 	unnamed Polygon: autoDraw = True
63.4487 	EXP 	unnamed Polygon: autoDraw = True
63.4624 	EXP 	unnamed Polygon: autoDraw = True
63.4664 	EXP 	unnamed Polygon: autoDraw = True
63.4801 	EXP 	unnamed Polygon: autoDraw = True
63.4844 	EXP 	unnamed Polygon: autoDraw = True
63.4890 	EXP 	unnamed Polygon: autoDraw = True
63.5017 	EXP 	unnamed Polygon: autoDraw = True
63.5043 	EXP 	unnamed Polygon: autoDraw = True
63.5188 	EXP 	unnamed Polygon: autoDraw = True
63.5221 	EXP 	unnamed Polygon: autoDraw = True
63.5366 	EXP 	unnamed Polygon: autoDraw = True
63.5385 	EXP 	unnamed Polygon: autoDraw = True
63.5547 	EXP 	unnamed Polygon: autoDraw = False
63.6338 	DATA 	Keypress: 1
65.2796 	EXP 	trial_feedback: height = 0.09
65.2796 	EXP 	trial_feedback: height = 0.09
65.2796 	EXP 	trial_feedback: height = 0.09
65.2796 	EXP 	trial_feedback: text = 'Miss!\n-$0.00'
65.2796 	EXP 	trial_feedback: autoDraw = True
67.2660 	EXP 	trial_feedback: autoDraw = False
67.2660 	EXP 	exp_feedback: autoDraw = False
74.6064 	DATA 	Keypress: 1
75.6233 	EXP 	unnamed Polygon: autoDraw = True
75.6233 	EXP 	unnamed Polygon: autoDraw = True
75.6259 	EXP 	unnamed Polygon: autoDraw = True
75.6405 	EXP 	unnamed Polygon: autoDraw = True
75.6424 	EXP 	unnamed Polygon: autoDraw = True
75.6585 	EXP 	unnamed Polygon: autoDraw = True
75.6611 	EXP 	unnamed Polygon: autoDraw = True
75.6644 	EXP 	unnamed Polygon: autoDraw = True
75.6793 	EXP 	unnamed Polygon: autoDraw = True
75.6816 	EXP 	unnamed Polygon: autoDraw = True
75.6961 	EXP 	unnamed Polygon: autoDraw = True
75.6985 	EXP 	unnamed Polygon: autoDraw = True
75.7129 	EXP 	unnamed Polygon: autoDraw = True
75.7150 	EXP 	unnamed Polygon: autoDraw = True
75.7296 	EXP 	unnamed Polygon: autoDraw = True
75.7325 	EXP 	unnamed Polygon: autoDraw = True
75.7462 	EXP 	unnamed Polygon: autoDraw = True
75.7499 	EXP 	unnamed Polygon: autoDraw = True
75.7628 	EXP 	unnamed Polygon: autoDraw = True
75.7680 	EXP 	unnamed Polygon: autoDraw = True
75.7735 	EXP 	unnamed Polygon: autoDraw = True
75.7864 	EXP 	unnamed Polygon: autoDraw = True
75.7885 	EXP 	unnamed Polygon: autoDraw = True
75.8037 	EXP 	unnamed Polygon: autoDraw = True
75.8072 	EXP 	unnamed Polygon: autoDraw = True
75.8213 	EXP 	unnamed Polygon: autoDraw = True
75.8238 	EXP 	unnamed Polygon: autoDraw = True
75.8377 	EXP 	unnamed Polygon: autoDraw = True
75.8407 	EXP 	unnamed Polygon: autoDraw = True
75.8581 	EXP 	unnamed Polygon: autoDraw = True
75.8655 	EXP 	unnamed Polygon: autoDraw = False
77.2932 	EXP 	trial_feedback: text = 'Miss!\n-$0.00'
77.2932 	EXP 	trial_feedback: autoDraw = True
79.2826 	EXP 	trial_feedback: autoDraw = False
79.3015 	EXP 	trial_feedback: autoDraw = False
79.3015 	EXP 	exp_feedback: autoDraw = False
85.6935 	EXP 	unnamed Polygon: autoDraw = True
85.6935 	EXP 	unnamed Polygon: autoDraw = True
85.6966 	EXP 	unnamed Polygon: autoDraw = True
85.7111 	EXP 	unnamed Polygon: autoDraw = True
85.7138 	EXP 	unnamed Polygon: autoDraw = True
85.7284 	EXP 	unnamed Polygon: autoDraw = True
85.7309 	EXP 	unnamed Polygon: autoDraw = True
85.7455 	EXP 	unnamed Polygon: autoDraw = True
85.7474 	EXP 	unnamed Polygon: autoDraw = True
85.7618 	EXP 	unnamed Polygon: autoDraw = True
85.7639 	EXP 	unnamed Polygon: autoDraw = True
85.7797 	EXP 	unnamed Polygon: autoDraw = True
85.7818 	EXP 	unnamed Polygon: autoDraw = True
85.7985 	EXP 	unnamed Polygon: autoDraw = True
85.8003 	DATA 	Keypress: 1
85.8027 	EXP 	unnamed Polygon: autoDraw = True
85.8045 	EXP 	unnamed Polygon: autoDraw = True
85.8202 	EXP 	unnamed Polygon: autoDraw = True
85.8222 	EXP 	unnamed Polygon: autoDraw = True
85.8379 	EXP 	unnamed Polygon: autoDraw = True
85.8400 	EXP 	unnamed Polygon: autoDraw = True
85.8538 	EXP 	unnamed Polygon: autoDraw = True
85.8604 	EXP 	unnamed Polygon: autoDraw = True
85.8653 	EXP 	unnamed Polygon: autoDraw = True
85.8791 	EXP 	unnamed Polygon: autoDraw = True
85.8830 	EXP 	unnamed Polygon: autoDraw = True
85.8959 	EXP 	unnamed Polygon: autoDraw = True
85.9001 	EXP 	unnamed Polygon: autoDraw = True
85.9125 	EXP 	unnamed Polygon: autoDraw = True
85.9182 	EXP 	unnamed Polygon: autoDraw = False
87.4511 	EXP 	trial_feedback: height = 0.09
87.4511 	EXP 	trial_feedback: height = 0.09
87.4511 	EXP 	trial_feedback: height = 0.09
87.4511 	EXP 	trial_feedback: text = 'Hit!\n+$1.50'
87.4511 	EXP 	trial_feedback: autoDraw = True
89.4442 	EXP 	trial_feedback: autoDraw = False
89.4442 	EXP 	exp_feedback: autoDraw = False
92.1924 	DATA 	Keypress: escape
92.1930 	WARNING 	Escape pressed, exiting early!
92.1931 	WARNING 	Total earnings: 1.5
