39.0414 	WARNING 	Monitor specification not found. Creating a temporary one...
39.0516 	WARNING 	Requested an unavailable screen number - using first available.
39.0535 	WARNING 	User requested fullscreen with size [800 600], but screen is actually [1728, 1117]. Using actual size
40.2029 	WARNING 	Couldn't measure a consistent frame rate!
  - Is your graphics card set to sync to vertical blank?
  - Are you running other processes on your computer?

40.2033 	EXP 	Created window1 = Window(allowGUI=True, allowStencil=False, autoLog=True, backendConf=UNKNOWN, backgroundFit=<method-wrapper '__getattribute__' of attributeSetter object at 0x175dcb850>, backgroundImage=<method-wrapper '__getattribute__' of attributeSetter object at 0x175dcb8b0>, bitsMode=UNKNOWN, blendMode='avg', bpc=(8, 8, 8), color=array([-1, -1, -1]), colorSpace='rgb', depthBits=8, fullscr=True, gamma=None, gammaErrorPolicy='raise', infoMsg=UNKNOWN, lms=UNKNOWN, monitor=<psychopy.monitors.calibTools.Monitor object at 0x175e68c10>, multiSample=False, name='window1', numSamples=2, pos=[0.0, 0.0], screen=2, size=array([3456, 2234]), stencilBits=0, stereo=False, title='PsychoPy', units='height', useFBO=False, useRetina=True, viewOri=0.0, viewPos=None, viewScale=None, waitBlanking=True, winType='pyglet')
40.2033 	EXP 	window1: backgroundImage = None
40.2033 	EXP 	window1: backgroundFit = 'cover'
40.2063 	EXP 	window1: Attempting to measure frame rate of screen (2) ...
40.2063 	EXP 	window1: recordFrameIntervals = False
40.2858 	EXP 	window1: recordFrameIntervals = True
40.6187 	WARNING 	t of last frame was 21.13ms (=1/47)
41.1383 	WARNING 	Couldn't measure a consistent frame rate!
  - Is your graphics card set to sync to vertical blank?
  - Are you running other processes on your computer?

41.1714 	EXP 	Created unnamed TextStim = TextStim(__class__=<class 'psychopy.visual.text.TextStim'>, alignHoriz=method-wrapper(...), alignText='center', alignVert=method-wrapper(...), anchorHoriz='center', anchorVert='center', antialias=True, autoDraw=False, autoLog=True, bold=False, color=array([1., 1., 1.]), colorSpace='rgb', contrast=1.0, depth=0, draggable=False, flipHoriz=False, flipVert=False, font='', fontFiles=[], height=0.04, italic=False, languageStyle='LTR', name='unnamed TextStim', opacity=1.0, ori=0.0, pos=array([ 0.  , -0.25]), rgb=UNKNOWN, text='Press the button to continue.', units='height', win=Window(...), wrapWidth=1)
41.1738 	EXP 	Created unnamed TextStim = TextStim(__class__=<class 'psychopy.visual.text.TextStim'>, alignHoriz=method-wrapper(...), alignText='center', alignVert=method-wrapper(...), anchorHoriz='center', anchorVert='center', antialias=True, autoDraw=False, autoLog=True, bold=False, color=array([1., 1., 1.]), colorSpace='rgb', contrast=1.0, depth=0, draggable=False, flipHoriz=False, flipVert=False, font='', fontFiles=[], height=0.08, italic=False, languageStyle='LTR', name='unnamed TextStim', opacity=1.0, ori=0.0, pos=array([0., 0.]), rgb=UNKNOWN, text='+', units='height', win=Window(...), wrapWidth=1)
41.1788 	EXP 	Created unnamed TextStim = TextStim(__class__=<class 'psychopy.visual.text.TextStim'>, alignHoriz=method-wrapper(...), alignText='center', alignVert=method-wrapper(...), anchorHoriz='center', anchorVert='center', antialias=True, autoDraw=False, autoLog=True, bold=False, color=array([1., 1., 1.]), colorSpace='rgb', contrast=1.0, depth=0, draggable=False, flipHoriz=False, flipVert=False, font='', fontFiles=[], height=0.04, italic=False, languageStyle='LTR', name='unnamed TextStim', opacity=1.0, ori=0.0, pos=array([0., 0.]), rgb=UNKNOWN, text=str(...), units='height', win=Window(...), wrapWidth=0.8888888888888888)
41.1851 	EXP 	Created unnamed TextStim = TextStim(__class__=<class 'psychopy.visual.text.TextStim'>, alignHoriz=method-wrapper(...), alignText='center', alignVert=method-wrapper(...), anchorHoriz='center', anchorVert='center', antialias=True, autoDraw=False, autoLog=True, bold=False, color=array([1., 1., 1.]), colorSpace='rgb', contrast=1.0, depth=0, draggable=False, flipHoriz=False, flipVert=False, font='Arial', fontFiles=[], height=0.04, italic=False, languageStyle='LTR', name='unnamed TextStim', opacity=1.0, ori=0.0, pos=array([0. , 0.1]), rgb=UNKNOWN, text='Hello World', units='height', win=Window(...), wrapWidth=0.8888888888888888)
41.1927 	EXP 	Created unnamed TextStim = TextStim(__class__=<class 'psychopy.visual.text.TextStim'>, alignHoriz=method-wrapper(...), alignText='center', alignVert=method-wrapper(...), anchorHoriz='center', anchorVert='center', antialias=True, autoDraw=False, autoLog=True, bold=False, color=array([1., 1., 1.]), colorSpace='rgb', contrast=1.0, depth=0, draggable=False, flipHoriz=False, flipVert=False, font='', fontFiles=[], height=0.04, italic=False, languageStyle='LTR', name='unnamed TextStim', opacity=1.0, ori=0.0, pos=array([0., 0.]), rgb=UNKNOWN, text=str(...), units='height', win=Window(...), wrapWidth=0.8888888888888888)
41.1954 	EXP 	Created unnamed TextStim = TextStim(__class__=<class 'psychopy.visual.text.TextStim'>, alignHoriz=method-wrapper(...), alignText='center', alignVert=method-wrapper(...), anchorHoriz='center', anchorVert='center', antialias=True, autoDraw=False, autoLog=True, bold=False, color=array([1., 1., 1.]), colorSpace='rgb', contrast=1.0, depth=0, draggable=False, flipHoriz=False, flipVert=False, font='', fontFiles=[], height=0.04, italic=False, languageStyle='LTR', name='unnamed TextStim', opacity=1.0, ori=0.0, pos=array([0., 0.]), rgb=UNKNOWN, text='The task will begin momentarily. Get ready...', units='height', win=Window(...), wrapWidth=1)
41.1975 	EXP 	Created unnamed TextStim = TextStim(__class__=<class 'psychopy.visual.text.TextStim'>, alignHoriz=method-wrapper(...), alignText='center', alignVert=method-wrapper(...), anchorHoriz='center', anchorVert='center', antialias=True, autoDraw=False, autoLog=True, bold=False, color=array([1., 1., 1.]), colorSpace='rgb', contrast=1.0, depth=0, draggable=False, flipHoriz=False, flipVert=False, font='', fontFiles=[], height=0.04, italic=False, languageStyle='LTR', name='unnamed TextStim', opacity=1.0, ori=0.0, pos=array([0., 0.]), rgb=UNKNOWN, text=str(...), units='height', win=Window(...), wrapWidth=0.8888888888888888)
41.2112 	EXP 	Created unnamed ImageStim = ImageStim(__class__=<class 'psychopy.visual.image.ImageStim'>, anchor=('center', 'center'), autoLog=True, color=array([1., 1., 1.]), colorSpace='rgb', contrast=1.0, depth=0, draggable=False, flipHoriz=False, flipVert=False, image='../stimuli/reward_low.png', interpolate=False, mask=None, maskParams=None, name='unnamed ImageStim', opacity=1, ori=0.0, pos=array([0., 0.]), size=array([0.3, 0.3]), texRes=128, units='height', win=Window(...))
41.2161 	EXP 	Created unnamed ImageStim = ImageStim(__class__=<class 'psychopy.visual.image.ImageStim'>, anchor=('center', 'center'), autoLog=True, color=array([1., 1., 1.]), colorSpace='rgb', contrast=1.0, depth=0, draggable=False, flipHoriz=False, flipVert=False, image='../stimuli/reward_high.png', interpolate=False, mask=None, maskParams=None, name='unnamed ImageStim', opacity=1, ori=0.0, pos=array([0., 0.]), size=array([0.3, 0.3]), texRes=128, units='height', win=Window(...))
41.2208 	EXP 	Created unnamed ImageStim = ImageStim(__class__=<class 'psychopy.visual.image.ImageStim'>, anchor=('center', 'center'), autoLog=True, color=array([1., 1., 1.]), colorSpace='rgb', contrast=1.0, depth=0, draggable=False, flipHoriz=False, flipVert=False, image='../stimuli/reward_neut.png', interpolate=False, mask=None, maskParams=None, name='unnamed ImageStim', opacity=1, ori=0.0, pos=array([0., 0.]), size=array([0.3, 0.3]), texRes=128, units='height', win=Window(...))
41.2256 	EXP 	Created unnamed ImageStim = ImageStim(__class__=<class 'psychopy.visual.image.ImageStim'>, anchor=('center', 'center'), autoLog=True, color=array([1., 1., 1.]), colorSpace='rgb', contrast=1.0, depth=0, draggable=False, flipHoriz=False, flipVert=False, image='../stimuli/loss_low.png', interpolate=False, mask=None, maskParams=None, name='unnamed ImageStim', opacity=1, ori=0.0, pos=array([0., 0.]), size=array([0.3, 0.3]), texRes=128, units='height', win=Window(...))
41.2303 	EXP 	Created unnamed ImageStim = ImageStim(__class__=<class 'psychopy.visual.image.ImageStim'>, anchor=('center', 'center'), autoLog=True, color=array([1., 1., 1.]), colorSpace='rgb', contrast=1.0, depth=0, draggable=False, flipHoriz=False, flipVert=False, image='../stimuli/loss_high.png', interpolate=False, mask=None, maskParams=None, name='unnamed ImageStim', opacity=1, ori=0.0, pos=array([0., 0.]), size=array([0.3, 0.3]), texRes=128, units='height', win=Window(...))
41.2350 	EXP 	Created unnamed ImageStim = ImageStim(__class__=<class 'psychopy.visual.image.ImageStim'>, anchor=('center', 'center'), autoLog=True, color=array([1., 1., 1.]), colorSpace='rgb', contrast=1.0, depth=0, draggable=False, flipHoriz=False, flipVert=False, image='../stimuli/loss_neut.png', interpolate=False, mask=None, maskParams=None, name='unnamed ImageStim', opacity=1, ori=0.0, pos=array([0., 0.]), size=array([0.3, 0.3]), texRes=128, units='height', win=Window(...))
41.2371 	EXP 	Created unnamed Polygon = Polygon(__class__=<class 'psychopy.visual.polygon.Polygon'>, anchor=('center', 'center'), autoDraw=False, autoLog=True, closeShape=True, color=method-wrapper(...), colorSpace='rgb', contrast=None, depth=0, draggable=False, fillColor=array([1, 1, 1]), fillColorSpace='rgb', fillRGB=array([1, 1, 1]), interpolate=True, lineColor=array([1., 1., 1.]), lineColorSpace='rgb', lineRGB=array([1, 1, 1]), lineWidth=1.5, name='unnamed Polygon', opacity=1, ori=0.0, pos=array([0., 0.]), size=array([1., 1.]), units='height', vertices=ndarray(...), win=Window(...))
41.2400 	EXP 	Created trial_feedback = TextStim(__class__=<class 'psychopy.visual.text.TextStim'>, alignHoriz=method-wrapper(...), alignText='center', alignVert=method-wrapper(...), anchorHoriz='center', anchorVert='center', antialias=True, autoDraw=False, autoLog=True, bold=False, color=array([1., 1., 1.]), colorSpace='rgb', contrast=1.0, depth=0, draggable=False, flipHoriz=False, flipVert=False, font='Arial', fontFiles=[], height=0.09, italic=False, languageStyle='LTR', name='trial_feedback', opacity=1, ori=0, pos=array([0., 0.]), rgb=UNKNOWN, text='Trial:', units='height', win=Window(...), wrapWidth=1)
41.2420 	EXP 	Created exp_feedback = TextStim(__class__=<class 'psychopy.visual.text.TextStim'>, alignHoriz=method-wrapper(...), alignText='center', alignVert=method-wrapper(...), anchorHoriz='center', anchorVert='center', antialias=True, autoDraw=False, autoLog=True, bold=False, color=array([1., 1., 1.]), colorSpace='rgb', contrast=1.0, depth=0, draggable=False, flipHoriz=False, flipVert=False, font='Arial', fontFiles=[], height=0.09, italic=False, languageStyle='LTR', name='exp_feedback', opacity=1, ori=0, pos=array([ 0.    , -0.0625]), rgb=UNKNOWN, text='Total:', units='height', win=Window(...), wrapWidth=1)
41.2450 	EXP 	Created unnamed TextStim = TextStim(__class__=<class 'psychopy.visual.text.TextStim'>, alignHoriz=method-wrapper(...), alignText='center', alignVert=method-wrapper(...), anchorHoriz='center', anchorVert='center', antialias=True, autoDraw=False, autoLog=True, bold=False, color=array([1., 1., 1.]), colorSpace='rgb', contrast=1.0, depth=0, draggable=False, flipHoriz=False, flipVert=False, font='', fontFiles=[], height=0.04, italic=False, languageStyle='LTR', name='unnamed TextStim', opacity=1.0, ori=0.0, pos=array([0., 0.]), rgb=UNKNOWN, text=str(...), units='height', win=Window(...), wrapWidth=1)
41.2462 	EXP 	Created unnamed TextStim = TextStim(__class__=<class 'psychopy.visual.text.TextStim'>, alignHoriz=method-wrapper(...), alignText='center', alignVert=method-wrapper(...), anchorHoriz='center', anchorVert='center', antialias=True, autoDraw=False, autoLog=True, bold=False, color=array([1., 1., 1.]), colorSpace='rgb', contrast=1.0, depth=0, draggable=False, flipHoriz=False, flipVert=False, font='', fontFiles=[], height=0.04, italic=False, languageStyle='LTR', name='unnamed TextStim', opacity=1.0, ori=0.0, pos=array([0., 0.]), rgb=UNKNOWN, text='Get ready', units='height', win=Window(...), wrapWidth=1)
41.2478 	EXP 	Created unnamed TextStim = TextStim(__class__=<class 'psychopy.visual.text.TextStim'>, alignHoriz=method-wrapper(...), alignText='center', alignVert=method-wrapper(...), anchorHoriz='center', anchorVert='center', antialias=True, autoDraw=False, autoLog=True, bold=False, color=array([1., 1., 1.]), colorSpace='rgb', contrast=1.0, depth=0, draggable=False, flipHoriz=False, flipVert=False, font='', fontFiles=[], height=0.04, italic=False, languageStyle='LTR', name='unnamed TextStim', opacity=1.0, ori=0.0, pos=array([0., 0.]), rgb=UNKNOWN, text='Please wait\n\n', units='height', win=Window(...), wrapWidth=1)
41.3056 	WARNING 	t of last frame was 167.41ms (=1/5)
51.3281 	WARNING 	t of last frame was 21.07ms (=1/47)
51.3281 	EXP 	unnamed TextStim: height = 0.04
51.3281 	EXP 	unnamed TextStim: height = 0.04
51.3281 	EXP 	unnamed TextStim: height = 0.04
51.3281 	EXP 	unnamed TextStim: text = 'Welcome!'
64.2903 	DATA 	Keypress: 1
64.3099 	WARNING 	t of last frame was 12981.79ms (=1/0)
64.3099 	EXP 	unnamed TextStim: height = 0.04
64.3099 	EXP 	unnamed TextStim: height = 0.04
64.3099 	EXP 	unnamed TextStim: height = 0.04
64.3099 	EXP 	unnamed TextStim: text = 'First you will see a cross in the middle of the screen, like this:\n\n+\n\nThis means you should focus on the screen and get ready to play. '
71.5039 	DATA 	Keypress: 1
71.5407 	EXP 	Created unnamed Polygon = Polygon(__class__=<class 'psychopy.visual.polygon.Polygon'>, anchor=('center', 'center'), autoDraw=False, autoLog=True, closeShape=True, color=method-wrapper(...), colorSpace='rgb', contrast=None, depth=0, draggable=False, fillColor=array([1, 1, 1]), fillColorSpace='rgb', fillRGB=array([1, 1, 1]), interpolate=True, lineColor=array([1., 1., 1.]), lineColorSpace='rgb', lineRGB=array([1, 1, 1]), lineWidth=1.5, name='unnamed Polygon', opacity=1, ori=0.0, pos=array([0. , 0.1]), size=array([1., 1.]), units='height', vertices=ndarray(...), win=Window(...))
71.5628 	WARNING 	Multiple dropped frames have occurred - I'll stop bothering you about them!
71.5628 	EXP 	unnamed TextStim: height = 0.04
71.5628 	EXP 	unnamed TextStim: height = 0.04
71.5628 	EXP 	unnamed TextStim: height = 0.04
71.5628 	EXP 	unnamed TextStim: text = 'Next, a small solid WHITE TRIANGLE will appear on the screen:\n\n \n\n \n\n \n\nPress the button as fast as you can when you see the solid white triangle. '
71.9202 	DATA 	Keypress: 1
71.9254 	EXP 	unnamed TextStim: height = 0.04
71.9254 	EXP 	unnamed TextStim: height = 0.04
71.9254 	EXP 	unnamed TextStim: height = 0.04
71.9254 	EXP 	unnamed TextStim: text = 'Any Questions?\n\nPlease ask them now.'
72.2122 	DATA 	Keypress: 1
72.4622 	DATA 	Keypress: 1
73.1846 	DATA 	Keypress: return
78.2027 	EXP 	unnamed Polygon: autoDraw = True
78.2027 	EXP 	unnamed Polygon: autoDraw = True
78.2057 	EXP 	unnamed Polygon: autoDraw = True
78.2206 	EXP 	unnamed Polygon: autoDraw = True
78.2224 	EXP 	unnamed Polygon: autoDraw = True
78.2378 	EXP 	unnamed Polygon: autoDraw = True
78.2396 	EXP 	unnamed Polygon: autoDraw = True
78.2433 	EXP 	unnamed Polygon: autoDraw = True
78.2578 	EXP 	unnamed Polygon: autoDraw = True
78.2599 	EXP 	unnamed Polygon: autoDraw = True
78.2750 	EXP 	unnamed Polygon: autoDraw = True
78.2768 	EXP 	unnamed Polygon: autoDraw = True
78.2922 	EXP 	unnamed Polygon: autoDraw = True
78.2950 	EXP 	unnamed Polygon: autoDraw = True
78.3097 	EXP 	unnamed Polygon: autoDraw = True
78.3131 	EXP 	unnamed Polygon: autoDraw = True
78.3282 	EXP 	unnamed Polygon: autoDraw = True
78.3326 	EXP 	unnamed Polygon: autoDraw = True
78.3360 	EXP 	unnamed Polygon: autoDraw = True
78.3509 	EXP 	unnamed Polygon: autoDraw = True
78.3549 	EXP 	unnamed Polygon: autoDraw = True
78.3694 	EXP 	unnamed Polygon: autoDraw = True
78.3734 	EXP 	unnamed Polygon: autoDraw = True
78.3775 	EXP 	unnamed Polygon: autoDraw = True
78.3912 	EXP 	unnamed Polygon: autoDraw = True
78.3941 	EXP 	unnamed Polygon: autoDraw = True
78.4089 	EXP 	unnamed Polygon: autoDraw = True
78.4129 	EXP 	unnamed Polygon: autoDraw = True
78.4272 	EXP 	unnamed Polygon: autoDraw = True
78.4316 	EXP 	unnamed Polygon: autoDraw = True
78.4369 	EXP 	unnamed Polygon: autoDraw = True
78.4491 	EXP 	unnamed Polygon: autoDraw = True
78.4522 	EXP 	unnamed Polygon: autoDraw = True
78.4666 	EXP 	unnamed Polygon: autoDraw = True
78.4702 	EXP 	unnamed Polygon: autoDraw = True
78.4850 	EXP 	unnamed Polygon: autoDraw = True
78.4885 	DATA 	Keypress: 1
78.4916 	EXP 	unnamed Polygon: autoDraw = True
78.4948 	EXP 	unnamed Polygon: autoDraw = True
78.5082 	EXP 	unnamed Polygon: autoDraw = True
78.5103 	EXP 	unnamed Polygon: autoDraw = True
78.5258 	EXP 	unnamed Polygon: autoDraw = True
78.5296 	EXP 	unnamed Polygon: autoDraw = True
78.5442 	EXP 	unnamed Polygon: autoDraw = True
78.5494 	EXP 	unnamed Polygon: autoDraw = True
78.5523 	EXP 	unnamed Polygon: autoDraw = True
78.5667 	EXP 	unnamed Polygon: autoDraw = True
78.5701 	EXP 	unnamed Polygon: autoDraw = True
78.5846 	EXP 	unnamed Polygon: autoDraw = True
78.5888 	EXP 	unnamed Polygon: autoDraw = True
78.6026 	EXP 	unnamed Polygon: autoDraw = True
78.6070 	EXP 	unnamed Polygon: autoDraw = True
78.6112 	EXP 	unnamed Polygon: autoDraw = True
78.6248 	EXP 	unnamed Polygon: autoDraw = True
78.6270 	EXP 	unnamed Polygon: autoDraw = True
78.6424 	EXP 	unnamed Polygon: autoDraw = True
78.6467 	EXP 	unnamed Polygon: autoDraw = True
78.6605 	EXP 	unnamed Polygon: autoDraw = True
78.6646 	EXP 	unnamed Polygon: autoDraw = True
78.6694 	EXP 	unnamed Polygon: autoDraw = True
78.6820 	EXP 	unnamed Polygon: autoDraw = True
78.6851 	EXP 	unnamed Polygon: autoDraw = True
78.6997 	EXP 	unnamed Polygon: autoDraw = True
78.7077 	EXP 	unnamed Polygon: autoDraw = False
90.5859 	DATA 	Keypress: 1
100.0840 	DATA 	Keypress: 1
100.6408 	EXP 	unnamed TextStim: height = 0.04
100.6408 	EXP 	unnamed TextStim: height = 0.04
100.6408 	EXP 	unnamed TextStim: height = 0.04
100.6408 	EXP 	unnamed TextStim: text = 'Instructions...\n\nYour goal is to make as much money as possible.\n\nRemember:\nWIN CIRCLES = win money\nLOSE SQUARES = lose money\n\nQUICKLY press the button with your pointer finger when you see the solid white triangle.\n\nYou will get feedback on whether you pressed the button in time and if you won or lost money.'
100.6721 	DATA 	Keypress: return
101.5463 	DATA 	Keypress: 1
101.5482 	EXP 	Created unnamed TextStim = TextStim(__class__=<class 'psychopy.visual.text.TextStim'>, alignHoriz=method-wrapper(...), alignText='center', alignVert=method-wrapper(...), anchorHoriz='center', anchorVert='center', antialias=True, autoDraw=False, autoLog=True, bold=False, color=array([1., 1., 1.]), colorSpace='rgb', contrast=1.0, depth=0, draggable=False, flipHoriz=False, flipVert=False, font='', fontFiles=[], height=0.08, italic=False, languageStyle='LTR', name='unnamed TextStim', opacity=1.0, ori=0.0, pos=array([-0.65,  0.15]), rgb=UNKNOWN, text='+', units='height', win=Window(...), wrapWidth=1)
101.5533 	EXP 	Created unnamed ImageStim = ImageStim(__class__=<class 'psychopy.visual.image.ImageStim'>, anchor=('center', 'center'), autoLog=True, color=array([1., 1., 1.]), colorSpace='rgb', contrast=1.0, depth=0, draggable=False, flipHoriz=False, flipVert=False, image='../stimuli/reward_high.png', interpolate=False, mask=None, maskParams=None, name='unnamed ImageStim', opacity=1, ori=0.0, pos=array([-0.35,  0.15]), size=array([0.2, 0.2]), texRes=128, units='height', win=Window(...))
101.5544 	EXP 	Created unnamed TextStim = TextStim(__class__=<class 'psychopy.visual.text.TextStim'>, alignHoriz=method-wrapper(...), alignText='center', alignVert=method-wrapper(...), anchorHoriz='center', anchorVert='center', antialias=True, autoDraw=False, autoLog=True, bold=False, color=array([1., 1., 1.]), colorSpace='rgb', contrast=1.0, depth=0, draggable=False, flipHoriz=False, flipVert=False, font='', fontFiles=[], height=0.08, italic=False, languageStyle='LTR', name='unnamed TextStim', opacity=1.0, ori=0.0, pos=array([-0.15,  0.15]), rgb=UNKNOWN, text='+', units='height', win=Window(...), wrapWidth=1)
101.5550 	EXP 	Created unnamed Polygon = Polygon(__class__=<class 'psychopy.visual.polygon.Polygon'>, anchor=('center', 'center'), autoDraw=False, autoLog=True, closeShape=True, color=method-wrapper(...), colorSpace='rgb', contrast=None, depth=0, draggable=False, fillColor=array([1, 1, 1]), fillColorSpace='rgb', fillRGB=array([1, 1, 1]), interpolate=True, lineColor=array([1., 1., 1.]), lineColorSpace='rgb', lineRGB=array([1, 1, 1]), lineWidth=1.5, name='unnamed Polygon', opacity=1, ori=0.0, pos=array([0.15, 0.15]), size=array([1., 1.]), units='height', vertices=ndarray(...), win=Window(...))
101.5559 	EXP 	Created unnamed TextStim = TextStim(__class__=<class 'psychopy.visual.text.TextStim'>, alignHoriz=method-wrapper(...), alignText='center', alignVert=method-wrapper(...), anchorHoriz='center', anchorVert='center', antialias=True, autoDraw=False, autoLog=True, bold=False, color=array([1., 1., 1.]), colorSpace='rgb', contrast=1.0, depth=0, draggable=False, flipHoriz=False, flipVert=False, font='', fontFiles=[], height=0.08, italic=False, languageStyle='LTR', name='unnamed TextStim', opacity=1.0, ori=0.0, pos=array([0.35, 0.15]), rgb=UNKNOWN, text='+', units='height', win=Window(...), wrapWidth=1)
101.5584 	EXP 	Created unnamed TextStim = TextStim(__class__=<class 'psychopy.visual.text.TextStim'>, alignHoriz=method-wrapper(...), alignText='center', alignVert=method-wrapper(...), anchorHoriz='center', anchorVert='center', antialias=True, autoDraw=False, autoLog=True, bold=False, color=array([1., 1., 1.]), colorSpace='rgb', contrast=1.0, depth=0, draggable=False, flipHoriz=False, flipVert=False, font='', fontFiles=[], height=0.08, italic=False, languageStyle='LTR', name='unnamed TextStim', opacity=1.0, ori=0.0, pos=array([0.65, 0.15]), rgb=UNKNOWN, text='Hit!\n+$5.00', units='height', win=Window(...), wrapWidth=1)
101.5584 	WARNING 	TextStim.alignHoriz is deprecated. Use alignText and anchorHoriz attributes instead
101.5605 	EXP 	Created unnamed TextStim = TextStim(__class__=<class 'psychopy.visual.text.TextStim'>, alignHoriz='center', alignText='center', alignVert=method-wrapper(...), anchorHoriz='center', anchorVert='center', antialias=True, autoDraw=False, autoLog=True, bold=False, color=array([1., 1., 1.]), colorSpace='rgb', contrast=1.0, depth=0, draggable=False, flipHoriz=False, flipVert=False, font='', fontFiles=[], height=0.04, italic=False, languageStyle='LTR', name='unnamed TextStim', opacity=1.0, ori=0.0, pos=array([-0.65, -0.15]), rgb=UNKNOWN, text='Pay attention', units='height', win=Window(...), wrapWidth=0.1)
101.5606 	WARNING 	TextStim.alignHoriz is deprecated. Use alignText and anchorHoriz attributes instead
101.5627 	EXP 	Created unnamed TextStim = TextStim(__class__=<class 'psychopy.visual.text.TextStim'>, alignHoriz='center', alignText='center', alignVert=method-wrapper(...), anchorHoriz='center', anchorVert='center', antialias=True, autoDraw=False, autoLog=True, bold=False, color=array([1., 1., 1.]), colorSpace='rgb', contrast=1.0, depth=0, draggable=False, flipHoriz=False, flipVert=False, font='', fontFiles=[], height=0.04, italic=False, languageStyle='LTR', name='unnamed TextStim', opacity=1.0, ori=0.0, pos=array([-0.35, -0.15]), rgb=UNKNOWN, text="Cue: don't respond yet", units='height', win=Window(...), wrapWidth=0.1)
101.5628 	WARNING 	TextStim.alignHoriz is deprecated. Use alignText and anchorHoriz attributes instead
101.5639 	EXP 	Created unnamed TextStim = TextStim(__class__=<class 'psychopy.visual.text.TextStim'>, alignHoriz='center', alignText='center', alignVert=method-wrapper(...), anchorHoriz='center', anchorVert='center', antialias=True, autoDraw=False, autoLog=True, bold=False, color=array([1., 1., 1.]), colorSpace='rgb', contrast=1.0, depth=0, draggable=False, flipHoriz=False, flipVert=False, font='', fontFiles=[], height=0.04, italic=False, languageStyle='LTR', name='unnamed TextStim', opacity=1.0, ori=0.0, pos=array([-0.15, -0.15]), rgb=UNKNOWN, text='Pay attention', units='height', win=Window(...), wrapWidth=0.1)
101.5639 	WARNING 	TextStim.alignHoriz is deprecated. Use alignText and anchorHoriz attributes instead
101.5661 	EXP 	Created unnamed TextStim = TextStim(__class__=<class 'psychopy.visual.text.TextStim'>, alignHoriz='center', alignText='center', alignVert=method-wrapper(...), anchorHoriz='center', anchorVert='center', antialias=True, autoDraw=False, autoLog=True, bold=False, color=array([1., 1., 1.]), colorSpace='rgb', contrast=1.0, depth=0, draggable=False, flipHoriz=False, flipVert=False, font='', fontFiles=[], height=0.04, italic=False, languageStyle='LTR', name='unnamed TextStim', opacity=1.0, ori=0.0, pos=array([ 0.15, -0.15]), rgb=UNKNOWN, text='Respond when solid triangle is on screen', units='height', win=Window(...), wrapWidth=0.1)
101.5662 	WARNING 	TextStim.alignHoriz is deprecated. Use alignText and anchorHoriz attributes instead
101.5672 	EXP 	Created unnamed TextStim = TextStim(__class__=<class 'psychopy.visual.text.TextStim'>, alignHoriz='center', alignText='center', alignVert=method-wrapper(...), anchorHoriz='center', anchorVert='center', antialias=True, autoDraw=False, autoLog=True, bold=False, color=array([1., 1., 1.]), colorSpace='rgb', contrast=1.0, depth=0, draggable=False, flipHoriz=False, flipVert=False, font='', fontFiles=[], height=0.04, italic=False, languageStyle='LTR', name='unnamed TextStim', opacity=1.0, ori=0.0, pos=array([ 0.35, -0.15]), rgb=UNKNOWN, text='Pay attention', units='height', win=Window(...), wrapWidth=0.1)
101.5672 	WARNING 	TextStim.alignHoriz is deprecated. Use alignText and anchorHoriz attributes instead
101.5684 	EXP 	Created unnamed TextStim = TextStim(__class__=<class 'psychopy.visual.text.TextStim'>, alignHoriz='center', alignText='center', alignVert=method-wrapper(...), anchorHoriz='center', anchorVert='center', antialias=True, autoDraw=False, autoLog=True, bold=False, color=array([1., 1., 1.]), colorSpace='rgb', contrast=1.0, depth=0, draggable=False, flipHoriz=False, flipVert=False, font='', fontFiles=[], height=0.04, italic=False, languageStyle='LTR', name='unnamed TextStim', opacity=1.0, ori=0.0, pos=array([ 0.65, -0.15]), rgb=UNKNOWN, text='Feedback', units='height', win=Window(...), wrapWidth=0.1)
101.7208 	DATA 	Keypress: 1
101.8918 	DATA 	Keypress: 1
102.0519 	DATA 	Keypress: 1
103.0018 	DATA 	Keypress: return
104.7391 	DATA 	Keypress: equal
114.1777 	EXP 	unnamed Polygon: autoDraw = True
114.1777 	EXP 	unnamed Polygon: autoDraw = True
114.1805 	EXP 	unnamed Polygon: autoDraw = True
114.1838 	EXP 	unnamed Polygon: autoDraw = True
114.1986 	EXP 	unnamed Polygon: autoDraw = True
114.2004 	EXP 	unnamed Polygon: autoDraw = True
114.2163 	EXP 	unnamed Polygon: autoDraw = True
114.2180 	EXP 	unnamed Polygon: autoDraw = True
114.2223 	EXP 	unnamed Polygon: autoDraw = True
114.2365 	EXP 	unnamed Polygon: autoDraw = True
114.2399 	EXP 	unnamed Polygon: autoDraw = True
114.2541 	EXP 	unnamed Polygon: autoDraw = True
114.2578 	EXP 	unnamed Polygon: autoDraw = True
114.2717 	EXP 	unnamed Polygon: autoDraw = True
114.2754 	EXP 	unnamed Polygon: autoDraw = True
114.2893 	EXP 	unnamed Polygon: autoDraw = True
114.2935 	EXP 	unnamed Polygon: autoDraw = True
114.2981 	EXP 	unnamed Polygon: autoDraw = True
114.3112 	EXP 	unnamed Polygon: autoDraw = True
114.3145 	EXP 	unnamed Polygon: autoDraw = True
114.3290 	EXP 	unnamed Polygon: autoDraw = True
114.3330 	EXP 	unnamed Polygon: autoDraw = True
114.3467 	EXP 	unnamed Polygon: autoDraw = True
114.3509 	EXP 	unnamed Polygon: autoDraw = True
114.3569 	EXP 	unnamed Polygon: autoDraw = True
114.3685 	EXP 	unnamed Polygon: autoDraw = True
114.3729 	EXP 	unnamed Polygon: autoDraw = True
114.3863 	EXP 	unnamed Polygon: autoDraw = True
114.3899 	EXP 	unnamed Polygon: autoDraw = True
114.3932 	DATA 	Keypress: 1
114.3978 	EXP 	unnamed Polygon: autoDraw = True
114.4127 	EXP 	unnamed Polygon: autoDraw = True
114.4147 	EXP 	unnamed Polygon: autoDraw = True
114.4308 	EXP 	unnamed Polygon: autoDraw = True
114.4347 	EXP 	unnamed Polygon: autoDraw = True
114.4492 	EXP 	unnamed Polygon: autoDraw = True
114.4533 	EXP 	unnamed Polygon: autoDraw = True
114.4574 	EXP 	unnamed Polygon: autoDraw = False
115.8445 	EXP 	trial_feedback: height = 0.09
115.8445 	EXP 	trial_feedback: height = 0.09
115.8445 	EXP 	trial_feedback: height = 0.09
115.8445 	EXP 	trial_feedback: text = 'Hit!\n$0.00'
115.8445 	EXP 	trial_feedback: autoDraw = True
117.8361 	EXP 	trial_feedback: autoDraw = False
117.8400 	EXP 	trial_feedback: autoDraw = False
117.8400 	EXP 	exp_feedback: autoDraw = False
124.3747 	EXP 	unnamed Polygon: autoDraw = True
124.3747 	EXP 	unnamed Polygon: autoDraw = True
124.3766 	EXP 	unnamed Polygon: autoDraw = True
124.3922 	EXP 	unnamed Polygon: autoDraw = True
124.3941 	EXP 	unnamed Polygon: autoDraw = True
124.3967 	EXP 	unnamed Polygon: autoDraw = True
124.4120 	EXP 	unnamed Polygon: autoDraw = True
124.4137 	EXP 	unnamed Polygon: autoDraw = True
124.4303 	EXP 	unnamed Polygon: autoDraw = True
124.4346 	EXP 	unnamed Polygon: autoDraw = True
124.4403 	EXP 	unnamed Polygon: autoDraw = True
124.4530 	EXP 	unnamed Polygon: autoDraw = True
124.4555 	EXP 	unnamed Polygon: autoDraw = True
124.4713 	EXP 	unnamed Polygon: autoDraw = True
124.4756 	EXP 	unnamed Polygon: autoDraw = True
124.4897 	EXP 	unnamed Polygon: autoDraw = True
124.4939 	EXP 	unnamed Polygon: autoDraw = True
124.4970 	EXP 	unnamed Polygon: autoDraw = True
124.5123 	EXP 	unnamed Polygon: autoDraw = True
124.5141 	EXP 	unnamed Polygon: autoDraw = True
124.5307 	EXP 	unnamed Polygon: autoDraw = True
124.5347 	EXP 	unnamed Polygon: autoDraw = True
124.5486 	EXP 	unnamed Polygon: autoDraw = True
124.5524 	EXP 	unnamed Polygon: autoDraw = True
124.5557 	EXP 	unnamed Polygon: autoDraw = True
124.5709 	EXP 	unnamed Polygon: autoDraw = True
124.5742 	EXP 	unnamed Polygon: autoDraw = True
124.5889 	EXP 	unnamed Polygon: autoDraw = True
124.5922 	EXP 	unnamed Polygon: autoDraw = True
124.6076 	EXP 	unnamed Polygon: autoDraw = True
124.6111 	DATA 	Keypress: 1
124.6144 	EXP 	unnamed Polygon: autoDraw = True
124.6161 	EXP 	unnamed Polygon: autoDraw = True
124.6320 	EXP 	unnamed Polygon: autoDraw = True
124.6358 	EXP 	unnamed Polygon: autoDraw = True
124.6391 	EXP 	unnamed Polygon: autoDraw = True
124.6534 	EXP 	unnamed Polygon: autoDraw = True
124.6577 	EXP 	unnamed Polygon: autoDraw = False
125.9411 	EXP 	trial_feedback: height = 0.09
125.9411 	EXP 	trial_feedback: height = 0.09
125.9411 	EXP 	trial_feedback: height = 0.09
125.9411 	EXP 	trial_feedback: text = 'Hit!\n+$5.00'
125.9411 	EXP 	trial_feedback: autoDraw = True
126.7996 	DATA 	Keypress: escape
127.9220 	EXP 	trial_feedback: autoDraw = False
127.9375 	WARNING 	Escape pressed, exiting early!
127.9376 	WARNING 	Total earnings: 5.0
