12.5208 	WARNING 	Monitor specification not found. Creating a temporary one...
12.5327 	WARNING 	Requested an unavailable screen number - using first available.
13.3833 	EXP 	Created window1 = Window(allowGUI=True, allowStencil=False, autoLog=True, backendConf=UNKNOWN, backgroundFit=<method-wrapper '__getattribute__' of attributeSetter object at 0x171586c50>, backgroundImage=<method-wrapper '__getattribute__' of attributeSetter object at 0x171586cb0>, bitsMode=UNKNOWN, blendMode='avg', bpc=(8, 8, 8), color=array([-1, -1, -1]), colorSpace='rgb', depthBits=8, fullscr=False, gamma=None, gammaErrorPolicy='raise', infoMsg=UNKNOWN, lms=UNKNOWN, monitor=<psychopy.monitors.calibTools.Monitor object at 0x17155bd90>, multiSample=False, name='window1', numSamples=2, pos=(464, 258), screen=2, size=array([1600, 1200]), stencilBits=0, stereo=False, title='PsychoPy', units='height', useFBO=False, useRetina=True, viewOri=0.0, viewPos=None, viewScale=None, waitBlanking=True, winType='pyglet')
13.3834 	EXP 	window1: backgroundImage = None
13.3834 	EXP 	window1: backgroundFit = 'cover'
13.3859 	EXP 	window1: Attempting to measure frame rate of screen (2) ...
13.3859 	EXP 	window1: recordFrameIntervals = False
13.5081 	EXP 	window1: recordFrameIntervals = True
13.6472 	EXP 	Screen (2) actual frame rate measured at 79.25Hz
13.6472 	EXP 	window1: recordFrameIntervals = False
13.6826 	EXP 	Created unnamed TextStim = TextStim(__class__=<class 'psychopy.visual.text.TextStim'>, alignHoriz=method-wrapper(...), alignText='center', alignVert=method-wrapper(...), anchorHoriz='center', anchorVert='center', antialias=True, autoDraw=False, autoLog=True, bold=False, color=array([1., 1., 1.]), colorSpace='rgb', contrast=1.0, depth=0, draggable=False, flipHoriz=False, flipVert=False, font='', fontFiles=[], height=0.04, italic=False, languageStyle='LTR', name='unnamed TextStim', opacity=1.0, ori=0.0, pos=array([ 0.  , -0.25]), rgb=UNKNOWN, text='Press the button to continue.', units='height', win=Window(...), wrapWidth=1)
13.6848 	EXP 	Created unnamed TextStim = TextStim(__class__=<class 'psychopy.visual.text.TextStim'>, alignHoriz=method-wrapper(...), alignText='center', alignVert=method-wrapper(...), anchorHoriz='center', anchorVert='center', antialias=True, autoDraw=False, autoLog=True, bold=False, color=array([1., 1., 1.]), colorSpace='rgb', contrast=1.0, depth=0, draggable=False, flipHoriz=False, flipVert=False, font='', fontFiles=[], height=0.08, italic=False, languageStyle='LTR', name='unnamed TextStim', opacity=1.0, ori=0.0, pos=array([0., 0.]), rgb=UNKNOWN, text='+', units='height', win=Window(...), wrapWidth=1)
13.6896 	EXP 	Created unnamed TextStim = TextStim(__class__=<class 'psychopy.visual.text.TextStim'>, alignHoriz=method-wrapper(...), alignText='center', alignVert=method-wrapper(...), anchorHoriz='center', anchorVert='center', antialias=True, autoDraw=False, autoLog=True, bold=False, color=array([1., 1., 1.]), colorSpace='rgb', contrast=1.0, depth=0, draggable=False, flipHoriz=False, flipVert=False, font='', fontFiles=[], height=0.04, italic=False, languageStyle='LTR', name='unnamed TextStim', opacity=1.0, ori=0.0, pos=array([0., 0.]), rgb=UNKNOWN, text=str(...), units='height', win=Window(...), wrapWidth=0.8888888888888888)
13.6961 	EXP 	Created unnamed TextStim = TextStim(__class__=<class 'psychopy.visual.text.TextStim'>, alignHoriz=method-wrapper(...), alignText='center', alignVert=method-wrapper(...), anchorHoriz='center', anchorVert='center', antialias=True, autoDraw=False, autoLog=True, bold=False, color=array([1., 1., 1.]), colorSpace='rgb', contrast=1.0, depth=0, draggable=False, flipHoriz=False, flipVert=False, font='Arial', fontFiles=[], height=0.04, italic=False, languageStyle='LTR', name='unnamed TextStim', opacity=1.0, ori=0.0, pos=array([0. , 0.1]), rgb=UNKNOWN, text='Hello World', units='height', win=Window(...), wrapWidth=0.8888888888888888)
13.7035 	EXP 	Created unnamed TextStim = TextStim(__class__=<class 'psychopy.visual.text.TextStim'>, alignHoriz=method-wrapper(...), alignText='center', alignVert=method-wrapper(...), anchorHoriz='center', anchorVert='center', antialias=True, autoDraw=False, autoLog=True, bold=False, color=array([1., 1., 1.]), colorSpace='rgb', contrast=1.0, depth=0, draggable=False, flipHoriz=False, flipVert=False, font='', fontFiles=[], height=0.04, italic=False, languageStyle='LTR', name='unnamed TextStim', opacity=1.0, ori=0.0, pos=array([0., 0.]), rgb=UNKNOWN, text=str(...), units='height', win=Window(...), wrapWidth=0.8888888888888888)
13.7061 	EXP 	Created unnamed TextStim = TextStim(__class__=<class 'psychopy.visual.text.TextStim'>, alignHoriz=method-wrapper(...), alignText='center', alignVert=method-wrapper(...), anchorHoriz='center', anchorVert='center', antialias=True, autoDraw=False, autoLog=True, bold=False, color=array([1., 1., 1.]), colorSpace='rgb', contrast=1.0, depth=0, draggable=False, flipHoriz=False, flipVert=False, font='', fontFiles=[], height=0.04, italic=False, languageStyle='LTR', name='unnamed TextStim', opacity=1.0, ori=0.0, pos=array([0., 0.]), rgb=UNKNOWN, text='The task will begin momentarily. Get ready...', units='height', win=Window(...), wrapWidth=1)
13.7082 	EXP 	Created unnamed TextStim = TextStim(__class__=<class 'psychopy.visual.text.TextStim'>, alignHoriz=method-wrapper(...), alignText='center', alignVert=method-wrapper(...), anchorHoriz='center', anchorVert='center', antialias=True, autoDraw=False, autoLog=True, bold=False, color=array([1., 1., 1.]), colorSpace='rgb', contrast=1.0, depth=0, draggable=False, flipHoriz=False, flipVert=False, font='', fontFiles=[], height=0.04, italic=False, languageStyle='LTR', name='unnamed TextStim', opacity=1.0, ori=0.0, pos=array([0., 0.]), rgb=UNKNOWN, text=str(...), units='height', win=Window(...), wrapWidth=0.8888888888888888)
13.7226 	EXP 	Created unnamed ImageStim = ImageStim(__class__=<class 'psychopy.visual.image.ImageStim'>, anchor=('center', 'center'), autoLog=True, color=array([1., 1., 1.]), colorSpace='rgb', contrast=1.0, depth=0, draggable=False, flipHoriz=False, flipVert=False, image='../stimuli/reward_low.png', interpolate=False, mask=None, maskParams=None, name='unnamed ImageStim', opacity=1, ori=0.0, pos=array([0., 0.]), size=array([0.3, 0.3]), texRes=128, units='height', win=Window(...))
13.7275 	EXP 	Created unnamed ImageStim = ImageStim(__class__=<class 'psychopy.visual.image.ImageStim'>, anchor=('center', 'center'), autoLog=True, color=array([1., 1., 1.]), colorSpace='rgb', contrast=1.0, depth=0, draggable=False, flipHoriz=False, flipVert=False, image='../stimuli/reward_high.png', interpolate=False, mask=None, maskParams=None, name='unnamed ImageStim', opacity=1, ori=0.0, pos=array([0., 0.]), size=array([0.3, 0.3]), texRes=128, units='height', win=Window(...))
13.7322 	EXP 	Created unnamed ImageStim = ImageStim(__class__=<class 'psychopy.visual.image.ImageStim'>, anchor=('center', 'center'), autoLog=True, color=array([1., 1., 1.]), colorSpace='rgb', contrast=1.0, depth=0, draggable=False, flipHoriz=False, flipVert=False, image='../stimuli/reward_neut.png', interpolate=False, mask=None, maskParams=None, name='unnamed ImageStim', opacity=1, ori=0.0, pos=array([0., 0.]), size=array([0.3, 0.3]), texRes=128, units='height', win=Window(...))
13.7369 	EXP 	Created unnamed ImageStim = ImageStim(__class__=<class 'psychopy.visual.image.ImageStim'>, anchor=('center', 'center'), autoLog=True, color=array([1., 1., 1.]), colorSpace='rgb', contrast=1.0, depth=0, draggable=False, flipHoriz=False, flipVert=False, image='../stimuli/loss_low.png', interpolate=False, mask=None, maskParams=None, name='unnamed ImageStim', opacity=1, ori=0.0, pos=array([0., 0.]), size=array([0.3, 0.3]), texRes=128, units='height', win=Window(...))
13.7414 	EXP 	Created unnamed ImageStim = ImageStim(__class__=<class 'psychopy.visual.image.ImageStim'>, anchor=('center', 'center'), autoLog=True, color=array([1., 1., 1.]), colorSpace='rgb', contrast=1.0, depth=0, draggable=False, flipHoriz=False, flipVert=False, image='../stimuli/loss_high.png', interpolate=False, mask=None, maskParams=None, name='unnamed ImageStim', opacity=1, ori=0.0, pos=array([0., 0.]), size=array([0.3, 0.3]), texRes=128, units='height', win=Window(...))
13.7459 	EXP 	Created unnamed ImageStim = ImageStim(__class__=<class 'psychopy.visual.image.ImageStim'>, anchor=('center', 'center'), autoLog=True, color=array([1., 1., 1.]), colorSpace='rgb', contrast=1.0, depth=0, draggable=False, flipHoriz=False, flipVert=False, image='../stimuli/loss_neut.png', interpolate=False, mask=None, maskParams=None, name='unnamed ImageStim', opacity=1, ori=0.0, pos=array([0., 0.]), size=array([0.3, 0.3]), texRes=128, units='height', win=Window(...))
13.7479 	EXP 	Created unnamed Polygon = Polygon(__class__=<class 'psychopy.visual.polygon.Polygon'>, anchor=('center', 'center'), autoDraw=False, autoLog=True, closeShape=True, color=method-wrapper(...), colorSpace='rgb', contrast=None, depth=0, draggable=False, fillColor=array([1, 1, 1]), fillColorSpace='rgb', fillRGB=array([1, 1, 1]), interpolate=True, lineColor=array([1., 1., 1.]), lineColorSpace='rgb', lineRGB=array([1, 1, 1]), lineWidth=1.5, name='unnamed Polygon', opacity=1, ori=0.0, pos=array([0., 0.]), size=array([1., 1.]), units='height', vertices=ndarray(...), win=Window(...))
13.7504 	EXP 	Created trial_feedback = TextStim(__class__=<class 'psychopy.visual.text.TextStim'>, alignHoriz=method-wrapper(...), alignText='center', alignVert=method-wrapper(...), anchorHoriz='center', anchorVert='center', antialias=True, autoDraw=False, autoLog=True, bold=False, color=array([1., 1., 1.]), colorSpace='rgb', contrast=1.0, depth=0, draggable=False, flipHoriz=False, flipVert=False, font='Arial', fontFiles=[], height=0.09, italic=False, languageStyle='LTR', name='trial_feedback', opacity=1, ori=0, pos=array([0., 0.]), rgb=UNKNOWN, text='Trial:', units='height', win=Window(...), wrapWidth=1)
13.7525 	EXP 	Created exp_feedback = TextStim(__class__=<class 'psychopy.visual.text.TextStim'>, alignHoriz=method-wrapper(...), alignText='center', alignVert=method-wrapper(...), anchorHoriz='center', anchorVert='center', antialias=True, autoDraw=False, autoLog=True, bold=False, color=array([1., 1., 1.]), colorSpace='rgb', contrast=1.0, depth=0, draggable=False, flipHoriz=False, flipVert=False, font='Arial', fontFiles=[], height=0.09, italic=False, languageStyle='LTR', name='exp_feedback', opacity=1, ori=0, pos=array([ 0.    , -0.0625]), rgb=UNKNOWN, text='Total:', units='height', win=Window(...), wrapWidth=1)
13.7559 	EXP 	Created unnamed TextStim = TextStim(__class__=<class 'psychopy.visual.text.TextStim'>, alignHoriz=method-wrapper(...), alignText='center', alignVert=method-wrapper(...), anchorHoriz='center', anchorVert='center', antialias=True, autoDraw=False, autoLog=True, bold=False, color=array([1., 1., 1.]), colorSpace='rgb', contrast=1.0, depth=0, draggable=False, flipHoriz=False, flipVert=False, font='', fontFiles=[], height=0.04, italic=False, languageStyle='LTR', name='unnamed TextStim', opacity=1.0, ori=0.0, pos=array([0., 0.]), rgb=UNKNOWN, text=str(...), units='height', win=Window(...), wrapWidth=1)
13.7571 	EXP 	Created unnamed TextStim = TextStim(__class__=<class 'psychopy.visual.text.TextStim'>, alignHoriz=method-wrapper(...), alignText='center', alignVert=method-wrapper(...), anchorHoriz='center', anchorVert='center', antialias=True, autoDraw=False, autoLog=True, bold=False, color=array([1., 1., 1.]), colorSpace='rgb', contrast=1.0, depth=0, draggable=False, flipHoriz=False, flipVert=False, font='', fontFiles=[], height=0.04, italic=False, languageStyle='LTR', name='unnamed TextStim', opacity=1.0, ori=0.0, pos=array([0., 0.]), rgb=UNKNOWN, text='Get ready', units='height', win=Window(...), wrapWidth=1)
13.7587 	EXP 	Created unnamed TextStim = TextStim(__class__=<class 'psychopy.visual.text.TextStim'>, alignHoriz=method-wrapper(...), alignText='center', alignVert=method-wrapper(...), anchorHoriz='center', anchorVert='center', antialias=True, autoDraw=False, autoLog=True, bold=False, color=array([1., 1., 1.]), colorSpace='rgb', contrast=1.0, depth=0, draggable=False, flipHoriz=False, flipVert=False, font='', fontFiles=[], height=0.04, italic=False, languageStyle='LTR', name='unnamed TextStim', opacity=1.0, ori=0.0, pos=array([0., 0.]), rgb=UNKNOWN, text='Please wait\n\n', units='height', win=Window(...), wrapWidth=1)
23.8402 	EXP 	unnamed TextStim: height = 0.04
23.8402 	EXP 	unnamed TextStim: height = 0.04
23.8402 	EXP 	unnamed TextStim: height = 0.04
23.8402 	EXP 	unnamed TextStim: text = 'Welcome!'
24.9804 	DATA 	Keypress: 1
24.9941 	EXP 	unnamed TextStim: height = 0.04
24.9941 	EXP 	unnamed TextStim: height = 0.04
24.9941 	EXP 	unnamed TextStim: height = 0.04
24.9941 	EXP 	unnamed TextStim: text = 'First you will see a cross in the middle of the screen, like this:\n\n+\n\nThis means you should focus on the screen and get ready to play. '
25.5146 	DATA 	Keypress: 1
25.5212 	EXP 	Created unnamed Polygon = Polygon(__class__=<class 'psychopy.visual.polygon.Polygon'>, anchor=('center', 'center'), autoDraw=False, autoLog=True, closeShape=True, color=method-wrapper(...), colorSpace='rgb', contrast=None, depth=0, draggable=False, fillColor=array([1, 1, 1]), fillColorSpace='rgb', fillRGB=array([1, 1, 1]), interpolate=True, lineColor=array([1., 1., 1.]), lineColorSpace='rgb', lineRGB=array([1, 1, 1]), lineWidth=1.5, name='unnamed Polygon', opacity=1, ori=0.0, pos=array([0. , 0.1]), size=array([1., 1.]), units='height', vertices=ndarray(...), win=Window(...))
25.5514 	EXP 	unnamed TextStim: height = 0.04
25.5514 	EXP 	unnamed TextStim: height = 0.04
25.5514 	EXP 	unnamed TextStim: height = 0.04
25.5514 	EXP 	unnamed TextStim: text = 'Next, a small solid WHITE TRIANGLE will appear on the screen:\n\n \n\n \n\n \n\nPress the button as fast as you can when you see the solid white triangle. '
25.9044 	DATA 	Keypress: 1
25.9093 	EXP 	unnamed TextStim: height = 0.04
25.9093 	EXP 	unnamed TextStim: height = 0.04
25.9093 	EXP 	unnamed TextStim: height = 0.04
25.9093 	EXP 	unnamed TextStim: text = 'Any Questions?\n\nPlease ask them now.'
26.2774 	DATA 	Keypress: 1
27.2935 	DATA 	Keypress: return
28.1625 	DATA 	Keypress: equal
33.1922 	EXP 	unnamed Polygon: autoDraw = True
33.1922 	EXP 	unnamed Polygon: autoDraw = True
33.1993 	EXP 	unnamed Polygon: autoDraw = True
33.2032 	EXP 	unnamed Polygon: autoDraw = True
33.2162 	EXP 	unnamed Polygon: autoDraw = True
33.2239 	EXP 	unnamed Polygon: autoDraw = True
33.2377 	EXP 	unnamed Polygon: autoDraw = True
33.2453 	EXP 	unnamed Polygon: autoDraw = True
33.2490 	EXP 	unnamed Polygon: autoDraw = True
33.2624 	EXP 	unnamed Polygon: autoDraw = True
33.2704 	EXP 	unnamed Polygon: autoDraw = True
33.2740 	EXP 	unnamed Polygon: autoDraw = True
33.2871 	EXP 	unnamed Polygon: autoDraw = True
33.2953 	EXP 	unnamed Polygon: autoDraw = True
33.2987 	EXP 	unnamed Polygon: autoDraw = True
33.3122 	EXP 	unnamed Polygon: autoDraw = True
33.3204 	EXP 	unnamed Polygon: autoDraw = True
33.3239 	EXP 	unnamed Polygon: autoDraw = True
33.3372 	EXP 	unnamed Polygon: autoDraw = True
33.3454 	EXP 	unnamed Polygon: autoDraw = True
33.3491 	EXP 	unnamed Polygon: autoDraw = True
33.3623 	EXP 	unnamed Polygon: autoDraw = True
33.3704 	EXP 	unnamed Polygon: autoDraw = True
33.3740 	EXP 	unnamed Polygon: autoDraw = True
33.3874 	EXP 	unnamed Polygon: autoDraw = True
33.3953 	EXP 	unnamed Polygon: autoDraw = True
33.3994 	DATA 	Keypress: 1
33.4035 	EXP 	unnamed Polygon: autoDraw = True
33.4068 	EXP 	unnamed Polygon: autoDraw = True
33.4212 	EXP 	unnamed Polygon: autoDraw = True
33.4290 	EXP 	unnamed Polygon: autoDraw = True
33.4323 	EXP 	unnamed Polygon: autoDraw = True
33.4460 	EXP 	unnamed Polygon: autoDraw = True
33.4541 	EXP 	unnamed Polygon: autoDraw = True
33.4580 	EXP 	unnamed Polygon: autoDraw = True
33.4710 	EXP 	unnamed Polygon: autoDraw = True
33.4787 	EXP 	unnamed Polygon: autoDraw = True
33.4820 	EXP 	unnamed Polygon: autoDraw = True
33.4955 	EXP 	unnamed Polygon: autoDraw = True
33.5038 	EXP 	unnamed Polygon: autoDraw = True
33.5071 	EXP 	unnamed Polygon: autoDraw = True
33.5206 	EXP 	unnamed Polygon: autoDraw = True
33.5287 	EXP 	unnamed Polygon: autoDraw = True
33.5333 	EXP 	unnamed Polygon: autoDraw = True
33.5455 	EXP 	unnamed Polygon: autoDraw = True
33.5538 	EXP 	unnamed Polygon: autoDraw = True
33.5584 	EXP 	unnamed Polygon: autoDraw = True
33.5707 	EXP 	unnamed Polygon: autoDraw = True
33.5787 	EXP 	unnamed Polygon: autoDraw = True
33.5829 	EXP 	unnamed Polygon: autoDraw = True
33.5956 	EXP 	unnamed Polygon: autoDraw = True
33.6037 	EXP 	unnamed Polygon: autoDraw = True
33.6074 	EXP 	unnamed Polygon: autoDraw = True
33.6206 	EXP 	unnamed Polygon: autoDraw = True
33.6288 	EXP 	unnamed Polygon: autoDraw = True
33.6324 	EXP 	unnamed Polygon: autoDraw = True
33.6455 	EXP 	unnamed Polygon: autoDraw = True
33.6537 	EXP 	unnamed Polygon: autoDraw = True
33.6573 	EXP 	unnamed Polygon: autoDraw = True
33.6706 	EXP 	unnamed Polygon: autoDraw = True
33.6787 	EXP 	unnamed Polygon: autoDraw = True
33.6887 	EXP 	unnamed Polygon: autoDraw = False
39.5012 	EXP 	unnamed Polygon: autoDraw = True
39.5012 	EXP 	unnamed Polygon: autoDraw = True
39.5077 	EXP 	unnamed Polygon: autoDraw = True
39.5111 	EXP 	unnamed Polygon: autoDraw = True
39.5246 	EXP 	unnamed Polygon: autoDraw = True
39.5327 	EXP 	unnamed Polygon: autoDraw = True
39.5354 	EXP 	unnamed Polygon: autoDraw = True
39.5508 	EXP 	unnamed Polygon: autoDraw = True
39.5580 	EXP 	unnamed Polygon: autoDraw = True
39.5609 	EXP 	unnamed Polygon: autoDraw = True
39.5754 	EXP 	unnamed Polygon: autoDraw = True
39.5828 	EXP 	unnamed Polygon: autoDraw = True
39.5864 	EXP 	unnamed Polygon: autoDraw = True
39.6001 	EXP 	unnamed Polygon: autoDraw = True
39.6079 	EXP 	unnamed Polygon: autoDraw = True
39.6114 	EXP 	unnamed Polygon: autoDraw = True
39.6248 	EXP 	unnamed Polygon: autoDraw = True
39.6330 	EXP 	unnamed Polygon: autoDraw = True
39.6366 	EXP 	unnamed Polygon: autoDraw = True
39.6498 	EXP 	unnamed Polygon: autoDraw = True
39.6579 	EXP 	unnamed Polygon: autoDraw = True
39.6616 	EXP 	unnamed Polygon: autoDraw = True
39.6749 	EXP 	unnamed Polygon: autoDraw = True
39.6831 	EXP 	unnamed Polygon: autoDraw = True
39.6865 	EXP 	unnamed Polygon: autoDraw = True
39.6998 	EXP 	unnamed Polygon: autoDraw = True
39.7080 	EXP 	unnamed Polygon: autoDraw = True
39.7125 	EXP 	unnamed Polygon: autoDraw = True
39.7248 	EXP 	unnamed Polygon: autoDraw = True
39.7290 	DATA 	Keypress: 1
39.7503 	EXP 	unnamed Polygon: autoDraw = True
39.7671 	EXP 	unnamed Polygon: autoDraw = True
39.7747 	EXP 	unnamed Polygon: autoDraw = True
39.7795 	EXP 	unnamed Polygon: autoDraw = True
39.7914 	EXP 	unnamed Polygon: autoDraw = True
39.7996 	EXP 	unnamed Polygon: autoDraw = True
39.8127 	EXP 	unnamed Polygon: autoDraw = True
39.8204 	EXP 	unnamed Polygon: autoDraw = True
39.8237 	EXP 	unnamed Polygon: autoDraw = True
39.8371 	EXP 	unnamed Polygon: autoDraw = True
39.8458 	EXP 	unnamed Polygon: autoDraw = True
39.8486 	EXP 	unnamed Polygon: autoDraw = True
39.9047 	EXP 	unnamed Polygon: autoDraw = True
39.9201 	EXP 	unnamed Polygon: autoDraw = True
39.9243 	EXP 	unnamed Polygon: autoDraw = True
39.9270 	EXP 	unnamed Polygon: autoDraw = True
39.9411 	EXP 	unnamed Polygon: autoDraw = True
39.9492 	EXP 	unnamed Polygon: autoDraw = True
39.9513 	EXP 	unnamed Polygon: autoDraw = True
39.9660 	EXP 	unnamed Polygon: autoDraw = True
39.9744 	EXP 	unnamed Polygon: autoDraw = True
39.9771 	EXP 	unnamed Polygon: autoDraw = True
39.9912 	EXP 	unnamed Polygon: autoDraw = True
39.9994 	EXP 	unnamed Polygon: autoDraw = False
45.7897 	EXP 	unnamed Polygon: autoDraw = True
45.7897 	EXP 	unnamed Polygon: autoDraw = True
45.7936 	EXP 	unnamed Polygon: autoDraw = True
45.8079 	EXP 	unnamed Polygon: autoDraw = True
45.8156 	EXP 	unnamed Polygon: autoDraw = True
45.8293 	EXP 	unnamed Polygon: autoDraw = True
45.8372 	EXP 	unnamed Polygon: autoDraw = True
45.8404 	EXP 	unnamed Polygon: autoDraw = True
45.8540 	EXP 	unnamed Polygon: autoDraw = True
45.8621 	EXP 	unnamed Polygon: autoDraw = True
45.8652 	EXP 	unnamed Polygon: autoDraw = True
45.8793 	EXP 	unnamed Polygon: autoDraw = True
45.8872 	EXP 	unnamed Polygon: autoDraw = True
45.8908 	EXP 	unnamed Polygon: autoDraw = True
45.9039 	EXP 	unnamed Polygon: autoDraw = True
45.9121 	EXP 	unnamed Polygon: autoDraw = True
45.9166 	EXP 	unnamed Polygon: autoDraw = True
45.9290 	EXP 	unnamed Polygon: autoDraw = True
45.9370 	EXP 	unnamed Polygon: autoDraw = True
45.9409 	EXP 	unnamed Polygon: autoDraw = True
45.9540 	EXP 	unnamed Polygon: autoDraw = True
45.9621 	EXP 	unnamed Polygon: autoDraw = True
45.9658 	EXP 	unnamed Polygon: autoDraw = True
45.9789 	EXP 	unnamed Polygon: autoDraw = True
45.9871 	EXP 	unnamed Polygon: autoDraw = True
45.9908 	EXP 	unnamed Polygon: autoDraw = True
46.0039 	EXP 	unnamed Polygon: autoDraw = True
46.0074 	DATA 	Keypress: 1
46.0120 	EXP 	unnamed Polygon: autoDraw = True
46.0160 	EXP 	unnamed Polygon: autoDraw = True
46.0289 	EXP 	unnamed Polygon: autoDraw = True
46.0370 	EXP 	unnamed Polygon: autoDraw = True
46.0407 	EXP 	unnamed Polygon: autoDraw = True
46.0538 	EXP 	unnamed Polygon: autoDraw = True
46.0621 	EXP 	unnamed Polygon: autoDraw = True
46.0662 	EXP 	unnamed Polygon: autoDraw = True
46.0741 	EXP 	unnamed Polygon: autoDraw = True
46.0873 	EXP 	unnamed Polygon: autoDraw = True
46.0953 	EXP 	unnamed Polygon: autoDraw = True
46.0988 	EXP 	unnamed Polygon: autoDraw = True
46.1126 	EXP 	unnamed Polygon: autoDraw = True
46.1203 	EXP 	unnamed Polygon: autoDraw = True
46.1238 	EXP 	unnamed Polygon: autoDraw = True
46.1372 	EXP 	unnamed Polygon: autoDraw = True
46.1454 	EXP 	unnamed Polygon: autoDraw = True
46.1491 	EXP 	unnamed Polygon: autoDraw = True
46.1625 	EXP 	unnamed Polygon: autoDraw = True
46.1705 	EXP 	unnamed Polygon: autoDraw = True
46.1749 	EXP 	unnamed Polygon: autoDraw = True
46.1873 	EXP 	unnamed Polygon: autoDraw = True
46.1955 	EXP 	unnamed Polygon: autoDraw = True
46.1996 	EXP 	unnamed Polygon: autoDraw = True
46.2128 	EXP 	unnamed Polygon: autoDraw = True
46.2202 	EXP 	unnamed Polygon: autoDraw = True
46.2241 	EXP 	unnamed Polygon: autoDraw = True
46.2369 	EXP 	unnamed Polygon: autoDraw = True
46.2465 	EXP 	unnamed Polygon: autoDraw = True
46.2501 	EXP 	unnamed Polygon: autoDraw = True
46.2629 	EXP 	unnamed Polygon: autoDraw = True
46.2703 	EXP 	unnamed Polygon: autoDraw = True
46.2740 	EXP 	unnamed Polygon: autoDraw = True
46.2873 	EXP 	unnamed Polygon: autoDraw = True
46.2952 	EXP 	unnamed Polygon: autoDraw = False
57.2213 	DATA 	Keypress: 1
67.2813 	EXP 	unnamed TextStim: height = 0.04
67.2813 	EXP 	unnamed TextStim: height = 0.04
67.2813 	EXP 	unnamed TextStim: height = 0.04
67.2813 	EXP 	unnamed TextStim: text = 'Instructions...\n\nYour goal is to make as much money as possible.\n\nRemember:\nWIN CIRCLES = win money\nLOSE SQUARES = lose money\n\nQUICKLY press the button with your pointer finger when you see the solid white triangle.\n\nYou will get feedback on whether you pressed the button in time and if you won or lost money.'
67.6341 	DATA 	Keypress: 1
67.6360 	EXP 	Created unnamed TextStim = TextStim(__class__=<class 'psychopy.visual.text.TextStim'>, alignHoriz=method-wrapper(...), alignText='center', alignVert=method-wrapper(...), anchorHoriz='center', anchorVert='center', antialias=True, autoDraw=False, autoLog=True, bold=False, color=array([1., 1., 1.]), colorSpace='rgb', contrast=1.0, depth=0, draggable=False, flipHoriz=False, flipVert=False, font='', fontFiles=[], height=0.08, italic=False, languageStyle='LTR', name='unnamed TextStim', opacity=1.0, ori=0.0, pos=array([-0.65,  0.15]), rgb=UNKNOWN, text='+', units='height', win=Window(...), wrapWidth=1)
67.6427 	EXP 	Created unnamed ImageStim = ImageStim(__class__=<class 'psychopy.visual.image.ImageStim'>, anchor=('center', 'center'), autoLog=True, color=array([1., 1., 1.]), colorSpace='rgb', contrast=1.0, depth=0, draggable=False, flipHoriz=False, flipVert=False, image='../stimuli/reward_high.png', interpolate=False, mask=None, maskParams=None, name='unnamed ImageStim', opacity=1, ori=0.0, pos=array([-0.35,  0.15]), size=array([0.2, 0.2]), texRes=128, units='height', win=Window(...))
67.6438 	EXP 	Created unnamed TextStim = TextStim(__class__=<class 'psychopy.visual.text.TextStim'>, alignHoriz=method-wrapper(...), alignText='center', alignVert=method-wrapper(...), anchorHoriz='center', anchorVert='center', antialias=True, autoDraw=False, autoLog=True, bold=False, color=array([1., 1., 1.]), colorSpace='rgb', contrast=1.0, depth=0, draggable=False, flipHoriz=False, flipVert=False, font='', fontFiles=[], height=0.08, italic=False, languageStyle='LTR', name='unnamed TextStim', opacity=1.0, ori=0.0, pos=array([-0.15,  0.15]), rgb=UNKNOWN, text='+', units='height', win=Window(...), wrapWidth=1)
67.6445 	EXP 	Created unnamed Polygon = Polygon(__class__=<class 'psychopy.visual.polygon.Polygon'>, anchor=('center', 'center'), autoDraw=False, autoLog=True, closeShape=True, color=method-wrapper(...), colorSpace='rgb', contrast=None, depth=0, draggable=False, fillColor=array([1, 1, 1]), fillColorSpace='rgb', fillRGB=array([1, 1, 1]), interpolate=True, lineColor=array([1., 1., 1.]), lineColorSpace='rgb', lineRGB=array([1, 1, 1]), lineWidth=1.5, name='unnamed Polygon', opacity=1, ori=0.0, pos=array([0.15, 0.15]), size=array([1., 1.]), units='height', vertices=ndarray(...), win=Window(...))
67.6453 	EXP 	Created unnamed TextStim = TextStim(__class__=<class 'psychopy.visual.text.TextStim'>, alignHoriz=method-wrapper(...), alignText='center', alignVert=method-wrapper(...), anchorHoriz='center', anchorVert='center', antialias=True, autoDraw=False, autoLog=True, bold=False, color=array([1., 1., 1.]), colorSpace='rgb', contrast=1.0, depth=0, draggable=False, flipHoriz=False, flipVert=False, font='', fontFiles=[], height=0.08, italic=False, languageStyle='LTR', name='unnamed TextStim', opacity=1.0, ori=0.0, pos=array([0.35, 0.15]), rgb=UNKNOWN, text='+', units='height', win=Window(...), wrapWidth=1)
67.6478 	EXP 	Created unnamed TextStim = TextStim(__class__=<class 'psychopy.visual.text.TextStim'>, alignHoriz=method-wrapper(...), alignText='center', alignVert=method-wrapper(...), anchorHoriz='center', anchorVert='center', antialias=True, autoDraw=False, autoLog=True, bold=False, color=array([1., 1., 1.]), colorSpace='rgb', contrast=1.0, depth=0, draggable=False, flipHoriz=False, flipVert=False, font='', fontFiles=[], height=0.08, italic=False, languageStyle='LTR', name='unnamed TextStim', opacity=1.0, ori=0.0, pos=array([0.65, 0.15]), rgb=UNKNOWN, text='Hit!\n+$5.00', units='height', win=Window(...), wrapWidth=1)
67.6479 	WARNING 	TextStim.alignHoriz is deprecated. Use alignText and anchorHoriz attributes instead
67.6500 	EXP 	Created unnamed TextStim = TextStim(__class__=<class 'psychopy.visual.text.TextStim'>, alignHoriz='center', alignText='center', alignVert=method-wrapper(...), anchorHoriz='center', anchorVert='center', antialias=True, autoDraw=False, autoLog=True, bold=False, color=array([1., 1., 1.]), colorSpace='rgb', contrast=1.0, depth=0, draggable=False, flipHoriz=False, flipVert=False, font='', fontFiles=[], height=0.04, italic=False, languageStyle='LTR', name='unnamed TextStim', opacity=1.0, ori=0.0, pos=array([-0.65, -0.15]), rgb=UNKNOWN, text='Pay attention', units='height', win=Window(...), wrapWidth=0.1)
67.6501 	WARNING 	TextStim.alignHoriz is deprecated. Use alignText and anchorHoriz attributes instead
67.6523 	EXP 	Created unnamed TextStim = TextStim(__class__=<class 'psychopy.visual.text.TextStim'>, alignHoriz='center', alignText='center', alignVert=method-wrapper(...), anchorHoriz='center', anchorVert='center', antialias=True, autoDraw=False, autoLog=True, bold=False, color=array([1., 1., 1.]), colorSpace='rgb', contrast=1.0, depth=0, draggable=False, flipHoriz=False, flipVert=False, font='', fontFiles=[], height=0.04, italic=False, languageStyle='LTR', name='unnamed TextStim', opacity=1.0, ori=0.0, pos=array([-0.35, -0.15]), rgb=UNKNOWN, text="Cue: don't respond yet", units='height', win=Window(...), wrapWidth=0.1)
67.6524 	WARNING 	TextStim.alignHoriz is deprecated. Use alignText and anchorHoriz attributes instead
67.6535 	EXP 	Created unnamed TextStim = TextStim(__class__=<class 'psychopy.visual.text.TextStim'>, alignHoriz='center', alignText='center', alignVert=method-wrapper(...), anchorHoriz='center', anchorVert='center', antialias=True, autoDraw=False, autoLog=True, bold=False, color=array([1., 1., 1.]), colorSpace='rgb', contrast=1.0, depth=0, draggable=False, flipHoriz=False, flipVert=False, font='', fontFiles=[], height=0.04, italic=False, languageStyle='LTR', name='unnamed TextStim', opacity=1.0, ori=0.0, pos=array([-0.15, -0.15]), rgb=UNKNOWN, text='Pay attention', units='height', win=Window(...), wrapWidth=0.1)
67.6536 	WARNING 	TextStim.alignHoriz is deprecated. Use alignText and anchorHoriz attributes instead
67.6558 	EXP 	Created unnamed TextStim = TextStim(__class__=<class 'psychopy.visual.text.TextStim'>, alignHoriz='center', alignText='center', alignVert=method-wrapper(...), anchorHoriz='center', anchorVert='center', antialias=True, autoDraw=False, autoLog=True, bold=False, color=array([1., 1., 1.]), colorSpace='rgb', contrast=1.0, depth=0, draggable=False, flipHoriz=False, flipVert=False, font='', fontFiles=[], height=0.04, italic=False, languageStyle='LTR', name='unnamed TextStim', opacity=1.0, ori=0.0, pos=array([ 0.15, -0.15]), rgb=UNKNOWN, text='Respond when solid triangle is on screen', units='height', win=Window(...), wrapWidth=0.1)
67.6559 	WARNING 	TextStim.alignHoriz is deprecated. Use alignText and anchorHoriz attributes instead
67.6569 	EXP 	Created unnamed TextStim = TextStim(__class__=<class 'psychopy.visual.text.TextStim'>, alignHoriz='center', alignText='center', alignVert=method-wrapper(...), anchorHoriz='center', anchorVert='center', antialias=True, autoDraw=False, autoLog=True, bold=False, color=array([1., 1., 1.]), colorSpace='rgb', contrast=1.0, depth=0, draggable=False, flipHoriz=False, flipVert=False, font='', fontFiles=[], height=0.04, italic=False, languageStyle='LTR', name='unnamed TextStim', opacity=1.0, ori=0.0, pos=array([ 0.35, -0.15]), rgb=UNKNOWN, text='Pay attention', units='height', win=Window(...), wrapWidth=0.1)
67.6570 	WARNING 	TextStim.alignHoriz is deprecated. Use alignText and anchorHoriz attributes instead
67.6582 	EXP 	Created unnamed TextStim = TextStim(__class__=<class 'psychopy.visual.text.TextStim'>, alignHoriz='center', alignText='center', alignVert=method-wrapper(...), anchorHoriz='center', anchorVert='center', antialias=True, autoDraw=False, autoLog=True, bold=False, color=array([1., 1., 1.]), colorSpace='rgb', contrast=1.0, depth=0, draggable=False, flipHoriz=False, flipVert=False, font='', fontFiles=[], height=0.04, italic=False, languageStyle='LTR', name='unnamed TextStim', opacity=1.0, ori=0.0, pos=array([ 0.65, -0.15]), rgb=UNKNOWN, text='Feedback', units='height', win=Window(...), wrapWidth=0.1)
67.9275 	DATA 	Keypress: 1
68.2383 	DATA 	Keypress: 1
69.0573 	DATA 	Keypress: return
70.5109 	DATA 	Keypress: equal
70.7246 	DATA 	Keypress: equal
79.8597 	EXP 	unnamed Polygon: autoDraw = True
79.8597 	EXP 	unnamed Polygon: autoDraw = True
79.8655 	EXP 	unnamed Polygon: autoDraw = True
79.8788 	EXP 	unnamed Polygon: autoDraw = True
79.8866 	EXP 	unnamed Polygon: autoDraw = True
79.8996 	EXP 	unnamed Polygon: autoDraw = True
79.9078 	EXP 	unnamed Polygon: autoDraw = True
79.9111 	EXP 	unnamed Polygon: autoDraw = True
79.9248 	EXP 	unnamed Polygon: autoDraw = True
79.9328 	EXP 	unnamed Polygon: autoDraw = True
79.9353 	EXP 	unnamed Polygon: autoDraw = True
79.9500 	EXP 	unnamed Polygon: autoDraw = True
79.9577 	EXP 	unnamed Polygon: autoDraw = True
79.9610 	EXP 	unnamed Polygon: autoDraw = True
79.9745 	EXP 	unnamed Polygon: autoDraw = True
79.9827 	EXP 	unnamed Polygon: autoDraw = True
79.9866 	EXP 	unnamed Polygon: autoDraw = True
80.0000 	EXP 	unnamed Polygon: autoDraw = True
80.0083 	EXP 	unnamed Polygon: autoDraw = True
80.0112 	EXP 	unnamed Polygon: autoDraw = True
80.0247 	EXP 	unnamed Polygon: autoDraw = True
80.0329 	EXP 	unnamed Polygon: autoDraw = True
80.0363 	EXP 	unnamed Polygon: autoDraw = True
80.0502 	EXP 	unnamed Polygon: autoDraw = True
80.0581 	EXP 	unnamed Polygon: autoDraw = True
80.0612 	EXP 	unnamed Polygon: autoDraw = True
80.0752 	EXP 	unnamed Polygon: autoDraw = True
80.0814 	DATA 	Keypress: 1
80.0863 	EXP 	unnamed Polygon: autoDraw = False
81.7558 	EXP 	trial_feedback: height = 0.09
81.7558 	EXP 	trial_feedback: height = 0.09
81.7558 	EXP 	trial_feedback: height = 0.09
81.7558 	EXP 	trial_feedback: text = 'Miss!\n-$5.00'
81.7558 	EXP 	trial_feedback: autoDraw = True
83.7362 	EXP 	trial_feedback: autoDraw = False
83.7581 	EXP 	trial_feedback: autoDraw = False
83.7581 	EXP 	exp_feedback: autoDraw = False
89.7743 	DATA 	Keypress: 1
90.1963 	EXP 	unnamed Polygon: autoDraw = True
90.1963 	EXP 	unnamed Polygon: autoDraw = True
90.2037 	EXP 	unnamed Polygon: autoDraw = True
90.2067 	EXP 	unnamed Polygon: autoDraw = True
90.2204 	EXP 	unnamed Polygon: autoDraw = True
90.2221 	DATA 	Keypress: 1
90.2286 	EXP 	unnamed Polygon: autoDraw = True
90.2319 	EXP 	unnamed Polygon: autoDraw = True
90.2453 	EXP 	unnamed Polygon: autoDraw = True
90.2536 	EXP 	unnamed Polygon: autoDraw = True
90.2568 	EXP 	unnamed Polygon: autoDraw = True
90.2703 	EXP 	unnamed Polygon: autoDraw = True
90.2792 	EXP 	unnamed Polygon: autoDraw = True
90.2823 	EXP 	unnamed Polygon: autoDraw = True
90.2963 	EXP 	unnamed Polygon: autoDraw = True
90.3042 	EXP 	unnamed Polygon: autoDraw = True
90.3072 	EXP 	unnamed Polygon: autoDraw = True
90.3207 	EXP 	unnamed Polygon: autoDraw = True
90.3293 	EXP 	unnamed Polygon: autoDraw = True
90.3321 	EXP 	unnamed Polygon: autoDraw = True
90.3456 	EXP 	unnamed Polygon: autoDraw = True
90.3538 	EXP 	unnamed Polygon: autoDraw = True
90.3573 	EXP 	unnamed Polygon: autoDraw = True
90.3706 	EXP 	unnamed Polygon: autoDraw = True
90.3788 	EXP 	unnamed Polygon: autoDraw = True
90.3822 	EXP 	unnamed Polygon: autoDraw = True
90.3958 	EXP 	unnamed Polygon: autoDraw = True
90.4041 	EXP 	unnamed Polygon: autoDraw = True
90.4086 	EXP 	unnamed Polygon: autoDraw = True
90.4208 	EXP 	unnamed Polygon: autoDraw = True
90.4292 	EXP 	unnamed Polygon: autoDraw = True
90.4390 	EXP 	unnamed Polygon: autoDraw = False
92.0087 	EXP 	trial_feedback: text = 'Miss!\n-$5.00'
92.0087 	EXP 	trial_feedback: autoDraw = True
94.0086 	EXP 	trial_feedback: autoDraw = False
94.0208 	EXP 	trial_feedback: autoDraw = False
94.0208 	EXP 	exp_feedback: autoDraw = False
104.1466 	EXP 	unnamed Polygon: autoDraw = True
104.1466 	EXP 	unnamed Polygon: autoDraw = True
104.1586 	EXP 	unnamed Polygon: autoDraw = True
104.1664 	EXP 	unnamed Polygon: autoDraw = True
104.1692 	EXP 	unnamed Polygon: autoDraw = True
104.1775 	EXP 	unnamed Polygon: autoDraw = True
104.1866 	EXP 	unnamed Polygon: autoDraw = True
104.1995 	EXP 	unnamed Polygon: autoDraw = True
104.2078 	EXP 	unnamed Polygon: autoDraw = True
104.2099 	EXP 	unnamed Polygon: autoDraw = True
104.2245 	EXP 	unnamed Polygon: autoDraw = True
104.2331 	EXP 	unnamed Polygon: autoDraw = True
104.2367 	EXP 	unnamed Polygon: autoDraw = True
104.2502 	EXP 	unnamed Polygon: autoDraw = True
104.2584 	EXP 	unnamed Polygon: autoDraw = True
104.2617 	EXP 	unnamed Polygon: autoDraw = True
104.2748 	EXP 	unnamed Polygon: autoDraw = True
104.2832 	EXP 	unnamed Polygon: autoDraw = True
104.2864 	EXP 	unnamed Polygon: autoDraw = True
104.2999 	EXP 	unnamed Polygon: autoDraw = True
104.3079 	EXP 	unnamed Polygon: autoDraw = True
104.3112 	EXP 	unnamed Polygon: autoDraw = True
104.3249 	EXP 	unnamed Polygon: autoDraw = True
104.3330 	EXP 	unnamed Polygon: autoDraw = True
104.3374 	EXP 	unnamed Polygon: autoDraw = True
104.3500 	EXP 	unnamed Polygon: autoDraw = True
104.3581 	EXP 	unnamed Polygon: autoDraw = True
104.3659 	DATA 	Keypress: 1
104.3691 	EXP 	unnamed Polygon: autoDraw = False
106.0282 	EXP 	trial_feedback: height = 0.09
106.0282 	EXP 	trial_feedback: height = 0.09
106.0282 	EXP 	trial_feedback: height = 0.09
106.0282 	EXP 	trial_feedback: text = 'Miss!\n$0.00'
106.0282 	EXP 	trial_feedback: autoDraw = True
108.0244 	EXP 	trial_feedback: autoDraw = False
108.0371 	EXP 	trial_feedback: autoDraw = False
108.0371 	EXP 	exp_feedback: autoDraw = False
108.3957 	DATA 	Keypress: escape
108.3964 	WARNING 	Escape pressed, exiting early!
108.3966 	WARNING 	Total earnings: -10.0
